[    0.000000] Linux version 6.14.0-33-generic (buildd@lcy02-amd64-010) (x86_64-linux-gnu-gcc-14 (Ubuntu 14.2.0-19ubuntu2) 14.2.0, GNU ld (GNU Binutils for Ubuntu) 2.44) #33-Ubuntu SMP PREEMPT_DYNAMIC Wed Sep 17 23:22:02 UTC 2025 (Ubuntu 6.14.0-33.33-generic 6.14.11)
[    0.000000] Command line: BOOT_IMAGE=/boot/vmlinuz-6.14.0-33-generic root=UUID=1cbb8294-d9e9-4b18-9fce-6fa89d7fe721 ro
[    0.000000] KERNEL supported cpus:
[    0.000000]   Intel GenuineIntel
[    0.000000]   AMD AuthenticAMD
[    0.000000]   Hygon HygonGenuine
[    0.000000]   Centaur CentaurHauls
[    0.000000]   zhaoxin   Shanghai  
[    0.000000] [Firmware Bug]: TSC doesn't count with P0 frequency!
[    0.000000] BIOS-provided physical RAM map:
[    0.000000] BIOS-e820: [mem 0x0000000000000000-0x000000000009e7ff] usable
[    0.000000] BIOS-e820: [mem 0x000000000009e800-0x000000000009ffff] reserved
[    0.000000] BIOS-e820: [mem 0x00000000000dc000-0x00000000000fffff] reserved
[    0.000000] BIOS-e820: [mem 0x0000000000100000-0x00000000bfecffff] usable
[    0.000000] BIOS-e820: [mem 0x00000000bfed0000-0x00000000bfefefff] ACPI data
[    0.000000] BIOS-e820: [mem 0x00000000bfeff000-0x00000000bfefffff] ACPI NVS
[    0.000000] BIOS-e820: [mem 0x00000000bff00000-0x00000000bfffffff] usable
[    0.000000] BIOS-e820: [mem 0x00000000f0000000-0x00000000f7ffffff] reserved
[    0.000000] BIOS-e820: [mem 0x00000000fec00000-0x00000000fec0ffff] reserved
[    0.000000] BIOS-e820: [mem 0x00000000fee00000-0x00000000fee00fff] reserved
[    0.000000] BIOS-e820: [mem 0x00000000fffe0000-0x00000000ffffffff] reserved
[    0.000000] BIOS-e820: [mem 0x0000000100000000-0x000000083fffffff] usable
[    0.000000] NX (Execute Disable) protection: active
[    0.000000] APIC: Static calls initialized
[    0.000000] SMBIOS 2.7 present.
[    0.000000] DMI: VMware, Inc. VMware Virtual Platform/440BX Desktop Reference Platform, BIOS 6.00 11/12/2020
[    0.000000] DMI: Memory slots populated: 2/128
[    0.000000] vmware: hypercall mode: 0x01
[    0.000000] Hypervisor detected: VMware
[    0.000000] vmware: TSC freq read from hypervisor : 4291.842 MHz
[    0.000000] vmware: Host bus clock speed read from hypervisor : 66000000 Hz
[    0.000000] vmware: using clock offset of 6132932514 ns
[    0.002147] tsc: Detected 4291.842 MHz processor
[    0.005670] e820: update [mem 0x00000000-0x00000fff] usable ==> reserved
[    0.011277] e820: remove [mem 0x000a0000-0x000fffff] usable
[    0.013225] last_pfn = 0x840000 max_arch_pfn = 0x400000000
[    0.013720] total RAM covered: 1047552M
[    0.014152]  gran_size: 64K 	chunk_size: 64K 	num_reg: 8  	lose cover RAM: 768G
[    0.014862]  gran_size: 64K 	chunk_size: 128K 	num_reg: 8  	lose cover RAM: 768G
[    0.015405]  gran_size: 64K 	chunk_size: 256K 	num_reg: 8  	lose cover RAM: 768G
[    0.015821]  gran_size: 64K 	chunk_size: 512K 	num_reg: 8  	lose cover RAM: 768G
[    0.016140]  gran_size: 64K 	chunk_size: 1M 	num_reg: 8  	lose cover RAM: 768G
[    0.016383]  gran_size: 64K 	chunk_size: 2M 	num_reg: 8  	lose cover RAM: 768G
[    0.016570]  gran_size: 64K 	chunk_size: 4M 	num_reg: 8  	lose cover RAM: 768G
[    0.016713]  gran_size: 64K 	chunk_size: 8M 	num_reg: 8  	lose cover RAM: 768G
[    0.016822]  gran_size: 64K 	chunk_size: 16M 	num_reg: 8  	lose cover RAM: 768G
[    0.016906]  gran_size: 64K 	chunk_size: 32M 	num_reg: 8  	lose cover RAM: 768G
[    0.016970]  gran_size: 64K 	chunk_size: 64M 	num_reg: 8  	lose cover RAM: 768G
[    0.017020]  gran_size: 64K 	chunk_size: 128M 	num_reg: 8  	lose cover RAM: 768G
[    0.017057]  gran_size: 64K 	chunk_size: 256M 	num_reg: 8  	lose cover RAM: 768G
[    0.017086]  gran_size: 64K 	chunk_size: 512M 	num_reg: 8  	lose cover RAM: 768G
[    0.017108]  gran_size: 64K 	chunk_size: 1G 	num_reg: 8  	lose cover RAM: 768G
[    0.017125]  gran_size: 64K 	chunk_size: 2G 	num_reg: 8  	lose cover RAM: 768G
[    0.017138]  gran_size: 128K 	chunk_size: 128K 	num_reg: 8  	lose cover RAM: 768G
[    0.017148]  gran_size: 128K 	chunk_size: 256K 	num_reg: 8  	lose cover RAM: 768G
[    0.017155]  gran_size: 128K 	chunk_size: 512K 	num_reg: 8  	lose cover RAM: 768G
[    0.017161]  gran_size: 128K 	chunk_size: 1M 	num_reg: 8  	lose cover RAM: 768G
[    0.017165]  gran_size: 128K 	chunk_size: 2M 	num_reg: 8  	lose cover RAM: 768G
[    0.017169]  gran_size: 128K 	chunk_size: 4M 	num_reg: 8  	lose cover RAM: 768G
[    0.017171]  gran_size: 128K 	chunk_size: 8M 	num_reg: 8  	lose cover RAM: 768G
[    0.017173]  gran_size: 128K 	chunk_size: 16M 	num_reg: 8  	lose cover RAM: 768G
[    0.017175]  gran_size: 128K 	chunk_size: 32M 	num_reg: 8  	lose cover RAM: 768G
[    0.017176]  gran_size: 128K 	chunk_size: 64M 	num_reg: 8  	lose cover RAM: 768G
[    0.017177]  gran_size: 128K 	chunk_size: 128M 	num_reg: 8  	lose cover RAM: 768G
[    0.017178]  gran_size: 128K 	chunk_size: 256M 	num_reg: 8  	lose cover RAM: 768G
[    0.017178]  gran_size: 128K 	chunk_size: 512M 	num_reg: 8  	lose cover RAM: 768G
[    0.017179]  gran_size: 128K 	chunk_size: 1G 	num_reg: 8  	lose cover RAM: 768G
[    0.017179]  gran_size: 128K 	chunk_size: 2G 	num_reg: 8  	lose cover RAM: 768G
[    0.017179]  gran_size: 256K 	chunk_size: 256K 	num_reg: 8  	lose cover RAM: 768G
[    0.017179]  gran_size: 256K 	chunk_size: 512K 	num_reg: 8  	lose cover RAM: 768G
[    0.017179]  gran_size: 256K 	chunk_size: 1M 	num_reg: 8  	lose cover RAM: 768G
[    0.017180]  gran_size: 256K 	chunk_size: 2M 	num_reg: 8  	lose cover RAM: 768G
[    0.017180]  gran_size: 256K 	chunk_size: 4M 	num_reg: 8  	lose cover RAM: 768G
[    0.017180]  gran_size: 256K 	chunk_size: 8M 	num_reg: 8  	lose cover RAM: 768G
[    0.017180]  gran_size: 256K 	chunk_size: 16M 	num_reg: 8  	lose cover RAM: 768G
[    0.017180]  gran_size: 256K 	chunk_size: 32M 	num_reg: 8  	lose cover RAM: 768G
[    0.017180]  gran_size: 256K 	chunk_size: 64M 	num_reg: 8  	lose cover RAM: 768G
[    0.017180]  gran_size: 256K 	chunk_size: 128M 	num_reg: 8  	lose cover RAM: 768G
[    0.017180]  gran_size: 256K 	chunk_size: 256M 	num_reg: 8  	lose cover RAM: 768G
[    0.017180]  gran_size: 256K 	chunk_size: 512M 	num_reg: 8  	lose cover RAM: 768G
[    0.017180]  gran_size: 256K 	chunk_size: 1G 	num_reg: 8  	lose cover RAM: 768G
[    0.017180]  gran_size: 256K 	chunk_size: 2G 	num_reg: 8  	lose cover RAM: 768G
[    0.017180]  gran_size: 512K 	chunk_size: 512K 	num_reg: 8  	lose cover RAM: 768G
[    0.017180]  gran_size: 512K 	chunk_size: 1M 	num_reg: 8  	lose cover RAM: 768G
[    0.017180]  gran_size: 512K 	chunk_size: 2M 	num_reg: 8  	lose cover RAM: 768G
[    0.017180]  gran_size: 512K 	chunk_size: 4M 	num_reg: 8  	lose cover RAM: 768G
[    0.017180]  gran_size: 512K 	chunk_size: 8M 	num_reg: 8  	lose cover RAM: 768G
[    0.017180]  gran_size: 512K 	chunk_size: 16M 	num_reg: 8  	lose cover RAM: 768G
[    0.017180]  gran_size: 512K 	chunk_size: 32M 	num_reg: 8  	lose cover RAM: 768G
[    0.017180]  gran_size: 512K 	chunk_size: 64M 	num_reg: 8  	lose cover RAM: 768G
[    0.017180]  gran_size: 512K 	chunk_size: 128M 	num_reg: 8  	lose cover RAM: 768G
[    0.017180]  gran_size: 512K 	chunk_size: 256M 	num_reg: 8  	lose cover RAM: 768G
[    0.017180]  gran_size: 512K 	chunk_size: 512M 	num_reg: 8  	lose cover RAM: 768G
[    0.017180]  gran_size: 512K 	chunk_size: 1G 	num_reg: 8  	lose cover RAM: 768G
[    0.017180]  gran_size: 512K 	chunk_size: 2G 	num_reg: 8  	lose cover RAM: 768G
[    0.017180]  gran_size: 1M 	chunk_size: 1M 	num_reg: 8  	lose cover RAM: 768G
[    0.017180]  gran_size: 1M 	chunk_size: 2M 	num_reg: 8  	lose cover RAM: 768G
[    0.017180]  gran_size: 1M 	chunk_size: 4M 	num_reg: 8  	lose cover RAM: 768G
[    0.017180]  gran_size: 1M 	chunk_size: 8M 	num_reg: 8  	lose cover RAM: 768G
[    0.017180]  gran_size: 1M 	chunk_size: 16M 	num_reg: 8  	lose cover RAM: 768G
[    0.017180]  gran_size: 1M 	chunk_size: 32M 	num_reg: 8  	lose cover RAM: 768G
[    0.017180]  gran_size: 1M 	chunk_size: 64M 	num_reg: 8  	lose cover RAM: 768G
[    0.017180]  gran_size: 1M 	chunk_size: 128M 	num_reg: 8  	lose cover RAM: 768G
[    0.017180]  gran_size: 1M 	chunk_size: 256M 	num_reg: 8  	lose cover RAM: 768G
[    0.017180]  gran_size: 1M 	chunk_size: 512M 	num_reg: 8  	lose cover RAM: 768G
[    0.017180]  gran_size: 1M 	chunk_size: 1G 	num_reg: 8  	lose cover RAM: 768G
[    0.017180]  gran_size: 1M 	chunk_size: 2G 	num_reg: 8  	lose cover RAM: 768G
[    0.017180]  gran_size: 2M 	chunk_size: 2M 	num_reg: 8  	lose cover RAM: 768G
[    0.017180]  gran_size: 2M 	chunk_size: 4M 	num_reg: 8  	lose cover RAM: 768G
[    0.017180]  gran_size: 2M 	chunk_size: 8M 	num_reg: 8  	lose cover RAM: 768G
[    0.017180]  gran_size: 2M 	chunk_size: 16M 	num_reg: 8  	lose cover RAM: 768G
[    0.017180]  gran_size: 2M 	chunk_size: 32M 	num_reg: 8  	lose cover RAM: 768G
[    0.017180]  gran_size: 2M 	chunk_size: 64M 	num_reg: 8  	lose cover RAM: 768G
[    0.017180]  gran_size: 2M 	chunk_size: 128M 	num_reg: 8  	lose cover RAM: 768G
[    0.017180]  gran_size: 2M 	chunk_size: 256M 	num_reg: 8  	lose cover RAM: 768G
[    0.017180]  gran_size: 2M 	chunk_size: 512M 	num_reg: 8  	lose cover RAM: 768G
[    0.017180]  gran_size: 2M 	chunk_size: 1G 	num_reg: 8  	lose cover RAM: 768G
[    0.017180]  gran_size: 2M 	chunk_size: 2G 	num_reg: 8  	lose cover RAM: 768G
[    0.017180]  gran_size: 4M 	chunk_size: 4M 	num_reg: 8  	lose cover RAM: 768G
[    0.017180]  gran_size: 4M 	chunk_size: 8M 	num_reg: 8  	lose cover RAM: 768G
[    0.017180]  gran_size: 4M 	chunk_size: 16M 	num_reg: 8  	lose cover RAM: 768G
[    0.017180]  gran_size: 4M 	chunk_size: 32M 	num_reg: 8  	lose cover RAM: 768G
[    0.017180]  gran_size: 4M 	chunk_size: 64M 	num_reg: 8  	lose cover RAM: 768G
[    0.017180]  gran_size: 4M 	chunk_size: 128M 	num_reg: 8  	lose cover RAM: 768G
[    0.017180]  gran_size: 4M 	chunk_size: 256M 	num_reg: 8  	lose cover RAM: 768G
[    0.017180]  gran_size: 4M 	chunk_size: 512M 	num_reg: 8  	lose cover RAM: 768G
[    0.017180]  gran_size: 4M 	chunk_size: 1G 	num_reg: 8  	lose cover RAM: 768G
[    0.017180]  gran_size: 4M 	chunk_size: 2G 	num_reg: 8  	lose cover RAM: 768G
[    0.017180]  gran_size: 8M 	chunk_size: 8M 	num_reg: 8  	lose cover RAM: 768G
[    0.017180]  gran_size: 8M 	chunk_size: 16M 	num_reg: 8  	lose cover RAM: 768G
[    0.017180]  gran_size: 8M 	chunk_size: 32M 	num_reg: 8  	lose cover RAM: 768G
[    0.017180]  gran_size: 8M 	chunk_size: 64M 	num_reg: 8  	lose cover RAM: 768G
[    0.017180]  gran_size: 8M 	chunk_size: 128M 	num_reg: 8  	lose cover RAM: 768G
[    0.017180]  gran_size: 8M 	chunk_size: 256M 	num_reg: 8  	lose cover RAM: 768G
[    0.017180]  gran_size: 8M 	chunk_size: 512M 	num_reg: 8  	lose cover RAM: 768G
[    0.017180]  gran_size: 8M 	chunk_size: 1G 	num_reg: 8  	lose cover RAM: 768G
[    0.017180]  gran_size: 8M 	chunk_size: 2G 	num_reg: 8  	lose cover RAM: 768G
[    0.017180]  gran_size: 16M 	chunk_size: 16M 	num_reg: 8  	lose cover RAM: 768G
[    0.017180]  gran_size: 16M 	chunk_size: 32M 	num_reg: 8  	lose cover RAM: 768G
[    0.017180]  gran_size: 16M 	chunk_size: 64M 	num_reg: 8  	lose cover RAM: 768G
[    0.017180]  gran_size: 16M 	chunk_size: 128M 	num_reg: 8  	lose cover RAM: 768G
[    0.017180]  gran_size: 16M 	chunk_size: 256M 	num_reg: 8  	lose cover RAM: 768G
[    0.017180]  gran_size: 16M 	chunk_size: 512M 	num_reg: 8  	lose cover RAM: 768G
[    0.017180]  gran_size: 16M 	chunk_size: 1G 	num_reg: 8  	lose cover RAM: 768G
[    0.017180]  gran_size: 16M 	chunk_size: 2G 	num_reg: 8  	lose cover RAM: 768G
[    0.017180]  gran_size: 32M 	chunk_size: 32M 	num_reg: 8  	lose cover RAM: 768G
[    0.017180]  gran_size: 32M 	chunk_size: 64M 	num_reg: 8  	lose cover RAM: 768G
[    0.017180]  gran_size: 32M 	chunk_size: 128M 	num_reg: 8  	lose cover RAM: 768G
[    0.017180]  gran_size: 32M 	chunk_size: 256M 	num_reg: 8  	lose cover RAM: 768G
[    0.017180]  gran_size: 32M 	chunk_size: 512M 	num_reg: 8  	lose cover RAM: 768G
[    0.017180]  gran_size: 32M 	chunk_size: 1G 	num_reg: 8  	lose cover RAM: 768G
[    0.017180]  gran_size: 32M 	chunk_size: 2G 	num_reg: 8  	lose cover RAM: 768G
[    0.017180]  gran_size: 64M 	chunk_size: 64M 	num_reg: 8  	lose cover RAM: 768G
[    0.017180]  gran_size: 64M 	chunk_size: 128M 	num_reg: 8  	lose cover RAM: 768G
[    0.017180]  gran_size: 64M 	chunk_size: 256M 	num_reg: 8  	lose cover RAM: 768G
[    0.017180]  gran_size: 64M 	chunk_size: 512M 	num_reg: 8  	lose cover RAM: 768G
[    0.017180]  gran_size: 64M 	chunk_size: 1G 	num_reg: 8  	lose cover RAM: 768G
[    0.017180]  gran_size: 64M 	chunk_size: 2G 	num_reg: 8  	lose cover RAM: 768G
[    0.017180]  gran_size: 128M 	chunk_size: 128M 	num_reg: 8  	lose cover RAM: 768G
[    0.017180]  gran_size: 128M 	chunk_size: 256M 	num_reg: 8  	lose cover RAM: 768G
[    0.017180]  gran_size: 128M 	chunk_size: 512M 	num_reg: 8  	lose cover RAM: 768G
[    0.017180]  gran_size: 128M 	chunk_size: 1G 	num_reg: 8  	lose cover RAM: 768G
[    0.017180]  gran_size: 128M 	chunk_size: 2G 	num_reg: 8  	lose cover RAM: 768G
[    0.017180]  gran_size: 256M 	chunk_size: 256M 	num_reg: 8  	lose cover RAM: 768G
[    0.017180]  gran_size: 256M 	chunk_size: 512M 	num_reg: 8  	lose cover RAM: 768G
[    0.017180]  gran_size: 256M 	chunk_size: 1G 	num_reg: 8  	lose cover RAM: 768G
[    0.017180]  gran_size: 256M 	chunk_size: 2G 	num_reg: 8  	lose cover RAM: 768G
[    0.017180]  gran_size: 512M 	chunk_size: 512M 	num_reg: 8  	lose cover RAM: 768G
[    0.017180]  gran_size: 512M 	chunk_size: 1G 	num_reg: 8  	lose cover RAM: 768G
[    0.017180]  gran_size: 512M 	chunk_size: 2G 	num_reg: 8  	lose cover RAM: 768G
[    0.017180]  gran_size: 1G 	chunk_size: 1G 	num_reg: 8  	lose cover RAM: 768G
[    0.017180]  gran_size: 1G 	chunk_size: 2G 	num_reg: 8  	lose cover RAM: 768G
[    0.017180]  gran_size: 2G 	chunk_size: 2G 	num_reg: 8  	lose cover RAM: 513G
[    0.017180] mtrr_cleanup: can not find optimal value
[    0.017180] please specify mtrr_gran_size/mtrr_chunk_size
[    0.017180] MTRR map: 8 entries (5 fixed + 3 variable; max 21), built from 8 variable MTRRs
[    0.017180] x86/PAT: Configuration [0-7]: WB  WC  UC- UC  WB  WP  UC- WT  
[    0.017180] e820: update [mem 0xc0000000-0xffffffff] usable ==> reserved
[    0.017180] last_pfn = 0xc0000 max_arch_pfn = 0x400000000
[    0.017180] found SMP MP-table at [mem 0x000f6a70-0x000f6a7f]
[    0.017180] Using GB pages for direct mapping
[    0.017180] RAMDISK: [mem 0x2d607000-0x32afafff]
[    0.017180] ACPI: Early table checksum verification disabled
[    0.017180] ACPI: RSDP 0x00000000000F6A00 000024 (v02 PTLTD )
[    0.017180] ACPI: XSDT 0x00000000BFEDB633 00005C (v01 INTEL  440BX    06040000 VMW  01324272)
[    0.017180] ACPI: FACP 0x00000000BFEFEE73 0000F4 (v04 INTEL  440BX    06040000 PTL  000F4240)
[    0.017180] ACPI: DSDT 0x00000000BFEDD001 021E72 (v01 PTLTD  Custom   06040000 MSFT 03000001)
[    0.017180] ACPI: FACS 0x00000000BFEFFFC0 000040
[    0.017180] ACPI: FACS 0x00000000BFEFFFC0 000040
[    0.017180] ACPI: BOOT 0x00000000BFEDCFB4 000028 (v01 PTLTD  $SBFTBL$ 06040000  LTP 00000001)
[    0.017180] ACPI: APIC 0x00000000BFEDC872 000742 (v01 PTLTD  ? APIC   06040000  LTP 00000000)
[    0.017180] ACPI: MCFG 0x00000000BFEDC836 00003C (v01 PTLTD  $PCITBL$ 06040000  LTP 00000001)
[    0.017180] ACPI: SRAT 0x00000000BFEDB72F 0008D0 (v02 VMWARE MEMPLUG  06040000 VMW  00000001)
[    0.017180] ACPI: HPET 0x00000000BFEDB6F7 000038 (v01 VMWARE VMW HPET 06040000 VMW  00000001)
[    0.017180] ACPI: WAET 0x00000000BFEDB6CF 000028 (v01 VMWARE VMW WAET 06040000 VMW  00000001)
[    0.017180] ACPI: Reserving FACP table memory at [mem 0xbfefee73-0xbfefef66]
[    0.017180] ACPI: Reserving DSDT table memory at [mem 0xbfedd001-0xbfefee72]
[    0.017180] ACPI: Reserving FACS table memory at [mem 0xbfefffc0-0xbfefffff]
[    0.017180] ACPI: Reserving FACS table memory at [mem 0xbfefffc0-0xbfefffff]
[    0.017180] ACPI: Reserving BOOT table memory at [mem 0xbfedcfb4-0xbfedcfdb]
[    0.017180] ACPI: Reserving APIC table memory at [mem 0xbfedc872-0xbfedcfb3]
[    0.017180] ACPI: Reserving MCFG table memory at [mem 0xbfedc836-0xbfedc871]
[    0.017180] ACPI: Reserving SRAT table memory at [mem 0xbfedb72f-0xbfedbffe]
[    0.017180] ACPI: Reserving HPET table memory at [mem 0xbfedb6f7-0xbfedb72e]
[    0.017180] ACPI: Reserving WAET table memory at [mem 0xbfedb6cf-0xbfedb6f6]
[    0.017180] ACPI: SRAT: Node 0 PXM 0 [mem 0x00000000-0x0009ffff]
[    0.017180] ACPI: SRAT: Node 0 PXM 0 [mem 0x00100000-0xbfffffff]
[    0.017180] ACPI: SRAT: Node 0 PXM 0 [mem 0x100000000-0x83fffffff]
[    0.017180] ACPI: SRAT: Node 0 PXM 0 [mem 0x840000000-0x803fffffff] hotplug
[    0.017180] NUMA: Node 0 [mem 0x00001000-0x0009ffff] + [mem 0x00100000-0xbfffffff] -> [mem 0x00001000-0xbfffffff]
[    0.017180] NUMA: Node 0 [mem 0x00001000-0xbfffffff] + [mem 0x100000000-0x83fffffff] -> [mem 0x00001000-0x83fffffff]
[    0.017180] NODE_DATA(0) allocated [mem 0x83ffd5540-0x83fffffff]
[    0.017180] Zone ranges:
[    0.017180]   DMA      [mem 0x0000000000001000-0x0000000000ffffff]
[    0.017180]   DMA32    [mem 0x0000000001000000-0x00000000ffffffff]
[    0.017180]   Normal   [mem 0x0000000100000000-0x000000083fffffff]
[    0.017180]   Device   empty
[    0.017180] Movable zone start for each node
[    0.017180] Early memory node ranges
[    0.017180]   node   0: [mem 0x0000000000001000-0x000000000009dfff]
[    0.017180]   node   0: [mem 0x0000000000100000-0x00000000bfecffff]
[    0.017180]   node   0: [mem 0x00000000bff00000-0x00000000bfffffff]
[    0.017180]   node   0: [mem 0x0000000100000000-0x000000083fffffff]
[    0.017180] Initmem setup node 0 [mem 0x0000000000001000-0x000000083fffffff]
[    0.017180] On node 0, zone DMA: 1 pages in unavailable ranges
[    0.017180] On node 0, zone DMA: 98 pages in unavailable ranges
[    0.017180] On node 0, zone DMA32: 48 pages in unavailable ranges
[    0.019869] ACPI: PM-Timer IO Port: 0x1008
[    0.020131] ACPI: LAPIC_NMI (acpi_id[0x00] high edge lint[0x1])
[    0.020360] ACPI: LAPIC_NMI (acpi_id[0x01] high edge lint[0x1])
[    0.020560] ACPI: LAPIC_NMI (acpi_id[0x02] high edge lint[0x1])
[    0.020735] ACPI: LAPIC_NMI (acpi_id[0x03] high edge lint[0x1])
[    0.020888] ACPI: LAPIC_NMI (acpi_id[0x04] high edge lint[0x1])
[    0.021022] ACPI: LAPIC_NMI (acpi_id[0x05] high edge lint[0x1])
[    0.021140] ACPI: LAPIC_NMI (acpi_id[0x06] high edge lint[0x1])
[    0.021242] ACPI: LAPIC_NMI (acpi_id[0x07] high edge lint[0x1])
[    0.021332] ACPI: LAPIC_NMI (acpi_id[0x08] high edge lint[0x1])
[    0.021411] ACPI: LAPIC_NMI (acpi_id[0x09] high edge lint[0x1])
[    0.021480] ACPI: LAPIC_NMI (acpi_id[0x0a] high edge lint[0x1])
[    0.021540] ACPI: LAPIC_NMI (acpi_id[0x0b] high edge lint[0x1])
[    0.021592] ACPI: LAPIC_NMI (acpi_id[0x0c] high edge lint[0x1])
[    0.021638] ACPI: LAPIC_NMI (acpi_id[0x0d] high edge lint[0x1])
[    0.021679] ACPI: LAPIC_NMI (acpi_id[0x0e] high edge lint[0x1])
[    0.021714] ACPI: LAPIC_NMI (acpi_id[0x0f] high edge lint[0x1])
[    0.021745] ACPI: LAPIC_NMI (acpi_id[0x10] high edge lint[0x1])
[    0.021772] ACPI: LAPIC_NMI (acpi_id[0x11] high edge lint[0x1])
[    0.021796] ACPI: LAPIC_NMI (acpi_id[0x12] high edge lint[0x1])
[    0.021816] ACPI: LAPIC_NMI (acpi_id[0x13] high edge lint[0x1])
[    0.021834] ACPI: LAPIC_NMI (acpi_id[0x14] high edge lint[0x1])
[    0.021850] ACPI: LAPIC_NMI (acpi_id[0x15] high edge lint[0x1])
[    0.021864] ACPI: LAPIC_NMI (acpi_id[0x16] high edge lint[0x1])
[    0.021876] ACPI: LAPIC_NMI (acpi_id[0x17] high edge lint[0x1])
[    0.021887] ACPI: LAPIC_NMI (acpi_id[0x18] high edge lint[0x1])
[    0.021896] ACPI: LAPIC_NMI (acpi_id[0x19] high edge lint[0x1])
[    0.021904] ACPI: LAPIC_NMI (acpi_id[0x1a] high edge lint[0x1])
[    0.021911] ACPI: LAPIC_NMI (acpi_id[0x1b] high edge lint[0x1])
[    0.021918] ACPI: LAPIC_NMI (acpi_id[0x1c] high edge lint[0x1])
[    0.021923] ACPI: LAPIC_NMI (acpi_id[0x1d] high edge lint[0x1])
[    0.021928] ACPI: LAPIC_NMI (acpi_id[0x1e] high edge lint[0x1])
[    0.021932] ACPI: LAPIC_NMI (acpi_id[0x1f] high edge lint[0x1])
[    0.021936] ACPI: LAPIC_NMI (acpi_id[0x20] high edge lint[0x1])
[    0.021939] ACPI: LAPIC_NMI (acpi_id[0x21] high edge lint[0x1])
[    0.021942] ACPI: LAPIC_NMI (acpi_id[0x22] high edge lint[0x1])
[    0.021944] ACPI: LAPIC_NMI (acpi_id[0x23] high edge lint[0x1])
[    0.021946] ACPI: LAPIC_NMI (acpi_id[0x24] high edge lint[0x1])
[    0.021948] ACPI: LAPIC_NMI (acpi_id[0x25] high edge lint[0x1])
[    0.021950] ACPI: LAPIC_NMI (acpi_id[0x26] high edge lint[0x1])
[    0.021951] ACPI: LAPIC_NMI (acpi_id[0x27] high edge lint[0x1])
[    0.021952] ACPI: LAPIC_NMI (acpi_id[0x28] high edge lint[0x1])
[    0.021953] ACPI: LAPIC_NMI (acpi_id[0x29] high edge lint[0x1])
[    0.021954] ACPI: LAPIC_NMI (acpi_id[0x2a] high edge lint[0x1])
[    0.021955] ACPI: LAPIC_NMI (acpi_id[0x2b] high edge lint[0x1])
[    0.021956] ACPI: LAPIC_NMI (acpi_id[0x2c] high edge lint[0x1])
[    0.021957] ACPI: LAPIC_NMI (acpi_id[0x2d] high edge lint[0x1])
[    0.021957] ACPI: LAPIC_NMI (acpi_id[0x2e] high edge lint[0x1])
[    0.021958] ACPI: LAPIC_NMI (acpi_id[0x2f] high edge lint[0x1])
[    0.021958] ACPI: LAPIC_NMI (acpi_id[0x30] high edge lint[0x1])
[    0.021958] ACPI: LAPIC_NMI (acpi_id[0x31] high edge lint[0x1])
[    0.021959] ACPI: LAPIC_NMI (acpi_id[0x32] high edge lint[0x1])
[    0.021959] ACPI: LAPIC_NMI (acpi_id[0x33] high edge lint[0x1])
[    0.021959] ACPI: LAPIC_NMI (acpi_id[0x34] high edge lint[0x1])
[    0.021960] ACPI: LAPIC_NMI (acpi_id[0x35] high edge lint[0x1])
[    0.021960] ACPI: LAPIC_NMI (acpi_id[0x36] high edge lint[0x1])
[    0.021960] ACPI: LAPIC_NMI (acpi_id[0x37] high edge lint[0x1])
[    0.021960] ACPI: LAPIC_NMI (acpi_id[0x38] high edge lint[0x1])
[    0.021960] ACPI: LAPIC_NMI (acpi_id[0x39] high edge lint[0x1])
[    0.021960] ACPI: LAPIC_NMI (acpi_id[0x3a] high edge lint[0x1])
[    0.021960] ACPI: LAPIC_NMI (acpi_id[0x3b] high edge lint[0x1])
[    0.021960] ACPI: LAPIC_NMI (acpi_id[0x3c] high edge lint[0x1])
[    0.021961] ACPI: LAPIC_NMI (acpi_id[0x3d] high edge lint[0x1])
[    0.021961] ACPI: LAPIC_NMI (acpi_id[0x3e] high edge lint[0x1])
[    0.021961] ACPI: LAPIC_NMI (acpi_id[0x3f] high edge lint[0x1])
[    0.021961] ACPI: LAPIC_NMI (acpi_id[0x40] high edge lint[0x1])
[    0.021961] ACPI: LAPIC_NMI (acpi_id[0x41] high edge lint[0x1])
[    0.021961] ACPI: LAPIC_NMI (acpi_id[0x42] high edge lint[0x1])
[    0.021961] ACPI: LAPIC_NMI (acpi_id[0x43] high edge lint[0x1])
[    0.021961] ACPI: LAPIC_NMI (acpi_id[0x44] high edge lint[0x1])
[    0.021961] ACPI: LAPIC_NMI (acpi_id[0x45] high edge lint[0x1])
[    0.021961] ACPI: LAPIC_NMI (acpi_id[0x46] high edge lint[0x1])
[    0.021961] ACPI: LAPIC_NMI (acpi_id[0x47] high edge lint[0x1])
[    0.021961] ACPI: LAPIC_NMI (acpi_id[0x48] high edge lint[0x1])
[    0.021961] ACPI: LAPIC_NMI (acpi_id[0x49] high edge lint[0x1])
[    0.021961] ACPI: LAPIC_NMI (acpi_id[0x4a] high edge lint[0x1])
[    0.021961] ACPI: LAPIC_NMI (acpi_id[0x4b] high edge lint[0x1])
[    0.021961] ACPI: LAPIC_NMI (acpi_id[0x4c] high edge lint[0x1])
[    0.021961] ACPI: LAPIC_NMI (acpi_id[0x4d] high edge lint[0x1])
[    0.021961] ACPI: LAPIC_NMI (acpi_id[0x4e] high edge lint[0x1])
[    0.021961] ACPI: LAPIC_NMI (acpi_id[0x4f] high edge lint[0x1])
[    0.021961] ACPI: LAPIC_NMI (acpi_id[0x50] high edge lint[0x1])
[    0.021961] ACPI: LAPIC_NMI (acpi_id[0x51] high edge lint[0x1])
[    0.021961] ACPI: LAPIC_NMI (acpi_id[0x52] high edge lint[0x1])
[    0.021961] ACPI: LAPIC_NMI (acpi_id[0x53] high edge lint[0x1])
[    0.021961] ACPI: LAPIC_NMI (acpi_id[0x54] high edge lint[0x1])
[    0.021961] ACPI: LAPIC_NMI (acpi_id[0x55] high edge lint[0x1])
[    0.021961] ACPI: LAPIC_NMI (acpi_id[0x56] high edge lint[0x1])
[    0.021961] ACPI: LAPIC_NMI (acpi_id[0x57] high edge lint[0x1])
[    0.021961] ACPI: LAPIC_NMI (acpi_id[0x58] high edge lint[0x1])
[    0.021961] ACPI: LAPIC_NMI (acpi_id[0x59] high edge lint[0x1])
[    0.021961] ACPI: LAPIC_NMI (acpi_id[0x5a] high edge lint[0x1])
[    0.021961] ACPI: LAPIC_NMI (acpi_id[0x5b] high edge lint[0x1])
[    0.021961] ACPI: LAPIC_NMI (acpi_id[0x5c] high edge lint[0x1])
[    0.021961] ACPI: LAPIC_NMI (acpi_id[0x5d] high edge lint[0x1])
[    0.021961] ACPI: LAPIC_NMI (acpi_id[0x5e] high edge lint[0x1])
[    0.021961] ACPI: LAPIC_NMI (acpi_id[0x5f] high edge lint[0x1])
[    0.021961] ACPI: LAPIC_NMI (acpi_id[0x60] high edge lint[0x1])
[    0.021961] ACPI: LAPIC_NMI (acpi_id[0x61] high edge lint[0x1])
[    0.021961] ACPI: LAPIC_NMI (acpi_id[0x62] high edge lint[0x1])
[    0.021961] ACPI: LAPIC_NMI (acpi_id[0x63] high edge lint[0x1])
[    0.021961] ACPI: LAPIC_NMI (acpi_id[0x64] high edge lint[0x1])
[    0.021961] ACPI: LAPIC_NMI (acpi_id[0x65] high edge lint[0x1])
[    0.021961] ACPI: LAPIC_NMI (acpi_id[0x66] high edge lint[0x1])
[    0.021961] ACPI: LAPIC_NMI (acpi_id[0x67] high edge lint[0x1])
[    0.021961] ACPI: LAPIC_NMI (acpi_id[0x68] high edge lint[0x1])
[    0.021961] ACPI: LAPIC_NMI (acpi_id[0x69] high edge lint[0x1])
[    0.021961] ACPI: LAPIC_NMI (acpi_id[0x6a] high edge lint[0x1])
[    0.021961] ACPI: LAPIC_NMI (acpi_id[0x6b] high edge lint[0x1])
[    0.021961] ACPI: LAPIC_NMI (acpi_id[0x6c] high edge lint[0x1])
[    0.021961] ACPI: LAPIC_NMI (acpi_id[0x6d] high edge lint[0x1])
[    0.021961] ACPI: LAPIC_NMI (acpi_id[0x6e] high edge lint[0x1])
[    0.021961] ACPI: LAPIC_NMI (acpi_id[0x6f] high edge lint[0x1])
[    0.021961] ACPI: LAPIC_NMI (acpi_id[0x70] high edge lint[0x1])
[    0.021961] ACPI: LAPIC_NMI (acpi_id[0x71] high edge lint[0x1])
[    0.021961] ACPI: LAPIC_NMI (acpi_id[0x72] high edge lint[0x1])
[    0.021961] ACPI: LAPIC_NMI (acpi_id[0x73] high edge lint[0x1])
[    0.021961] ACPI: LAPIC_NMI (acpi_id[0x74] high edge lint[0x1])
[    0.021961] ACPI: LAPIC_NMI (acpi_id[0x75] high edge lint[0x1])
[    0.021961] ACPI: LAPIC_NMI (acpi_id[0x76] high edge lint[0x1])
[    0.021961] ACPI: LAPIC_NMI (acpi_id[0x77] high edge lint[0x1])
[    0.021961] ACPI: LAPIC_NMI (acpi_id[0x78] high edge lint[0x1])
[    0.021961] ACPI: LAPIC_NMI (acpi_id[0x79] high edge lint[0x1])
[    0.021961] ACPI: LAPIC_NMI (acpi_id[0x7a] high edge lint[0x1])
[    0.021961] ACPI: LAPIC_NMI (acpi_id[0x7b] high edge lint[0x1])
[    0.021961] ACPI: LAPIC_NMI (acpi_id[0x7c] high edge lint[0x1])
[    0.021961] ACPI: LAPIC_NMI (acpi_id[0x7d] high edge lint[0x1])
[    0.021961] ACPI: LAPIC_NMI (acpi_id[0x7e] high edge lint[0x1])
[    0.021961] ACPI: LAPIC_NMI (acpi_id[0x7f] high edge lint[0x1])
[    0.021961] IOAPIC[0]: apic_id 128, version 32, address 0xfec00000, GSI 0-23
[    0.021961] ACPI: INT_SRC_OVR (bus 0 bus_irq 0 global_irq 2 high edge)
[    0.021961] ACPI: Using ACPI (MADT) for SMP configuration information
[    0.021961] ACPI: HPET id: 0x8086af01 base: 0xfed00000
[    0.021961] CPU topo: Max. logical packages:   8
[    0.021961] CPU topo: Max. logical dies:       8
[    0.021961] CPU topo: Max. dies per package:   1
[    0.021961] CPU topo: Max. threads per core:   1
[    0.021961] CPU topo: Num. cores per package:    16
[    0.021961] CPU topo: Num. threads per package:  16
[    0.021961] CPU topo: Allowing 16 present CPUs plus 112 hotplug CPUs
[    0.021961] PM: hibernation: Registered nosave memory: [mem 0x00000000-0x00000fff]
[    0.021961] PM: hibernation: Registered nosave memory: [mem 0x0009e000-0x000fffff]
[    0.021961] PM: hibernation: Registered nosave memory: [mem 0xbfed0000-0xbfefffff]
[    0.021961] PM: hibernation: Registered nosave memory: [mem 0xc0000000-0xffffffff]
[    0.021961] [mem 0xc0000000-0xefffffff] available for PCI devices
[    0.021961] Booting paravirtualized kernel on VMware hypervisor
[    0.021961] clocksource: refined-jiffies: mask: 0xffffffff max_cycles: 0xffffffff, max_idle_ns: 1910969940391419 ns
[    0.021961] setup_percpu: NR_CPUS:8192 nr_cpumask_bits:128 nr_cpu_ids:128 nr_node_ids:1
[    0.021961] percpu: Embedded 88 pages/cpu s237568 r8192 d114688 u524288
[    0.021961] pcpu-alloc: s237568 r8192 d114688 u524288 alloc=1*2097152
[    0.021961] pcpu-alloc: [0] 000 001 002 003 [0] 004 005 006 007 
[    0.021961] pcpu-alloc: [0] 008 009 010 011 [0] 012 013 014 015 
[    0.021961] pcpu-alloc: [0] 016 017 018 019 [0] 020 021 022 023 
[    0.021961] pcpu-alloc: [0] 024 025 026 027 [0] 028 029 030 031 
[    0.021961] pcpu-alloc: [0] 032 033 034 035 [0] 036 037 038 039 
[    0.021961] pcpu-alloc: [0] 040 041 042 043 [0] 044 045 046 047 
[    0.021961] pcpu-alloc: [0] 048 049 050 051 [0] 052 053 054 055 
[    0.021961] pcpu-alloc: [0] 056 057 058 059 [0] 060 061 062 063 
[    0.021961] pcpu-alloc: [0] 064 065 066 067 [0] 068 069 070 071 
[    0.021961] pcpu-alloc: [0] 072 073 074 075 [0] 076 077 078 079 
[    0.021961] pcpu-alloc: [0] 080 081 082 083 [0] 084 085 086 087 
[    0.021961] pcpu-alloc: [0] 088 089 090 091 [0] 092 093 094 095 
[    0.021961] pcpu-alloc: [0] 096 097 098 099 [0] 100 101 102 103 
[    0.021961] pcpu-alloc: [0] 104 105 106 107 [0] 108 109 110 111 
[    0.021961] pcpu-alloc: [0] 112 113 114 115 [0] 116 117 118 119 
[    0.021961] pcpu-alloc: [0] 120 121 122 123 [0] 124 125 126 127 
[    0.021961] Kernel command line: BOOT_IMAGE=/boot/vmlinuz-6.14.0-33-generic root=UUID=1cbb8294-d9e9-4b18-9fce-6fa89d7fe721 ro
[    0.021961] Unknown kernel command line parameters "BOOT_IMAGE=/boot/vmlinuz-6.14.0-33-generic", will be passed to user space.
[    0.021961] random: crng init done
[    0.021961] printk: log_buf_len individual max cpu contribution: 4096 bytes
[    0.021961] printk: log_buf_len total cpu_extra contributions: 520192 bytes
[    0.021961] printk: log_buf_len min size: 262144 bytes
[    0.021961] printk: log buffer data + meta data: 1048576 + 3670016 = 4718592 bytes
[    0.021961] printk: early log buf free: 234008(89%)
[    0.021961] Dentry cache hash table entries: 4194304 (order: 13, 33554432 bytes, linear)
[    0.021961] Inode-cache hash table entries: 2097152 (order: 12, 16777216 bytes, linear)
[    0.021961] Fallback order for Node 0: 0 
[    0.021961] Built 1 zonelists, mobility grouping on.  Total pages: 8388461
[    0.021961] Policy zone: Normal
[    0.021961] mem auto-init: stack:all(zero), heap alloc:on, heap free:off
[    0.021961] software IO TLB: area num 128.
[    0.021961] SLUB: HWalign=64, Order=0-3, MinObjects=0, CPUs=128, Nodes=1
[    0.021961] ftrace: allocating 60626 entries in 237 pages
[    0.021961] ftrace: allocated 237 pages with 6 groups
[    0.021961] Dynamic Preempt: voluntary
[    0.021961] rcu: Preemptible hierarchical RCU implementation.
[    0.021961] rcu: 	RCU restricting CPUs from NR_CPUS=8192 to nr_cpu_ids=128.
[    0.021961] 	Trampoline variant of Tasks RCU enabled.
[    0.021961] 	Rude variant of Tasks RCU enabled.
[    0.021961] 	Tracing variant of Tasks RCU enabled.
[    0.021961] rcu: RCU calculated value of scheduler-enlistment delay is 100 jiffies.
[    0.021961] rcu: Adjusting geometry for rcu_fanout_leaf=16, nr_cpu_ids=128
[    0.021961] RCU Tasks: Setting shift to 7 and lim to 1 rcu_task_cb_adjust=1 rcu_task_cpu_ids=128.
[    0.021961] RCU Tasks Rude: Setting shift to 7 and lim to 1 rcu_task_cb_adjust=1 rcu_task_cpu_ids=128.
[    0.021961] RCU Tasks Trace: Setting shift to 7 and lim to 1 rcu_task_cb_adjust=1 rcu_task_cpu_ids=128.
[    0.021961] NR_IRQS: 524544, nr_irqs: 1448, preallocated irqs: 16
[    0.049531] rcu: srcu_init: Setting srcu_struct sizes to big.
[    0.057659] Console: colour VGA+ 80x25
[    0.057664] printk: legacy console [tty0] enabled
[    0.064009] ACPI: Core revision 20240827
[    0.076681] clocksource: hpet: mask: 0xffffffff max_cycles: 0xffffffff, max_idle_ns: 133484882848 ns
[    0.600597] APIC: Switch to symmetric I/O mode setup
[    0.602043] x2apic enabled
[    0.602405] APIC: Switched APIC routing to: physical x2apic
[    0.605098] ..TIMER: vector=0x30 apic1=0 pin1=2 apic2=-1 pin2=-1
[    0.605406] clocksource: tsc-early: mask: 0xffffffffffffffff max_cycles: 0x3ddd4885acc, max_idle_ns: 440795304854 ns
[    0.606389] Calibrating delay loop (skipped) preset value.. 8583.68 BogoMIPS (lpj=4291842)
[    0.608653] x86/cpu: User Mode Instruction Prevention (UMIP) activated
[    0.609526] unchecked MSR access error: RDMSR from 0x852 at rIP: 0xffffffffb47c2757 (native_read_msr+0x7/0x50)
[    0.610395] Call Trace:
[    0.610543]  <TASK>
[    0.611396]  native_apic_msr_read+0x1b/0x60
[    0.611611]  setup_APIC_eilvt+0x46/0x1a0
[    0.611814]  mce_amd_feature_init+0x2ea/0x370
[    0.612395]  __mcheck_cpu_init_vendor+0x4e/0xd0
[    0.612622]  mcheck_cpu_init+0x17e/0x290
[    0.613394]  identify_cpu+0x384/0x6b0
[    0.613588]  identify_boot_cpu+0x10/0xd0
[    0.614394]  arch_cpu_finalize_init+0x19/0xc0
[    0.614615]  start_kernel+0x40d/0x4a0
[    0.614809]  x86_64_start_reservations+0x24/0x30
[    0.615394]  x86_64_start_kernel+0xf2/0x100
[    0.615608]  common_startup_64+0x13e/0x141
[    0.616395]  </TASK>
[    0.616532] LVT offset 2 assigned for vector 0xf4
[    0.617394] [Firmware Bug]: cpu 0, try to use APIC520 (LVT offset 2) for vector 0xf4, but the register is already in use for vector 0x0 on this cpu
[    0.618403] Last level iTLB entries: 4KB 64, 2MB 64, 4MB 32
[    0.618666] Last level dTLB entries: 4KB 128, 2MB 128, 4MB 64, 1GB 0
[    0.619398] Spectre V1 : Mitigation: usercopy/swapgs barriers and __user pointer sanitization
[    0.620395] Spectre V2 : Mitigation: Retpolines
[    0.620621] Spectre V2 : Spectre v2 / SpectreRSB: Filling RSB on context switch and VMEXIT
[    0.621396] Spectre V2 : mitigation: Enabling conditional Indirect Branch Prediction Barrier
[    0.622394] Speculative Store Bypass: Vulnerable
[    0.622624] Speculative Return Stack Overflow: IBPB-extending microcode not applied!
[    0.623394] Speculative Return Stack Overflow: WARNING: See https://kernel.org/doc/html/latest/admin-guide/hw-vuln/srso.html for mitigation options.
[    0.623398] Speculative Return Stack Overflow: Vulnerable: Safe RET, no microcode
[    0.625445] x86/fpu: Supporting XSAVE feature 0x001: 'x87 floating point registers'
[    0.626394] x86/fpu: Supporting XSAVE feature 0x002: 'SSE registers'
[    0.626681] x86/fpu: Supporting XSAVE feature 0x004: 'AVX registers'
[    0.627394] x86/fpu: Supporting XSAVE feature 0x020: 'AVX-512 opmask'
[    0.627684] x86/fpu: Supporting XSAVE feature 0x040: 'AVX-512 Hi256'
[    0.628394] x86/fpu: Supporting XSAVE feature 0x080: 'AVX-512 ZMM_Hi256'
[    0.629394] x86/fpu: xstate_offset[2]:  576, xstate_sizes[2]:  256
[    0.629675] x86/fpu: xstate_offset[5]:  832, xstate_sizes[5]:   64
[    0.630394] x86/fpu: xstate_offset[6]:  896, xstate_sizes[6]:  512
[    0.630675] x86/fpu: xstate_offset[7]: 1408, xstate_sizes[7]: 1024
[    0.631394] x86/fpu: Enabled xstate features 0xe7, context size is 2432 bytes, using 'compacted' format.
[    0.678833] Freeing SMP alternatives memory: 48K
[    0.679397] pid_max: default: 131072 minimum: 1024
[    0.680456] LSM: initializing lsm=lockdown,capability,landlock,yama,apparmor,ima,evm
[    0.680856] landlock: Up and running.
[    0.681395] Yama: becoming mindful.
[    0.682519] AppArmor: AppArmor initialized
[    0.684512] Mount-cache hash table entries: 65536 (order: 7, 524288 bytes, linear)
[    0.686516] Mountpoint-cache hash table entries: 65536 (order: 7, 524288 bytes, linear)
[    0.690383] smpboot: CPU0: AMD Ryzen 9 9950X 16-Core Processor (family: 0x1a, model: 0x44, stepping: 0x0)
[    0.690954] Performance Events: AMD PMU driver.
[    0.691183] ... version:                0
[    0.691355] ... bit width:              48
[    0.691564] ... generic registers:      4
[    0.691735] ... value mask:             0000ffffffffffff
[    0.692392] ... max period:             00007fffffffffff
[    0.692619] ... fixed-purpose events:   0
[    0.692791] ... event mask:             000000000000000f
[    0.693232] signal: max sigframe size: 3376
[    0.693593] rcu: Hierarchical SRCU implementation.
[    0.693796] rcu: 	Max phase no-delay instances is 400.
[    0.694331] Timer migration: 3 hierarchy levels; 8 children per group; 3 crossnode level
[    0.698564] NMI watchdog: Enabled. Permanently consumes one hw-PMU counter.
[    0.706419] smp: Bringing up secondary CPUs ...
[    0.707350] smpboot: x86: Booting SMP configuration:
[    0.707399] .... node  #0, CPUs:          #1   #2   #3   #4   #5   #6   #7   #8   #9  #10  #11  #12  #13  #14  #15
[    0.553671] [Firmware Bug]: cpu 1, try to use APIC520 (LVT offset 2) for vector 0xf4, but the register is already in use for vector 0x0 on this cpu
[    0.553671] [Firmware Bug]: cpu 2, try to use APIC520 (LVT offset 2) for vector 0xf4, but the register is already in use for vector 0x0 on this cpu
[    0.553671] [Firmware Bug]: cpu 3, try to use APIC520 (LVT offset 2) for vector 0xf4, but the register is already in use for vector 0x0 on this cpu
[    0.553671] [Firmware Bug]: cpu 4, try to use APIC520 (LVT offset 2) for vector 0xf4, but the register is already in use for vector 0x0 on this cpu
[    0.553671] [Firmware Bug]: cpu 5, try to use APIC520 (LVT offset 2) for vector 0xf4, but the register is already in use for vector 0x0 on this cpu
[    0.553671] [Firmware Bug]: cpu 6, try to use APIC520 (LVT offset 2) for vector 0xf4, but the register is already in use for vector 0x0 on this cpu
[    0.553671] [Firmware Bug]: cpu 7, try to use APIC520 (LVT offset 2) for vector 0xf4, but the register is already in use for vector 0x0 on this cpu
[    0.553671] [Firmware Bug]: cpu 8, try to use APIC520 (LVT offset 2) for vector 0xf4, but the register is already in use for vector 0x0 on this cpu
[    0.553671] [Firmware Bug]: cpu 9, try to use APIC520 (LVT offset 2) for vector 0xf4, but the register is already in use for vector 0x0 on this cpu
[    0.553671] [Firmware Bug]: cpu 10, try to use APIC520 (LVT offset 2) for vector 0xf4, but the register is already in use for vector 0x0 on this cpu
[    0.553671] [Firmware Bug]: cpu 11, try to use APIC520 (LVT offset 2) for vector 0xf4, but the register is already in use for vector 0x0 on this cpu
[    0.553671] [Firmware Bug]: cpu 12, try to use APIC520 (LVT offset 2) for vector 0xf4, but the register is already in use for vector 0x0 on this cpu
[    0.553671] [Firmware Bug]: cpu 13, try to use APIC520 (LVT offset 2) for vector 0xf4, but the register is already in use for vector 0x0 on this cpu
[    0.553671] [Firmware Bug]: cpu 14, try to use APIC520 (LVT offset 2) for vector 0xf4, but the register is already in use for vector 0x0 on this cpu
[    0.553671] [Firmware Bug]: cpu 15, try to use APIC520 (LVT offset 2) for vector 0xf4, but the register is already in use for vector 0x0 on this cpu
[    0.740507] smp: Brought up 1 node, 16 CPUs
[    0.749393] smpboot: Total of 16 processors activated (137338.94 BogoMIPS)
[    0.751904] Memory: 32694096K/33553844K available (21788K kernel code, 4575K rwdata, 15820K rodata, 5008K init, 4560K bss, 831516K reserved, 0K cma-reserved)
[    0.753010] devtmpfs: initialized
[    0.753637] x86/mm: Memory block size: 128MB
[    0.760448] ACPI: PM: Registering ACPI NVS region [mem 0xbfeff000-0xbfefffff] (4096 bytes)
[    0.760998] clocksource: jiffies: mask: 0xffffffff max_cycles: 0xffffffff, max_idle_ns: 1911260446275000 ns
[    0.763750] futex hash table entries: 32768 (order: 9, 2097152 bytes, linear)
[    0.764452] pinctrl core: initialized pinctrl subsystem
[    0.764983] PM: RTC time: 10:01:16, date: 2025-10-22
[    0.769263] NET: Registered PF_NETLINK/PF_ROUTE protocol family
[    0.774498] DMA: preallocated 4096 KiB GFP_KERNEL pool for atomic allocations
[    0.775383] DMA: preallocated 4096 KiB GFP_KERNEL|GFP_DMA pool for atomic allocations
[    0.775383] DMA: preallocated 4096 KiB GFP_KERNEL|GFP_DMA32 pool for atomic allocations
[    0.775406] audit: initializing netlink subsys (disabled)
[    0.776719] audit: type=2000 audit(1761127276.174:1): state=initialized audit_enabled=0 res=1
[    0.776796] thermal_sys: Registered thermal governor 'fair_share'
[    0.776948] thermal_sys: Registered thermal governor 'bang_bang'
[    0.777396] thermal_sys: Registered thermal governor 'step_wise'
[    0.777643] thermal_sys: Registered thermal governor 'user_space'
[    0.778392] thermal_sys: Registered thermal governor 'power_allocator'
[    0.778668] cpuidle: using governor ladder
[    0.779590] cpuidle: using governor menu
[    0.781470] Simple Boot Flag at 0x36 set to 0x80
[    0.783148] acpiphp: ACPI Hot Plug PCI Controller Driver version: 0.5
[    0.783784] PCI: ECAM [mem 0xf0000000-0xf7ffffff] (base 0xf0000000) for domain 0000 [bus 00-7f]
[    0.784156] PCI: Using configuration type 1 for base access
[    0.785638] kprobes: kprobe jump-optimization is enabled. All kprobes are optimized if possible.
[    0.788801] HugeTLB: registered 1.00 GiB page size, pre-allocated 0 pages
[    0.789086] HugeTLB: 16380 KiB vmemmap can be freed for a 1.00 GiB page
[    0.789393] HugeTLB: registered 2.00 MiB page size, pre-allocated 0 pages
[    0.789667] HugeTLB: 28 KiB vmemmap can be freed for a 2.00 MiB page
[    0.792814] ACPI: Added _OSI(Module Device)
[    0.793393] ACPI: Added _OSI(Processor Device)
[    0.793583] ACPI: Added _OSI(Processor Aggregator Device)
[    0.832084] ACPI: 1 ACPI AML tables successfully acquired and loaded
[    0.836469] ACPI: [Firmware Bug]: BIOS _OSI(Linux) query ignored
[    0.866862] ACPI: Interpreter enabled
[    0.867042] ACPI: PM: (supports S0 S1 S4 S5)
[    0.867224] ACPI: Using IOAPIC for interrupt routing
[    0.871579] PCI: Using host bridge windows from ACPI; if necessary, use "pci=nocrs" and report a bug
[    0.871951] PCI: Using E820 reservations for host bridge windows
[    0.874737] ACPI: Enabled 4 GPEs in block 00 to 0F
[    1.149562] ACPI: PCI Root Bridge [PCI0] (domain 0000 [bus 00-7f])
[    1.149831] acpi PNP0A03:00: _OSC: OS supports [ExtendedConfig ASPM ClockPM Segments MSI EDR HPX-Type3]
[    1.150339] acpi PNP0A03:00: _OSC: platform does not support [AER LTR DPC]
[    1.150639] acpi PNP0A03:00: _OSC: OS now controls [PCIeHotplug SHPCHotplug PME PCIeCapability]
[    1.154175] PCI host bridge to bus 0000:00
[    1.154357] pci_bus 0000:00: root bus resource [mem 0x000a0000-0x000bffff window]
[    1.154479] pci_bus 0000:00: root bus resource [mem 0x000d0000-0x000dbfff window]
[    1.155383] pci_bus 0000:00: root bus resource [mem 0xc0000000-0xfebfffff window]
[    1.155383] pci_bus 0000:00: root bus resource [io  0x0000-0x0cf7 window]
[    1.155392] pci_bus 0000:00: root bus resource [io  0x0d00-0xfeff window]
[    1.155671] pci_bus 0000:00: root bus resource [bus 00-7f]
[    1.156455] pci 0000:00:00.0: [8086:7190] type 00 class 0x060000 conventional PCI endpoint
[    1.157915] pci 0000:00:01.0: [8086:7191] type 01 class 0x060400 conventional PCI bridge
[    1.158485] pci 0000:00:01.0: PCI bridge to [bus 01]
[    1.163031] pci 0000:00:07.0: [8086:7110] type 00 class 0x060100 conventional PCI endpoint
[    1.163987] pci 0000:00:07.1: [8086:7111] type 00 class 0x01018a conventional PCI endpoint
[    1.164744] pci 0000:00:07.1: BAR 4 [io  0x1060-0x106f]
[    1.164989] pci 0000:00:07.1: BAR 0 [io  0x01f0-0x01f7]: legacy IDE quirk
[    1.165263] pci 0000:00:07.1: BAR 1 [io  0x03f6]: legacy IDE quirk
[    1.165392] pci 0000:00:07.1: BAR 2 [io  0x0170-0x0177]: legacy IDE quirk
[    1.165669] pci 0000:00:07.1: BAR 3 [io  0x0376]: legacy IDE quirk
[    1.166595] pci 0000:00:07.3: [8086:7113] type 00 class 0x068000 conventional PCI endpoint
[    1.167548] pci 0000:00:07.3: quirk: [io  0x1000-0x103f] claimed by PIIX4 ACPI
[    1.167865] pci 0000:00:07.3: quirk: [io  0x1040-0x104f] claimed by PIIX4 SMB
[    1.168383] pci 0000:00:07.7: [15ad:0740] type 00 class 0x088000 conventional PCI endpoint
[    1.169403] pci 0000:00:07.7: BAR 0 [io  0x1080-0x10bf]
[    1.169658] pci 0000:00:07.7: BAR 1 [mem 0xfebc0000-0xfebfffff 64bit]
[    1.176558] pci 0000:00:0f.0: [15ad:0405] type 00 class 0x030000 conventional PCI endpoint
[    1.177914] pci 0000:00:0f.0: BAR 0 [io  0x1070-0x107f]
[    1.178399] pci 0000:00:0f.0: BAR 1 [mem 0xe8000000-0xefffffff pref]
[    1.178668] pci 0000:00:0f.0: BAR 2 [mem 0xfe000000-0xfe7fffff]
[    1.178937] pci 0000:00:0f.0: ROM [mem 0x00000000-0x00007fff pref]
[    1.179413] pci 0000:00:0f.0: Video device with shadowed ROM at [mem 0x000c0000-0x000dffff]
[    1.180033] pci 0000:00:10.0: [1000:0030] type 00 class 0x010000 conventional PCI endpoint
[    1.180935] pci 0000:00:10.0: BAR 0 [io  0x1400-0x14ff]
[    1.181406] pci 0000:00:10.0: BAR 1 [mem 0xfeb80000-0xfeb9ffff 64bit]
[    1.181682] pci 0000:00:10.0: BAR 3 [mem 0xfeba0000-0xfebbffff 64bit]
[    1.181966] pci 0000:00:10.0: ROM [mem 0x00000000-0x00003fff pref]
[    1.182609] pci 0000:00:11.0: [15ad:0790] type 01 class 0x060401 conventional PCI bridge
[    1.183080] pci 0000:00:11.0: PCI bridge to [bus 02] (subtractive decode)
[    1.183406] pci 0000:00:11.0:   bridge window [io  0x2000-0x3fff]
[    1.183673] pci 0000:00:11.0:   bridge window [mem 0xfd500000-0xfdffffff]
[    1.184008] pci 0000:00:11.0:   bridge window [mem 0xe7b00000-0xe7ffffff 64bit pref]
[    1.187305] pci 0000:00:15.0: [15ad:07a0] type 01 class 0x060400 PCIe Root Port
[    1.187527] pci 0000:00:15.0: PCI bridge to [bus 03]
[    1.188404] pci 0000:00:15.0:   bridge window [io  0x4000-0x4fff]
[    1.188664] pci 0000:00:15.0:   bridge window [mem 0xfd400000-0xfd4fffff]
[    1.189006] pci 0000:00:15.0:   bridge window [mem 0xe7a00000-0xe7afffff 64bit pref]
[    1.189681] pci 0000:00:15.0: PME# supported from D0 D3hot D3cold
[    1.190280] pci 0000:00:15.1: [15ad:07a0] type 01 class 0x060400 PCIe Root Port
[    1.190527] pci 0000:00:15.1: PCI bridge to [bus 04]
[    1.191404] pci 0000:00:15.1:   bridge window [io  0x8000-0x8fff]
[    1.191664] pci 0000:00:15.1:   bridge window [mem 0xfd000000-0xfd0fffff]
[    1.192012] pci 0000:00:15.1:   bridge window [mem 0xe7600000-0xe76fffff 64bit pref]
[    1.192573] pci 0000:00:15.1: PME# supported from D0 D3hot D3cold
[    1.193191] pci 0000:00:15.2: [15ad:07a0] type 01 class 0x060400 PCIe Root Port
[    1.193527] pci 0000:00:15.2: PCI bridge to [bus 05]
[    1.193745] pci 0000:00:15.2:   bridge window [io  0xc000-0xcfff]
[    1.194026] pci 0000:00:15.2:   bridge window [mem 0xfcc00000-0xfccfffff]
[    1.194357] pci 0000:00:15.2:   bridge window [mem 0xe7200000-0xe72fffff 64bit pref]
[    1.195020] pci 0000:00:15.2: PME# supported from D0 D3hot D3cold
[    1.195563] pci 0000:00:15.3: [15ad:07a0] type 01 class 0x060400 PCIe Root Port
[    1.196010] pci 0000:00:15.3: PCI bridge to [bus 06]
[    1.196239] pci 0000:00:15.3:   bridge window [mem 0xfc800000-0xfc8fffff]
[    1.196447] pci 0000:00:15.3:   bridge window [mem 0xe6e00000-0xe6efffff 64bit pref]
[    1.197060] pci 0000:00:15.3: PME# supported from D0 D3hot D3cold
[    1.197709] pci 0000:00:15.4: [15ad:07a0] type 01 class 0x060400 PCIe Root Port
[    1.198142] pci 0000:00:15.4: PCI bridge to [bus 07]
[    1.198412] pci 0000:00:15.4:   bridge window [mem 0xfc400000-0xfc4fffff]
[    1.198744] pci 0000:00:15.4:   bridge window [mem 0xe6a00000-0xe6afffff 64bit pref]
[    1.199349] pci 0000:00:15.4: PME# supported from D0 D3hot D3cold
[    1.199725] pci 0000:00:15.5: [15ad:07a0] type 01 class 0x060400 PCIe Root Port
[    1.200448] pci 0000:00:15.5: PCI bridge to [bus 08]
[    1.200690] pci 0000:00:15.5:   bridge window [mem 0xfc000000-0xfc0fffff]
[    1.201034] pci 0000:00:15.5:   bridge window [mem 0xe6600000-0xe66fffff 64bit pref]
[    1.201663] pci 0000:00:15.5: PME# supported from D0 D3hot D3cold
[    1.202719] pci 0000:00:15.6: [15ad:07a0] type 01 class 0x060400 PCIe Root Port
[    1.203168] pci 0000:00:15.6: PCI bridge to [bus 09]
[    1.203383] pci 0000:00:15.6:   bridge window [mem 0xfbc00000-0xfbcfffff]
[    1.203444] pci 0000:00:15.6:   bridge window [mem 0xe6200000-0xe62fffff 64bit pref]
[    1.204071] pci 0000:00:15.6: PME# supported from D0 D3hot D3cold
[    1.204781] pci 0000:00:15.7: [15ad:07a0] type 01 class 0x060400 PCIe Root Port
[    1.205220] pci 0000:00:15.7: PCI bridge to [bus 0a]
[    1.205416] pci 0000:00:15.7:   bridge window [mem 0xfb800000-0xfb8fffff]
[    1.206383] pci 0000:00:15.7:   bridge window [mem 0xe5e00000-0xe5efffff 64bit pref]
[    1.206507] pci 0000:00:15.7: PME# supported from D0 D3hot D3cold
[    1.207562] pci 0000:00:16.0: [15ad:07a0] type 01 class 0x060400 PCIe Root Port
[    1.208016] pci 0000:00:16.0: PCI bridge to [bus 0b]
[    1.208236] pci 0000:00:16.0:   bridge window [io  0x5000-0x5fff]
[    1.208407] pci 0000:00:16.0:   bridge window [mem 0xfd300000-0xfd3fffff]
[    1.208735] pci 0000:00:16.0:   bridge window [mem 0xe7900000-0xe79fffff 64bit pref]
[    1.209393] pci 0000:00:16.0: PME# supported from D0 D3hot D3cold
[    1.209997] pci 0000:00:16.1: [15ad:07a0] type 01 class 0x060400 PCIe Root Port
[    1.210411] pci 0000:00:16.1: PCI bridge to [bus 0c]
[    1.210637] pci 0000:00:16.1:   bridge window [io  0x9000-0x9fff]
[    1.210905] pci 0000:00:16.1:   bridge window [mem 0xfcf00000-0xfcffffff]
[    1.211232] pci 0000:00:16.1:   bridge window [mem 0xe7500000-0xe75fffff 64bit pref]
[    1.211680] pci 0000:00:16.1: PME# supported from D0 D3hot D3cold
[    1.212435] pci 0000:00:16.2: [15ad:07a0] type 01 class 0x060400 PCIe Root Port
[    1.212899] pci 0000:00:16.2: PCI bridge to [bus 0d]
[    1.213123] pci 0000:00:16.2:   bridge window [io  0xd000-0xdfff]
[    1.213405] pci 0000:00:16.2:   bridge window [mem 0xfcb00000-0xfcbfffff]
[    1.213740] pci 0000:00:16.2:   bridge window [mem 0xe7100000-0xe71fffff 64bit pref]
[    1.214347] pci 0000:00:16.2: PME# supported from D0 D3hot D3cold
[    1.214983] pci 0000:00:16.3: [15ad:07a0] type 01 class 0x060400 PCIe Root Port
[    1.215441] pci 0000:00:16.3: PCI bridge to [bus 0e]
[    1.215676] pci 0000:00:16.3:   bridge window [mem 0xfc700000-0xfc7fffff]
[    1.216004] pci 0000:00:16.3:   bridge window [mem 0xe6d00000-0xe6dfffff 64bit pref]
[    1.216670] pci 0000:00:16.3: PME# supported from D0 D3hot D3cold
[    1.217249] pci 0000:00:16.4: [15ad:07a0] type 01 class 0x060400 PCIe Root Port
[    1.217527] pci 0000:00:16.4: PCI bridge to [bus 0f]
[    1.217758] pci 0000:00:16.4:   bridge window [mem 0xfc300000-0xfc3fffff]
[    1.218084] pci 0000:00:16.4:   bridge window [mem 0xe6900000-0xe69fffff 64bit pref]
[    1.219461] pci 0000:00:16.4: PME# supported from D0 D3hot D3cold
[    1.220060] pci 0000:00:16.5: [15ad:07a0] type 01 class 0x060400 PCIe Root Port
[    1.220478] pci 0000:00:16.5: PCI bridge to [bus 10]
[    1.220709] pci 0000:00:16.5:   bridge window [mem 0xfbf00000-0xfbffffff]
[    1.221057] pci 0000:00:16.5:   bridge window [mem 0xe6500000-0xe65fffff 64bit pref]
[    1.221636] pci 0000:00:16.5: PME# supported from D0 D3hot D3cold
[    1.222231] pci 0000:00:16.6: [15ad:07a0] type 01 class 0x060400 PCIe Root Port
[    1.222530] pci 0000:00:16.6: PCI bridge to [bus 11]
[    1.222762] pci 0000:00:16.6:   bridge window [mem 0xfbb00000-0xfbbfffff]
[    1.223383] pci 0000:00:16.6:   bridge window [mem 0xe6100000-0xe61fffff 64bit pref]
[    1.223686] pci 0000:00:16.6: PME# supported from D0 D3hot D3cold
[    1.224823] pci 0000:00:16.7: [15ad:07a0] type 01 class 0x060400 PCIe Root Port
[    1.225417] pci 0000:00:16.7: PCI bridge to [bus 12]
[    1.225655] pci 0000:00:16.7:   bridge window [mem 0xfb700000-0xfb7fffff]
[    1.225998] pci 0000:00:16.7:   bridge window [mem 0xe5d00000-0xe5dfffff 64bit pref]
[    1.226622] pci 0000:00:16.7: PME# supported from D0 D3hot D3cold
[    1.227213] pci 0000:00:17.0: [15ad:07a0] type 01 class 0x060400 PCIe Root Port
[    1.227527] pci 0000:00:17.0: PCI bridge to [bus 13]
[    1.227761] pci 0000:00:17.0:   bridge window [io  0x6000-0x6fff]
[    1.228023] pci 0000:00:17.0:   bridge window [mem 0xfd200000-0xfd2fffff]
[    1.228449] pci 0000:00:17.0:   bridge window [mem 0xe7800000-0xe78fffff 64bit pref]
[    1.229075] pci 0000:00:17.0: PME# supported from D0 D3hot D3cold
[    1.229720] pci 0000:00:17.1: [15ad:07a0] type 01 class 0x060400 PCIe Root Port
[    1.230167] pci 0000:00:17.1: PCI bridge to [bus 14]
[    1.230392] pci 0000:00:17.1:   bridge window [io  0xa000-0xafff]
[    1.230668] pci 0000:00:17.1:   bridge window [mem 0xfce00000-0xfcefffff]
[    1.231003] pci 0000:00:17.1:   bridge window [mem 0xe7400000-0xe74fffff 64bit pref]
[    1.231627] pci 0000:00:17.1: PME# supported from D0 D3hot D3cold
[    1.232212] pci 0000:00:17.2: [15ad:07a0] type 01 class 0x060400 PCIe Root Port
[    1.232527] pci 0000:00:17.2: PCI bridge to [bus 15]
[    1.233405] pci 0000:00:17.2:   bridge window [io  0xe000-0xefff]
[    1.233676] pci 0000:00:17.2:   bridge window [mem 0xfca00000-0xfcafffff]
[    1.234002] pci 0000:00:17.2:   bridge window [mem 0xe7000000-0xe70fffff 64bit pref]
[    1.234664] pci 0000:00:17.2: PME# supported from D0 D3hot D3cold
[    1.235247] pci 0000:00:17.3: [15ad:07a0] type 01 class 0x060400 PCIe Root Port
[    1.235529] pci 0000:00:17.3: PCI bridge to [bus 16]
[    1.236403] pci 0000:00:17.3:   bridge window [mem 0xfc600000-0xfc6fffff]
[    1.236730] pci 0000:00:17.3:   bridge window [mem 0xe6c00000-0xe6cfffff 64bit pref]
[    1.237354] pci 0000:00:17.3: PME# supported from D0 D3hot D3cold
[    1.237741] pci 0000:00:17.4: [15ad:07a0] type 01 class 0x060400 PCIe Root Port
[    1.238183] pci 0000:00:17.4: PCI bridge to [bus 17]
[    1.238421] pci 0000:00:17.4:   bridge window [mem 0xfc200000-0xfc2fffff]
[    1.238763] pci 0000:00:17.4:   bridge window [mem 0xe6800000-0xe68fffff 64bit pref]
[    1.239530] pci 0000:00:17.4: PME# supported from D0 D3hot D3cold
[    1.240383] pci 0000:00:17.5: [15ad:07a0] type 01 class 0x060400 PCIe Root Port
[    1.240540] pci 0000:00:17.5: PCI bridge to [bus 18]
[    1.240772] pci 0000:00:17.5:   bridge window [mem 0xfbe00000-0xfbefffff]
[    1.241444] pci 0000:00:17.5:   bridge window [mem 0xe6400000-0xe64fffff 64bit pref]
[    1.242062] pci 0000:00:17.5: PME# supported from D0 D3hot D3cold
[    1.242756] pci 0000:00:17.6: [15ad:07a0] type 01 class 0x060400 PCIe Root Port
[    1.243203] pci 0000:00:17.6: PCI bridge to [bus 19]
[    1.243418] pci 0000:00:17.6:   bridge window [mem 0xfba00000-0xfbafffff]
[    1.243747] pci 0000:00:17.6:   bridge window [mem 0xe6000000-0xe60fffff 64bit pref]
[    1.244407] pci 0000:00:17.6: PME# supported from D0 D3hot D3cold
[    1.245535] pci 0000:00:17.7: [15ad:07a0] type 01 class 0x060400 PCIe Root Port
[    1.245993] pci 0000:00:17.7: PCI bridge to [bus 1a]
[    1.246226] pci 0000:00:17.7:   bridge window [mem 0xfb600000-0xfb6fffff]
[    1.246444] pci 0000:00:17.7:   bridge window [mem 0xe5c00000-0xe5cfffff 64bit pref]
[    1.247075] pci 0000:00:17.7: PME# supported from D0 D3hot D3cold
[    1.247727] pci 0000:00:18.0: [15ad:07a0] type 01 class 0x060400 PCIe Root Port
[    1.248184] pci 0000:00:18.0: PCI bridge to [bus 1b]
[    1.248383] pci 0000:00:18.0:   bridge window [io  0x7000-0x7fff]
[    1.248648] pci 0000:00:18.0:   bridge window [mem 0xfd100000-0xfd1fffff]
[    1.248992] pci 0000:00:18.0:   bridge window [mem 0xe7700000-0xe77fffff 64bit pref]
[    1.249581] pci 0000:00:18.0: PME# supported from D0 D3hot D3cold
[    1.250165] pci 0000:00:18.1: [15ad:07a0] type 01 class 0x060400 PCIe Root Port
[    1.250533] pci 0000:00:18.1: PCI bridge to [bus 1c]
[    1.250752] pci 0000:00:18.1:   bridge window [io  0xb000-0xbfff]
[    1.251022] pci 0000:00:18.1:   bridge window [mem 0xfcd00000-0xfcdfffff]
[    1.251348] pci 0000:00:18.1:   bridge window [mem 0xe7300000-0xe73fffff 64bit pref]
[    1.251690] pci 0000:00:18.1: PME# supported from D0 D3hot D3cold
[    1.252563] pci 0000:00:18.2: [15ad:07a0] type 01 class 0x060400 PCIe Root Port
[    1.253007] pci 0000:00:18.2: PCI bridge to [bus 1d]
[    1.253236] pci 0000:00:18.2:   bridge window [mem 0xfc900000-0xfc9fffff]
[    1.253446] pci 0000:00:18.2:   bridge window [mem 0xe6f00000-0xe6ffffff 64bit pref]
[    1.254061] pci 0000:00:18.2: PME# supported from D0 D3hot D3cold
[    1.254770] pci 0000:00:18.3: [15ad:07a0] type 01 class 0x060400 PCIe Root Port
[    1.255527] pci 0000:00:18.3: PCI bridge to [bus 1e]
[    1.255778] pci 0000:00:18.3:   bridge window [mem 0xfc500000-0xfc5fffff]
[    1.256107] pci 0000:00:18.3:   bridge window [mem 0xe6b00000-0xe6bfffff 64bit pref]
[    1.256699] pci 0000:00:18.3: PME# supported from D0 D3hot D3cold
[    1.257523] pci 0000:00:18.4: [15ad:07a0] type 01 class 0x060400 PCIe Root Port
[    1.258464] pci 0000:00:18.4: PCI bridge to [bus 1f]
[    1.258700] pci 0000:00:18.4:   bridge window [mem 0xfc100000-0xfc1fffff]
[    1.259044] pci 0000:00:18.4:   bridge window [mem 0xe6700000-0xe67fffff 64bit pref]
[    1.259618] pci 0000:00:18.4: PME# supported from D0 D3hot D3cold
[    1.260229] pci 0000:00:18.5: [15ad:07a0] type 01 class 0x060400 PCIe Root Port
[    1.260530] pci 0000:00:18.5: PCI bridge to [bus 20]
[    1.260760] pci 0000:00:18.5:   bridge window [mem 0xfbd00000-0xfbdfffff]
[    1.261103] pci 0000:00:18.5:   bridge window [mem 0xe6300000-0xe63fffff 64bit pref]
[    1.261679] pci 0000:00:18.5: PME# supported from D0 D3hot D3cold
[    1.262273] pci 0000:00:18.6: [15ad:07a0] type 01 class 0x060400 PCIe Root Port
[    1.262526] pci 0000:00:18.6: PCI bridge to [bus 21]
[    1.262768] pci 0000:00:18.6:   bridge window [mem 0xfb900000-0xfb9fffff]
[    1.263092] pci 0000:00:18.6:   bridge window [mem 0xe5f00000-0xe5ffffff 64bit pref]
[    1.263692] pci 0000:00:18.6: PME# supported from D0 D3hot D3cold
[    1.264541] pci 0000:00:18.7: [15ad:07a0] type 01 class 0x060400 PCIe Root Port
[    1.264985] pci 0000:00:18.7: PCI bridge to [bus 22]
[    1.265214] pci 0000:00:18.7:   bridge window [mem 0xfb500000-0xfb5fffff]
[    1.265450] pci 0000:00:18.7:   bridge window [mem 0xe5b00000-0xe5bfffff 64bit pref]
[    1.266630] pci 0000:00:18.7: PME# supported from D0 D3hot D3cold
[    1.272792] pci_bus 0000:01: extended config space not accessible
[    1.301177] pci 0000:00:01.0: PCI bridge to [bus 01]
[    1.301481] pci_bus 0000:02: extended config space not accessible
[    1.302022] acpiphp: Slot [32] registered
[    1.302210] acpiphp: Slot [33] registered
[    1.302383] acpiphp: Slot [34] registered
[    1.302407] acpiphp: Slot [35] registered
[    1.302593] acpiphp: Slot [36] registered
[    1.302780] acpiphp: Slot [37] registered
[    1.302965] acpiphp: Slot [38] registered
[    1.303160] acpiphp: Slot [39] registered
[    1.303407] acpiphp: Slot [40] registered
[    1.303600] acpiphp: Slot [41] registered
[    1.303785] acpiphp: Slot [42] registered
[    1.303989] acpiphp: Slot [43] registered
[    1.304174] acpiphp: Slot [44] registered
[    1.304360] acpiphp: Slot [45] registered
[    1.304417] acpiphp: Slot [46] registered
[    1.304613] acpiphp: Slot [47] registered
[    1.305406] acpiphp: Slot [48] registered
[    1.305591] acpiphp: Slot [49] registered
[    1.305776] acpiphp: Slot [50] registered
[    1.305965] acpiphp: Slot [51] registered
[    1.306157] acpiphp: Slot [52] registered
[    1.306342] acpiphp: Slot [53] registered
[    1.306415] acpiphp: Slot [54] registered
[    1.306600] acpiphp: Slot [55] registered
[    1.306785] acpiphp: Slot [56] registered
[    1.306979] acpiphp: Slot [57] registered
[    1.307164] acpiphp: Slot [58] registered
[    1.307406] acpiphp: Slot [59] registered
[    1.307592] acpiphp: Slot [60] registered
[    1.307777] acpiphp: Slot [61] registered
[    1.308383] acpiphp: Slot [62] registered
[    1.308383] acpiphp: Slot [63] registered
[    1.308398] pci 0000:02:00.0: [15ad:0774] type 00 class 0x0c0300 conventional PCI endpoint
[    1.309739] pci 0000:02:00.0: BAR 4 [io  0x2080-0x209f]
[    1.310882] pci 0000:02:01.0: [8086:100f] type 00 class 0x020000 conventional PCI endpoint
[    1.311925] pci 0000:02:01.0: BAR 0 [mem 0xfd5c0000-0xfd5dffff 64bit]
[    1.312211] pci 0000:02:01.0: BAR 2 [mem 0xfdff0000-0xfdffffff 64bit]
[    1.312401] pci 0000:02:01.0: BAR 4 [io  0x2000-0x203f]
[    1.312630] pci 0000:02:01.0: ROM [mem 0x00000000-0x0000ffff pref]
[    1.313058] pci 0000:02:01.0: PME# supported from D0 D3hot D3cold
[    1.314098] pci 0000:02:02.0: [1274:1371] type 00 class 0x040100 conventional PCI endpoint
[    1.315398] pci 0000:02:02.0: BAR 0 [io  0x2040-0x207f]
[    1.316518] pci 0000:02:03.0: [15ad:0770] type 00 class 0x0c0320 conventional PCI endpoint
[    1.317401] pci 0000:02:03.0: BAR 0 [mem 0xfd5ef000-0xfd5effff]
[    1.318562] pci 0000:02:04.0: [15ad:07e0] type 00 class 0x010601 conventional PCI endpoint
[    1.319425] pci 0000:02:04.0: BAR 5 [mem 0xfd5ee000-0xfd5eefff]
[    1.319684] pci 0000:02:04.0: ROM [mem 0x00000000-0x0000ffff pref]
[    1.320159] pci 0000:02:04.0: PME# supported from D3hot
[    1.345119] pci 0000:00:11.0: PCI bridge to [bus 02] (subtractive decode)
[    1.345423] pci 0000:00:11.0:   bridge window [mem 0x000a0000-0x000bffff window] (subtractive decode)
[    1.345802] pci 0000:00:11.0:   bridge window [mem 0x000d0000-0x000dbfff window] (subtractive decode)
[    1.346183] pci 0000:00:11.0:   bridge window [mem 0xc0000000-0xfebfffff window] (subtractive decode)
[    1.346394] pci 0000:00:11.0:   bridge window [io  0x0000-0x0cf7 window] (subtractive decode)
[    1.346754] pci 0000:00:11.0:   bridge window [io  0x0d00-0xfeff window] (subtractive decode)
[    1.348793] pci 0000:00:15.0: PCI bridge to [bus 03]
[    1.350063] pci 0000:00:15.1: PCI bridge to [bus 04]
[    1.351303] pci 0000:00:15.2: PCI bridge to [bus 05]
[    1.352496] pci 0000:00:15.3: PCI bridge to [bus 06]
[    1.353736] pci 0000:00:15.4: PCI bridge to [bus 07]
[    1.354987] pci 0000:00:15.5: PCI bridge to [bus 08]
[    1.356686] pci 0000:00:15.6: PCI bridge to [bus 09]
[    1.357921] pci 0000:00:15.7: PCI bridge to [bus 0a]
[    1.359383] pci 0000:00:16.0: PCI bridge to [bus 0b]
[    1.360880] pci 0000:00:16.1: PCI bridge to [bus 0c]
[    1.362147] pci 0000:00:16.2: PCI bridge to [bus 0d]
[    1.363383] pci 0000:00:16.3: PCI bridge to [bus 0e]
[    1.364613] pci 0000:00:16.4: PCI bridge to [bus 0f]
[    1.365831] pci 0000:00:16.5: PCI bridge to [bus 10]
[    1.367134] pci 0000:00:16.6: PCI bridge to [bus 11]
[    1.368930] pci 0000:00:16.7: PCI bridge to [bus 12]
[    1.370233] pci 0000:00:17.0: PCI bridge to [bus 13]
[    1.371528] pci 0000:00:17.1: PCI bridge to [bus 14]
[    1.372801] pci 0000:00:17.2: PCI bridge to [bus 15]
[    1.374085] pci 0000:00:17.3: PCI bridge to [bus 16]
[    1.375401] pci 0000:00:17.4: PCI bridge to [bus 17]
[    1.377172] pci 0000:00:17.5: PCI bridge to [bus 18]
[    1.378400] pci 0000:00:17.6: PCI bridge to [bus 19]
[    1.379682] pci 0000:00:17.7: PCI bridge to [bus 1a]
[    1.380969] pci 0000:00:18.0: PCI bridge to [bus 1b]
[    1.382796] pci 0000:00:18.1: PCI bridge to [bus 1c]
[    1.384041] pci 0000:00:18.2: PCI bridge to [bus 1d]
[    1.385261] pci 0000:00:18.3: PCI bridge to [bus 1e]
[    1.386497] pci 0000:00:18.4: PCI bridge to [bus 1f]
[    1.387718] pci 0000:00:18.5: PCI bridge to [bus 20]
[    1.388997] pci 0000:00:18.6: PCI bridge to [bus 21]
[    1.390240] pci 0000:00:18.7: PCI bridge to [bus 22]
[    1.391753] ACPI: PCI: Interrupt link LNKA configured for IRQ 9
[    1.392094] ACPI: PCI: Interrupt link LNKB configured for IRQ 11
[    1.392406] ACPI: PCI: Interrupt link LNKC configured for IRQ 10
[    1.392776] ACPI: PCI: Interrupt link LNKD configured for IRQ 7
[    1.441429] iommu: Default domain type: Translated
[    1.441648] iommu: DMA domain TLB invalidation policy: lazy mode
[    1.442288] SCSI subsystem initialized
[    1.442433] libata version 3.00 loaded.
[    1.442469] ACPI: bus type USB registered
[    1.442697] usbcore: registered new interface driver usbfs
[    1.443452] usbcore: registered new interface driver hub
[    1.444383] usbcore: registered new device driver usb
[    1.444383] pps_core: LinuxPPS API ver. 1 registered
[    1.444392] pps_core: Software ver. 5.3.6 - Copyright 2005-2007 Rodolfo Giometti <giometti@linux.it>
[    1.444769] PTP clock support registered
[    1.445671] EDAC MC: Ver: 3.0.0
[    1.449144] NetLabel: Initializing
[    1.449303] NetLabel:  domain hash size = 128
[    1.449393] NetLabel:  protocols = UNLABELED CIPSOv4 CALIPSO
[    1.449656] NetLabel:  unlabeled traffic allowed by default
[    1.450431] mctp: management component transport protocol core
[    1.450680] NET: Registered PF_MCTP protocol family
[    1.450914] PCI: Using ACPI for IRQ routing
[    1.578806] PCI: pci_cache_line_size set to 64 bytes
[    1.579383] e820: reserve RAM buffer [mem 0x0009e800-0x0009ffff]
[    1.579383] e820: reserve RAM buffer [mem 0xbfed0000-0xbfffffff]
[    1.579439] pci 0000:00:0f.0: vgaarb: setting as boot VGA device
[    1.580383] pci 0000:00:0f.0: vgaarb: bridge control possible
[    1.580383] pci 0000:00:0f.0: vgaarb: VGA device added: decodes=io+mem,owns=io+mem,locks=none
[    1.580403] vgaarb: loaded
[    1.581482] hpet0: at MMIO 0xfed00000, IRQs 2, 8, 0, 0, 0, 0, 0, 0, 0, 0, 0, 0, 0, 0, 0, 0
[    1.581889] hpet0: 16 comparators, 64-bit 14.318180 MHz counter
[    1.583876] clocksource: Switched to clocksource tsc-early
[    1.586337] VFS: Disk quotas dquot_6.6.0
[    1.586588] VFS: Dquot-cache hash table entries: 512 (order 0, 4096 bytes)
[    1.587786] AppArmor: AppArmor Filesystem Enabled
[    1.588194] pnp: PnP ACPI init
[    1.588801] system 00:00: [io  0x1000-0x103f] has been reserved
[    1.589106] system 00:00: [io  0x1040-0x104f] has been reserved
[    1.589352] system 00:00: [io  0x0cf0-0x0cf1] has been reserved
[    1.589925] system 00:04: [mem 0xfed00000-0xfed003ff] has been reserved
[    1.592223] pnp 00:05: [dma 2]
[    1.592541] system 00:06: [io  0xfce0-0xfcff] has been reserved
[    1.592789] system 00:06: [mem 0xf0000000-0xf7ffffff] has been reserved
[    1.593106] system 00:06: [mem 0xfe800000-0xfe9fffff] has been reserved
[    1.692714] pnp: PnP ACPI: found 7 devices
[    1.741917] clocksource: acpi_pm: mask: 0xffffff max_cycles: 0xffffff, max_idle_ns: 2085701024 ns
[    1.742523] NET: Registered PF_INET protocol family
[    1.745425] IP idents hash table entries: 262144 (order: 9, 2097152 bytes, linear)
[    1.831296] tcp_listen_portaddr_hash hash table entries: 16384 (order: 6, 262144 bytes, linear)
[    1.831991] Table-perturb hash table entries: 65536 (order: 6, 262144 bytes, linear)
[    1.835137] TCP established hash table entries: 262144 (order: 9, 2097152 bytes, linear)
[    1.838282] TCP bind hash table entries: 65536 (order: 9, 2097152 bytes, linear)
[    1.838650] TCP: Hash tables configured (established 262144 bind 65536)
[    1.841277] MPTCP token hash table entries: 32768 (order: 7, 786432 bytes, linear)
[    1.843001] UDP hash table entries: 16384 (order: 8, 1048576 bytes, linear)
[    1.844642] UDP-Lite hash table entries: 16384 (order: 8, 1048576 bytes, linear)
[    1.845979] NET: Registered PF_UNIX/PF_LOCAL protocol family
[    1.879398] NET: Registered PF_XDP protocol family
[    1.879615] pci 0000:00:15.3: bridge window [io  0x1000-0x0fff] to [bus 06] add_size 1000
[    1.879998] pci 0000:00:15.4: bridge window [io  0x1000-0x0fff] to [bus 07] add_size 1000
[    1.880331] pci 0000:00:15.5: bridge window [io  0x1000-0x0fff] to [bus 08] add_size 1000
[    1.880664] pci 0000:00:15.6: bridge window [io  0x1000-0x0fff] to [bus 09] add_size 1000
[    1.881043] pci 0000:00:15.7: bridge window [io  0x1000-0x0fff] to [bus 0a] add_size 1000
[    1.881375] pci 0000:00:16.3: bridge window [io  0x1000-0x0fff] to [bus 0e] add_size 1000
[    1.881708] pci 0000:00:16.4: bridge window [io  0x1000-0x0fff] to [bus 0f] add_size 1000
[    1.882085] pci 0000:00:16.5: bridge window [io  0x1000-0x0fff] to [bus 10] add_size 1000
[    1.882420] pci 0000:00:16.6: bridge window [io  0x1000-0x0fff] to [bus 11] add_size 1000
[    1.882752] pci 0000:00:16.7: bridge window [io  0x1000-0x0fff] to [bus 12] add_size 1000
[    1.883132] pci 0000:00:17.3: bridge window [io  0x1000-0x0fff] to [bus 16] add_size 1000
[    1.883465] pci 0000:00:17.4: bridge window [io  0x1000-0x0fff] to [bus 17] add_size 1000
[    1.883797] pci 0000:00:17.5: bridge window [io  0x1000-0x0fff] to [bus 18] add_size 1000
[    1.884178] pci 0000:00:17.6: bridge window [io  0x1000-0x0fff] to [bus 19] add_size 1000
[    1.884511] pci 0000:00:17.7: bridge window [io  0x1000-0x0fff] to [bus 1a] add_size 1000
[    1.884843] pci 0000:00:18.2: bridge window [io  0x1000-0x0fff] to [bus 1d] add_size 1000
[    1.885229] pci 0000:00:18.3: bridge window [io  0x1000-0x0fff] to [bus 1e] add_size 1000
[    1.885562] pci 0000:00:18.4: bridge window [io  0x1000-0x0fff] to [bus 1f] add_size 1000
[    1.885934] pci 0000:00:18.5: bridge window [io  0x1000-0x0fff] to [bus 20] add_size 1000
[    1.886269] pci 0000:00:18.6: bridge window [io  0x1000-0x0fff] to [bus 21] add_size 1000
[    1.886601] pci 0000:00:18.7: bridge window [io  0x1000-0x0fff] to [bus 22] add_size 1000
[    1.886993] pci 0000:00:10.0: ROM [mem 0xc0000000-0xc0003fff pref]: assigned
[    1.887279] pci 0000:00:15.3: bridge window [io  size 0x1000]: can't assign; no space
[    1.887598] pci 0000:00:15.3: bridge window [io  size 0x1000]: failed to assign
[    1.887952] pci 0000:00:15.4: bridge window [io  size 0x1000]: can't assign; no space
[    1.888272] pci 0000:00:15.4: bridge window [io  size 0x1000]: failed to assign
[    1.888574] pci 0000:00:15.5: bridge window [io  size 0x1000]: can't assign; no space
[    1.888937] pci 0000:00:15.5: bridge window [io  size 0x1000]: failed to assign
[    1.889238] pci 0000:00:15.6: bridge window [io  size 0x1000]: can't assign; no space
[    1.889559] pci 0000:00:15.6: bridge window [io  size 0x1000]: failed to assign
[    1.889906] pci 0000:00:15.7: bridge window [io  size 0x1000]: can't assign; no space
[    1.890226] pci 0000:00:15.7: bridge window [io  size 0x1000]: failed to assign
[    1.890528] pci 0000:00:16.3: bridge window [io  size 0x1000]: can't assign; no space
[    1.890892] pci 0000:00:16.3: bridge window [io  size 0x1000]: failed to assign
[    1.891193] pci 0000:00:16.4: bridge window [io  size 0x1000]: can't assign; no space
[    1.891516] pci 0000:00:16.4: bridge window [io  size 0x1000]: failed to assign
[    1.891863] pci 0000:00:16.5: bridge window [io  size 0x1000]: can't assign; no space
[    1.892182] pci 0000:00:16.5: bridge window [io  size 0x1000]: failed to assign
[    1.892483] pci 0000:00:16.6: bridge window [io  size 0x1000]: can't assign; no space
[    1.892845] pci 0000:00:16.6: bridge window [io  size 0x1000]: failed to assign
[    1.893145] pci 0000:00:16.7: bridge window [io  size 0x1000]: can't assign; no space
[    1.893465] pci 0000:00:16.7: bridge window [io  size 0x1000]: failed to assign
[    1.893765] pci 0000:00:17.3: bridge window [io  size 0x1000]: can't assign; no space
[    1.894129] pci 0000:00:17.3: bridge window [io  size 0x1000]: failed to assign
[    1.894430] pci 0000:00:17.4: bridge window [io  size 0x1000]: can't assign; no space
[    1.894749] pci 0000:00:17.4: bridge window [io  size 0x1000]: failed to assign
[    1.895094] pci 0000:00:17.5: bridge window [io  size 0x1000]: can't assign; no space
[    1.896077] pci 0000:00:17.5: bridge window [io  size 0x1000]: failed to assign
[    1.896077] pci 0000:00:17.6: bridge window [io  size 0x1000]: can't assign; no space
[    1.929418] pci 0000:00:17.6: bridge window [io  size 0x1000]: failed to assign
[    1.930359] pci 0000:00:17.7: bridge window [io  size 0x1000]: can't assign; no space
[    1.930691] pci 0000:00:17.7: bridge window [io  size 0x1000]: failed to assign
[    1.930995] pci 0000:00:18.2: bridge window [io  size 0x1000]: can't assign; no space
[    1.931377] pci 0000:00:18.2: bridge window [io  size 0x1000]: failed to assign
[    1.931685] pci 0000:00:18.3: bridge window [io  size 0x1000]: can't assign; no space
[    1.932008] pci 0000:00:18.3: bridge window [io  size 0x1000]: failed to assign
[    1.932394] pci 0000:00:18.4: bridge window [io  size 0x1000]: can't assign; no space
[    1.932714] pci 0000:00:18.4: bridge window [io  size 0x1000]: failed to assign
[    1.933015] pci 0000:00:18.5: bridge window [io  size 0x1000]: can't assign; no space
[    1.933385] pci 0000:00:18.5: bridge window [io  size 0x1000]: failed to assign
[    1.933688] pci 0000:00:18.6: bridge window [io  size 0x1000]: can't assign; no space
[    1.934007] pci 0000:00:18.6: bridge window [io  size 0x1000]: failed to assign
[    1.934358] pci 0000:00:18.7: bridge window [io  size 0x1000]: can't assign; no space
[    1.934678] pci 0000:00:18.7: bridge window [io  size 0x1000]: failed to assign
[    1.934981] pci 0000:00:18.7: bridge window [io  size 0x1000]: can't assign; no space
[    1.935346] pci 0000:00:18.7: bridge window [io  size 0x1000]: failed to assign
[    1.935647] pci 0000:00:18.6: bridge window [io  size 0x1000]: can't assign; no space
[    1.935970] pci 0000:00:18.6: bridge window [io  size 0x1000]: failed to assign
[    1.936320] pci 0000:00:18.5: bridge window [io  size 0x1000]: can't assign; no space
[    1.936639] pci 0000:00:18.5: bridge window [io  size 0x1000]: failed to assign
[    1.936939] pci 0000:00:18.4: bridge window [io  size 0x1000]: can't assign; no space
[    1.937322] pci 0000:00:18.4: bridge window [io  size 0x1000]: failed to assign
[    1.937625] pci 0000:00:18.3: bridge window [io  size 0x1000]: can't assign; no space
[    1.937946] pci 0000:00:18.3: bridge window [io  size 0x1000]: failed to assign
[    1.938299] pci 0000:00:18.2: bridge window [io  size 0x1000]: can't assign; no space
[    1.938619] pci 0000:00:18.2: bridge window [io  size 0x1000]: failed to assign
[    1.938921] pci 0000:00:17.7: bridge window [io  size 0x1000]: can't assign; no space
[    1.939287] pci 0000:00:17.7: bridge window [io  size 0x1000]: failed to assign
[    1.939588] pci 0000:00:17.6: bridge window [io  size 0x1000]: can't assign; no space
[    1.939957] pci 0000:00:17.6: bridge window [io  size 0x1000]: failed to assign
[    1.940261] pci 0000:00:17.5: bridge window [io  size 0x1000]: can't assign; no space
[    1.940580] pci 0000:00:17.5: bridge window [io  size 0x1000]: failed to assign
[    1.940928] pci 0000:00:17.4: bridge window [io  size 0x1000]: can't assign; no space
[    1.941250] pci 0000:00:17.4: bridge window [io  size 0x1000]: failed to assign
[    1.941552] pci 0000:00:17.3: bridge window [io  size 0x1000]: can't assign; no space
[    1.941920] pci 0000:00:17.3: bridge window [io  size 0x1000]: failed to assign
[    1.942224] pci 0000:00:16.7: bridge window [io  size 0x1000]: can't assign; no space
[    1.942544] pci 0000:00:16.7: bridge window [io  size 0x1000]: failed to assign
[    1.942890] pci 0000:00:16.6: bridge window [io  size 0x1000]: can't assign; no space
[    1.943213] pci 0000:00:16.6: bridge window [io  size 0x1000]: failed to assign
[    1.943514] pci 0000:00:16.5: bridge window [io  size 0x1000]: can't assign; no space
[    1.943880] pci 0000:00:16.5: bridge window [io  size 0x1000]: failed to assign
[    1.944181] pci 0000:00:16.4: bridge window [io  size 0x1000]: can't assign; no space
[    1.944501] pci 0000:00:16.4: bridge window [io  size 0x1000]: failed to assign
[    1.944858] pci 0000:00:16.3: bridge window [io  size 0x1000]: can't assign; no space
[    1.945179] pci 0000:00:16.3: bridge window [io  size 0x1000]: failed to assign
[    1.945484] pci 0000:00:15.7: bridge window [io  size 0x1000]: can't assign; no space
[    1.979193] pci 0000:00:15.7: bridge window [io  size 0x1000]: failed to assign
[    1.979497] pci 0000:00:15.6: bridge window [io  size 0x1000]: can't assign; no space
[    1.979815] pci 0000:00:15.6: bridge window [io  size 0x1000]: failed to assign
[    1.980163] pci 0000:00:15.5: bridge window [io  size 0x1000]: can't assign; no space
[    1.980482] pci 0000:00:15.5: bridge window [io  size 0x1000]: failed to assign
[    1.980802] pci 0000:00:15.4: bridge window [io  size 0x1000]: can't assign; no space
[    1.981169] pci 0000:00:15.4: bridge window [io  size 0x1000]: failed to assign
[    1.981472] pci 0000:00:15.3: bridge window [io  size 0x1000]: can't assign; no space
[    1.981789] pci 0000:00:15.3: bridge window [io  size 0x1000]: failed to assign
[    1.982136] pci 0000:00:01.0: PCI bridge to [bus 01]
[    1.982422] pci 0000:02:01.0: ROM [mem 0xfd500000-0xfd50ffff pref]: assigned
[    1.982711] pci 0000:02:04.0: ROM [mem 0xfd510000-0xfd51ffff pref]: assigned
[    1.982995] pci 0000:00:11.0: PCI bridge to [bus 02]
[    1.983261] pci 0000:00:11.0:   bridge window [io  0x2000-0x3fff]
[    1.983530] pci 0000:00:11.0:   bridge window [mem 0xfd500000-0xfdffffff]
[    1.983815] pci 0000:00:11.0:   bridge window [mem 0xe7b00000-0xe7ffffff 64bit pref]
[    1.984201] pci 0000:00:15.0: PCI bridge to [bus 03]
[    1.984415] pci 0000:00:15.0:   bridge window [io  0x4000-0x4fff]
[    1.984682] pci 0000:00:15.0:   bridge window [mem 0xfd400000-0xfd4fffff]
[    1.984967] pci 0000:00:15.0:   bridge window [mem 0xe7a00000-0xe7afffff 64bit pref]
[    1.985357] pci 0000:00:15.1: PCI bridge to [bus 04]
[    1.985578] pci 0000:00:15.1:   bridge window [io  0x8000-0x8fff]
[    1.985843] pci 0000:00:15.1:   bridge window [mem 0xfd000000-0xfd0fffff]
[    1.986189] pci 0000:00:15.1:   bridge window [mem 0xe7600000-0xe76fffff 64bit pref]
[    1.986528] pci 0000:00:15.2: PCI bridge to [bus 05]
[    1.986745] pci 0000:00:15.2:   bridge window [io  0xc000-0xcfff]
[    1.987010] pci 0000:00:15.2:   bridge window [mem 0xfcc00000-0xfccfffff]
[    1.987343] pci 0000:00:15.2:   bridge window [mem 0xe7200000-0xe72fffff 64bit pref]
[    1.987682] pci 0000:00:15.3: PCI bridge to [bus 06]
[    1.987906] pci 0000:00:15.3:   bridge window [mem 0xfc800000-0xfc8fffff]
[    1.988238] pci 0000:00:15.3:   bridge window [mem 0xe6e00000-0xe6efffff 64bit pref]
[    1.988581] pci 0000:00:15.4: PCI bridge to [bus 07]
[    1.988805] pci 0000:00:15.4:   bridge window [mem 0xfc400000-0xfc4fffff]
[    1.989137] pci 0000:00:15.4:   bridge window [mem 0xe6a00000-0xe6afffff 64bit pref]
[    1.989476] pci 0000:00:15.5: PCI bridge to [bus 08]
[    1.989700] pci 0000:00:15.5:   bridge window [mem 0xfc000000-0xfc0fffff]
[    1.989987] pci 0000:00:15.5:   bridge window [mem 0xe6600000-0xe66fffff 64bit pref]
[    1.990369] pci 0000:00:15.6: PCI bridge to [bus 09]
[    1.990595] pci 0000:00:15.6:   bridge window [mem 0xfbc00000-0xfbcfffff]
[    1.990880] pci 0000:00:15.6:   bridge window [mem 0xe6200000-0xe62fffff 64bit pref]
[    1.991269] pci 0000:00:15.7: PCI bridge to [bus 0a]
[    1.991493] pci 0000:00:15.7:   bridge window [mem 0xfb800000-0xfb8fffff]
[    1.991778] pci 0000:00:15.7:   bridge window [mem 0xe5e00000-0xe5efffff 64bit pref]
[    1.992118] pci 0000:00:16.0: PCI bridge to [bus 0b]
[    1.992229] pci 0000:00:16.0:   bridge window [io  0x5000-0x5fff]
[    1.992646] pci 0000:00:16.0:   bridge window [mem 0xfd300000-0xfd3fffff]
[    1.992950] pci 0000:00:16.0:   bridge window [mem 0xe7900000-0xe79fffff 64bit pref]
[    1.993337] pci 0000:00:16.1: PCI bridge to [bus 0c]
[    1.993550] pci 0000:00:16.1:   bridge window [io  0x9000-0x9fff]
[    1.993815] pci 0000:00:16.1:   bridge window [mem 0xfcf00000-0xfcffffff]
[    1.994100] pci 0000:00:16.1:   bridge window [mem 0xe7500000-0xe75fffff 64bit pref]
[    1.994489] pci 0000:00:16.2: PCI bridge to [bus 0d]
[    1.994704] pci 0000:00:16.2:   bridge window [io  0xd000-0xdfff]
[    1.994969] pci 0000:00:16.2:   bridge window [mem 0xfcb00000-0xfcbfffff]
[    1.995304] pci 0000:00:16.2:   bridge window [mem 0xe7100000-0xe71fffff 64bit pref]
[    1.995643] pci 0000:00:16.3: PCI bridge to [bus 0e]
[    2.029281] pci 0000:00:16.3:   bridge window [mem 0xfc700000-0xfc7fffff]
[    2.029568] pci 0000:00:16.3:   bridge window [mem 0xe6d00000-0xe6dfffff 64bit pref]
[    2.029907] pci 0000:00:16.4: PCI bridge to [bus 0f]
[    2.030180] pci 0000:00:16.4:   bridge window [mem 0xfc300000-0xfc3fffff]
[    2.030465] pci 0000:00:16.4:   bridge window [mem 0xe6900000-0xe69fffff 64bit pref]
[    2.030805] pci 0000:00:16.5: PCI bridge to [bus 10]
[    2.031640] pci 0000:00:16.5:   bridge window [mem 0xfbf00000-0xfbffffff]
[    2.031925] pci 0000:00:16.5:   bridge window [mem 0xe6500000-0xe65fffff 64bit pref]
[    2.032314] pci 0000:00:16.6: PCI bridge to [bus 11]
[    2.032539] pci 0000:00:16.6:   bridge window [mem 0xfbb00000-0xfbbfffff]
[    2.032825] pci 0000:00:16.6:   bridge window [mem 0xe6100000-0xe61fffff 64bit pref]
[    2.033212] pci 0000:00:16.7: PCI bridge to [bus 12]
[    2.033436] pci 0000:00:16.7:   bridge window [mem 0xfb700000-0xfb7fffff]
[    2.033723] pci 0000:00:16.7:   bridge window [mem 0xe5d00000-0xe5dfffff 64bit pref]
[    2.034063] pci 0000:00:17.0: PCI bridge to [bus 13]
[    2.034328] pci 0000:00:17.0:   bridge window [io  0x6000-0x6fff]
[    2.034594] pci 0000:00:17.0:   bridge window [mem 0xfd200000-0xfd2fffff]
[    2.034880] pci 0000:00:17.0:   bridge window [mem 0xe7800000-0xe78fffff 64bit pref]
[    2.035339] pci 0000:00:17.1: PCI bridge to [bus 14]
[    2.035557] pci 0000:00:17.1:   bridge window [io  0xa000-0xafff]
[    2.035833] pci 0000:00:17.1:   bridge window [mem 0xfce00000-0xfcefffff]
[    2.036122] pci 0000:00:17.1:   bridge window [mem 0xe7400000-0xe74fffff 64bit pref]
[    2.036506] pci 0000:00:17.2: PCI bridge to [bus 15]
[    2.036720] pci 0000:00:17.2:   bridge window [io  0xe000-0xefff]
[    2.036987] pci 0000:00:17.2:   bridge window [mem 0xfca00000-0xfcafffff]
[    2.037324] pci 0000:00:17.2:   bridge window [mem 0xe7000000-0xe70fffff 64bit pref]
[    2.037666] pci 0000:00:17.3: PCI bridge to [bus 16]
[    2.037895] pci 0000:00:17.3:   bridge window [mem 0xfc600000-0xfc6fffff]
[    2.038227] pci 0000:00:17.3:   bridge window [mem 0xe6c00000-0xe6cfffff 64bit pref]
[    2.038569] pci 0000:00:17.4: PCI bridge to [bus 17]
[    2.038795] pci 0000:00:17.4:   bridge window [mem 0xfc200000-0xfc2fffff]
[    2.039082] pci 0000:00:17.4:   bridge window [mem 0xe6800000-0xe68fffff 64bit pref]
[    2.039468] pci 0000:00:17.5: PCI bridge to [bus 18]
[    2.039696] pci 0000:00:17.5:   bridge window [mem 0xfbe00000-0xfbefffff]
[    2.039983] pci 0000:00:17.5:   bridge window [mem 0xe6400000-0xe64fffff 64bit pref]
[    2.040325] pci 0000:00:17.6: PCI bridge to [bus 19]
[    2.040606] pci 0000:00:17.6:   bridge window [mem 0xfba00000-0xfbafffff]
[    2.040894] pci 0000:00:17.6:   bridge window [mem 0xe6000000-0xe60fffff 64bit pref]
[    2.041281] pci 0000:00:17.7: PCI bridge to [bus 1a]
[    2.041508] pci 0000:00:17.7:   bridge window [mem 0xfb600000-0xfb6fffff]
[    2.041795] pci 0000:00:17.7:   bridge window [mem 0xe5c00000-0xe5cfffff 64bit pref]
[    2.042184] pci 0000:00:18.0: PCI bridge to [bus 1b]
[    2.042398] pci 0000:00:18.0:   bridge window [io  0x7000-0x7fff]
[    2.042666] pci 0000:00:18.0:   bridge window [mem 0xfd100000-0xfd1fffff]
[    2.042954] pci 0000:00:18.0:   bridge window [mem 0xe7700000-0xe77fffff 64bit pref]
[    2.043342] pci 0000:00:18.1: PCI bridge to [bus 1c]
[    2.043557] pci 0000:00:18.1:   bridge window [io  0xb000-0xbfff]
[    2.043824] pci 0000:00:18.1:   bridge window [mem 0xfcd00000-0xfcdfffff]
[    2.044112] pci 0000:00:18.1:   bridge window [mem 0xe7300000-0xe73fffff 64bit pref]
[    2.044514] pci 0000:00:18.2: PCI bridge to [bus 1d]
[    2.044741] pci 0000:00:18.2:   bridge window [mem 0xfc900000-0xfc9fffff]
[    2.045076] pci 0000:00:18.2:   bridge window [mem 0xe6f00000-0xe6ffffff 64bit pref]
[    2.045418] pci 0000:00:18.3: PCI bridge to [bus 1e]
[    2.046049] pci 0000:00:18.3:   bridge window [mem 0xfc500000-0xfc5fffff]
[    2.046049] pci 0000:00:18.3:   bridge window [mem 0xe6b00000-0xe6bfffff 64bit pref]
[    2.079664] pci 0000:00:18.4: PCI bridge to [bus 1f]
[    2.079892] pci 0000:00:18.4:   bridge window [mem 0xfc100000-0xfc1fffff]
[    2.080231] pci 0000:00:18.4:   bridge window [mem 0xe6700000-0xe67fffff 64bit pref]
[    2.080573] pci 0000:00:18.5: PCI bridge to [bus 20]
[    2.080799] pci 0000:00:18.5:   bridge window [mem 0xfbd00000-0xfbdfffff]
[    2.081087] pci 0000:00:18.5:   bridge window [mem 0xe6300000-0xe63fffff 64bit pref]
[    2.081474] pci 0000:00:18.6: PCI bridge to [bus 21]
[    2.081700] pci 0000:00:18.6:   bridge window [mem 0xfb900000-0xfb9fffff]
[    2.081990] pci 0000:00:18.6:   bridge window [mem 0xe5f00000-0xe5ffffff 64bit pref]
[    2.082332] pci 0000:00:18.7: PCI bridge to [bus 22]
[    2.082597] pci 0000:00:18.7:   bridge window [mem 0xfb500000-0xfb5fffff]
[    2.082885] pci 0000:00:18.7:   bridge window [mem 0xe5b00000-0xe5bfffff 64bit pref]
[    2.083274] pci_bus 0000:00: resource 4 [mem 0x000a0000-0x000bffff window]
[    2.083554] pci_bus 0000:00: resource 5 [mem 0x000d0000-0x000dbfff window]
[    2.083835] pci_bus 0000:00: resource 6 [mem 0xc0000000-0xfebfffff window]
[    2.084114] pci_bus 0000:00: resource 7 [io  0x0000-0x0cf7 window]
[    2.084421] pci_bus 0000:00: resource 8 [io  0x0d00-0xfeff window]
[    2.084675] pci_bus 0000:02: resource 0 [io  0x2000-0x3fff]
[    2.084906] pci_bus 0000:02: resource 1 [mem 0xfd500000-0xfdffffff]
[    2.085206] pci_bus 0000:02: resource 2 [mem 0xe7b00000-0xe7ffffff 64bit pref]
[    2.085508] pci_bus 0000:02: resource 4 [mem 0x000a0000-0x000bffff window]
[    2.085787] pci_bus 0000:02: resource 5 [mem 0x000d0000-0x000dbfff window]
[    2.086111] pci_bus 0000:02: resource 6 [mem 0xc0000000-0xfebfffff window]
[    2.086390] pci_bus 0000:02: resource 7 [io  0x0000-0x0cf7 window]
[    2.086644] pci_bus 0000:02: resource 8 [io  0x0d00-0xfeff window]
[    2.086898] pci_bus 0000:03: resource 0 [io  0x4000-0x4fff]
[    2.087172] pci_bus 0000:03: resource 1 [mem 0xfd400000-0xfd4fffff]
[    2.087431] pci_bus 0000:03: resource 2 [mem 0xe7a00000-0xe7afffff 64bit pref]
[    2.087741] pci_bus 0000:04: resource 0 [io  0x8000-0x8fff]
[    2.087973] pci_bus 0000:04: resource 1 [mem 0xfd000000-0xfd0fffff]
[    2.088286] pci_bus 0000:04: resource 2 [mem 0xe7600000-0xe76fffff 64bit pref]
[    2.088586] pci_bus 0000:05: resource 0 [io  0xc000-0xcfff]
[    2.088818] pci_bus 0000:05: resource 1 [mem 0xfcc00000-0xfccfffff]
[    2.089074] pci_bus 0000:05: resource 2 [mem 0xe7200000-0xe72fffff 64bit pref]
[    2.089418] pci_bus 0000:06: resource 1 [mem 0xfc800000-0xfc8fffff]
[    2.089675] pci_bus 0000:06: resource 2 [mem 0xe6e00000-0xe6efffff 64bit pref]
[    2.089976] pci_bus 0000:07: resource 1 [mem 0xfc400000-0xfc4fffff]
[    2.090233] pci_bus 0000:07: resource 2 [mem 0xe6a00000-0xe6afffff 64bit pref]
[    2.090577] pci_bus 0000:08: resource 1 [mem 0xfc000000-0xfc0fffff]
[    2.090834] pci_bus 0000:08: resource 2 [mem 0xe6600000-0xe66fffff 64bit pref]
[    2.091179] pci_bus 0000:09: resource 1 [mem 0xfbc00000-0xfbcfffff]
[    2.091436] pci_bus 0000:09: resource 2 [mem 0xe6200000-0xe62fffff 64bit pref]
[    2.091738] pci_bus 0000:0a: resource 1 [mem 0xfb800000-0xfb8fffff]
[    2.091994] pci_bus 0000:0a: resource 2 [mem 0xe5e00000-0xe5efffff 64bit pref]
[    2.092343] pci_bus 0000:0b: resource 0 [io  0x5000-0x5fff]
[    2.092574] pci_bus 0000:0b: resource 1 [mem 0xfd300000-0xfd3fffff]
[    2.092831] pci_bus 0000:0b: resource 2 [mem 0xe7900000-0xe79fffff 64bit pref]
[    2.093130] pci_bus 0000:0c: resource 0 [io  0x9000-0x9fff]
[    2.093401] pci_bus 0000:0c: resource 1 [mem 0xfcf00000-0xfcffffff]
[    2.093662] pci_bus 0000:0c: resource 2 [mem 0xe7500000-0xe75fffff 64bit pref]
[    2.094005] pci_bus 0000:0d: resource 0 [io  0xd000-0xdfff]
[    2.094236] pci_bus 0000:0d: resource 1 [mem 0xfcb00000-0xfcbfffff]
[    2.094493] pci_bus 0000:0d: resource 2 [mem 0xe7100000-0xe71fffff 64bit pref]
[    2.094792] pci_bus 0000:0e: resource 1 [mem 0xfc700000-0xfc7fffff]
[    2.095090] pci_bus 0000:0e: resource 2 [mem 0xe6d00000-0xe6dfffff 64bit pref]
[    2.095391] pci_bus 0000:0f: resource 1 [mem 0xfc300000-0xfc3fffff]
[    2.096074] pci_bus 0000:0f: resource 2 [mem 0xe6900000-0xe69fffff 64bit pref]
[    2.096074] pci_bus 0000:10: resource 1 [mem 0xfbf00000-0xfbffffff]
[    2.129585] pci_bus 0000:10: resource 2 [mem 0xe6500000-0xe65fffff 64bit pref]
[    2.129886] pci_bus 0000:11: resource 1 [mem 0xfbb00000-0xfbbfffff]
[    2.130181] pci_bus 0000:11: resource 2 [mem 0xe6100000-0xe61fffff 64bit pref]
[    2.130484] pci_bus 0000:12: resource 1 [mem 0xfb700000-0xfb7fffff]
[    2.130741] pci_bus 0000:12: resource 2 [mem 0xe5d00000-0xe5dfffff 64bit pref]
[    2.131040] pci_bus 0000:13: resource 0 [io  0x6000-0x6fff]
[    2.131314] pci_bus 0000:13: resource 1 [mem 0xfd200000-0xfd2fffff]
[    2.131571] pci_bus 0000:13: resource 2 [mem 0xe7800000-0xe78fffff 64bit pref]
[    2.131870] pci_bus 0000:14: resource 0 [io  0xa000-0xafff]
[    2.132101] pci_bus 0000:14: resource 1 [mem 0xfce00000-0xfcefffff]
[    2.132401] pci_bus 0000:14: resource 2 [mem 0xe7400000-0xe74fffff 64bit pref]
[    2.132703] pci_bus 0000:15: resource 0 [io  0xe000-0xefff]
[    2.132934] pci_bus 0000:15: resource 1 [mem 0xfca00000-0xfcafffff]
[    2.133237] pci_bus 0000:15: resource 2 [mem 0xe7000000-0xe70fffff 64bit pref]
[    2.133546] pci_bus 0000:16: resource 1 [mem 0xfc600000-0xfc6fffff]
[    2.133803] pci_bus 0000:16: resource 2 [mem 0xe6c00000-0xe6cfffff 64bit pref]
[    2.134148] pci_bus 0000:17: resource 1 [mem 0xfc200000-0xfc2fffff]
[    2.134407] pci_bus 0000:17: resource 2 [mem 0xe6800000-0xe68fffff 64bit pref]
[    2.134706] pci_bus 0000:18: resource 1 [mem 0xfbe00000-0xfbefffff]
[    2.134963] pci_bus 0000:18: resource 2 [mem 0xe6400000-0xe64fffff 64bit pref]
[    2.135311] pci_bus 0000:19: resource 1 [mem 0xfba00000-0xfbafffff]
[    2.135568] pci_bus 0000:19: resource 2 [mem 0xe6000000-0xe60fffff 64bit pref]
[    2.135875] pci_bus 0000:1a: resource 1 [mem 0xfb600000-0xfb6fffff]
[    2.136133] pci_bus 0000:1a: resource 2 [mem 0xe5c00000-0xe5cfffff 64bit pref]
[    2.136479] pci_bus 0000:1b: resource 0 [io  0x7000-0x7fff]
[    2.136710] pci_bus 0000:1b: resource 1 [mem 0xfd100000-0xfd1fffff]
[    2.136968] pci_bus 0000:1b: resource 2 [mem 0xe7700000-0xe77fffff 64bit pref]
[    2.137312] pci_bus 0000:1c: resource 0 [io  0xb000-0xbfff]
[    2.138118] pci_bus 0000:1c: resource 1 [mem 0xfcd00000-0xfcdfffff]
[    2.138375] pci_bus 0000:1c: resource 2 [mem 0xe7300000-0xe73fffff 64bit pref]
[    2.138675] pci_bus 0000:1d: resource 1 [mem 0xfc900000-0xfc9fffff]
[    2.138976] pci_bus 0000:1d: resource 2 [mem 0xe6f00000-0xe6ffffff 64bit pref]
[    2.139276] pci_bus 0000:1e: resource 1 [mem 0xfc500000-0xfc5fffff]
[    2.139533] pci_bus 0000:1e: resource 2 [mem 0xe6b00000-0xe6bfffff 64bit pref]
[    2.139836] pci_bus 0000:1f: resource 1 [mem 0xfc100000-0xfc1fffff]
[    2.140137] pci_bus 0000:1f: resource 2 [mem 0xe6700000-0xe67fffff 64bit pref]
[    2.140437] pci_bus 0000:20: resource 1 [mem 0xfbd00000-0xfbdfffff]
[    2.140694] pci_bus 0000:20: resource 2 [mem 0xe6300000-0xe63fffff 64bit pref]
[    2.140993] pci_bus 0000:21: resource 1 [mem 0xfb900000-0xfb9fffff]
[    2.141304] pci_bus 0000:21: resource 2 [mem 0xe5f00000-0xe5ffffff 64bit pref]
[    2.141605] pci_bus 0000:22: resource 1 [mem 0xfb500000-0xfb5fffff]
[    2.141865] pci_bus 0000:22: resource 2 [mem 0xe5b00000-0xe5bfffff 64bit pref]
[    2.142553] pci 0000:00:00.0: Limiting direct PCI/PCI transfers
[    2.144450] pci 0000:02:01.0: CLS mismatch (32 != 64), using 64 bytes
[    2.145978] pci 0000:02:03.0: quirk_usb_early_handoff+0x0/0x170 took 33520 usecs
[    2.179481] PCI-DMA: Using software bounce buffering for IO (SWIOTLB)
[    2.179662] Trying to unpack rootfs image as initramfs...
[    2.179746] software IO TLB: mapped [mem 0x00000000bbed0000-0x00000000bfed0000] (64MB)
[    2.180421] clocksource: tsc: mask: 0xffffffffffffffff max_cycles: 0x3ddd4885acc, max_idle_ns: 440795304854 ns
[    2.181184] clocksource: Switched to clocksource tsc
[    2.236795] Initialise system trusted keyrings
[    2.237089] Key type blacklist registered
[    2.237736] workingset: timestamp_bits=36 max_order=23 bucket_order=0
[    2.238303] zbud: loaded
[    2.239199] squashfs: version 4.0 (2009/01/31) Phillip Lougher
[    2.240043] fuse: init (API version 7.42)
[    2.242166] integrity: Platform Keyring initialized
[    2.242381] integrity: Machine keyring initialized
[    2.290253] Key type asymmetric registered
[    2.290433] Asymmetric key parser 'x509' registered
[    2.290728] Block layer SCSI generic (bsg) driver version 0.4 loaded (major 243)
[    2.291621] io scheduler mq-deadline registered
[    2.331268] ledtrig-cpu: registered to indicate activity on CPUs
[    2.332067] pcieport 0000:00:15.0: PME: Signaling with IRQ 24
[    2.332372] pcieport 0000:00:15.0: pciehp: Slot #160 AttnBtn+ PwrCtrl+ MRL- AttnInd- PwrInd- HotPlug+ Surprise- Interlock- NoCompl+ IbPresDis- LLActRep+
[    2.333995] pcieport 0000:00:15.1: PME: Signaling with IRQ 25
[    2.334285] pcieport 0000:00:15.1: pciehp: Slot #161 AttnBtn+ PwrCtrl+ MRL- AttnInd- PwrInd- HotPlug+ Surprise- Interlock- NoCompl+ IbPresDis- LLActRep+
[    2.335838] pcieport 0000:00:15.2: PME: Signaling with IRQ 26
[    2.336190] pcieport 0000:00:15.2: pciehp: Slot #162 AttnBtn+ PwrCtrl+ MRL- AttnInd- PwrInd- HotPlug+ Surprise- Interlock- NoCompl+ IbPresDis- LLActRep+
[    2.337736] pcieport 0000:00:15.3: PME: Signaling with IRQ 27
[    2.338081] pcieport 0000:00:15.3: pciehp: Slot #163 AttnBtn+ PwrCtrl+ MRL- AttnInd- PwrInd- HotPlug+ Surprise- Interlock- NoCompl+ IbPresDis- LLActRep+
[    2.339585] pcieport 0000:00:15.4: PME: Signaling with IRQ 28
[    2.339891] pcieport 0000:00:15.4: pciehp: Slot #164 AttnBtn+ PwrCtrl+ MRL- AttnInd- PwrInd- HotPlug+ Surprise- Interlock- NoCompl+ IbPresDis- LLActRep+
[    2.341489] pcieport 0000:00:15.5: PME: Signaling with IRQ 29
[    2.341784] pcieport 0000:00:15.5: pciehp: Slot #165 AttnBtn+ PwrCtrl+ MRL- AttnInd- PwrInd- HotPlug+ Surprise- Interlock- NoCompl+ IbPresDis- LLActRep+
[    2.343906] pcieport 0000:00:15.6: PME: Signaling with IRQ 30
[    2.344267] pcieport 0000:00:15.6: pciehp: Slot #166 AttnBtn+ PwrCtrl+ MRL- AttnInd- PwrInd- HotPlug+ Surprise- Interlock- NoCompl+ IbPresDis- LLActRep+
[    2.346446] pcieport 0000:00:15.7: PME: Signaling with IRQ 31
[    2.379787] pcieport 0000:00:15.7: pciehp: Slot #167 AttnBtn+ PwrCtrl+ MRL- AttnInd- PwrInd- HotPlug+ Surprise- Interlock- NoCompl+ IbPresDis- LLActRep+
[    2.381373] pcieport 0000:00:16.0: PME: Signaling with IRQ 32
[    2.381669] pcieport 0000:00:16.0: pciehp: Slot #192 AttnBtn+ PwrCtrl+ MRL- AttnInd- PwrInd- HotPlug+ Surprise- Interlock- NoCompl+ IbPresDis- LLActRep+
[    2.383271] pcieport 0000:00:16.1: PME: Signaling with IRQ 33
[    2.383577] pcieport 0000:00:16.1: pciehp: Slot #193 AttnBtn+ PwrCtrl+ MRL- AttnInd- PwrInd- HotPlug+ Surprise- Interlock- NoCompl+ IbPresDis- LLActRep+
[    2.385196] pcieport 0000:00:16.2: PME: Signaling with IRQ 34
[    2.385514] pcieport 0000:00:16.2: pciehp: Slot #194 AttnBtn+ PwrCtrl+ MRL- AttnInd- PwrInd- HotPlug+ Surprise- Interlock- NoCompl+ IbPresDis- LLActRep+
[    2.387120] pcieport 0000:00:16.3: PME: Signaling with IRQ 35
[    2.387430] pcieport 0000:00:16.3: pciehp: Slot #195 AttnBtn+ PwrCtrl+ MRL- AttnInd- PwrInd- HotPlug+ Surprise- Interlock- NoCompl+ IbPresDis- LLActRep+
[    2.389032] pcieport 0000:00:16.4: PME: Signaling with IRQ 36
[    2.389392] pcieport 0000:00:16.4: pciehp: Slot #196 AttnBtn+ PwrCtrl+ MRL- AttnInd- PwrInd- HotPlug+ Surprise- Interlock- NoCompl+ IbPresDis- LLActRep+
[    2.390909] pcieport 0000:00:16.5: PME: Signaling with IRQ 37
[    2.391257] pcieport 0000:00:16.5: pciehp: Slot #197 AttnBtn+ PwrCtrl+ MRL- AttnInd- PwrInd- HotPlug+ Surprise- Interlock- NoCompl+ IbPresDis- LLActRep+
[    2.392932] pcieport 0000:00:16.6: PME: Signaling with IRQ 38
[    2.393333] pcieport 0000:00:16.6: pciehp: Slot #198 AttnBtn+ PwrCtrl+ MRL- AttnInd- PwrInd- HotPlug+ Surprise- Interlock- NoCompl+ IbPresDis- LLActRep+
[    2.394853] pcieport 0000:00:16.7: PME: Signaling with IRQ 39
[    2.395194] pcieport 0000:00:16.7: pciehp: Slot #199 AttnBtn+ PwrCtrl+ MRL- AttnInd- PwrInd- HotPlug+ Surprise- Interlock- NoCompl+ IbPresDis- LLActRep+
[    2.430174] pcieport 0000:00:17.0: PME: Signaling with IRQ 40
[    2.430470] pcieport 0000:00:17.0: pciehp: Slot #224 AttnBtn+ PwrCtrl+ MRL- AttnInd- PwrInd- HotPlug+ Surprise- Interlock- NoCompl+ IbPresDis- LLActRep+
[    2.432102] pcieport 0000:00:17.1: PME: Signaling with IRQ 41
[    2.432407] pcieport 0000:00:17.1: pciehp: Slot #225 AttnBtn+ PwrCtrl+ MRL- AttnInd- PwrInd- HotPlug+ Surprise- Interlock- NoCompl+ IbPresDis- LLActRep+
[    2.433970] pcieport 0000:00:17.2: PME: Signaling with IRQ 42
[    2.434316] pcieport 0000:00:17.2: pciehp: Slot #226 AttnBtn+ PwrCtrl+ MRL- AttnInd- PwrInd- HotPlug+ Surprise- Interlock- NoCompl+ IbPresDis- LLActRep+
[    2.435814] pcieport 0000:00:17.3: PME: Signaling with IRQ 43
[    2.436169] pcieport 0000:00:17.3: pciehp: Slot #227 AttnBtn+ PwrCtrl+ MRL- AttnInd- PwrInd- HotPlug+ Surprise- Interlock- NoCompl+ IbPresDis- LLActRep+
[    2.437706] pcieport 0000:00:17.4: PME: Signaling with IRQ 44
[    2.438001] pcieport 0000:00:17.4: pciehp: Slot #228 AttnBtn+ PwrCtrl+ MRL- AttnInd- PwrInd- HotPlug+ Surprise- Interlock- NoCompl+ IbPresDis- LLActRep+
[    2.439565] pcieport 0000:00:17.5: PME: Signaling with IRQ 45
[    2.439861] pcieport 0000:00:17.5: pciehp: Slot #229 AttnBtn+ PwrCtrl+ MRL- AttnInd- PwrInd- HotPlug+ Surprise- Interlock- NoCompl+ IbPresDis- LLActRep+
[    2.441468] pcieport 0000:00:17.6: PME: Signaling with IRQ 46
[    2.441775] pcieport 0000:00:17.6: pciehp: Slot #230 AttnBtn+ PwrCtrl+ MRL- AttnInd- PwrInd- HotPlug+ Surprise- Interlock- NoCompl+ IbPresDis- LLActRep+
[    2.443359] pcieport 0000:00:17.7: PME: Signaling with IRQ 47
[    2.443664] pcieport 0000:00:17.7: pciehp: Slot #231 AttnBtn+ PwrCtrl+ MRL- AttnInd- PwrInd- HotPlug+ Surprise- Interlock- NoCompl+ IbPresDis- LLActRep+
[    2.445330] pcieport 0000:00:18.0: PME: Signaling with IRQ 48
[    2.445624] pcieport 0000:00:18.0: pciehp: Slot #256 AttnBtn+ PwrCtrl+ MRL- AttnInd- PwrInd- HotPlug+ Surprise- Interlock- NoCompl+ IbPresDis- LLActRep+
[    2.480512] pcieport 0000:00:18.1: PME: Signaling with IRQ 49
[    2.480814] pcieport 0000:00:18.1: pciehp: Slot #257 AttnBtn+ PwrCtrl+ MRL- AttnInd- PwrInd- HotPlug+ Surprise- Interlock- NoCompl+ IbPresDis- LLActRep+
[    2.482447] pcieport 0000:00:18.2: PME: Signaling with IRQ 50
[    2.482760] pcieport 0000:00:18.2: pciehp: Slot #258 AttnBtn+ PwrCtrl+ MRL- AttnInd- PwrInd- HotPlug+ Surprise- Interlock- NoCompl+ IbPresDis- LLActRep+
[    2.484318] pcieport 0000:00:18.3: PME: Signaling with IRQ 51
[    2.484630] pcieport 0000:00:18.3: pciehp: Slot #259 AttnBtn+ PwrCtrl+ MRL- AttnInd- PwrInd- HotPlug+ Surprise- Interlock- NoCompl+ IbPresDis- LLActRep+
[    2.486307] pcieport 0000:00:18.4: PME: Signaling with IRQ 52
[    2.486602] pcieport 0000:00:18.4: pciehp: Slot #260 AttnBtn+ PwrCtrl+ MRL- AttnInd- PwrInd- HotPlug+ Surprise- Interlock- NoCompl+ IbPresDis- LLActRep+
[    2.488206] pcieport 0000:00:18.5: PME: Signaling with IRQ 53
[    2.488531] pcieport 0000:00:18.5: pciehp: Slot #261 AttnBtn+ PwrCtrl+ MRL- AttnInd- PwrInd- HotPlug+ Surprise- Interlock- NoCompl+ IbPresDis- LLActRep+
[    2.490168] pcieport 0000:00:18.6: PME: Signaling with IRQ 54
[    2.490510] pcieport 0000:00:18.6: pciehp: Slot #262 AttnBtn+ PwrCtrl+ MRL- AttnInd- PwrInd- HotPlug+ Surprise- Interlock- NoCompl+ IbPresDis- LLActRep+
[    2.492163] pcieport 0000:00:18.7: PME: Signaling with IRQ 55
[    2.492460] pcieport 0000:00:18.7: pciehp: Slot #263 AttnBtn+ PwrCtrl+ MRL- AttnInd- PwrInd- HotPlug+ Surprise- Interlock- NoCompl+ IbPresDis- LLActRep+
[    2.493864] shpchp: Standard Hot Plug PCI Controller Driver version: 0.4
[    2.494881] ACPI: AC: AC Adapter [ACAD] (on-line)
[    2.496116] input: Power Button as /devices/LNXSYSTM:00/LNXPWRBN:00/input/input0
[    2.496116] ACPI: button: Power Button [PWRF]
[    2.536486] Serial: 8250/16550 driver, 32 ports, IRQ sharing enabled
[    2.545447] Linux agpgart interface v0.103
[    2.546259] agpgart-intel 0000:00:00.0: Intel 440BX Chipset
[    2.593943] agpgart-intel 0000:00:00.0: AGP aperture is 256M @ 0x0
[    2.682222] loop: module loaded
[    2.683044] ata_piix 0000:00:07.1: version 2.13
[    2.684453] scsi host0: ata_piix
[    2.685562] scsi host1: ata_piix
