[    0.000000] Linux version 6.14.0-33-generic (buildd@lcy02-amd64-010) (x86_64-linux-gnu-gcc-14 (Ubuntu 14.2.0-19ubuntu2) 14.2.0, GNU ld (GNU Binutils for Ubuntu) 2.44) #33-Ubuntu SMP PREEMPT_DYNAMIC Wed Sep 17 23:22:02 UTC 2025 (Ubuntu 6.14.0-33.33-generic 6.14.11)
[    0.000000] Command line: BOOT_IMAGE=/boot/vmlinuz-6.14.0-33-generic root=UUID=1cbb8294-d9e9-4b18-9fce-6fa89d7fe721 ro
[    0.000000] KERNEL supported cpus:
[    0.000000]   Intel GenuineIntel
[    0.000000]   AMD AuthenticAMD
[    0.000000]   Hygon HygonGenuine
[    0.000000]   Centaur CentaurHauls
[    0.000000]   zhaoxin   Shanghai  
[    0.000000] [Firmware Bug]: TSC doesn't count with P0 frequency!
[    0.000000] BIOS-provided physical RAM map:
[    0.000000] BIOS-e820: [mem 0x0000000000000000-0x000000000009e7ff] usable
[    0.000000] BIOS-e820: [mem 0x000000000009e800-0x000000000009ffff] reserved
[    0.000000] BIOS-e820: [mem 0x00000000000dc000-0x00000000000fffff] reserved
[    0.000000] BIOS-e820: [mem 0x0000000000100000-0x00000000bfecffff] usable
[    0.000000] BIOS-e820: [mem 0x00000000bfed0000-0x00000000bfefefff] ACPI data
[    0.000000] BIOS-e820: [mem 0x00000000bfeff000-0x00000000bfefffff] ACPI NVS
[    0.000000] BIOS-e820: [mem 0x00000000bff00000-0x00000000bfffffff] usable
[    0.000000] BIOS-e820: [mem 0x00000000f0000000-0x00000000f7ffffff] reserved
[    0.000000] BIOS-e820: [mem 0x00000000fec00000-0x00000000fec0ffff] reserved
[    0.000000] BIOS-e820: [mem 0x00000000fee00000-0x00000000fee00fff] reserved
[    0.000000] BIOS-e820: [mem 0x00000000fffe0000-0x00000000ffffffff] reserved
[    0.000000] BIOS-e820: [mem 0x0000000100000000-0x000000083fffffff] usable
[    0.000000] NX (Execute Disable) protection: active
[    0.000000] APIC: Static calls initialized
[    0.000000] SMBIOS 2.7 present.
[    0.000000] DMI: VMware, Inc. VMware Virtual Platform/440BX Desktop Reference Platform, BIOS 6.00 11/12/2020
[    0.000000] DMI: Memory slots populated: 2/128
[    0.000000] vmware: hypercall mode: 0x01
[    0.000000] Hypervisor detected: VMware
[    0.000000] vmware: TSC freq read from hypervisor : 4291.842 MHz
[    0.000000] vmware: Host bus clock speed read from hypervisor : 66000000 Hz
[    0.000000] vmware: using clock offset of 5973232634 ns
[    0.002147] tsc: Detected 4291.842 MHz processor
[    0.005670] e820: update [mem 0x00000000-0x00000fff] usable ==> reserved
[    0.011277] e820: remove [mem 0x000a0000-0x000fffff] usable
[    0.013225] last_pfn = 0x840000 max_arch_pfn = 0x400000000
[    0.013720] total RAM covered: 1047552M
[    0.014152]  gran_size: 64K 	chunk_size: 64K 	num_reg: 8  	lose cover RAM: 768G
[    0.014862]  gran_size: 64K 	chunk_size: 128K 	num_reg: 8  	lose cover RAM: 768G
[    0.015405]  gran_size: 64K 	chunk_size: 256K 	num_reg: 8  	lose cover RAM: 768G
[    0.015821]  gran_size: 64K 	chunk_size: 512K 	num_reg: 8  	lose cover RAM: 768G
[    0.016140]  gran_size: 64K 	chunk_size: 1M 	num_reg: 8  	lose cover RAM: 768G
[    0.016383]  gran_size: 64K 	chunk_size: 2M 	num_reg: 8  	lose cover RAM: 768G
[    0.016570]  gran_size: 64K 	chunk_size: 4M 	num_reg: 8  	lose cover RAM: 768G
[    0.016713]  gran_size: 64K 	chunk_size: 8M 	num_reg: 8  	lose cover RAM: 768G
[    0.016822]  gran_size: 64K 	chunk_size: 16M 	num_reg: 8  	lose cover RAM: 768G
[    0.016906]  gran_size: 64K 	chunk_size: 32M 	num_reg: 8  	lose cover RAM: 768G
[    0.016970]  gran_size: 64K 	chunk_size: 64M 	num_reg: 8  	lose cover RAM: 768G
[    0.017020]  gran_size: 64K 	chunk_size: 128M 	num_reg: 8  	lose cover RAM: 768G
[    0.017057]  gran_size: 64K 	chunk_size: 256M 	num_reg: 8  	lose cover RAM: 768G
[    0.017086]  gran_size: 64K 	chunk_size: 512M 	num_reg: 8  	lose cover RAM: 768G
[    0.017108]  gran_size: 64K 	chunk_size: 1G 	num_reg: 8  	lose cover RAM: 768G
[    0.017125]  gran_size: 64K 	chunk_size: 2G 	num_reg: 8  	lose cover RAM: 768G
[    0.017138]  gran_size: 128K 	chunk_size: 128K 	num_reg: 8  	lose cover RAM: 768G
[    0.017148]  gran_size: 128K 	chunk_size: 256K 	num_reg: 8  	lose cover RAM: 768G
[    0.017155]  gran_size: 128K 	chunk_size: 512K 	num_reg: 8  	lose cover RAM: 768G
[    0.017161]  gran_size: 128K 	chunk_size: 1M 	num_reg: 8  	lose cover RAM: 768G
[    0.017165]  gran_size: 128K 	chunk_size: 2M 	num_reg: 8  	lose cover RAM: 768G
[    0.017169]  gran_size: 128K 	chunk_size: 4M 	num_reg: 8  	lose cover RAM: 768G
[    0.017171]  gran_size: 128K 	chunk_size: 8M 	num_reg: 8  	lose cover RAM: 768G
[    0.017173]  gran_size: 128K 	chunk_size: 16M 	num_reg: 8  	lose cover RAM: 768G
[    0.017175]  gran_size: 128K 	chunk_size: 32M 	num_reg: 8  	lose cover RAM: 768G
[    0.017176]  gran_size: 128K 	chunk_size: 64M 	num_reg: 8  	lose cover RAM: 768G
[    0.017177]  gran_size: 128K 	chunk_size: 128M 	num_reg: 8  	lose cover RAM: 768G
[    0.017178]  gran_size: 128K 	chunk_size: 256M 	num_reg: 8  	lose cover RAM: 768G
[    0.017178]  gran_size: 128K 	chunk_size: 512M 	num_reg: 8  	lose cover RAM: 768G
[    0.017179]  gran_size: 128K 	chunk_size: 1G 	num_reg: 8  	lose cover RAM: 768G
[    0.017179]  gran_size: 128K 	chunk_size: 2G 	num_reg: 8  	lose cover RAM: 768G
[    0.017179]  gran_size: 256K 	chunk_size: 256K 	num_reg: 8  	lose cover RAM: 768G
[    0.017179]  gran_size: 256K 	chunk_size: 512K 	num_reg: 8  	lose cover RAM: 768G
[    0.017179]  gran_size: 256K 	chunk_size: 1M 	num_reg: 8  	lose cover RAM: 768G
[    0.017180]  gran_size: 256K 	chunk_size: 2M 	num_reg: 8  	lose cover RAM: 768G
[    0.017180]  gran_size: 256K 	chunk_size: 4M 	num_reg: 8  	lose cover RAM: 768G
[    0.017180]  gran_size: 256K 	chunk_size: 8M 	num_reg: 8  	lose cover RAM: 768G
[    0.017180]  gran_size: 256K 	chunk_size: 16M 	num_reg: 8  	lose cover RAM: 768G
[    0.017180]  gran_size: 256K 	chunk_size: 32M 	num_reg: 8  	lose cover RAM: 768G
[    0.017180]  gran_size: 256K 	chunk_size: 64M 	num_reg: 8  	lose cover RAM: 768G
[    0.017180]  gran_size: 256K 	chunk_size: 128M 	num_reg: 8  	lose cover RAM: 768G
[    0.017180]  gran_size: 256K 	chunk_size: 256M 	num_reg: 8  	lose cover RAM: 768G
[    0.017180]  gran_size: 256K 	chunk_size: 512M 	num_reg: 8  	lose cover RAM: 768G
[    0.017180]  gran_size: 256K 	chunk_size: 1G 	num_reg: 8  	lose cover RAM: 768G
[    0.017180]  gran_size: 256K 	chunk_size: 2G 	num_reg: 8  	lose cover RAM: 768G
[    0.017180]  gran_size: 512K 	chunk_size: 512K 	num_reg: 8  	lose cover RAM: 768G
[    0.017180]  gran_size: 512K 	chunk_size: 1M 	num_reg: 8  	lose cover RAM: 768G
[    0.017180]  gran_size: 512K 	chunk_size: 2M 	num_reg: 8  	lose cover RAM: 768G
[    0.017180]  gran_size: 512K 	chunk_size: 4M 	num_reg: 8  	lose cover RAM: 768G
[    0.017180]  gran_size: 512K 	chunk_size: 8M 	num_reg: 8  	lose cover RAM: 768G
[    0.017180]  gran_size: 512K 	chunk_size: 16M 	num_reg: 8  	lose cover RAM: 768G
[    0.017180]  gran_size: 512K 	chunk_size: 32M 	num_reg: 8  	lose cover RAM: 768G
[    0.017180]  gran_size: 512K 	chunk_size: 64M 	num_reg: 8  	lose cover RAM: 768G
[    0.017180]  gran_size: 512K 	chunk_size: 128M 	num_reg: 8  	lose cover RAM: 768G
[    0.017180]  gran_size: 512K 	chunk_size: 256M 	num_reg: 8  	lose cover RAM: 768G
[    0.017180]  gran_size: 512K 	chunk_size: 512M 	num_reg: 8  	lose cover RAM: 768G
[    0.017180]  gran_size: 512K 	chunk_size: 1G 	num_reg: 8  	lose cover RAM: 768G
[    0.017180]  gran_size: 512K 	chunk_size: 2G 	num_reg: 8  	lose cover RAM: 768G
[    0.017180]  gran_size: 1M 	chunk_size: 1M 	num_reg: 8  	lose cover RAM: 768G
[    0.017180]  gran_size: 1M 	chunk_size: 2M 	num_reg: 8  	lose cover RAM: 768G
[    0.017180]  gran_size: 1M 	chunk_size: 4M 	num_reg: 8  	lose cover RAM: 768G
[    0.017180]  gran_size: 1M 	chunk_size: 8M 	num_reg: 8  	lose cover RAM: 768G
[    0.017180]  gran_size: 1M 	chunk_size: 16M 	num_reg: 8  	lose cover RAM: 768G
[    0.017180]  gran_size: 1M 	chunk_size: 32M 	num_reg: 8  	lose cover RAM: 768G
[    0.017180]  gran_size: 1M 	chunk_size: 64M 	num_reg: 8  	lose cover RAM: 768G
[    0.017180]  gran_size: 1M 	chunk_size: 128M 	num_reg: 8  	lose cover RAM: 768G
[    0.017180]  gran_size: 1M 	chunk_size: 256M 	num_reg: 8  	lose cover RAM: 768G
[    0.017180]  gran_size: 1M 	chunk_size: 512M 	num_reg: 8  	lose cover RAM: 768G
[    0.017180]  gran_size: 1M 	chunk_size: 1G 	num_reg: 8  	lose cover RAM: 768G
[    0.017180]  gran_size: 1M 	chunk_size: 2G 	num_reg: 8  	lose cover RAM: 768G
[    0.017180]  gran_size: 2M 	chunk_size: 2M 	num_reg: 8  	lose cover RAM: 768G
[    0.017180]  gran_size: 2M 	chunk_size: 4M 	num_reg: 8  	lose cover RAM: 768G
[    0.017180]  gran_size: 2M 	chunk_size: 8M 	num_reg: 8  	lose cover RAM: 768G
[    0.017180]  gran_size: 2M 	chunk_size: 16M 	num_reg: 8  	lose cover RAM: 768G
[    0.017180]  gran_size: 2M 	chunk_size: 32M 	num_reg: 8  	lose cover RAM: 768G
[    0.017180]  gran_size: 2M 	chunk_size: 64M 	num_reg: 8  	lose cover RAM: 768G
[    0.017180]  gran_size: 2M 	chunk_size: 128M 	num_reg: 8  	lose cover RAM: 768G
[    0.017180]  gran_size: 2M 	chunk_size: 256M 	num_reg: 8  	lose cover RAM: 768G
[    0.017180]  gran_size: 2M 	chunk_size: 512M 	num_reg: 8  	lose cover RAM: 768G
[    0.017180]  gran_size: 2M 	chunk_size: 1G 	num_reg: 8  	lose cover RAM: 768G
[    0.017180]  gran_size: 2M 	chunk_size: 2G 	num_reg: 8  	lose cover RAM: 768G
[    0.017180]  gran_size: 4M 	chunk_size: 4M 	num_reg: 8  	lose cover RAM: 768G
[    0.017180]  gran_size: 4M 	chunk_size: 8M 	num_reg: 8  	lose cover RAM: 768G
[    0.017180]  gran_size: 4M 	chunk_size: 16M 	num_reg: 8  	lose cover RAM: 768G
[    0.017180]  gran_size: 4M 	chunk_size: 32M 	num_reg: 8  	lose cover RAM: 768G
[    0.017180]  gran_size: 4M 	chunk_size: 64M 	num_reg: 8  	lose cover RAM: 768G
[    0.017180]  gran_size: 4M 	chunk_size: 128M 	num_reg: 8  	lose cover RAM: 768G
[    0.017180]  gran_size: 4M 	chunk_size: 256M 	num_reg: 8  	lose cover RAM: 768G
[    0.017180]  gran_size: 4M 	chunk_size: 512M 	num_reg: 8  	lose cover RAM: 768G
[    0.017180]  gran_size: 4M 	chunk_size: 1G 	num_reg: 8  	lose cover RAM: 768G
[    0.017180]  gran_size: 4M 	chunk_size: 2G 	num_reg: 8  	lose cover RAM: 768G
[    0.017180]  gran_size: 8M 	chunk_size: 8M 	num_reg: 8  	lose cover RAM: 768G
[    0.017180]  gran_size: 8M 	chunk_size: 16M 	num_reg: 8  	lose cover RAM: 768G
[    0.017180]  gran_size: 8M 	chunk_size: 32M 	num_reg: 8  	lose cover RAM: 768G
[    0.017180]  gran_size: 8M 	chunk_size: 64M 	num_reg: 8  	lose cover RAM: 768G
[    0.017180]  gran_size: 8M 	chunk_size: 128M 	num_reg: 8  	lose cover RAM: 768G
[    0.017180]  gran_size: 8M 	chunk_size: 256M 	num_reg: 8  	lose cover RAM: 768G
[    0.017180]  gran_size: 8M 	chunk_size: 512M 	num_reg: 8  	lose cover RAM: 768G
[    0.017180]  gran_size: 8M 	chunk_size: 1G 	num_reg: 8  	lose cover RAM: 768G
[    0.017180]  gran_size: 8M 	chunk_size: 2G 	num_reg: 8  	lose cover RAM: 768G
[    0.017180]  gran_size: 16M 	chunk_size: 16M 	num_reg: 8  	lose cover RAM: 768G
[    0.017180]  gran_size: 16M 	chunk_size: 32M 	num_reg: 8  	lose cover RAM: 768G
[    0.017180]  gran_size: 16M 	chunk_size: 64M 	num_reg: 8  	lose cover RAM: 768G
[    0.017180]  gran_size: 16M 	chunk_size: 128M 	num_reg: 8  	lose cover RAM: 768G
[    0.017180]  gran_size: 16M 	chunk_size: 256M 	num_reg: 8  	lose cover RAM: 768G
[    0.017180]  gran_size: 16M 	chunk_size: 512M 	num_reg: 8  	lose cover RAM: 768G
[    0.017180]  gran_size: 16M 	chunk_size: 1G 	num_reg: 8  	lose cover RAM: 768G
[    0.017180]  gran_size: 16M 	chunk_size: 2G 	num_reg: 8  	lose cover RAM: 768G
[    0.017180]  gran_size: 32M 	chunk_size: 32M 	num_reg: 8  	lose cover RAM: 768G
[    0.017180]  gran_size: 32M 	chunk_size: 64M 	num_reg: 8  	lose cover RAM: 768G
[    0.017180]  gran_size: 32M 	chunk_size: 128M 	num_reg: 8  	lose cover RAM: 768G
[    0.017180]  gran_size: 32M 	chunk_size: 256M 	num_reg: 8  	lose cover RAM: 768G
[    0.017180]  gran_size: 32M 	chunk_size: 512M 	num_reg: 8  	lose cover RAM: 768G
[    0.017180]  gran_size: 32M 	chunk_size: 1G 	num_reg: 8  	lose cover RAM: 768G
[    0.017180]  gran_size: 32M 	chunk_size: 2G 	num_reg: 8  	lose cover RAM: 768G
[    0.017180]  gran_size: 64M 	chunk_size: 64M 	num_reg: 8  	lose cover RAM: 768G
[    0.017180]  gran_size: 64M 	chunk_size: 128M 	num_reg: 8  	lose cover RAM: 768G
[    0.017180]  gran_size: 64M 	chunk_size: 256M 	num_reg: 8  	lose cover RAM: 768G
[    0.017180]  gran_size: 64M 	chunk_size: 512M 	num_reg: 8  	lose cover RAM: 768G
[    0.017180]  gran_size: 64M 	chunk_size: 1G 	num_reg: 8  	lose cover RAM: 768G
[    0.017180]  gran_size: 64M 	chunk_size: 2G 	num_reg: 8  	lose cover RAM: 768G
[    0.017180]  gran_size: 128M 	chunk_size: 128M 	num_reg: 8  	lose cover RAM: 768G
[    0.017180]  gran_size: 128M 	chunk_size: 256M 	num_reg: 8  	lose cover RAM: 768G
[    0.017180]  gran_size: 128M 	chunk_size: 512M 	num_reg: 8  	lose cover RAM: 768G
[    0.017180]  gran_size: 128M 	chunk_size: 1G 	num_reg: 8  	lose cover RAM: 768G
[    0.017180]  gran_size: 128M 	chunk_size: 2G 	num_reg: 8  	lose cover RAM: 768G
[    0.017180]  gran_size: 256M 	chunk_size: 256M 	num_reg: 8  	lose cover RAM: 768G
[    0.017180]  gran_size: 256M 	chunk_size: 512M 	num_reg: 8  	lose cover RAM: 768G
[    0.017180]  gran_size: 256M 	chunk_size: 1G 	num_reg: 8  	lose cover RAM: 768G
[    0.017180]  gran_size: 256M 	chunk_size: 2G 	num_reg: 8  	lose cover RAM: 768G
[    0.017180]  gran_size: 512M 	chunk_size: 512M 	num_reg: 8  	lose cover RAM: 768G
[    0.017180]  gran_size: 512M 	chunk_size: 1G 	num_reg: 8  	lose cover RAM: 768G
[    0.017180]  gran_size: 512M 	chunk_size: 2G 	num_reg: 8  	lose cover RAM: 768G
[    0.017180]  gran_size: 1G 	chunk_size: 1G 	num_reg: 8  	lose cover RAM: 768G
[    0.017180]  gran_size: 1G 	chunk_size: 2G 	num_reg: 8  	lose cover RAM: 768G
[    0.017180]  gran_size: 2G 	chunk_size: 2G 	num_reg: 8  	lose cover RAM: 513G
[    0.017180] mtrr_cleanup: can not find optimal value
[    0.017180] please specify mtrr_gran_size/mtrr_chunk_size
[    0.017180] MTRR map: 8 entries (5 fixed + 3 variable; max 21), built from 8 variable MTRRs
[    0.017180] x86/PAT: Configuration [0-7]: WB  WC  UC- UC  WB  WP  UC- WT  
[    0.017180] e820: update [mem 0xc0000000-0xffffffff] usable ==> reserved
[    0.017180] last_pfn = 0xc0000 max_arch_pfn = 0x400000000
[    0.017180] found SMP MP-table at [mem 0x000f6a70-0x000f6a7f]
[    0.017180] Using GB pages for direct mapping
[    0.017180] RAMDISK: [mem 0x2d607000-0x32afafff]
[    0.017180] ACPI: Early table checksum verification disabled
[    0.017180] ACPI: RSDP 0x00000000000F6A00 000024 (v02 PTLTD )
[    0.017180] ACPI: XSDT 0x00000000BFEDB633 00005C (v01 INTEL  440BX    06040000 VMW  01324272)
[    0.017180] ACPI: FACP 0x00000000BFEFEE73 0000F4 (v04 INTEL  440BX    06040000 PTL  000F4240)
[    0.017180] ACPI: DSDT 0x00000000BFEDD001 021E72 (v01 PTLTD  Custom   06040000 MSFT 03000001)
[    0.017180] ACPI: FACS 0x00000000BFEFFFC0 000040
[    0.017180] ACPI: FACS 0x00000000BFEFFFC0 000040
[    0.017180] ACPI: BOOT 0x00000000BFEDCFB4 000028 (v01 PTLTD  $SBFTBL$ 06040000  LTP 00000001)
[    0.017180] ACPI: APIC 0x00000000BFEDC872 000742 (v01 PTLTD  ? APIC   06040000  LTP 00000000)
[    0.017180] ACPI: MCFG 0x00000000BFEDC836 00003C (v01 PTLTD  $PCITBL$ 06040000  LTP 00000001)
[    0.017180] ACPI: SRAT 0x00000000BFEDB72F 0008D0 (v02 VMWARE MEMPLUG  06040000 VMW  00000001)
[    0.017180] ACPI: HPET 0x00000000BFEDB6F7 000038 (v01 VMWARE VMW HPET 06040000 VMW  00000001)
[    0.017180] ACPI: WAET 0x00000000BFEDB6CF 000028 (v01 VMWARE VMW WAET 06040000 VMW  00000001)
[    0.017180] ACPI: Reserving FACP table memory at [mem 0xbfefee73-0xbfefef66]
[    0.017180] ACPI: Reserving DSDT table memory at [mem 0xbfedd001-0xbfefee72]
[    0.017180] ACPI: Reserving FACS table memory at [mem 0xbfefffc0-0xbfefffff]
[    0.017180] ACPI: Reserving FACS table memory at [mem 0xbfefffc0-0xbfefffff]
[    0.017180] ACPI: Reserving BOOT table memory at [mem 0xbfedcfb4-0xbfedcfdb]
[    0.017180] ACPI: Reserving APIC table memory at [mem 0xbfedc872-0xbfedcfb3]
[    0.017180] ACPI: Reserving MCFG table memory at [mem 0xbfedc836-0xbfedc871]
[    0.017180] ACPI: Reserving SRAT table memory at [mem 0xbfedb72f-0xbfedbffe]
[    0.017180] ACPI: Reserving HPET table memory at [mem 0xbfedb6f7-0xbfedb72e]
[    0.017180] ACPI: Reserving WAET table memory at [mem 0xbfedb6cf-0xbfedb6f6]
[    0.017180] ACPI: SRAT: Node 0 PXM 0 [mem 0x00000000-0x0009ffff]
[    0.017180] ACPI: SRAT: Node 0 PXM 0 [mem 0x00100000-0xbfffffff]
[    0.017180] ACPI: SRAT: Node 0 PXM 0 [mem 0x100000000-0x83fffffff]
[    0.017180] ACPI: SRAT: Node 0 PXM 0 [mem 0x840000000-0x803fffffff] hotplug
[    0.017180] NUMA: Node 0 [mem 0x00001000-0x0009ffff] + [mem 0x00100000-0xbfffffff] -> [mem 0x00001000-0xbfffffff]
[    0.017180] NUMA: Node 0 [mem 0x00001000-0xbfffffff] + [mem 0x100000000-0x83fffffff] -> [mem 0x00001000-0x83fffffff]
[    0.017180] NODE_DATA(0) allocated [mem 0x83ffd5540-0x83fffffff]
[    0.017180] Zone ranges:
[    0.017180]   DMA      [mem 0x0000000000001000-0x0000000000ffffff]
[    0.017180]   DMA32    [mem 0x0000000001000000-0x00000000ffffffff]
[    0.017180]   Normal   [mem 0x0000000100000000-0x000000083fffffff]
[    0.017180]   Device   empty
[    0.017180] Movable zone start for each node
[    0.017180] Early memory node ranges
[    0.017180]   node   0: [mem 0x0000000000001000-0x000000000009dfff]
[    0.017180]   node   0: [mem 0x0000000000100000-0x00000000bfecffff]
[    0.017180]   node   0: [mem 0x00000000bff00000-0x00000000bfffffff]
[    0.017180]   node   0: [mem 0x0000000100000000-0x000000083fffffff]
[    0.017180] Initmem setup node 0 [mem 0x0000000000001000-0x000000083fffffff]
[    0.017180] On node 0, zone DMA: 1 pages in unavailable ranges
[    0.017180] On node 0, zone DMA: 98 pages in unavailable ranges
[    0.017180] On node 0, zone DMA32: 48 pages in unavailable ranges
[    0.019943] ACPI: PM-Timer IO Port: 0x1008
[    0.020212] ACPI: LAPIC_NMI (acpi_id[0x00] high edge lint[0x1])
[    0.020447] ACPI: LAPIC_NMI (acpi_id[0x01] high edge lint[0x1])
[    0.020652] ACPI: LAPIC_NMI (acpi_id[0x02] high edge lint[0x1])
[    0.020832] ACPI: LAPIC_NMI (acpi_id[0x03] high edge lint[0x1])
[    0.020990] ACPI: LAPIC_NMI (acpi_id[0x04] high edge lint[0x1])
[    0.021128] ACPI: LAPIC_NMI (acpi_id[0x05] high edge lint[0x1])
[    0.021248] ACPI: LAPIC_NMI (acpi_id[0x06] high edge lint[0x1])
[    0.021354] ACPI: LAPIC_NMI (acpi_id[0x07] high edge lint[0x1])
[    0.021446] ACPI: LAPIC_NMI (acpi_id[0x08] high edge lint[0x1])
[    0.021527] ACPI: LAPIC_NMI (acpi_id[0x09] high edge lint[0x1])
[    0.021597] ACPI: LAPIC_NMI (acpi_id[0x0a] high edge lint[0x1])
[    0.021659] ACPI: LAPIC_NMI (acpi_id[0x0b] high edge lint[0x1])
[    0.021713] ACPI: LAPIC_NMI (acpi_id[0x0c] high edge lint[0x1])
[    0.021761] ACPI: LAPIC_NMI (acpi_id[0x0d] high edge lint[0x1])
[    0.021802] ACPI: LAPIC_NMI (acpi_id[0x0e] high edge lint[0x1])
[    0.021838] ACPI: LAPIC_NMI (acpi_id[0x0f] high edge lint[0x1])
[    0.021870] ACPI: LAPIC_NMI (acpi_id[0x10] high edge lint[0x1])
[    0.021898] ACPI: LAPIC_NMI (acpi_id[0x11] high edge lint[0x1])
[    0.021922] ACPI: LAPIC_NMI (acpi_id[0x12] high edge lint[0x1])
[    0.021943] ACPI: LAPIC_NMI (acpi_id[0x13] high edge lint[0x1])
[    0.021962] ACPI: LAPIC_NMI (acpi_id[0x14] high edge lint[0x1])
[    0.021978] ACPI: LAPIC_NMI (acpi_id[0x15] high edge lint[0x1])
[    0.021992] ACPI: LAPIC_NMI (acpi_id[0x16] high edge lint[0x1])
[    0.022005] ACPI: LAPIC_NMI (acpi_id[0x17] high edge lint[0x1])
[    0.022016] ACPI: LAPIC_NMI (acpi_id[0x18] high edge lint[0x1])
[    0.022025] ACPI: LAPIC_NMI (acpi_id[0x19] high edge lint[0x1])
[    0.022034] ACPI: LAPIC_NMI (acpi_id[0x1a] high edge lint[0x1])
[    0.022041] ACPI: LAPIC_NMI (acpi_id[0x1b] high edge lint[0x1])
[    0.022047] ACPI: LAPIC_NMI (acpi_id[0x1c] high edge lint[0x1])
[    0.022053] ACPI: LAPIC_NMI (acpi_id[0x1d] high edge lint[0x1])
[    0.022058] ACPI: LAPIC_NMI (acpi_id[0x1e] high edge lint[0x1])
[    0.022062] ACPI: LAPIC_NMI (acpi_id[0x1f] high edge lint[0x1])
[    0.022066] ACPI: LAPIC_NMI (acpi_id[0x20] high edge lint[0x1])
[    0.022069] ACPI: LAPIC_NMI (acpi_id[0x21] high edge lint[0x1])
[    0.022072] ACPI: LAPIC_NMI (acpi_id[0x22] high edge lint[0x1])
[    0.022074] ACPI: LAPIC_NMI (acpi_id[0x23] high edge lint[0x1])
[    0.022077] ACPI: LAPIC_NMI (acpi_id[0x24] high edge lint[0x1])
[    0.022079] ACPI: LAPIC_NMI (acpi_id[0x25] high edge lint[0x1])
[    0.022080] ACPI: LAPIC_NMI (acpi_id[0x26] high edge lint[0x1])
[    0.022082] ACPI: LAPIC_NMI (acpi_id[0x27] high edge lint[0x1])
[    0.022083] ACPI: LAPIC_NMI (acpi_id[0x28] high edge lint[0x1])
[    0.022084] ACPI: LAPIC_NMI (acpi_id[0x29] high edge lint[0x1])
[    0.022085] ACPI: LAPIC_NMI (acpi_id[0x2a] high edge lint[0x1])
[    0.022086] ACPI: LAPIC_NMI (acpi_id[0x2b] high edge lint[0x1])
[    0.022087] ACPI: LAPIC_NMI (acpi_id[0x2c] high edge lint[0x1])
[    0.022087] ACPI: LAPIC_NMI (acpi_id[0x2d] high edge lint[0x1])
[    0.022088] ACPI: LAPIC_NMI (acpi_id[0x2e] high edge lint[0x1])
[    0.022088] ACPI: LAPIC_NMI (acpi_id[0x2f] high edge lint[0x1])
[    0.022089] ACPI: LAPIC_NMI (acpi_id[0x30] high edge lint[0x1])
[    0.022089] ACPI: LAPIC_NMI (acpi_id[0x31] high edge lint[0x1])
[    0.022090] ACPI: LAPIC_NMI (acpi_id[0x32] high edge lint[0x1])
[    0.022090] ACPI: LAPIC_NMI (acpi_id[0x33] high edge lint[0x1])
[    0.022090] ACPI: LAPIC_NMI (acpi_id[0x34] high edge lint[0x1])
[    0.022090] ACPI: LAPIC_NMI (acpi_id[0x35] high edge lint[0x1])
[    0.022091] ACPI: LAPIC_NMI (acpi_id[0x36] high edge lint[0x1])
[    0.022091] ACPI: LAPIC_NMI (acpi_id[0x37] high edge lint[0x1])
[    0.022091] ACPI: LAPIC_NMI (acpi_id[0x38] high edge lint[0x1])
[    0.022091] ACPI: LAPIC_NMI (acpi_id[0x39] high edge lint[0x1])
[    0.022091] ACPI: LAPIC_NMI (acpi_id[0x3a] high edge lint[0x1])
[    0.022091] ACPI: LAPIC_NMI (acpi_id[0x3b] high edge lint[0x1])
[    0.022091] ACPI: LAPIC_NMI (acpi_id[0x3c] high edge lint[0x1])
[    0.022091] ACPI: LAPIC_NMI (acpi_id[0x3d] high edge lint[0x1])
[    0.022092] ACPI: LAPIC_NMI (acpi_id[0x3e] high edge lint[0x1])
[    0.022092] ACPI: LAPIC_NMI (acpi_id[0x3f] high edge lint[0x1])
[    0.022092] ACPI: LAPIC_NMI (acpi_id[0x40] high edge lint[0x1])
[    0.022092] ACPI: LAPIC_NMI (acpi_id[0x41] high edge lint[0x1])
[    0.022092] ACPI: LAPIC_NMI (acpi_id[0x42] high edge lint[0x1])
[    0.022092] ACPI: LAPIC_NMI (acpi_id[0x43] high edge lint[0x1])
[    0.022092] ACPI: LAPIC_NMI (acpi_id[0x44] high edge lint[0x1])
[    0.022092] ACPI: LAPIC_NMI (acpi_id[0x45] high edge lint[0x1])
[    0.022092] ACPI: LAPIC_NMI (acpi_id[0x46] high edge lint[0x1])
[    0.022092] ACPI: LAPIC_NMI (acpi_id[0x47] high edge lint[0x1])
[    0.022092] ACPI: LAPIC_NMI (acpi_id[0x48] high edge lint[0x1])
[    0.022092] ACPI: LAPIC_NMI (acpi_id[0x49] high edge lint[0x1])
[    0.022092] ACPI: LAPIC_NMI (acpi_id[0x4a] high edge lint[0x1])
[    0.022092] ACPI: LAPIC_NMI (acpi_id[0x4b] high edge lint[0x1])
[    0.022092] ACPI: LAPIC_NMI (acpi_id[0x4c] high edge lint[0x1])
[    0.022092] ACPI: LAPIC_NMI (acpi_id[0x4d] high edge lint[0x1])
[    0.022092] ACPI: LAPIC_NMI (acpi_id[0x4e] high edge lint[0x1])
[    0.022092] ACPI: LAPIC_NMI (acpi_id[0x4f] high edge lint[0x1])
[    0.022092] ACPI: LAPIC_NMI (acpi_id[0x50] high edge lint[0x1])
[    0.022092] ACPI: LAPIC_NMI (acpi_id[0x51] high edge lint[0x1])
[    0.022092] ACPI: LAPIC_NMI (acpi_id[0x52] high edge lint[0x1])
[    0.022092] ACPI: LAPIC_NMI (acpi_id[0x53] high edge lint[0x1])
[    0.022092] ACPI: LAPIC_NMI (acpi_id[0x54] high edge lint[0x1])
[    0.022092] ACPI: LAPIC_NMI (acpi_id[0x55] high edge lint[0x1])
[    0.022092] ACPI: LAPIC_NMI (acpi_id[0x56] high edge lint[0x1])
[    0.022092] ACPI: LAPIC_NMI (acpi_id[0x57] high edge lint[0x1])
[    0.022092] ACPI: LAPIC_NMI (acpi_id[0x58] high edge lint[0x1])
[    0.022092] ACPI: LAPIC_NMI (acpi_id[0x59] high edge lint[0x1])
[    0.022092] ACPI: LAPIC_NMI (acpi_id[0x5a] high edge lint[0x1])
[    0.022092] ACPI: LAPIC_NMI (acpi_id[0x5b] high edge lint[0x1])
[    0.022092] ACPI: LAPIC_NMI (acpi_id[0x5c] high edge lint[0x1])
[    0.022092] ACPI: LAPIC_NMI (acpi_id[0x5d] high edge lint[0x1])
[    0.022092] ACPI: LAPIC_NMI (acpi_id[0x5e] high edge lint[0x1])
[    0.022092] ACPI: LAPIC_NMI (acpi_id[0x5f] high edge lint[0x1])
[    0.022092] ACPI: LAPIC_NMI (acpi_id[0x60] high edge lint[0x1])
[    0.022092] ACPI: LAPIC_NMI (acpi_id[0x61] high edge lint[0x1])
[    0.022092] ACPI: LAPIC_NMI (acpi_id[0x62] high edge lint[0x1])
[    0.022092] ACPI: LAPIC_NMI (acpi_id[0x63] high edge lint[0x1])
[    0.022092] ACPI: LAPIC_NMI (acpi_id[0x64] high edge lint[0x1])
[    0.022092] ACPI: LAPIC_NMI (acpi_id[0x65] high edge lint[0x1])
[    0.022092] ACPI: LAPIC_NMI (acpi_id[0x66] high edge lint[0x1])
[    0.022092] ACPI: LAPIC_NMI (acpi_id[0x67] high edge lint[0x1])
[    0.022092] ACPI: LAPIC_NMI (acpi_id[0x68] high edge lint[0x1])
[    0.022092] ACPI: LAPIC_NMI (acpi_id[0x69] high edge lint[0x1])
[    0.022092] ACPI: LAPIC_NMI (acpi_id[0x6a] high edge lint[0x1])
[    0.022092] ACPI: LAPIC_NMI (acpi_id[0x6b] high edge lint[0x1])
[    0.022092] ACPI: LAPIC_NMI (acpi_id[0x6c] high edge lint[0x1])
[    0.022092] ACPI: LAPIC_NMI (acpi_id[0x6d] high edge lint[0x1])
[    0.022092] ACPI: LAPIC_NMI (acpi_id[0x6e] high edge lint[0x1])
[    0.022092] ACPI: LAPIC_NMI (acpi_id[0x6f] high edge lint[0x1])
[    0.022092] ACPI: LAPIC_NMI (acpi_id[0x70] high edge lint[0x1])
[    0.022092] ACPI: LAPIC_NMI (acpi_id[0x71] high edge lint[0x1])
[    0.022092] ACPI: LAPIC_NMI (acpi_id[0x72] high edge lint[0x1])
[    0.022092] ACPI: LAPIC_NMI (acpi_id[0x73] high edge lint[0x1])
[    0.022092] ACPI: LAPIC_NMI (acpi_id[0x74] high edge lint[0x1])
[    0.022092] ACPI: LAPIC_NMI (acpi_id[0x75] high edge lint[0x1])
[    0.022092] ACPI: LAPIC_NMI (acpi_id[0x76] high edge lint[0x1])
[    0.022092] ACPI: LAPIC_NMI (acpi_id[0x77] high edge lint[0x1])
[    0.022092] ACPI: LAPIC_NMI (acpi_id[0x78] high edge lint[0x1])
[    0.022092] ACPI: LAPIC_NMI (acpi_id[0x79] high edge lint[0x1])
[    0.022092] ACPI: LAPIC_NMI (acpi_id[0x7a] high edge lint[0x1])
[    0.022092] ACPI: LAPIC_NMI (acpi_id[0x7b] high edge lint[0x1])
[    0.022092] ACPI: LAPIC_NMI (acpi_id[0x7c] high edge lint[0x1])
[    0.022092] ACPI: LAPIC_NMI (acpi_id[0x7d] high edge lint[0x1])
[    0.022092] ACPI: LAPIC_NMI (acpi_id[0x7e] high edge lint[0x1])
[    0.022092] ACPI: LAPIC_NMI (acpi_id[0x7f] high edge lint[0x1])
[    0.022092] IOAPIC[0]: apic_id 128, version 32, address 0xfec00000, GSI 0-23
[    0.022092] ACPI: INT_SRC_OVR (bus 0 bus_irq 0 global_irq 2 high edge)
[    0.022092] ACPI: Using ACPI (MADT) for SMP configuration information
[    0.022092] ACPI: HPET id: 0x8086af01 base: 0xfed00000
[    0.022092] CPU topo: Max. logical packages:   8
[    0.022092] CPU topo: Max. logical dies:       8
[    0.022092] CPU topo: Max. dies per package:   1
[    0.022092] CPU topo: Max. threads per core:   1
[    0.022092] CPU topo: Num. cores per package:    16
[    0.022092] CPU topo: Num. threads per package:  16
[    0.022092] CPU topo: Allowing 16 present CPUs plus 112 hotplug CPUs
[    0.022092] PM: hibernation: Registered nosave memory: [mem 0x00000000-0x00000fff]
[    0.022092] PM: hibernation: Registered nosave memory: [mem 0x0009e000-0x000fffff]
[    0.022092] PM: hibernation: Registered nosave memory: [mem 0xbfed0000-0xbfefffff]
[    0.022092] PM: hibernation: Registered nosave memory: [mem 0xc0000000-0xffffffff]
[    0.022092] [mem 0xc0000000-0xefffffff] available for PCI devices
[    0.022092] Booting paravirtualized kernel on VMware hypervisor
[    0.022092] clocksource: refined-jiffies: mask: 0xffffffff max_cycles: 0xffffffff, max_idle_ns: 1910969940391419 ns
[    0.022092] setup_percpu: NR_CPUS:8192 nr_cpumask_bits:128 nr_cpu_ids:128 nr_node_ids:1
[    0.022092] percpu: Embedded 88 pages/cpu s237568 r8192 d114688 u524288
[    0.022092] pcpu-alloc: s237568 r8192 d114688 u524288 alloc=1*2097152
[    0.022092] pcpu-alloc: [0] 000 001 002 003 [0] 004 005 006 007 
[    0.022092] pcpu-alloc: [0] 008 009 010 011 [0] 012 013 014 015 
[    0.022092] pcpu-alloc: [0] 016 017 018 019 [0] 020 021 022 023 
[    0.022092] pcpu-alloc: [0] 024 025 026 027 [0] 028 029 030 031 
[    0.022092] pcpu-alloc: [0] 032 033 034 035 [0] 036 037 038 039 
[    0.022092] pcpu-alloc: [0] 040 041 042 043 [0] 044 045 046 047 
[    0.022092] pcpu-alloc: [0] 048 049 050 051 [0] 052 053 054 055 
[    0.022092] pcpu-alloc: [0] 056 057 058 059 [0] 060 061 062 063 
[    0.022092] pcpu-alloc: [0] 064 065 066 067 [0] 068 069 070 071 
[    0.022092] pcpu-alloc: [0] 072 073 074 075 [0] 076 077 078 079 
[    0.022092] pcpu-alloc: [0] 080 081 082 083 [0] 084 085 086 087 
[    0.022092] pcpu-alloc: [0] 088 089 090 091 [0] 092 093 094 095 
[    0.022092] pcpu-alloc: [0] 096 097 098 099 [0] 100 101 102 103 
[    0.022092] pcpu-alloc: [0] 104 105 106 107 [0] 108 109 110 111 
[    0.022092] pcpu-alloc: [0] 112 113 114 115 [0] 116 117 118 119 
[    0.022092] pcpu-alloc: [0] 120 121 122 123 [0] 124 125 126 127 
[    0.022092] Kernel command line: BOOT_IMAGE=/boot/vmlinuz-6.14.0-33-generic root=UUID=1cbb8294-d9e9-4b18-9fce-6fa89d7fe721 ro
[    0.022092] Unknown kernel command line parameters "BOOT_IMAGE=/boot/vmlinuz-6.14.0-33-generic", will be passed to user space.
[    0.022092] random: crng init done
[    0.022092] printk: log_buf_len individual max cpu contribution: 4096 bytes
[    0.022092] printk: log_buf_len total cpu_extra contributions: 520192 bytes
[    0.022092] printk: log_buf_len min size: 262144 bytes
[    0.022092] printk: log buffer data + meta data: 1048576 + 3670016 = 4718592 bytes
[    0.022092] printk: early log buf free: 234008(89%)
[    0.022092] Dentry cache hash table entries: 4194304 (order: 13, 33554432 bytes, linear)
[    0.022092] Inode-cache hash table entries: 2097152 (order: 12, 16777216 bytes, linear)
[    0.022092] Fallback order for Node 0: 0 
[    0.022092] Built 1 zonelists, mobility grouping on.  Total pages: 8388461
[    0.022092] Policy zone: Normal
[    0.022092] mem auto-init: stack:all(zero), heap alloc:on, heap free:off
[    0.022092] software IO TLB: area num 128.
[    0.022092] SLUB: HWalign=64, Order=0-3, MinObjects=0, CPUs=128, Nodes=1
[    0.022092] ftrace: allocating 60626 entries in 237 pages
[    0.022092] ftrace: allocated 237 pages with 6 groups
[    0.022092] Dynamic Preempt: voluntary
[    0.022092] rcu: Preemptible hierarchical RCU implementation.
[    0.022092] rcu: 	RCU restricting CPUs from NR_CPUS=8192 to nr_cpu_ids=128.
[    0.022092] 	Trampoline variant of Tasks RCU enabled.
[    0.022092] 	Rude variant of Tasks RCU enabled.
[    0.022092] 	Tracing variant of Tasks RCU enabled.
[    0.022092] rcu: RCU calculated value of scheduler-enlistment delay is 100 jiffies.
[    0.022092] rcu: Adjusting geometry for rcu_fanout_leaf=16, nr_cpu_ids=128
[    0.022092] RCU Tasks: Setting shift to 7 and lim to 1 rcu_task_cb_adjust=1 rcu_task_cpu_ids=128.
[    0.022092] RCU Tasks Rude: Setting shift to 7 and lim to 1 rcu_task_cb_adjust=1 rcu_task_cpu_ids=128.
[    0.022092] RCU Tasks Trace: Setting shift to 7 and lim to 1 rcu_task_cb_adjust=1 rcu_task_cpu_ids=128.
[    0.022092] NR_IRQS: 524544, nr_irqs: 1448, preallocated irqs: 16
[    0.049692] rcu: srcu_init: Setting srcu_struct sizes to big.
[    0.057751] Console: colour VGA+ 80x25
[    0.057757] printk: legacy console [tty0] enabled
[    0.064114] ACPI: Core revision 20240827
[    0.076782] clocksource: hpet: mask: 0xffffffff max_cycles: 0xffffffff, max_idle_ns: 133484882848 ns
[    0.600733] APIC: Switch to symmetric I/O mode setup
[    0.602171] x2apic enabled
[    0.602526] APIC: Switched APIC routing to: physical x2apic
[    0.605205] ..TIMER: vector=0x30 apic1=0 pin1=2 apic2=-1 pin2=-1
[    0.605512] clocksource: tsc-early: mask: 0xffffffffffffffff max_cycles: 0x3ddd4885acc, max_idle_ns: 440795304854 ns
[    0.606478] Calibrating delay loop (skipped) preset value.. 8583.68 BogoMIPS (lpj=4291842)
[    0.608663] x86/cpu: User Mode Instruction Prevention (UMIP) activated
[    0.609615] unchecked MSR access error: RDMSR from 0x852 at rIP: 0xffffffff8f7c2757 (native_read_msr+0x7/0x50)
[    0.610484] Call Trace:
[    0.610631]  <TASK>
[    0.610765]  native_apic_msr_read+0x1b/0x60
[    0.611484]  setup_APIC_eilvt+0x46/0x1a0
[    0.611687]  mce_amd_feature_init+0x2ea/0x370
[    0.612484]  __mcheck_cpu_init_vendor+0x4e/0xd0
[    0.612714]  mcheck_cpu_init+0x17e/0x290
[    0.612915]  identify_cpu+0x384/0x6b0
[    0.613484]  identify_boot_cpu+0x10/0xd0
[    0.613687]  arch_cpu_finalize_init+0x19/0xc0
[    0.614484]  start_kernel+0x40d/0x4a0
[    0.614677]  x86_64_start_reservations+0x24/0x30
[    0.615484]  x86_64_start_kernel+0xf2/0x100
[    0.615696]  common_startup_64+0x13e/0x141
[    0.615904]  </TASK>
[    0.616485] LVT offset 2 assigned for vector 0xf4
[    0.616716] [Firmware Bug]: cpu 0, try to use APIC520 (LVT offset 2) for vector 0xf4, but the register is already in use for vector 0x0 on this cpu
[    0.617492] Last level iTLB entries: 4KB 64, 2MB 64, 4MB 32
[    0.618484] Last level dTLB entries: 4KB 128, 2MB 128, 4MB 64, 1GB 0
[    0.618779] Spectre V1 : Mitigation: usercopy/swapgs barriers and __user pointer sanitization
[    0.619485] Spectre V2 : Mitigation: Retpolines
[    0.620484] Spectre V2 : Spectre v2 / SpectreRSB: Filling RSB on context switch and VMEXIT
[    0.620858] Spectre V2 : mitigation: Enabling conditional Indirect Branch Prediction Barrier
[    0.621484] Speculative Store Bypass: Vulnerable
[    0.622484] Speculative Return Stack Overflow: IBPB-extending microcode not applied!
[    0.622836] Speculative Return Stack Overflow: WARNING: See https://kernel.org/doc/html/latest/admin-guide/hw-vuln/srso.html for mitigation options.
[    0.622839] Speculative Return Stack Overflow: Vulnerable: Safe RET, no microcode
[    0.624534] x86/fpu: Supporting XSAVE feature 0x001: 'x87 floating point registers'
[    0.625484] x86/fpu: Supporting XSAVE feature 0x002: 'SSE registers'
[    0.626484] x86/fpu: Supporting XSAVE feature 0x004: 'AVX registers'
[    0.626769] x86/fpu: Supporting XSAVE feature 0x020: 'AVX-512 opmask'
[    0.627484] x86/fpu: Supporting XSAVE feature 0x040: 'AVX-512 Hi256'
[    0.627769] x86/fpu: Supporting XSAVE feature 0x080: 'AVX-512 ZMM_Hi256'
[    0.628484] x86/fpu: xstate_offset[2]:  576, xstate_sizes[2]:  256
[    0.628764] x86/fpu: xstate_offset[5]:  832, xstate_sizes[5]:   64
[    0.629760] x86/fpu: xstate_offset[6]:  896, xstate_sizes[6]:  512
[    0.630484] x86/fpu: xstate_offset[7]: 1408, xstate_sizes[7]: 1024
[    0.630766] x86/fpu: Enabled xstate features 0xe7, context size is 2432 bytes, using 'compacted' format.
[    0.678618] Freeing SMP alternatives memory: 48K
[    0.678859] pid_max: default: 131072 minimum: 1024
[    0.679570] LSM: initializing lsm=lockdown,capability,landlock,yama,apparmor,ima,evm
[    0.680507] landlock: Up and running.
[    0.680698] Yama: becoming mindful.
[    0.681635] AppArmor: AppArmor initialized
[    0.683626] Mount-cache hash table entries: 65536 (order: 7, 524288 bytes, linear)
[    0.685609] Mountpoint-cache hash table entries: 65536 (order: 7, 524288 bytes, linear)
[    0.690473] smpboot: CPU0: AMD Ryzen 9 9950X 16-Core Processor (family: 0x1a, model: 0x44, stepping: 0x0)
[    0.691473] Performance Events: AMD PMU driver.
[    0.691487] ... version:                0
[    0.691662] ... bit width:              48
[    0.691836] ... generic registers:      4
[    0.692482] ... value mask:             0000ffffffffffff
[    0.692702] ... max period:             00007fffffffffff
[    0.692922] ... fixed-purpose events:   0
[    0.693093] ... event mask:             000000000000000f
[    0.693661] signal: max sigframe size: 3376
[    0.694034] rcu: Hierarchical SRCU implementation.
[    0.694237] rcu: 	Max phase no-delay instances is 400.
[    0.694627] Timer migration: 3 hierarchy levels; 8 children per group; 3 crossnode level
[    0.698503] NMI watchdog: Enabled. Permanently consumes one hw-PMU counter.
[    0.706429] smp: Bringing up secondary CPUs ...
[    0.707224] smpboot: x86: Booting SMP configuration:
[    0.707489] .... node  #0, CPUs:          #1   #2   #3   #4   #5   #6   #7   #8   #9  #10  #11  #12  #13  #14  #15
[    0.553603] [Firmware Bug]: cpu 1, try to use APIC520 (LVT offset 2) for vector 0xf4, but the register is already in use for vector 0x0 on this cpu
[    0.553603] [Firmware Bug]: cpu 2, try to use APIC520 (LVT offset 2) for vector 0xf4, but the register is already in use for vector 0x0 on this cpu
[    0.553603] [Firmware Bug]: cpu 3, try to use APIC520 (LVT offset 2) for vector 0xf4, but the register is already in use for vector 0x0 on this cpu
[    0.553603] [Firmware Bug]: cpu 4, try to use APIC520 (LVT offset 2) for vector 0xf4, but the register is already in use for vector 0x0 on this cpu
[    0.553603] [Firmware Bug]: cpu 5, try to use APIC520 (LVT offset 2) for vector 0xf4, but the register is already in use for vector 0x0 on this cpu
[    0.553603] [Firmware Bug]: cpu 6, try to use APIC520 (LVT offset 2) for vector 0xf4, but the register is already in use for vector 0x0 on this cpu
[    0.553603] [Firmware Bug]: cpu 7, try to use APIC520 (LVT offset 2) for vector 0xf4, but the register is already in use for vector 0x0 on this cpu
[    0.553603] [Firmware Bug]: cpu 8, try to use APIC520 (LVT offset 2) for vector 0xf4, but the register is already in use for vector 0x0 on this cpu
[    0.553603] [Firmware Bug]: cpu 9, try to use APIC520 (LVT offset 2) for vector 0xf4, but the register is already in use for vector 0x0 on this cpu
[    0.553603] [Firmware Bug]: cpu 10, try to use APIC520 (LVT offset 2) for vector 0xf4, but the register is already in use for vector 0x0 on this cpu
[    0.553603] [Firmware Bug]: cpu 11, try to use APIC520 (LVT offset 2) for vector 0xf4, but the register is already in use for vector 0x0 on this cpu
[    0.553603] [Firmware Bug]: cpu 12, try to use APIC520 (LVT offset 2) for vector 0xf4, but the register is already in use for vector 0x0 on this cpu
[    0.553603] [Firmware Bug]: cpu 13, try to use APIC520 (LVT offset 2) for vector 0xf4, but the register is already in use for vector 0x0 on this cpu
[    0.553603] [Firmware Bug]: cpu 14, try to use APIC520 (LVT offset 2) for vector 0xf4, but the register is already in use for vector 0x0 on this cpu
[    0.553603] [Firmware Bug]: cpu 15, try to use APIC520 (LVT offset 2) for vector 0xf4, but the register is already in use for vector 0x0 on this cpu
[    0.740086] smp: Brought up 1 node, 16 CPUs
[    0.748660] smpboot: Total of 16 processors activated (137338.94 BogoMIPS)
[    0.751266] Memory: 32694304K/33553844K available (21788K kernel code, 4575K rwdata, 15820K rodata, 5008K init, 4560K bss, 831544K reserved, 0K cma-reserved)
[    0.752706] devtmpfs: initialized
[    0.752941] x86/mm: Memory block size: 128MB
[    0.759537] ACPI: PM: Registering ACPI NVS region [mem 0xbfeff000-0xbfefffff] (4096 bytes)
[    0.760127] clocksource: jiffies: mask: 0xffffffff max_cycles: 0xffffffff, max_idle_ns: 1911260446275000 ns
[    0.763734] futex hash table entries: 32768 (order: 9, 2097152 bytes, linear)
[    0.764473] pinctrl core: initialized pinctrl subsystem
[    0.764734] PM: RTC time: 13:04:48, date: 2025-10-22
[    0.769073] NET: Registered PF_NETLINK/PF_ROUTE protocol family
[    0.775241] DMA: preallocated 4096 KiB GFP_KERNEL pool for atomic allocations
[    0.775615] DMA: preallocated 4096 KiB GFP_KERNEL|GFP_DMA pool for atomic allocations
[    0.776473] DMA: preallocated 4096 KiB GFP_KERNEL|GFP_DMA32 pool for atomic allocations
[    0.776504] audit: initializing netlink subsys (disabled)
[    0.777582] audit: type=2000 audit(1761138287.175:1): state=initialized audit_enabled=0 res=1
[    0.777924] thermal_sys: Registered thermal governor 'fair_share'
[    0.778031] thermal_sys: Registered thermal governor 'bang_bang'
[    0.778483] thermal_sys: Registered thermal governor 'step_wise'
[    0.778732] thermal_sys: Registered thermal governor 'user_space'
[    0.778979] thermal_sys: Registered thermal governor 'power_allocator'
[    0.779492] cpuidle: using governor ladder
[    0.779954] cpuidle: using governor menu
[    0.781562] Simple Boot Flag at 0x36 set to 0x80
[    0.783473] acpiphp: ACPI Hot Plug PCI Controller Driver version: 0.5
[    0.783827] PCI: ECAM [mem 0xf0000000-0xf7ffffff] (base 0xf0000000) for domain 0000 [bus 00-7f]
[    0.784198] PCI: Using configuration type 1 for base access
[    0.786602] kprobes: kprobe jump-optimization is enabled. All kprobes are optimized if possible.
[    0.788943] HugeTLB: registered 1.00 GiB page size, pre-allocated 0 pages
[    0.789483] HugeTLB: 16380 KiB vmemmap can be freed for a 1.00 GiB page
[    0.789754] HugeTLB: registered 2.00 MiB page size, pre-allocated 0 pages
[    0.790030] HugeTLB: 28 KiB vmemmap can be freed for a 2.00 MiB page
[    0.793473] ACPI: Added _OSI(Module Device)
[    0.793483] ACPI: Added _OSI(Processor Device)
[    0.793675] ACPI: Added _OSI(Processor Aggregator Device)
[    0.833369] ACPI: 1 ACPI AML tables successfully acquired and loaded
[    0.836796] ACPI: [Firmware Bug]: BIOS _OSI(Linux) query ignored
[    0.867953] ACPI: Interpreter enabled
[    0.868135] ACPI: PM: (supports S0 S1 S4 S5)
[    0.868317] ACPI: Using IOAPIC for interrupt routing
[    0.872501] PCI: Using host bridge windows from ACPI; if necessary, use "pci=nocrs" and report a bug
[    0.872880] PCI: Using E820 reservations for host bridge windows
[    0.875417] ACPI: Enabled 4 GPEs in block 00 to 0F
[    1.160429] ACPI: PCI Root Bridge [PCI0] (domain 0000 [bus 00-7f])
[    1.160488] acpi PNP0A03:00: _OSC: OS supports [ExtendedConfig ASPM ClockPM Segments MSI EDR HPX-Type3]
[    1.160989] acpi PNP0A03:00: _OSC: platform does not support [AER LTR DPC]
[    1.161746] acpi PNP0A03:00: _OSC: OS now controls [PCIeHotplug SHPCHotplug PME PCIeCapability]
[    1.165087] PCI host bridge to bus 0000:00
[    1.165274] pci_bus 0000:00: root bus resource [mem 0x000a0000-0x000bffff window]
[    1.165483] pci_bus 0000:00: root bus resource [mem 0x000d0000-0x000dbfff window]
[    1.165793] pci_bus 0000:00: root bus resource [mem 0xc0000000-0xfebfffff window]
[    1.166103] pci_bus 0000:00: root bus resource [io  0x0000-0x0cf7 window]
[    1.166483] pci_bus 0000:00: root bus resource [io  0x0d00-0xfeff window]
[    1.166766] pci_bus 0000:00: root bus resource [bus 00-7f]
[    1.167060] pci 0000:00:00.0: [8086:7190] type 00 class 0x060000 conventional PCI endpoint
[    1.167947] pci 0000:00:01.0: [8086:7191] type 01 class 0x060400 conventional PCI bridge
[    1.168623] pci 0000:00:01.0: PCI bridge to [bus 01]
[    1.172894] pci 0000:00:07.0: [8086:7110] type 00 class 0x060100 conventional PCI endpoint
[    1.174482] pci 0000:00:07.1: [8086:7111] type 00 class 0x01018a conventional PCI endpoint
[    1.175347] pci 0000:00:07.1: BAR 4 [io  0x1060-0x106f]
[    1.176509] pci 0000:00:07.1: BAR 0 [io  0x01f0-0x01f7]: legacy IDE quirk
[    1.176786] pci 0000:00:07.1: BAR 1 [io  0x03f6]: legacy IDE quirk
[    1.177038] pci 0000:00:07.1: BAR 2 [io  0x0170-0x0177]: legacy IDE quirk
[    1.177313] pci 0000:00:07.1: BAR 3 [io  0x0376]: legacy IDE quirk
[    1.177645] pci 0000:00:07.3: [8086:7113] type 00 class 0x068000 conventional PCI endpoint
[    1.178783] pci 0000:00:07.3: quirk: [io  0x1000-0x103f] claimed by PIIX4 ACPI
[    1.179091] pci 0000:00:07.3: quirk: [io  0x1040-0x104f] claimed by PIIX4 SMB
[    1.179091] pci 0000:00:07.7: [15ad:0740] type 00 class 0x088000 conventional PCI endpoint
[    1.180878] pci 0000:00:07.7: BAR 0 [io  0x1080-0x10bf]
[    1.181120] pci 0000:00:07.7: BAR 1 [mem 0xfebc0000-0xfebfffff 64bit]
[    1.186778] pci 0000:00:0f.0: [15ad:0405] type 00 class 0x030000 conventional PCI endpoint
[    1.188159] pci 0000:00:0f.0: BAR 0 [io  0x1070-0x107f]
[    1.188400] pci 0000:00:0f.0: BAR 1 [mem 0xe8000000-0xefffffff pref]
[    1.189489] pci 0000:00:0f.0: BAR 2 [mem 0xfe000000-0xfe7fffff]
[    1.189506] pci 0000:00:0f.0: ROM [mem 0x00000000-0x00007fff pref]
[    1.189797] pci 0000:00:0f.0: Video device with shadowed ROM at [mem 0x000c0000-0x000dffff]
[    1.190396] pci 0000:00:10.0: [1000:0030] type 00 class 0x010000 conventional PCI endpoint
[    1.192229] pci 0000:00:10.0: BAR 0 [io  0x1400-0x14ff]
[    1.192496] pci 0000:00:10.0: BAR 1 [mem 0xfeb80000-0xfeb9ffff 64bit]
[    1.192771] pci 0000:00:10.0: BAR 3 [mem 0xfeba0000-0xfebbffff 64bit]
[    1.193044] pci 0000:00:10.0: ROM [mem 0x00000000-0x00003fff pref]
[    1.193044] pci 0000:00:11.0: [15ad:0790] type 01 class 0x060401 conventional PCI bridge
[    1.193603] pci 0000:00:11.0: PCI bridge to [bus 02] (subtractive decode)
[    1.193896] pci 0000:00:11.0:   bridge window [io  0x2000-0x3fff]
[    1.194158] pci 0000:00:11.0:   bridge window [mem 0xfd500000-0xfdffffff]
[    1.194473] pci 0000:00:11.0:   bridge window [mem 0xe7b00000-0xe7ffffff 64bit pref]
[    1.197675] pci 0000:00:15.0: [15ad:07a0] type 01 class 0x060400 PCIe Root Port
[    1.198117] pci 0000:00:15.0: PCI bridge to [bus 03]
[    1.198337] pci 0000:00:15.0:   bridge window [io  0x4000-0x4fff]
[    1.198496] pci 0000:00:15.0:   bridge window [mem 0xfd400000-0xfd4fffff]
[    1.198833] pci 0000:00:15.0:   bridge window [mem 0xe7a00000-0xe7afffff 64bit pref]
[    1.199526] pci 0000:00:15.0: PME# supported from D0 D3hot D3cold
[    1.200165] pci 0000:00:15.1: [15ad:07a0] type 01 class 0x060400 PCIe Root Port
[    1.200631] pci 0000:00:15.1: PCI bridge to [bus 04]
[    1.200857] pci 0000:00:15.1:   bridge window [io  0x8000-0x8fff]
[    1.201117] pci 0000:00:15.1:   bridge window [mem 0xfd000000-0xfd0fffff]
[    1.201444] pci 0000:00:15.1:   bridge window [mem 0xe7600000-0xe76fffff 64bit pref]
[    1.202770] pci 0000:00:15.1: PME# supported from D0 D3hot D3cold
[    1.202770] pci 0000:00:15.2: [15ad:07a0] type 01 class 0x060400 PCIe Root Port
[    1.203125] pci 0000:00:15.2: PCI bridge to [bus 05]
[    1.203345] pci 0000:00:15.2:   bridge window [io  0xc000-0xcfff]
[    1.203496] pci 0000:00:15.2:   bridge window [mem 0xfcc00000-0xfccfffff]
[    1.203823] pci 0000:00:15.2:   bridge window [mem 0xe7200000-0xe72fffff 64bit pref]
[    1.204544] pci 0000:00:15.2: PME# supported from D0 D3hot D3cold
[    1.205647] pci 0000:00:15.3: [15ad:07a0] type 01 class 0x060400 PCIe Root Port
[    1.206100] pci 0000:00:15.3: PCI bridge to [bus 06]
[    1.206339] pci 0000:00:15.3:   bridge window [mem 0xfc800000-0xfc8fffff]
[    1.206537] pci 0000:00:15.3:   bridge window [mem 0xe6e00000-0xe6efffff 64bit pref]
[    1.207149] pci 0000:00:15.3: PME# supported from D0 D3hot D3cold
[    1.208473] pci 0000:00:15.4: [15ad:07a0] type 01 class 0x060400 PCIe Root Port
[    1.208473] pci 0000:00:15.4: PCI bridge to [bus 07]
[    1.208473] pci 0000:00:15.4:   bridge window [mem 0xfc400000-0xfc4fffff]
[    1.209534] pci 0000:00:15.4:   bridge window [mem 0xe6a00000-0xe6afffff 64bit pref]
[    1.209769] pci 0000:00:15.4: PME# supported from D0 D3hot D3cold
[    1.210345] pci 0000:00:15.5: [15ad:07a0] type 01 class 0x060400 PCIe Root Port
[    1.210617] pci 0000:00:15.5: PCI bridge to [bus 08]
[    1.210849] pci 0000:00:15.5:   bridge window [mem 0xfc000000-0xfc0fffff]
[    1.211177] pci 0000:00:15.5:   bridge window [mem 0xe6600000-0xe66fffff 64bit pref]
[    1.212770] pci 0000:00:15.5: PME# supported from D0 D3hot D3cold
[    1.212770] pci 0000:00:15.6: [15ad:07a0] type 01 class 0x060400 PCIe Root Port
[    1.213064] pci 0000:00:15.6: PCI bridge to [bus 09]
[    1.213296] pci 0000:00:15.6:   bridge window [mem 0xfbc00000-0xfbcfffff]
[    1.213538] pci 0000:00:15.6:   bridge window [mem 0xe6200000-0xe62fffff 64bit pref]
[    1.214148] pci 0000:00:15.6: PME# supported from D0 D3hot D3cold
[    1.214692] pci 0000:00:15.7: [15ad:07a0] type 01 class 0x060400 PCIe Root Port
[    1.215129] pci 0000:00:15.7: PCI bridge to [bus 0a]
[    1.215360] pci 0000:00:15.7:   bridge window [mem 0xfb800000-0xfb8fffff]
[    1.216536] pci 0000:00:15.7:   bridge window [mem 0xe5e00000-0xe5efffff 64bit pref]
[    1.217143] pci 0000:00:15.7: PME# supported from D0 D3hot D3cold
[    1.217473] pci 0000:00:16.0: [15ad:07a0] type 01 class 0x060400 PCIe Root Port
[    1.217617] pci 0000:00:16.0: PCI bridge to [bus 0b]
[    1.217837] pci 0000:00:16.0:   bridge window [io  0x5000-0x5fff]
[    1.218494] pci 0000:00:16.0:   bridge window [mem 0xfd300000-0xfd3fffff]
[    1.218539] pci 0000:00:16.0:   bridge window [mem 0xe7900000-0xe79fffff 64bit pref]
[    1.219149] pci 0000:00:16.0: PME# supported from D0 D3hot D3cold
[    1.219778] pci 0000:00:16.1: [15ad:07a0] type 01 class 0x060400 PCIe Root Port
[    1.220219] pci 0000:00:16.1: PCI bridge to [bus 0c]
[    1.220440] pci 0000:00:16.1:   bridge window [io  0x9000-0x9fff]
[    1.220473] pci 0000:00:16.1:   bridge window [mem 0xfcf00000-0xfcffffff]
[    1.220473] pci 0000:00:16.1:   bridge window [mem 0xe7500000-0xe75fffff 64bit pref]
[    1.220790] pci 0000:00:16.1: PME# supported from D0 D3hot D3cold
[    1.221393] pci 0000:00:16.2: [15ad:07a0] type 01 class 0x060400 PCIe Root Port
[    1.221619] pci 0000:00:16.2: PCI bridge to [bus 0d]
[    1.221843] pci 0000:00:16.2:   bridge window [io  0xd000-0xdfff]
[    1.222105] pci 0000:00:16.2:   bridge window [mem 0xfcb00000-0xfcbfffff]
[    1.222534] pci 0000:00:16.2:   bridge window [mem 0xe7100000-0xe71fffff 64bit pref]
[    1.223146] pci 0000:00:16.2: PME# supported from D0 D3hot D3cold
[    1.224473] pci 0000:00:16.3: [15ad:07a0] type 01 class 0x060400 PCIe Root Port
[    1.224473] pci 0000:00:16.3: PCI bridge to [bus 0e]
[    1.224508] pci 0000:00:16.3:   bridge window [mem 0xfc700000-0xfc7fffff]
[    1.224843] pci 0000:00:16.3:   bridge window [mem 0xe6d00000-0xe6dfffff 64bit pref]
[    1.225771] pci 0000:00:16.3: PME# supported from D0 D3hot D3cold
[    1.226551] pci 0000:00:16.4: [15ad:07a0] type 01 class 0x060400 PCIe Root Port
[    1.226991] pci 0000:00:16.4: PCI bridge to [bus 0f]
[    1.227224] pci 0000:00:16.4:   bridge window [mem 0xfc300000-0xfc3fffff]
[    1.227511] pci 0000:00:16.4:   bridge window [mem 0xe6900000-0xe69fffff 64bit pref]
[    1.228134] pci 0000:00:16.4: PME# supported from D0 D3hot D3cold
[    1.228758] pci 0000:00:16.5: [15ad:07a0] type 01 class 0x060400 PCIe Root Port
[    1.229197] pci 0000:00:16.5: PCI bridge to [bus 10]
[    1.229432] pci 0000:00:16.5:   bridge window [mem 0xfbf00000-0xfbffffff]
[    1.230535] pci 0000:00:16.5:   bridge window [mem 0xe6500000-0xe65fffff 64bit pref]
[    1.231142] pci 0000:00:16.5: PME# supported from D0 D3hot D3cold
[    1.231812] pci 0000:00:16.6: [15ad:07a0] type 01 class 0x060400 PCIe Root Port
[    1.232252] pci 0000:00:16.6: PCI bridge to [bus 11]
[    1.232252] pci 0000:00:16.6:   bridge window [mem 0xfbb00000-0xfbbfffff]
[    1.232252] pci 0000:00:16.6:   bridge window [mem 0xe6100000-0xe61fffff 64bit pref]
[    1.232558] pci 0000:00:16.6: PME# supported from D0 D3hot D3cold
[    1.233157] pci 0000:00:16.7: [15ad:07a0] type 01 class 0x060400 PCIe Root Port
[    1.233540] pci 0000:00:16.7: PCI bridge to [bus 12]
[    1.233775] pci 0000:00:16.7:   bridge window [mem 0xfb700000-0xfb7fffff]
[    1.234103] pci 0000:00:16.7:   bridge window [mem 0xe5d00000-0xe5dfffff 64bit pref]
[    1.234741] pci 0000:00:16.7: PME# supported from D0 D3hot D3cold
[    1.235315] pci 0000:00:17.0: [15ad:07a0] type 01 class 0x060400 PCIe Root Port
[    1.236619] pci 0000:00:17.0: PCI bridge to [bus 13]
[    1.236840] pci 0000:00:17.0:   bridge window [io  0x6000-0x6fff]
[    1.237103] pci 0000:00:17.0:   bridge window [mem 0xfd200000-0xfd2fffff]
[    1.237103] pci 0000:00:17.0:   bridge window [mem 0xe7800000-0xe78fffff 64bit pref]
[    1.237151] pci 0000:00:17.0: PME# supported from D0 D3hot D3cold
[    1.237663] pci 0000:00:17.1: [15ad:07a0] type 01 class 0x060400 PCIe Root Port
[    1.238582] pci 0000:00:17.1: PCI bridge to [bus 14]
[    1.238807] pci 0000:00:17.1:   bridge window [io  0xa000-0xafff]
[    1.239069] pci 0000:00:17.1:   bridge window [mem 0xfce00000-0xfcefffff]
[    1.239397] pci 0000:00:17.1:   bridge window [mem 0xe7400000-0xe74fffff 64bit pref]
[    1.240773] pci 0000:00:17.1: PME# supported from D0 D3hot D3cold
[    1.241473] pci 0000:00:17.2: [15ad:07a0] type 01 class 0x060400 PCIe Root Port
[    1.241473] pci 0000:00:17.2: PCI bridge to [bus 15]
[    1.242495] pci 0000:00:17.2:   bridge window [io  0xe000-0xefff]
[    1.242495] pci 0000:00:17.2:   bridge window [mem 0xfca00000-0xfcafffff]
[    1.242822] pci 0000:00:17.2:   bridge window [mem 0xe7000000-0xe70fffff 64bit pref]
[    1.243558] pci 0000:00:17.2: PME# supported from D0 D3hot D3cold
[    1.244151] pci 0000:00:17.3: [15ad:07a0] type 01 class 0x060400 PCIe Root Port
[    1.244629] pci 0000:00:17.3: PCI bridge to [bus 16]
[    1.244861] pci 0000:00:17.3:   bridge window [mem 0xfc600000-0xfc6fffff]
[    1.245189] pci 0000:00:17.3:   bridge window [mem 0xe6c00000-0xe6cfffff 64bit pref]
[    1.245775] pci 0000:00:17.3: PME# supported from D0 D3hot D3cold
[    1.246354] pci 0000:00:17.4: [15ad:07a0] type 01 class 0x060400 PCIe Root Port
[    1.247617] pci 0000:00:17.4: PCI bridge to [bus 17]
[    1.247850] pci 0000:00:17.4:   bridge window [mem 0xfc200000-0xfc2fffff]
[    1.248177] pci 0000:00:17.4:   bridge window [mem 0xe6800000-0xe68fffff 64bit pref]
[    1.248177] pci 0000:00:17.4: PME# supported from D0 D3hot D3cold
[    1.248510] pci 0000:00:17.5: [15ad:07a0] type 01 class 0x060400 PCIe Root Port
[    1.248955] pci 0000:00:17.5: PCI bridge to [bus 18]
[    1.249187] pci 0000:00:17.5:   bridge window [mem 0xfbe00000-0xfbefffff]
[    1.249541] pci 0000:00:17.5:   bridge window [mem 0xe6400000-0xe64fffff 64bit pref]
[    1.250152] pci 0000:00:17.5: PME# supported from D0 D3hot D3cold
[    1.250764] pci 0000:00:17.6: [15ad:07a0] type 01 class 0x060400 PCIe Root Port
[    1.251201] pci 0000:00:17.6: PCI bridge to [bus 19]
[    1.251433] pci 0000:00:17.6:   bridge window [mem 0xfba00000-0xfbafffff]
[    1.252534] pci 0000:00:17.6:   bridge window [mem 0xe6000000-0xe60fffff 64bit pref]
[    1.252736] pci 0000:00:17.6: PME# supported from D0 D3hot D3cold
[    1.253319] pci 0000:00:17.7: [15ad:07a0] type 01 class 0x060400 PCIe Root Port
[    1.253623] pci 0000:00:17.7: PCI bridge to [bus 1a]
[    1.253856] pci 0000:00:17.7:   bridge window [mem 0xfb600000-0xfb6fffff]
[    1.254188] pci 0000:00:17.7:   bridge window [mem 0xe5c00000-0xe5cfffff 64bit pref]
[    1.254742] pci 0000:00:17.7: PME# supported from D0 D3hot D3cold
[    1.255331] pci 0000:00:18.0: [15ad:07a0] type 01 class 0x060400 PCIe Root Port
[    1.256617] pci 0000:00:18.0: PCI bridge to [bus 1b]
[    1.256838] pci 0000:00:18.0:   bridge window [io  0x7000-0x7fff]
[    1.257101] pci 0000:00:18.0:   bridge window [mem 0xfd100000-0xfd1fffff]
[    1.257101] pci 0000:00:18.0:   bridge window [mem 0xe7700000-0xe77fffff 64bit pref]
[    1.257154] pci 0000:00:18.0: PME# supported from D0 D3hot D3cold
[    1.258473] pci 0000:00:18.1: [15ad:07a0] type 01 class 0x060400 PCIe Root Port
[    1.258613] pci 0000:00:18.1: PCI bridge to [bus 1c]
[    1.258833] pci 0000:00:18.1:   bridge window [io  0xb000-0xbfff]
[    1.259100] pci 0000:00:18.1:   bridge window [mem 0xfcd00000-0xfcdfffff]
[    1.259427] pci 0000:00:18.1:   bridge window [mem 0xe7300000-0xe73fffff 64bit pref]
[    1.260770] pci 0000:00:18.1: PME# supported from D0 D3hot D3cold
[    1.260770] pci 0000:00:18.2: [15ad:07a0] type 01 class 0x060400 PCIe Root Port
[    1.261550] pci 0000:00:18.2: PCI bridge to [bus 1d]
[    1.261784] pci 0000:00:18.2:   bridge window [mem 0xfc900000-0xfc9fffff]
[    1.262112] pci 0000:00:18.2:   bridge window [mem 0xe6f00000-0xe6ffffff 64bit pref]
[    1.262698] pci 0000:00:18.2: PME# supported from D0 D3hot D3cold
[    1.263273] pci 0000:00:18.3: [15ad:07a0] type 01 class 0x060400 PCIe Root Port
[    1.263621] pci 0000:00:18.3: PCI bridge to [bus 1e]
[    1.263854] pci 0000:00:18.3:   bridge window [mem 0xfc500000-0xfc5fffff]
[    1.264181] pci 0000:00:18.3:   bridge window [mem 0xe6b00000-0xe6bfffff 64bit pref]
[    1.264775] pci 0000:00:18.3: PME# supported from D0 D3hot D3cold
[    1.265360] pci 0000:00:18.4: [15ad:07a0] type 01 class 0x060400 PCIe Root Port
[    1.266618] pci 0000:00:18.4: PCI bridge to [bus 1f]
[    1.266849] pci 0000:00:18.4:   bridge window [mem 0xfc100000-0xfc1fffff]
[    1.267177] pci 0000:00:18.4:   bridge window [mem 0xe6700000-0xe67fffff 64bit pref]
[    1.267775] pci 0000:00:18.4: PME# supported from D0 D3hot D3cold
[    1.267775] pci 0000:00:18.5: [15ad:07a0] type 01 class 0x060400 PCIe Root Port
[    1.268061] pci 0000:00:18.5: PCI bridge to [bus 20]
[    1.268292] pci 0000:00:18.5:   bridge window [mem 0xfbd00000-0xfbdfffff]
[    1.269534] pci 0000:00:18.5:   bridge window [mem 0xe6300000-0xe63fffff 64bit pref]
[    1.270142] pci 0000:00:18.5: PME# supported from D0 D3hot D3cold
[    1.270846] pci 0000:00:18.6: [15ad:07a0] type 01 class 0x060400 PCIe Root Port
[    1.271291] pci 0000:00:18.6: PCI bridge to [bus 21]
[    1.271473] pci 0000:00:18.6:   bridge window [mem 0xfb900000-0xfb9fffff]
[    1.271473] pci 0000:00:18.6:   bridge window [mem 0xe5f00000-0xe5ffffff 64bit pref]
[    1.272772] pci 0000:00:18.6: PME# supported from D0 D3hot D3cold
[    1.272772] pci 0000:00:18.7: [15ad:07a0] type 01 class 0x060400 PCIe Root Port
[    1.272952] pci 0000:00:18.7: PCI bridge to [bus 22]
[    1.273182] pci 0000:00:18.7:   bridge window [mem 0xfb500000-0xfb5fffff]
[    1.273517] pci 0000:00:18.7:   bridge window [mem 0xe5b00000-0xe5bfffff 64bit pref]
[    1.274126] pci 0000:00:18.7: PME# supported from D0 D3hot D3cold
[    1.280640] pci_bus 0000:01: extended config space not accessible
[    1.307937] pci 0000:00:01.0: PCI bridge to [bus 01]
[    1.308273] pci_bus 0000:02: extended config space not accessible
[    1.309473] acpiphp: Slot [32] registered
[    1.309510] acpiphp: Slot [33] registered
[    1.309706] acpiphp: Slot [34] registered
[    1.309892] acpiphp: Slot [35] registered
[    1.310078] acpiphp: Slot [36] registered
[    1.310264] acpiphp: Slot [37] registered
[    1.310497] acpiphp: Slot [38] registered
[    1.310687] acpiphp: Slot [39] registered
[    1.310882] acpiphp: Slot [40] registered
[    1.311068] acpiphp: Slot [41] registered
[    1.311254] acpiphp: Slot [42] registered
[    1.311440] acpiphp: Slot [43] registered
[    1.312497] acpiphp: Slot [44] registered
[    1.312688] acpiphp: Slot [45] registered
[    1.312874] acpiphp: Slot [46] registered
[    1.312874] acpiphp: Slot [47] registered
[    1.312874] acpiphp: Slot [48] registered
[    1.312878] acpiphp: Slot [49] registered
[    1.313066] acpiphp: Slot [50] registered
[    1.313252] acpiphp: Slot [51] registered
[    1.313497] acpiphp: Slot [52] registered
[    1.313692] acpiphp: Slot [53] registered
[    1.313877] acpiphp: Slot [54] registered
[    1.314072] acpiphp: Slot [55] registered
[    1.314258] acpiphp: Slot [56] registered
[    1.314487] acpiphp: Slot [57] registered
[    1.314680] acpiphp: Slot [58] registered
[    1.314865] acpiphp: Slot [59] registered
[    1.315051] acpiphp: Slot [60] registered
[    1.315237] acpiphp: Slot [61] registered
[    1.315422] acpiphp: Slot [62] registered
[    1.315505] acpiphp: Slot [63] registered
[    1.315721] pci 0000:02:00.0: [15ad:0774] type 00 class 0x0c0300 conventional PCI endpoint
[    1.316693] pci 0000:02:00.0: BAR 4 [io  0x2080-0x209f]
[    1.317841] pci 0000:02:01.0: [8086:100f] type 00 class 0x020000 conventional PCI endpoint
[    1.319103] pci 0000:02:01.0: BAR 0 [mem 0xfd5c0000-0xfd5dffff 64bit]
[    1.319396] pci 0000:02:01.0: BAR 2 [mem 0xfdff0000-0xfdffffff 64bit]
[    1.320490] pci 0000:02:01.0: BAR 4 [io  0x2000-0x203f]
[    1.320719] pci 0000:02:01.0: ROM [mem 0x00000000-0x0000ffff pref]
[    1.321151] pci 0000:02:01.0: PME# supported from D0 D3hot D3cold
[    1.322179] pci 0000:02:02.0: [1274:1371] type 00 class 0x040100 conventional PCI endpoint
[    1.322920] pci 0000:02:02.0: BAR 0 [io  0x2040-0x207f]
[    1.323234] pci 0000:02:03.0: [15ad:0770] type 00 class 0x0c0320 conventional PCI endpoint
[    1.325517] pci 0000:02:03.0: BAR 0 [mem 0xfd5ef000-0xfd5effff]
[    1.326473] pci 0000:02:04.0: [15ad:07e0] type 00 class 0x010601 conventional PCI endpoint
[    1.327890] pci 0000:02:04.0: BAR 5 [mem 0xfd5ee000-0xfd5eefff]
[    1.328150] pci 0000:02:04.0: ROM [mem 0x00000000-0x0000ffff pref]
[    1.328668] pci 0000:02:04.0: PME# supported from D3hot
[    1.352304] pci 0000:00:11.0: PCI bridge to [bus 02] (subtractive decode)
[    1.353543] pci 0000:00:11.0:   bridge window [mem 0x000a0000-0x000bffff window] (subtractive decode)
[    1.353916] pci 0000:00:11.0:   bridge window [mem 0x000d0000-0x000dbfff window] (subtractive decode)
[    1.354287] pci 0000:00:11.0:   bridge window [mem 0xc0000000-0xfebfffff window] (subtractive decode)
[    1.354482] pci 0000:00:11.0:   bridge window [io  0x0000-0x0cf7 window] (subtractive decode)
[    1.354831] pci 0000:00:11.0:   bridge window [io  0x0d00-0xfeff window] (subtractive decode)
[    1.355849] pci 0000:00:15.0: PCI bridge to [bus 03]
[    1.356930] pci 0000:00:15.1: PCI bridge to [bus 04]
[    1.358199] pci 0000:00:15.2: PCI bridge to [bus 05]
[    1.359449] pci 0000:00:15.3: PCI bridge to [bus 06]
[    1.361037] pci 0000:00:15.4: PCI bridge to [bus 07]
[    1.362806] pci 0000:00:15.5: PCI bridge to [bus 08]
[    1.364002] pci 0000:00:15.6: PCI bridge to [bus 09]
[    1.365175] pci 0000:00:15.7: PCI bridge to [bus 0a]
[    1.366441] pci 0000:00:16.0: PCI bridge to [bus 0b]
[    1.367547] pci 0000:00:16.1: PCI bridge to [bus 0c]
[    1.368751] pci 0000:00:16.2: PCI bridge to [bus 0d]
[    1.370000] pci 0000:00:16.3: PCI bridge to [bus 0e]
[    1.371644] pci 0000:00:16.4: PCI bridge to [bus 0f]
[    1.372843] pci 0000:00:16.5: PCI bridge to [bus 10]
[    1.374135] pci 0000:00:16.6: PCI bridge to [bus 11]
[    1.375909] pci 0000:00:16.7: PCI bridge to [bus 12]
[    1.377473] pci 0000:00:17.0: PCI bridge to [bus 13]
[    1.378712] pci 0000:00:17.1: PCI bridge to [bus 14]
[    1.379962] pci 0000:00:17.2: PCI bridge to [bus 15]
[    1.381009] pci 0000:00:17.3: PCI bridge to [bus 16]
[    1.382296] pci 0000:00:17.4: PCI bridge to [bus 17]
[    1.383936] pci 0000:00:17.5: PCI bridge to [bus 18]
[    1.385190] pci 0000:00:17.6: PCI bridge to [bus 19]
[    1.386362] pci 0000:00:17.7: PCI bridge to [bus 1a]
[    1.387578] pci 0000:00:18.0: PCI bridge to [bus 1b]
[    1.388813] pci 0000:00:18.1: PCI bridge to [bus 1c]
[    1.389988] pci 0000:00:18.2: PCI bridge to [bus 1d]
[    1.391237] pci 0000:00:18.3: PCI bridge to [bus 1e]
[    1.392874] pci 0000:00:18.4: PCI bridge to [bus 1f]
[    1.394473] pci 0000:00:18.5: PCI bridge to [bus 20]
[    1.395358] pci 0000:00:18.6: PCI bridge to [bus 21]
[    1.396990] pci 0000:00:18.7: PCI bridge to [bus 22]
[    1.398581] ACPI: PCI: Interrupt link LNKA configured for IRQ 9
[    1.398902] ACPI: PCI: Interrupt link LNKB configured for IRQ 11
[    1.399211] ACPI: PCI: Interrupt link LNKC configured for IRQ 10
[    1.399540] ACPI: PCI: Interrupt link LNKD configured for IRQ 7
[    1.448565] iommu: Default domain type: Translated
[    1.448729] iommu: DMA domain TLB invalidation policy: lazy mode
[    1.449156] SCSI subsystem initialized
[    1.450607] libata version 3.00 loaded.
[    1.450642] ACPI: bus type USB registered
[    1.450845] usbcore: registered new interface driver usbfs
[    1.451076] usbcore: registered new interface driver hub
[    1.451076] usbcore: registered new device driver usb
[    1.451076] pps_core: LinuxPPS API ver. 1 registered
[    1.451084] pps_core: Software ver. 5.3.6 - Copyright 2005-2007 Rodolfo Giometti <giometti@linux.it>
[    1.451513] PTP clock support registered
[    1.452750] EDAC MC: Ver: 3.0.0
[    1.456051] NetLabel: Initializing
[    1.456210] NetLabel:  domain hash size = 128
[    1.456394] NetLabel:  protocols = UNLABELED CIPSOv4 CALIPSO
[    1.457623] NetLabel:  unlabeled traffic allowed by default
[    1.457881] mctp: management component transport protocol core
[    1.457881] NET: Registered PF_MCTP protocol family
[    1.458508] PCI: Using ACPI for IRQ routing
[    1.585004] PCI: pci_cache_line_size set to 64 bytes
[    1.585605] e820: reserve RAM buffer [mem 0x0009e800-0x0009ffff]
[    1.585611] e820: reserve RAM buffer [mem 0xbfed0000-0xbfffffff]
[    1.585659] pci 0000:00:0f.0: vgaarb: setting as boot VGA device
[    1.585766] pci 0000:00:0f.0: vgaarb: bridge control possible
[    1.586003] pci 0000:00:0f.0: vgaarb: VGA device added: decodes=io+mem,owns=io+mem,locks=none
[    1.586487] vgaarb: loaded
[    1.586640] hpet0: at MMIO 0xfed00000, IRQs 2, 8, 0, 0, 0, 0, 0, 0, 0, 0, 0, 0, 0, 0, 0, 0
[    1.586962] hpet0: 16 comparators, 64-bit 14.318180 MHz counter
[    1.590535] clocksource: Switched to clocksource tsc-early
[    1.592575] VFS: Disk quotas dquot_6.6.0
[    1.592767] VFS: Dquot-cache hash table entries: 512 (order 0, 4096 bytes)
[    1.594471] AppArmor: AppArmor Filesystem Enabled
[    1.594745] pnp: PnP ACPI init
[    1.595181] system 00:00: [io  0x1000-0x103f] has been reserved
[    1.595436] system 00:00: [io  0x1040-0x104f] has been reserved
[    1.595683] system 00:00: [io  0x0cf0-0x0cf1] has been reserved
[    1.596248] system 00:04: [mem 0xfed00000-0xfed003ff] has been reserved
[    1.598409] pnp 00:05: [dma 2]
[    1.599090] system 00:06: [io  0xfce0-0xfcff] has been reserved
[    1.599090] system 00:06: [mem 0xf0000000-0xf7ffffff] has been reserved
[    1.632658] system 00:06: [mem 0xfe800000-0xfe9fffff] has been reserved
[    1.698308] pnp: PnP ACPI: found 7 devices
[    1.747447] clocksource: acpi_pm: mask: 0xffffff max_cycles: 0xffffff, max_idle_ns: 2085701024 ns
[    1.747894] NET: Registered PF_INET protocol family
[    1.784446] IP idents hash table entries: 262144 (order: 9, 2097152 bytes, linear)
[    1.839561] tcp_listen_portaddr_hash hash table entries: 16384 (order: 6, 262144 bytes, linear)
[    1.839983] Table-perturb hash table entries: 65536 (order: 6, 262144 bytes, linear)
[    1.840401] TCP established hash table entries: 262144 (order: 9, 2097152 bytes, linear)
[    1.842128] TCP bind hash table entries: 65536 (order: 9, 2097152 bytes, linear)
[    1.842470] TCP: Hash tables configured (established 262144 bind 65536)
[    1.844411] MPTCP token hash table entries: 32768 (order: 7, 786432 bytes, linear)
[    1.846083] UDP hash table entries: 16384 (order: 8, 1048576 bytes, linear)
[    1.847688] UDP-Lite hash table entries: 16384 (order: 8, 1048576 bytes, linear)
[    1.881741] NET: Registered PF_UNIX/PF_LOCAL protocol family
[    1.881992] NET: Registered PF_XDP protocol family
[    1.882210] pci 0000:00:15.3: bridge window [io  0x1000-0x0fff] to [bus 06] add_size 1000
[    1.882552] pci 0000:00:15.4: bridge window [io  0x1000-0x0fff] to [bus 07] add_size 1000
[    1.882935] pci 0000:00:15.5: bridge window [io  0x1000-0x0fff] to [bus 08] add_size 1000
[    1.883271] pci 0000:00:15.6: bridge window [io  0x1000-0x0fff] to [bus 09] add_size 1000
[    1.883605] pci 0000:00:15.7: bridge window [io  0x1000-0x0fff] to [bus 0a] add_size 1000
[    1.883984] pci 0000:00:16.3: bridge window [io  0x1000-0x0fff] to [bus 0e] add_size 1000
[    1.884323] pci 0000:00:16.4: bridge window [io  0x1000-0x0fff] to [bus 0f] add_size 1000
[    1.884700] pci 0000:00:16.5: bridge window [io  0x1000-0x0fff] to [bus 10] add_size 1000
[    1.885034] pci 0000:00:16.6: bridge window [io  0x1000-0x0fff] to [bus 11] add_size 1000
[    1.885369] pci 0000:00:16.7: bridge window [io  0x1000-0x0fff] to [bus 12] add_size 1000
[    1.885751] pci 0000:00:17.3: bridge window [io  0x1000-0x0fff] to [bus 16] add_size 1000
[    1.886091] pci 0000:00:17.4: bridge window [io  0x1000-0x0fff] to [bus 17] add_size 1000
[    1.886425] pci 0000:00:17.5: bridge window [io  0x1000-0x0fff] to [bus 18] add_size 1000
[    1.886806] pci 0000:00:17.6: bridge window [io  0x1000-0x0fff] to [bus 19] add_size 1000
[    1.887141] pci 0000:00:17.7: bridge window [io  0x1000-0x0fff] to [bus 1a] add_size 1000
[    1.887476] pci 0000:00:18.2: bridge window [io  0x1000-0x0fff] to [bus 1d] add_size 1000
[    1.887857] pci 0000:00:18.3: bridge window [io  0x1000-0x0fff] to [bus 1e] add_size 1000
[    1.888192] pci 0000:00:18.4: bridge window [io  0x1000-0x0fff] to [bus 1f] add_size 1000
[    1.888526] pci 0000:00:18.5: bridge window [io  0x1000-0x0fff] to [bus 20] add_size 1000
[    1.888905] pci 0000:00:18.6: bridge window [io  0x1000-0x0fff] to [bus 21] add_size 1000
[    1.889240] pci 0000:00:18.7: bridge window [io  0x1000-0x0fff] to [bus 22] add_size 1000
[    1.889591] pci 0000:00:10.0: ROM [mem 0xc0000000-0xc0003fff pref]: assigned
[    1.889925] pci 0000:00:15.3: bridge window [io  size 0x1000]: can't assign; no space
[    1.890247] pci 0000:00:15.3: bridge window [io  size 0x1000]: failed to assign
[    1.890551] pci 0000:00:15.4: bridge window [io  size 0x1000]: can't assign; no space
[    1.890916] pci 0000:00:15.4: bridge window [io  size 0x1000]: failed to assign
[    1.891219] pci 0000:00:15.5: bridge window [io  size 0x1000]: can't assign; no space
[    1.891540] pci 0000:00:15.5: bridge window [io  size 0x1000]: failed to assign
[    1.891886] pci 0000:00:15.6: bridge window [io  size 0x1000]: can't assign; no space
[    1.892207] pci 0000:00:15.6: bridge window [io  size 0x1000]: failed to assign
[    1.892510] pci 0000:00:15.7: bridge window [io  size 0x1000]: can't assign; no space
[    1.892869] pci 0000:00:15.7: bridge window [io  size 0x1000]: failed to assign
[    1.893176] pci 0000:00:16.3: bridge window [io  size 0x1000]: can't assign; no space
[    1.893497] pci 0000:00:16.3: bridge window [io  size 0x1000]: failed to assign
[    1.893848] pci 0000:00:16.4: bridge window [io  size 0x1000]: can't assign; no space
[    1.894169] pci 0000:00:16.4: bridge window [io  size 0x1000]: failed to assign
[    1.894471] pci 0000:00:16.5: bridge window [io  size 0x1000]: can't assign; no space
[    1.894832] pci 0000:00:16.5: bridge window [io  size 0x1000]: failed to assign
[    1.895138] pci 0000:00:16.6: bridge window [io  size 0x1000]: can't assign; no space
[    1.895460] pci 0000:00:16.6: bridge window [io  size 0x1000]: failed to assign
[    1.895811] pci 0000:00:16.7: bridge window [io  size 0x1000]: can't assign; no space
[    1.896132] pci 0000:00:16.7: bridge window [io  size 0x1000]: failed to assign
[    1.896435] pci 0000:00:17.3: bridge window [io  size 0x1000]: can't assign; no space
[    1.896758] pci 0000:00:17.3: bridge window [io  size 0x1000]: failed to assign
[    1.897101] pci 0000:00:17.4: bridge window [io  size 0x1000]: can't assign; no space
[    1.897422] pci 0000:00:17.4: bridge window [io  size 0x1000]: failed to assign
[    1.897725] pci 0000:00:17.5: bridge window [io  size 0x1000]: can't assign; no space
[    1.898046] pci 0000:00:17.5: bridge window [io  size 0x1000]: failed to assign
[    1.898391] pci 0000:00:17.6: bridge window [io  size 0x1000]: can't assign; no space
[    1.932099] pci 0000:00:17.6: bridge window [io  size 0x1000]: failed to assign
[    1.932935] pci 0000:00:17.7: bridge window [io  size 0x1000]: can't assign; no space
[    1.933297] pci 0000:00:17.7: bridge window [io  size 0x1000]: failed to assign
[    1.933601] pci 0000:00:18.2: bridge window [io  size 0x1000]: can't assign; no space
[    1.933922] pci 0000:00:18.2: bridge window [io  size 0x1000]: failed to assign
[    1.934269] pci 0000:00:18.3: bridge window [io  size 0x1000]: can't assign; no space
[    1.934590] pci 0000:00:18.3: bridge window [io  size 0x1000]: failed to assign
[    1.934935] pci 0000:00:18.4: bridge window [io  size 0x1000]: can't assign; no space
[    1.935260] pci 0000:00:18.4: bridge window [io  size 0x1000]: failed to assign
[    1.935562] pci 0000:00:18.5: bridge window [io  size 0x1000]: can't assign; no space
[    1.935931] pci 0000:00:18.5: bridge window [io  size 0x1000]: failed to assign
[    1.936234] pci 0000:00:18.6: bridge window [io  size 0x1000]: can't assign; no space
[    1.936556] pci 0000:00:18.6: bridge window [io  size 0x1000]: failed to assign
[    1.936902] pci 0000:00:18.7: bridge window [io  size 0x1000]: can't assign; no space
[    1.937226] pci 0000:00:18.7: bridge window [io  size 0x1000]: failed to assign
[    1.937530] pci 0000:00:18.7: bridge window [io  size 0x1000]: can't assign; no space
[    1.937894] pci 0000:00:18.7: bridge window [io  size 0x1000]: failed to assign
[    1.938197] pci 0000:00:18.6: bridge window [io  size 0x1000]: can't assign; no space
[    1.938518] pci 0000:00:18.6: bridge window [io  size 0x1000]: failed to assign
[    1.938861] pci 0000:00:18.5: bridge window [io  size 0x1000]: can't assign; no space
[    1.939182] pci 0000:00:18.5: bridge window [io  size 0x1000]: failed to assign
[    1.939485] pci 0000:00:18.4: bridge window [io  size 0x1000]: can't assign; no space
[    1.939853] pci 0000:00:18.4: bridge window [io  size 0x1000]: failed to assign
[    1.940155] pci 0000:00:18.3: bridge window [io  size 0x1000]: can't assign; no space
[    1.940480] pci 0000:00:18.3: bridge window [io  size 0x1000]: failed to assign
[    1.940782] pci 0000:00:18.2: bridge window [io  size 0x1000]: can't assign; no space
[    1.941145] pci 0000:00:18.2: bridge window [io  size 0x1000]: failed to assign
[    1.941451] pci 0000:00:17.7: bridge window [io  size 0x1000]: can't assign; no space
[    1.941773] pci 0000:00:17.7: bridge window [io  size 0x1000]: failed to assign
[    1.942121] pci 0000:00:17.6: bridge window [io  size 0x1000]: can't assign; no space
[    1.942444] pci 0000:00:17.6: bridge window [io  size 0x1000]: failed to assign
[    1.942747] pci 0000:00:17.5: bridge window [io  size 0x1000]: can't assign; no space
[    1.943124] pci 0000:00:17.5: bridge window [io  size 0x1000]: failed to assign
[    1.943427] pci 0000:00:17.4: bridge window [io  size 0x1000]: can't assign; no space
[    1.943794] pci 0000:00:17.4: bridge window [io  size 0x1000]: failed to assign
[    1.944096] pci 0000:00:17.3: bridge window [io  size 0x1000]: can't assign; no space
[    1.944419] pci 0000:00:17.3: bridge window [io  size 0x1000]: failed to assign
[    1.944764] pci 0000:00:16.7: bridge window [io  size 0x1000]: can't assign; no space
[    1.945084] pci 0000:00:16.7: bridge window [io  size 0x1000]: failed to assign
[    1.945387] pci 0000:00:16.6: bridge window [io  size 0x1000]: can't assign; no space
[    1.945751] pci 0000:00:16.6: bridge window [io  size 0x1000]: failed to assign
[    1.946053] pci 0000:00:16.5: bridge window [io  size 0x1000]: can't assign; no space
[    1.946376] pci 0000:00:16.5: bridge window [io  size 0x1000]: failed to assign
[    1.946724] pci 0000:00:16.4: bridge window [io  size 0x1000]: can't assign; no space
[    1.947045] pci 0000:00:16.4: bridge window [io  size 0x1000]: failed to assign
[    1.947347] pci 0000:00:16.3: bridge window [io  size 0x1000]: can't assign; no space
[    1.947668] pci 0000:00:16.3: bridge window [io  size 0x1000]: failed to assign
[    1.948015] pci 0000:00:15.7: bridge window [io  size 0x1000]: can't assign; no space
[    1.948999] pci 0000:00:15.7: bridge window [io  size 0x1000]: failed to assign
[    1.948999] pci 0000:00:15.6: bridge window [io  size 0x1000]: can't assign; no space
[    1.982350] pci 0000:00:15.6: bridge window [io  size 0x1000]: failed to assign
[    1.982654] pci 0000:00:15.5: bridge window [io  size 0x1000]: can't assign; no space
[    1.983030] pci 0000:00:15.5: bridge window [io  size 0x1000]: failed to assign
[    1.983337] pci 0000:00:15.4: bridge window [io  size 0x1000]: can't assign; no space
[    1.983658] pci 0000:00:15.4: bridge window [io  size 0x1000]: failed to assign
[    1.984004] pci 0000:00:15.3: bridge window [io  size 0x1000]: can't assign; no space
[    1.984325] pci 0000:00:15.3: bridge window [io  size 0x1000]: failed to assign
[    1.984628] pci 0000:00:01.0: PCI bridge to [bus 01]
[    1.984941] pci 0000:02:01.0: ROM [mem 0xfd500000-0xfd50ffff pref]: assigned
[    1.985229] pci 0000:02:04.0: ROM [mem 0xfd510000-0xfd51ffff pref]: assigned
[    1.985514] pci 0000:00:11.0: PCI bridge to [bus 02]
[    1.985730] pci 0000:00:11.0:   bridge window [io  0x2000-0x3fff]
[    1.986044] pci 0000:00:11.0:   bridge window [mem 0xfd500000-0xfdffffff]
[    1.986332] pci 0000:00:11.0:   bridge window [mem 0xe7b00000-0xe7ffffff 64bit pref]
[    1.986674] pci 0000:00:15.0: PCI bridge to [bus 03]
[    1.986891] pci 0000:00:15.0:   bridge window [io  0x4000-0x4fff]
[    1.987203] pci 0000:00:15.0:   bridge window [mem 0xfd400000-0xfd4fffff]
[    1.987490] pci 0000:00:15.0:   bridge window [mem 0xe7a00000-0xe7afffff 64bit pref]
[    1.987831] pci 0000:00:15.1: PCI bridge to [bus 04]
[    1.988090] pci 0000:00:15.1:   bridge window [io  0x8000-0x8fff]
[    1.988357] pci 0000:00:15.1:   bridge window [mem 0xfd000000-0xfd0fffff]
[    1.988646] pci 0000:00:15.1:   bridge window [mem 0xe7600000-0xe76fffff 64bit pref]
[    1.989034] pci 0000:00:15.2: PCI bridge to [bus 05]
[    1.989249] pci 0000:00:15.2:   bridge window [io  0xc000-0xcfff]
[    1.989516] pci 0000:00:15.2:   bridge window [mem 0xfcc00000-0xfccfffff]
[    1.989803] pci 0000:00:15.2:   bridge window [mem 0xe7200000-0xe72fffff 64bit pref]
[    1.990184] pci 0000:00:15.3: PCI bridge to [bus 06]
[    1.990412] pci 0000:00:15.3:   bridge window [mem 0xfc800000-0xfc8fffff]
[    1.990699] pci 0000:00:15.3:   bridge window [mem 0xe6e00000-0xe6efffff 64bit pref]
[    1.991087] pci 0000:00:15.4: PCI bridge to [bus 07]
[    1.991313] pci 0000:00:15.4:   bridge window [mem 0xfc400000-0xfc4fffff]
[    1.991600] pci 0000:00:15.4:   bridge window [mem 0xe6a00000-0xe6afffff 64bit pref]
[    1.991946] pci 0000:00:15.5: PCI bridge to [bus 08]
[    1.992216] pci 0000:00:15.5:   bridge window [mem 0xfc000000-0xfc0fffff]
[    1.992503] pci 0000:00:15.5:   bridge window [mem 0xe6600000-0xe66fffff 64bit pref]
[    1.992844] pci 0000:00:15.6: PCI bridge to [bus 09]
[    1.993113] pci 0000:00:15.6:   bridge window [mem 0xfbc00000-0xfbcfffff]
[    1.993401] pci 0000:00:15.6:   bridge window [mem 0xe6200000-0xe62fffff 64bit pref]
[    1.993742] pci 0000:00:15.7: PCI bridge to [bus 0a]
[    1.993970] pci 0000:00:15.7:   bridge window [mem 0xfb800000-0xfb8fffff]
[    1.994302] pci 0000:00:15.7:   bridge window [mem 0xe5e00000-0xe5efffff 64bit pref]
[    1.994644] pci 0000:00:16.0: PCI bridge to [bus 0b]
[    1.994902] pci 0000:00:16.0:   bridge window [io  0x5000-0x5fff]
[    1.995169] pci 0000:00:16.0:   bridge window [mem 0xfd300000-0xfd3fffff]
[    1.995456] pci 0000:00:16.0:   bridge window [mem 0xe7900000-0xe79fffff 64bit pref]
[    1.995798] pci 0000:00:16.1: PCI bridge to [bus 0c]
[    1.996052] pci 0000:00:16.1:   bridge window [io  0x9000-0x9fff]
[    1.996319] pci 0000:00:16.1:   bridge window [mem 0xfcf00000-0xfcffffff]
[    1.996606] pci 0000:00:16.1:   bridge window [mem 0xe7500000-0xe75fffff 64bit pref]
[    1.996986] pci 0000:00:16.2: PCI bridge to [bus 0d]
[    1.997200] pci 0000:00:16.2:   bridge window [io  0xd000-0xdfff]
[    1.997471] pci 0000:00:16.2:   bridge window [mem 0xfcb00000-0xfcbfffff]
[    1.997758] pci 0000:00:16.2:   bridge window [mem 0xe7100000-0xe71fffff 64bit pref]
[    1.998164] pci 0000:00:16.3: PCI bridge to [bus 0e]
[    1.998389] pci 0000:00:16.3:   bridge window [mem 0xfc700000-0xfc7fffff]
[    1.999125] pci 0000:00:16.3:   bridge window [mem 0xe6d00000-0xe6dfffff 64bit pref]
[    1.999125] pci 0000:00:16.4: PCI bridge to [bus 0f]
[    2.032654] pci 0000:00:16.4:   bridge window [mem 0xfc300000-0xfc3fffff]
[    2.032943] pci 0000:00:16.4:   bridge window [mem 0xe6900000-0xe69fffff 64bit pref]
[    2.033286] pci 0000:00:16.5: PCI bridge to [bus 10]
[    2.033618] pci 0000:00:16.5:   bridge window [mem 0xfbf00000-0xfbffffff]
[    2.034372] pci 0000:00:16.5:   bridge window [mem 0xe6500000-0xe65fffff 64bit pref]
[    2.034714] pci 0000:00:16.6: PCI bridge to [bus 11]
[    2.034939] pci 0000:00:16.6:   bridge window [mem 0xfbb00000-0xfbbfffff]
[    2.035273] pci 0000:00:16.6:   bridge window [mem 0xe6100000-0xe61fffff 64bit pref]
[    2.035614] pci 0000:00:16.7: PCI bridge to [bus 12]
[    2.035881] pci 0000:00:16.7:   bridge window [mem 0xfb700000-0xfb7fffff]
[    2.036168] pci 0000:00:16.7:   bridge window [mem 0xe5d00000-0xe5dfffff 64bit pref]
[    2.036509] pci 0000:00:17.0: PCI bridge to [bus 13]
[    2.036723] pci 0000:00:17.0:   bridge window [io  0x6000-0x6fff]
[    2.037042] pci 0000:00:17.0:   bridge window [mem 0xfd200000-0xfd2fffff]
[    2.037330] pci 0000:00:17.0:   bridge window [mem 0xe7800000-0xe78fffff 64bit pref]
[    2.037672] pci 0000:00:17.1: PCI bridge to [bus 14]
[    2.037887] pci 0000:00:17.1:   bridge window [io  0xa000-0xafff]
[    2.038004] pci 0000:00:17.1:   bridge window [mem 0xfce00000-0xfcefffff]
[    2.038482] pci 0000:00:17.1:   bridge window [mem 0xe7400000-0xe74fffff 64bit pref]
[    2.038828] pci 0000:00:17.2: PCI bridge to [bus 15]
[    2.039086] pci 0000:00:17.2:   bridge window [io  0xe000-0xefff]
[    2.039354] pci 0000:00:17.2:   bridge window [mem 0xfca00000-0xfcafffff]
[    2.039642] pci 0000:00:17.2:   bridge window [mem 0xe7000000-0xe70fffff 64bit pref]
[    2.039984] pci 0000:00:17.3: PCI bridge to [bus 16]
[    2.040259] pci 0000:00:17.3:   bridge window [mem 0xfc600000-0xfc6fffff]
[    2.040550] pci 0000:00:17.3:   bridge window [mem 0xe6c00000-0xe6cfffff 64bit pref]
[    2.040892] pci 0000:00:17.4: PCI bridge to [bus 17]
[    2.041157] pci 0000:00:17.4:   bridge window [mem 0xfc200000-0xfc2fffff]
[    2.041445] pci 0000:00:17.4:   bridge window [mem 0xe6800000-0xe68fffff 64bit pref]
[    2.041787] pci 0000:00:17.5: PCI bridge to [bus 18]
[    2.042055] pci 0000:00:17.5:   bridge window [mem 0xfbe00000-0xfbefffff]
[    2.042347] pci 0000:00:17.5:   bridge window [mem 0xe6400000-0xe64fffff 64bit pref]
[    2.042689] pci 0000:00:17.6: PCI bridge to [bus 19]
[    2.042915] pci 0000:00:17.6:   bridge window [mem 0xfba00000-0xfbafffff]
[    2.043247] pci 0000:00:17.6:   bridge window [mem 0xe6000000-0xe60fffff 64bit pref]
[    2.043589] pci 0000:00:17.7: PCI bridge to [bus 1a]
[    2.043815] pci 0000:00:17.7:   bridge window [mem 0xfb600000-0xfb6fffff]
[    2.044149] pci 0000:00:17.7:   bridge window [mem 0xe5c00000-0xe5cfffff 64bit pref]
[    2.044492] pci 0000:00:18.0: PCI bridge to [bus 1b]
[    2.044707] pci 0000:00:18.0:   bridge window [io  0x7000-0x7fff]
[    2.044975] pci 0000:00:18.0:   bridge window [mem 0xfd100000-0xfd1fffff]
[    2.045306] pci 0000:00:18.0:   bridge window [mem 0xe7700000-0xe77fffff 64bit pref]
[    2.045649] pci 0000:00:18.1: PCI bridge to [bus 1c]
[    2.045908] pci 0000:00:18.1:   bridge window [io  0xb000-0xbfff]
[    2.046178] pci 0000:00:18.1:   bridge window [mem 0xfcd00000-0xfcdfffff]
[    2.046466] pci 0000:00:18.1:   bridge window [mem 0xe7300000-0xe73fffff 64bit pref]
[    2.046808] pci 0000:00:18.2: PCI bridge to [bus 1d]
[    2.047083] pci 0000:00:18.2:   bridge window [mem 0xfc900000-0xfc9fffff]
[    2.047371] pci 0000:00:18.2:   bridge window [mem 0xe6f00000-0xe6ffffff 64bit pref]
[    2.047713] pci 0000:00:18.3: PCI bridge to [bus 1e]
[    2.047987] pci 0000:00:18.3:   bridge window [mem 0xfc500000-0xfc5fffff]
[    2.048274] pci 0000:00:18.3:   bridge window [mem 0xe6b00000-0xe6bfffff 64bit pref]
[    2.048954] pci 0000:00:18.4: PCI bridge to [bus 1f]
[    2.048954] pci 0000:00:18.4:   bridge window [mem 0xfc100000-0xfc1fffff]
[    2.082515] pci 0000:00:18.4:   bridge window [mem 0xe6700000-0xe67fffff 64bit pref]
[    2.082902] pci 0000:00:18.5: PCI bridge to [bus 20]
[    2.083128] pci 0000:00:18.5:   bridge window [mem 0xfbd00000-0xfbdfffff]
[    2.083419] pci 0000:00:18.5:   bridge window [mem 0xe6300000-0xe63fffff 64bit pref]
[    2.083760] pci 0000:00:18.6: PCI bridge to [bus 21]
[    2.084027] pci 0000:00:18.6:   bridge window [mem 0xfb900000-0xfb9fffff]
[    2.084315] pci 0000:00:18.6:   bridge window [mem 0xe5f00000-0xe5ffffff 64bit pref]
[    2.084666] pci 0000:00:18.7: PCI bridge to [bus 22]
[    2.084896] pci 0000:00:18.7:   bridge window [mem 0xfb500000-0xfb5fffff]
[    2.085227] pci 0000:00:18.7:   bridge window [mem 0xe5b00000-0xe5bfffff 64bit pref]
[    2.085570] pci_bus 0000:00: resource 4 [mem 0x000a0000-0x000bffff window]
[    2.085889] pci_bus 0000:00: resource 5 [mem 0x000d0000-0x000dbfff window]
[    2.086169] pci_bus 0000:00: resource 6 [mem 0xc0000000-0xfebfffff window]
[    2.086449] pci_bus 0000:00: resource 7 [io  0x0000-0x0cf7 window]
[    2.086702] pci_bus 0000:00: resource 8 [io  0x0d00-0xfeff window]
[    2.087003] pci_bus 0000:02: resource 0 [io  0x2000-0x3fff]
[    2.087234] pci_bus 0000:02: resource 1 [mem 0xfd500000-0xfdffffff]
[    2.087491] pci_bus 0000:02: resource 2 [mem 0xe7b00000-0xe7ffffff 64bit pref]
[    2.087837] pci_bus 0000:02: resource 4 [mem 0x000a0000-0x000bffff window]
[    2.088116] pci_bus 0000:02: resource 5 [mem 0x000d0000-0x000dbfff window]
[    2.088396] pci_bus 0000:02: resource 6 [mem 0xc0000000-0xfebfffff window]
[    2.088679] pci_bus 0000:02: resource 7 [io  0x0000-0x0cf7 window]
[    2.088971] pci_bus 0000:02: resource 8 [io  0x0d00-0xfeff window]
[    2.089225] pci_bus 0000:03: resource 0 [io  0x4000-0x4fff]
[    2.089457] pci_bus 0000:03: resource 1 [mem 0xfd400000-0xfd4fffff]
[    2.089713] pci_bus 0000:03: resource 2 [mem 0xe7a00000-0xe7afffff 64bit pref]
[    2.090058] pci_bus 0000:04: resource 0 [io  0x8000-0x8fff]
[    2.090290] pci_bus 0000:04: resource 1 [mem 0xfd000000-0xfd0fffff]
[    2.090550] pci_bus 0000:04: resource 2 [mem 0xe7600000-0xe76fffff 64bit pref]
[    2.090893] pci_bus 0000:05: resource 0 [io  0xc000-0xcfff]
[    2.091125] pci_bus 0000:05: resource 1 [mem 0xfcc00000-0xfccfffff]
[    2.091381] pci_bus 0000:05: resource 2 [mem 0xe7200000-0xe72fffff 64bit pref]
[    2.091681] pci_bus 0000:06: resource 1 [mem 0xfc800000-0xfc8fffff]
[    2.091980] pci_bus 0000:06: resource 2 [mem 0xe6e00000-0xe6efffff 64bit pref]
[    2.092281] pci_bus 0000:07: resource 1 [mem 0xfc400000-0xfc4fffff]
[    2.092540] pci_bus 0000:07: resource 2 [mem 0xe6a00000-0xe6afffff 64bit pref]
[    2.092878] pci_bus 0000:08: resource 1 [mem 0xfc000000-0xfc0fffff]
[    2.093135] pci_bus 0000:08: resource 2 [mem 0xe6600000-0xe66fffff 64bit pref]
[    2.093435] pci_bus 0000:09: resource 1 [mem 0xfbc00000-0xfbcfffff]
[    2.093691] pci_bus 0000:09: resource 2 [mem 0xe6200000-0xe62fffff 64bit pref]
[    2.094035] pci_bus 0000:0a: resource 1 [mem 0xfb800000-0xfb8fffff]
[    2.094294] pci_bus 0000:0a: resource 2 [mem 0xe5e00000-0xe5efffff 64bit pref]
[    2.094594] pci_bus 0000:0b: resource 0 [io  0x5000-0x5fff]
[    2.094872] pci_bus 0000:0b: resource 1 [mem 0xfd300000-0xfd3fffff]
[    2.095129] pci_bus 0000:0b: resource 2 [mem 0xe7900000-0xe79fffff 64bit pref]
[    2.095429] pci_bus 0000:0c: resource 0 [io  0x9000-0x9fff]
[    2.095660] pci_bus 0000:0c: resource 1 [mem 0xfcf00000-0xfcffffff]
[    2.095961] pci_bus 0000:0c: resource 2 [mem 0xe7500000-0xe75fffff 64bit pref]
[    2.096265] pci_bus 0000:0d: resource 0 [io  0xd000-0xdfff]
[    2.096496] pci_bus 0000:0d: resource 1 [mem 0xfcb00000-0xfcbfffff]
[    2.096752] pci_bus 0000:0d: resource 2 [mem 0xe7100000-0xe71fffff 64bit pref]
[    2.097097] pci_bus 0000:0e: resource 1 [mem 0xfc700000-0xfc7fffff]
[    2.097354] pci_bus 0000:0e: resource 2 [mem 0xe6d00000-0xe6dfffff 64bit pref]
[    2.097696] pci_bus 0000:0f: resource 1 [mem 0xfc300000-0xfc3fffff]
[    2.097955] pci_bus 0000:0f: resource 2 [mem 0xe6900000-0xe69fffff 64bit pref]
[    2.098254] pci_bus 0000:10: resource 1 [mem 0xfbf00000-0xfbffffff]
[    2.098511] pci_bus 0000:10: resource 2 [mem 0xe6500000-0xe65fffff 64bit pref]
[    2.132192] pci_bus 0000:11: resource 1 [mem 0xfbb00000-0xfbbfffff]
[    2.132450] pci_bus 0000:11: resource 2 [mem 0xe6100000-0xe61fffff 64bit pref]
[    2.132749] pci_bus 0000:12: resource 1 [mem 0xfb700000-0xfb7fffff]
[    2.133006] pci_bus 0000:12: resource 2 [mem 0xe5d00000-0xe5dfffff 64bit pref]
[    2.133175] pci_bus 0000:13: resource 0 [io  0x6000-0x6fff]
[    2.133586] pci_bus 0000:13: resource 1 [mem 0xfd200000-0xfd2fffff]
[    2.133843] pci_bus 0000:13: resource 2 [mem 0xe7800000-0xe78fffff 64bit pref]
[    2.134181] pci_bus 0000:14: resource 0 [io  0xa000-0xafff]
[    2.134413] pci_bus 0000:14: resource 1 [mem 0xfce00000-0xfcefffff]
[    2.134670] pci_bus 0000:14: resource 2 [mem 0xe7400000-0xe74fffff 64bit pref]
[    2.134970] pci_bus 0000:15: resource 0 [io  0xe000-0xefff]
[    2.135246] pci_bus 0000:15: resource 1 [mem 0xfca00000-0xfcafffff]
[    2.135503] pci_bus 0000:15: resource 2 [mem 0xe7000000-0xe70fffff 64bit pref]
[    2.135802] pci_bus 0000:16: resource 1 [mem 0xfc600000-0xfc6fffff]
[    2.136059] pci_bus 0000:16: resource 2 [mem 0xe6c00000-0xe6cfffff 64bit pref]
[    2.136403] pci_bus 0000:17: resource 1 [mem 0xfc200000-0xfc2fffff]
[    2.136660] pci_bus 0000:17: resource 2 [mem 0xe6800000-0xe68fffff 64bit pref]
[    2.137006] pci_bus 0000:18: resource 1 [mem 0xfbe00000-0xfbefffff]
[    2.137264] pci_bus 0000:18: resource 2 [mem 0xe6400000-0xe64fffff 64bit pref]
[    2.137563] pci_bus 0000:19: resource 1 [mem 0xfba00000-0xfbafffff]
[    2.137820] pci_bus 0000:19: resource 2 [mem 0xe6000000-0xe60fffff 64bit pref]
[    2.138172] pci_bus 0000:1a: resource 1 [mem 0xfb600000-0xfb6fffff]
[    2.138430] pci_bus 0000:1a: resource 2 [mem 0xe5c00000-0xe5cfffff 64bit pref]
[    2.138733] pci_bus 0000:1b: resource 0 [io  0x7000-0x7fff]
[    2.139007] pci_bus 0000:1b: resource 1 [mem 0xfd100000-0xfd1fffff]
[    2.139264] pci_bus 0000:1b: resource 2 [mem 0xe7700000-0xe77fffff 64bit pref]
[    2.139564] pci_bus 0000:1c: resource 0 [io  0xb000-0xbfff]
[    2.140367] pci_bus 0000:1c: resource 1 [mem 0xfcd00000-0xfcdfffff]
[    2.140626] pci_bus 0000:1c: resource 2 [mem 0xe7300000-0xe73fffff 64bit pref]
[    2.140924] pci_bus 0000:1d: resource 1 [mem 0xfc900000-0xfc9fffff]
[    2.141228] pci_bus 0000:1d: resource 2 [mem 0xe6f00000-0xe6ffffff 64bit pref]
[    2.141528] pci_bus 0000:1e: resource 1 [mem 0xfc500000-0xfc5fffff]
[    2.141827] pci_bus 0000:1e: resource 2 [mem 0xe6b00000-0xe6bfffff 64bit pref]
[    2.142128] pci_bus 0000:1f: resource 1 [mem 0xfc100000-0xfc1fffff]
[    2.142385] pci_bus 0000:1f: resource 2 [mem 0xe6700000-0xe67fffff 64bit pref]
[    2.142685] pci_bus 0000:20: resource 1 [mem 0xfbd00000-0xfbdfffff]
[    2.142988] pci_bus 0000:20: resource 2 [mem 0xe6300000-0xe63fffff 64bit pref]
[    2.143288] pci_bus 0000:21: resource 1 [mem 0xfb900000-0xfb9fffff]
[    2.143545] pci_bus 0000:21: resource 2 [mem 0xe5f00000-0xe5ffffff 64bit pref]
[    2.143887] pci_bus 0000:22: resource 1 [mem 0xfb500000-0xfb5fffff]
[    2.144146] pci_bus 0000:22: resource 2 [mem 0xe5b00000-0xe5bfffff 64bit pref]
[    2.144747] pci 0000:00:00.0: Limiting direct PCI/PCI transfers
[    2.146407] pci 0000:02:01.0: CLS mismatch (32 != 64), using 64 bytes
[    2.147760] PCI-DMA: Using software bounce buffering for IO (SWIOTLB)
[    2.148003] Trying to unpack rootfs image as initramfs...
[    2.148073] software IO TLB: mapped [mem 0x00000000bbed0000-0x00000000bfed0000] (64MB)
[    2.149052] clocksource: tsc: mask: 0xffffffffffffffff max_cycles: 0x3ddd4885acc, max_idle_ns: 440795304854 ns
[    2.183175] clocksource: Switched to clocksource tsc
[    2.238792] Initialise system trusted keyrings
[    2.239054] Key type blacklist registered
[    2.239688] workingset: timestamp_bits=36 max_order=23 bucket_order=0
[    2.240035] zbud: loaded
[    2.240653] squashfs: version 4.0 (2009/01/31) Phillip Lougher
[    2.241550] fuse: init (API version 7.42)
[    2.243578] integrity: Platform Keyring initialized
[    2.243796] integrity: Machine keyring initialized
[    2.291928] Key type asymmetric registered
[    2.291999] Asymmetric key parser 'x509' registered
[    2.291999] Block layer SCSI generic (bsg) driver version 0.4 loaded (major 243)
[    2.293201] io scheduler mq-deadline registered
[    2.333078] ledtrig-cpu: registered to indicate activity on CPUs
[    2.333764] pcieport 0000:00:15.0: PME: Signaling with IRQ 24
[    2.334128] pcieport 0000:00:15.0: pciehp: Slot #160 AttnBtn+ PwrCtrl+ MRL- AttnInd- PwrInd- HotPlug+ Surprise- Interlock- NoCompl+ IbPresDis- LLActRep+
[    2.335705] pcieport 0000:00:15.1: PME: Signaling with IRQ 25
[    2.336064] pcieport 0000:00:15.1: pciehp: Slot #161 AttnBtn+ PwrCtrl+ MRL- AttnInd- PwrInd- HotPlug+ Surprise- Interlock- NoCompl+ IbPresDis- LLActRep+
[    2.337666] pcieport 0000:00:15.2: PME: Signaling with IRQ 26
[    2.337991] pcieport 0000:00:15.2: pciehp: Slot #162 AttnBtn+ PwrCtrl+ MRL- AttnInd- PwrInd- HotPlug+ Surprise- Interlock- NoCompl+ IbPresDis- LLActRep+
[    2.339605] pcieport 0000:00:15.3: PME: Signaling with IRQ 27
[    2.339912] pcieport 0000:00:15.3: pciehp: Slot #163 AttnBtn+ PwrCtrl+ MRL- AttnInd- PwrInd- HotPlug+ Surprise- Interlock- NoCompl+ IbPresDis- LLActRep+
[    2.341468] pcieport 0000:00:15.4: PME: Signaling with IRQ 28
[    2.341765] pcieport 0000:00:15.4: pciehp: Slot #164 AttnBtn+ PwrCtrl+ MRL- AttnInd- PwrInd- HotPlug+ Surprise- Interlock- NoCompl+ IbPresDis- LLActRep+
[    2.343372] pcieport 0000:00:15.5: PME: Signaling with IRQ 29
[    2.343679] pcieport 0000:00:15.5: pciehp: Slot #165 AttnBtn+ PwrCtrl+ MRL- AttnInd- PwrInd- HotPlug+ Surprise- Interlock- NoCompl+ IbPresDis- LLActRep+
[    2.345326] pcieport 0000:00:15.6: PME: Signaling with IRQ 30
[    2.345624] pcieport 0000:00:15.6: pciehp: Slot #166 AttnBtn+ PwrCtrl+ MRL- AttnInd- PwrInd- HotPlug+ Surprise- Interlock- NoCompl+ IbPresDis- LLActRep+
[    2.347309] pcieport 0000:00:15.7: PME: Signaling with IRQ 31
[    2.347616] pcieport 0000:00:15.7: pciehp: Slot #167 AttnBtn+ PwrCtrl+ MRL- AttnInd- PwrInd- HotPlug+ Surprise- Interlock- NoCompl+ IbPresDis- LLActRep+
[    2.382693] pcieport 0000:00:16.0: PME: Signaling with IRQ 32
[    2.383052] pcieport 0000:00:16.0: pciehp: Slot #192 AttnBtn+ PwrCtrl+ MRL- AttnInd- PwrInd- HotPlug+ Surprise- Interlock- NoCompl+ IbPresDis- LLActRep+
[    2.384599] pcieport 0000:00:16.1: PME: Signaling with IRQ 33
[    2.384961] pcieport 0000:00:16.1: pciehp: Slot #193 AttnBtn+ PwrCtrl+ MRL- AttnInd- PwrInd- HotPlug+ Surprise- Interlock- NoCompl+ IbPresDis- LLActRep+
[    2.386478] pcieport 0000:00:16.2: PME: Signaling with IRQ 34
[    2.386793] pcieport 0000:00:16.2: pciehp: Slot #194 AttnBtn+ PwrCtrl+ MRL- AttnInd- PwrInd- HotPlug+ Surprise- Interlock- NoCompl+ IbPresDis- LLActRep+
[    2.388387] pcieport 0000:00:16.3: PME: Signaling with IRQ 35
[    2.388685] pcieport 0000:00:16.3: pciehp: Slot #195 AttnBtn+ PwrCtrl+ MRL- AttnInd- PwrInd- HotPlug+ Surprise- Interlock- NoCompl+ IbPresDis- LLActRep+
[    2.390271] pcieport 0000:00:16.4: PME: Signaling with IRQ 36
[    2.390577] pcieport 0000:00:16.4: pciehp: Slot #196 AttnBtn+ PwrCtrl+ MRL- AttnInd- PwrInd- HotPlug+ Surprise- Interlock- NoCompl+ IbPresDis- LLActRep+
[    2.392258] pcieport 0000:00:16.5: PME: Signaling with IRQ 37
[    2.392554] pcieport 0000:00:16.5: pciehp: Slot #197 AttnBtn+ PwrCtrl+ MRL- AttnInd- PwrInd- HotPlug+ Surprise- Interlock- NoCompl+ IbPresDis- LLActRep+
[    2.394190] pcieport 0000:00:16.6: PME: Signaling with IRQ 38
[    2.394496] pcieport 0000:00:16.6: pciehp: Slot #198 AttnBtn+ PwrCtrl+ MRL- AttnInd- PwrInd- HotPlug+ Surprise- Interlock- NoCompl+ IbPresDis- LLActRep+
[    2.396239] pcieport 0000:00:16.7: PME: Signaling with IRQ 39
[    2.396535] pcieport 0000:00:16.7: pciehp: Slot #199 AttnBtn+ PwrCtrl+ MRL- AttnInd- PwrInd- HotPlug+ Surprise- Interlock- NoCompl+ IbPresDis- LLActRep+
[    2.398290] pcieport 0000:00:17.0: PME: Signaling with IRQ 40
[    2.399095] pcieport 0000:00:17.0: pciehp: Slot #224 AttnBtn+ PwrCtrl+ MRL- AttnInd- PwrInd- HotPlug+ Surprise- Interlock- NoCompl+ IbPresDis- LLActRep+
[    2.433732] pcieport 0000:00:17.1: PME: Signaling with IRQ 41
[    2.434090] pcieport 0000:00:17.1: pciehp: Slot #225 AttnBtn+ PwrCtrl+ MRL- AttnInd- PwrInd- HotPlug+ Surprise- Interlock- NoCompl+ IbPresDis- LLActRep+
[    2.435622] pcieport 0000:00:17.2: PME: Signaling with IRQ 42
[    2.435978] pcieport 0000:00:17.2: pciehp: Slot #226 AttnBtn+ PwrCtrl+ MRL- AttnInd- PwrInd- HotPlug+ Surprise- Interlock- NoCompl+ IbPresDis- LLActRep+
[    2.437718] pcieport 0000:00:17.3: PME: Signaling with IRQ 43
[    2.438069] pcieport 0000:00:17.3: pciehp: Slot #227 AttnBtn+ PwrCtrl+ MRL- AttnInd- PwrInd- HotPlug+ Surprise- Interlock- NoCompl+ IbPresDis- LLActRep+
[    2.439581] pcieport 0000:00:17.4: PME: Signaling with IRQ 44
[    2.439943] pcieport 0000:00:17.4: pciehp: Slot #228 AttnBtn+ PwrCtrl+ MRL- AttnInd- PwrInd- HotPlug+ Surprise- Interlock- NoCompl+ IbPresDis- LLActRep+
[    2.441554] pcieport 0000:00:17.5: PME: Signaling with IRQ 45
[    2.441902] pcieport 0000:00:17.5: pciehp: Slot #229 AttnBtn+ PwrCtrl+ MRL- AttnInd- PwrInd- HotPlug+ Surprise- Interlock- NoCompl+ IbPresDis- LLActRep+
[    2.443398] pcieport 0000:00:17.6: PME: Signaling with IRQ 46
[    2.443705] pcieport 0000:00:17.6: pciehp: Slot #230 AttnBtn+ PwrCtrl+ MRL- AttnInd- PwrInd- HotPlug+ Surprise- Interlock- NoCompl+ IbPresDis- LLActRep+
[    2.445331] pcieport 0000:00:17.7: PME: Signaling with IRQ 47
[    2.445628] pcieport 0000:00:17.7: pciehp: Slot #231 AttnBtn+ PwrCtrl+ MRL- AttnInd- PwrInd- HotPlug+ Surprise- Interlock- NoCompl+ IbPresDis- LLActRep+
[    2.447277] pcieport 0000:00:18.0: PME: Signaling with IRQ 48
[    2.447590] pcieport 0000:00:18.0: pciehp: Slot #256 AttnBtn+ PwrCtrl+ MRL- AttnInd- PwrInd- HotPlug+ Surprise- Interlock- NoCompl+ IbPresDis- LLActRep+
[    2.482615] pcieport 0000:00:18.1: PME: Signaling with IRQ 49
[    2.482920] pcieport 0000:00:18.1: pciehp: Slot #257 AttnBtn+ PwrCtrl+ MRL- AttnInd- PwrInd- HotPlug+ Surprise- Interlock- NoCompl+ IbPresDis- LLActRep+
[    2.484472] pcieport 0000:00:18.2: PME: Signaling with IRQ 50
[    2.484790] pcieport 0000:00:18.2: pciehp: Slot #258 AttnBtn+ PwrCtrl+ MRL- AttnInd- PwrInd- HotPlug+ Surprise- Interlock- NoCompl+ IbPresDis- LLActRep+
[    2.486446] pcieport 0000:00:18.3: PME: Signaling with IRQ 51
[    2.486754] pcieport 0000:00:18.3: pciehp: Slot #259 AttnBtn+ PwrCtrl+ MRL- AttnInd- PwrInd- HotPlug+ Surprise- Interlock- NoCompl+ IbPresDis- LLActRep+
[    2.488306] pcieport 0000:00:18.4: PME: Signaling with IRQ 52
[    2.488612] pcieport 0000:00:18.4: pciehp: Slot #260 AttnBtn+ PwrCtrl+ MRL- AttnInd- PwrInd- HotPlug+ Surprise- Interlock- NoCompl+ IbPresDis- LLActRep+
[    2.490245] pcieport 0000:00:18.5: PME: Signaling with IRQ 53
[    2.490541] pcieport 0000:00:18.5: pciehp: Slot #261 AttnBtn+ PwrCtrl+ MRL- AttnInd- PwrInd- HotPlug+ Surprise- Interlock- NoCompl+ IbPresDis- LLActRep+
[    2.492330] pcieport 0000:00:18.6: PME: Signaling with IRQ 54
[    2.492627] pcieport 0000:00:18.6: pciehp: Slot #262 AttnBtn+ PwrCtrl+ MRL- AttnInd- PwrInd- HotPlug+ Surprise- Interlock- NoCompl+ IbPresDis- LLActRep+
[    2.494346] pcieport 0000:00:18.7: PME: Signaling with IRQ 55
[    2.494653] pcieport 0000:00:18.7: pciehp: Slot #263 AttnBtn+ PwrCtrl+ MRL- AttnInd- PwrInd- HotPlug+ Surprise- Interlock- NoCompl+ IbPresDis- LLActRep+
[    2.496178] shpchp: Standard Hot Plug PCI Controller Driver version: 0.4
[    2.497130] ACPI: AC: AC Adapter [ACAD] (on-line)
[    2.497468] input: Power Button as /devices/LNXSYSTM:00/LNXPWRBN:00/input/input0
[    2.498077] ACPI: button: Power Button [PWRF]
[    2.592261] Serial: 8250/16550 driver, 32 ports, IRQ sharing enabled
[    2.632882] Linux agpgart interface v0.103
[    2.633189] agpgart-intel 0000:00:00.0: Intel 440BX Chipset
[    2.647930] agpgart-intel 0000:00:00.0: AGP aperture is 256M @ 0x0
[    2.735171] loop: module loaded
[    2.735894] ata_piix 0000:00:07.1: version 2.13
[    2.737298] scsi host0: ata_piix
[    2.738435] scsi host1: ata_piix
[    2.738667] ata1: PATA max UDMA/33 cmd 0x1f0 ctl 0x3f6 bmdma 0x1060 irq 14 lpm-pol 0
