[    0.000000] Linux version 6.14.0-34-generic (buildd@lcy02-amd64-017) (x86_64-linux-gnu-gcc-14 (Ubuntu 14.2.0-19ubuntu2) 14.2.0, GNU ld (GNU Binutils for Ubuntu) 2.44) #34-Ubuntu SMP PREEMPT_DYNAMIC Wed Sep 17 09:21:29 UTC 2025 (Ubuntu 6.14.0-34.34-generic 6.14.11)
[    0.000000] Command line: BOOT_IMAGE=/boot/vmlinuz-6.14.0-34-generic root=UUID=1cbb8294-d9e9-4b18-9fce-6fa89d7fe721 ro
[    0.000000] KERNEL supported cpus:
[    0.000000]   Intel GenuineIntel
[    0.000000]   AMD AuthenticAMD
[    0.000000]   Hygon HygonGenuine
[    0.000000]   Centaur CentaurHauls
[    0.000000]   zhaoxin   Shanghai  
[    0.000000] [Firmware Bug]: TSC doesn't count with P0 frequency!
[    0.000000] BIOS-provided physical RAM map:
[    0.000000] BIOS-e820: [mem 0x0000000000000000-0x000000000009e7ff] usable
[    0.000000] BIOS-e820: [mem 0x000000000009e800-0x000000000009ffff] reserved
[    0.000000] BIOS-e820: [mem 0x00000000000dc000-0x00000000000fffff] reserved
[    0.000000] BIOS-e820: [mem 0x0000000000100000-0x00000000bfecffff] usable
[    0.000000] BIOS-e820: [mem 0x00000000bfed0000-0x00000000bfefefff] ACPI data
[    0.000000] BIOS-e820: [mem 0x00000000bfeff000-0x00000000bfefffff] ACPI NVS
[    0.000000] BIOS-e820: [mem 0x00000000bff00000-0x00000000bfffffff] usable
[    0.000000] BIOS-e820: [mem 0x00000000f0000000-0x00000000f7ffffff] reserved
[    0.000000] BIOS-e820: [mem 0x00000000fec00000-0x00000000fec0ffff] reserved
[    0.000000] BIOS-e820: [mem 0x00000000fee00000-0x00000000fee00fff] reserved
[    0.000000] BIOS-e820: [mem 0x00000000fffe0000-0x00000000ffffffff] reserved
[    0.000000] BIOS-e820: [mem 0x0000000100000000-0x000000083fffffff] usable
[    0.000000] NX (Execute Disable) protection: active
[    0.000000] APIC: Static calls initialized
[    0.000000] SMBIOS 2.7 present.
[    0.000000] DMI: VMware, Inc. VMware Virtual Platform/440BX Desktop Reference Platform, BIOS 6.00 11/12/2020
[    0.000000] DMI: Memory slots populated: 2/128
[    0.000000] vmware: hypercall mode: 0x01
[    0.000000] Hypervisor detected: VMware
[    0.000000] vmware: TSC freq read from hypervisor : 4291.842 MHz
[    0.000000] vmware: Host bus clock speed read from hypervisor : 66000000 Hz
[    0.000000] vmware: using clock offset of 5291758541 ns
[    0.002147] tsc: Detected 4291.842 MHz processor
[    0.005670] e820: update [mem 0x00000000-0x00000fff] usable ==> reserved
[    0.011277] e820: remove [mem 0x000a0000-0x000fffff] usable
[    0.013225] last_pfn = 0x840000 max_arch_pfn = 0x400000000
[    0.013720] total RAM covered: 1047552M
[    0.014152]  gran_size: 64K 	chunk_size: 64K 	num_reg: 8  	lose cover RAM: 768G
[    0.014862]  gran_size: 64K 	chunk_size: 128K 	num_reg: 8  	lose cover RAM: 768G
[    0.015405]  gran_size: 64K 	chunk_size: 256K 	num_reg: 8  	lose cover RAM: 768G
[    0.015821]  gran_size: 64K 	chunk_size: 512K 	num_reg: 8  	lose cover RAM: 768G
[    0.016140]  gran_size: 64K 	chunk_size: 1M 	num_reg: 8  	lose cover RAM: 768G
[    0.016383]  gran_size: 64K 	chunk_size: 2M 	num_reg: 8  	lose cover RAM: 768G
[    0.016570]  gran_size: 64K 	chunk_size: 4M 	num_reg: 8  	lose cover RAM: 768G
[    0.016713]  gran_size: 64K 	chunk_size: 8M 	num_reg: 8  	lose cover RAM: 768G
[    0.016822]  gran_size: 64K 	chunk_size: 16M 	num_reg: 8  	lose cover RAM: 768G
[    0.016906]  gran_size: 64K 	chunk_size: 32M 	num_reg: 8  	lose cover RAM: 768G
[    0.016970]  gran_size: 64K 	chunk_size: 64M 	num_reg: 8  	lose cover RAM: 768G
[    0.017020]  gran_size: 64K 	chunk_size: 128M 	num_reg: 8  	lose cover RAM: 768G
[    0.017057]  gran_size: 64K 	chunk_size: 256M 	num_reg: 8  	lose cover RAM: 768G
[    0.017086]  gran_size: 64K 	chunk_size: 512M 	num_reg: 8  	lose cover RAM: 768G
[    0.017108]  gran_size: 64K 	chunk_size: 1G 	num_reg: 8  	lose cover RAM: 768G
[    0.017125]  gran_size: 64K 	chunk_size: 2G 	num_reg: 8  	lose cover RAM: 768G
[    0.017138]  gran_size: 128K 	chunk_size: 128K 	num_reg: 8  	lose cover RAM: 768G
[    0.017148]  gran_size: 128K 	chunk_size: 256K 	num_reg: 8  	lose cover RAM: 768G
[    0.017155]  gran_size: 128K 	chunk_size: 512K 	num_reg: 8  	lose cover RAM: 768G
[    0.017161]  gran_size: 128K 	chunk_size: 1M 	num_reg: 8  	lose cover RAM: 768G
[    0.017165]  gran_size: 128K 	chunk_size: 2M 	num_reg: 8  	lose cover RAM: 768G
[    0.017169]  gran_size: 128K 	chunk_size: 4M 	num_reg: 8  	lose cover RAM: 768G
[    0.017171]  gran_size: 128K 	chunk_size: 8M 	num_reg: 8  	lose cover RAM: 768G
[    0.017173]  gran_size: 128K 	chunk_size: 16M 	num_reg: 8  	lose cover RAM: 768G
[    0.017175]  gran_size: 128K 	chunk_size: 32M 	num_reg: 8  	lose cover RAM: 768G
[    0.017176]  gran_size: 128K 	chunk_size: 64M 	num_reg: 8  	lose cover RAM: 768G
[    0.017177]  gran_size: 128K 	chunk_size: 128M 	num_reg: 8  	lose cover RAM: 768G
[    0.017178]  gran_size: 128K 	chunk_size: 256M 	num_reg: 8  	lose cover RAM: 768G
[    0.017178]  gran_size: 128K 	chunk_size: 512M 	num_reg: 8  	lose cover RAM: 768G
[    0.017179]  gran_size: 128K 	chunk_size: 1G 	num_reg: 8  	lose cover RAM: 768G
[    0.017179]  gran_size: 128K 	chunk_size: 2G 	num_reg: 8  	lose cover RAM: 768G
[    0.017179]  gran_size: 256K 	chunk_size: 256K 	num_reg: 8  	lose cover RAM: 768G
[    0.017179]  gran_size: 256K 	chunk_size: 512K 	num_reg: 8  	lose cover RAM: 768G
[    0.017179]  gran_size: 256K 	chunk_size: 1M 	num_reg: 8  	lose cover RAM: 768G
[    0.017180]  gran_size: 256K 	chunk_size: 2M 	num_reg: 8  	lose cover RAM: 768G
[    0.017180]  gran_size: 256K 	chunk_size: 4M 	num_reg: 8  	lose cover RAM: 768G
[    0.017180]  gran_size: 256K 	chunk_size: 8M 	num_reg: 8  	lose cover RAM: 768G
[    0.017180]  gran_size: 256K 	chunk_size: 16M 	num_reg: 8  	lose cover RAM: 768G
[    0.017180]  gran_size: 256K 	chunk_size: 32M 	num_reg: 8  	lose cover RAM: 768G
[    0.017180]  gran_size: 256K 	chunk_size: 64M 	num_reg: 8  	lose cover RAM: 768G
[    0.017180]  gran_size: 256K 	chunk_size: 128M 	num_reg: 8  	lose cover RAM: 768G
[    0.017180]  gran_size: 256K 	chunk_size: 256M 	num_reg: 8  	lose cover RAM: 768G
[    0.017180]  gran_size: 256K 	chunk_size: 512M 	num_reg: 8  	lose cover RAM: 768G
[    0.017180]  gran_size: 256K 	chunk_size: 1G 	num_reg: 8  	lose cover RAM: 768G
[    0.017180]  gran_size: 256K 	chunk_size: 2G 	num_reg: 8  	lose cover RAM: 768G
[    0.017180]  gran_size: 512K 	chunk_size: 512K 	num_reg: 8  	lose cover RAM: 768G
[    0.017180]  gran_size: 512K 	chunk_size: 1M 	num_reg: 8  	lose cover RAM: 768G
[    0.017180]  gran_size: 512K 	chunk_size: 2M 	num_reg: 8  	lose cover RAM: 768G
[    0.017180]  gran_size: 512K 	chunk_size: 4M 	num_reg: 8  	lose cover RAM: 768G
[    0.017180]  gran_size: 512K 	chunk_size: 8M 	num_reg: 8  	lose cover RAM: 768G
[    0.017180]  gran_size: 512K 	chunk_size: 16M 	num_reg: 8  	lose cover RAM: 768G
[    0.017180]  gran_size: 512K 	chunk_size: 32M 	num_reg: 8  	lose cover RAM: 768G
[    0.017180]  gran_size: 512K 	chunk_size: 64M 	num_reg: 8  	lose cover RAM: 768G
[    0.017180]  gran_size: 512K 	chunk_size: 128M 	num_reg: 8  	lose cover RAM: 768G
[    0.017180]  gran_size: 512K 	chunk_size: 256M 	num_reg: 8  	lose cover RAM: 768G
[    0.017180]  gran_size: 512K 	chunk_size: 512M 	num_reg: 8  	lose cover RAM: 768G
[    0.017180]  gran_size: 512K 	chunk_size: 1G 	num_reg: 8  	lose cover RAM: 768G
[    0.017180]  gran_size: 512K 	chunk_size: 2G 	num_reg: 8  	lose cover RAM: 768G
[    0.017180]  gran_size: 1M 	chunk_size: 1M 	num_reg: 8  	lose cover RAM: 768G
[    0.017180]  gran_size: 1M 	chunk_size: 2M 	num_reg: 8  	lose cover RAM: 768G
[    0.017180]  gran_size: 1M 	chunk_size: 4M 	num_reg: 8  	lose cover RAM: 768G
[    0.017180]  gran_size: 1M 	chunk_size: 8M 	num_reg: 8  	lose cover RAM: 768G
[    0.017180]  gran_size: 1M 	chunk_size: 16M 	num_reg: 8  	lose cover RAM: 768G
[    0.017180]  gran_size: 1M 	chunk_size: 32M 	num_reg: 8  	lose cover RAM: 768G
[    0.017180]  gran_size: 1M 	chunk_size: 64M 	num_reg: 8  	lose cover RAM: 768G
[    0.017180]  gran_size: 1M 	chunk_size: 128M 	num_reg: 8  	lose cover RAM: 768G
[    0.017180]  gran_size: 1M 	chunk_size: 256M 	num_reg: 8  	lose cover RAM: 768G
[    0.017180]  gran_size: 1M 	chunk_size: 512M 	num_reg: 8  	lose cover RAM: 768G
[    0.017180]  gran_size: 1M 	chunk_size: 1G 	num_reg: 8  	lose cover RAM: 768G
[    0.017180]  gran_size: 1M 	chunk_size: 2G 	num_reg: 8  	lose cover RAM: 768G
[    0.017180]  gran_size: 2M 	chunk_size: 2M 	num_reg: 8  	lose cover RAM: 768G
[    0.017180]  gran_size: 2M 	chunk_size: 4M 	num_reg: 8  	lose cover RAM: 768G
[    0.017180]  gran_size: 2M 	chunk_size: 8M 	num_reg: 8  	lose cover RAM: 768G
[    0.017180]  gran_size: 2M 	chunk_size: 16M 	num_reg: 8  	lose cover RAM: 768G
[    0.017180]  gran_size: 2M 	chunk_size: 32M 	num_reg: 8  	lose cover RAM: 768G
[    0.017180]  gran_size: 2M 	chunk_size: 64M 	num_reg: 8  	lose cover RAM: 768G
[    0.017180]  gran_size: 2M 	chunk_size: 128M 	num_reg: 8  	lose cover RAM: 768G
[    0.017180]  gran_size: 2M 	chunk_size: 256M 	num_reg: 8  	lose cover RAM: 768G
[    0.017180]  gran_size: 2M 	chunk_size: 512M 	num_reg: 8  	lose cover RAM: 768G
[    0.017180]  gran_size: 2M 	chunk_size: 1G 	num_reg: 8  	lose cover RAM: 768G
[    0.017180]  gran_size: 2M 	chunk_size: 2G 	num_reg: 8  	lose cover RAM: 768G
[    0.017180]  gran_size: 4M 	chunk_size: 4M 	num_reg: 8  	lose cover RAM: 768G
[    0.017180]  gran_size: 4M 	chunk_size: 8M 	num_reg: 8  	lose cover RAM: 768G
[    0.017180]  gran_size: 4M 	chunk_size: 16M 	num_reg: 8  	lose cover RAM: 768G
[    0.017180]  gran_size: 4M 	chunk_size: 32M 	num_reg: 8  	lose cover RAM: 768G
[    0.017180]  gran_size: 4M 	chunk_size: 64M 	num_reg: 8  	lose cover RAM: 768G
[    0.017180]  gran_size: 4M 	chunk_size: 128M 	num_reg: 8  	lose cover RAM: 768G
[    0.017180]  gran_size: 4M 	chunk_size: 256M 	num_reg: 8  	lose cover RAM: 768G
[    0.017180]  gran_size: 4M 	chunk_size: 512M 	num_reg: 8  	lose cover RAM: 768G
[    0.017180]  gran_size: 4M 	chunk_size: 1G 	num_reg: 8  	lose cover RAM: 768G
[    0.017180]  gran_size: 4M 	chunk_size: 2G 	num_reg: 8  	lose cover RAM: 768G
[    0.017180]  gran_size: 8M 	chunk_size: 8M 	num_reg: 8  	lose cover RAM: 768G
[    0.017180]  gran_size: 8M 	chunk_size: 16M 	num_reg: 8  	lose cover RAM: 768G
[    0.017180]  gran_size: 8M 	chunk_size: 32M 	num_reg: 8  	lose cover RAM: 768G
[    0.017180]  gran_size: 8M 	chunk_size: 64M 	num_reg: 8  	lose cover RAM: 768G
[    0.017180]  gran_size: 8M 	chunk_size: 128M 	num_reg: 8  	lose cover RAM: 768G
[    0.017180]  gran_size: 8M 	chunk_size: 256M 	num_reg: 8  	lose cover RAM: 768G
[    0.017180]  gran_size: 8M 	chunk_size: 512M 	num_reg: 8  	lose cover RAM: 768G
[    0.017180]  gran_size: 8M 	chunk_size: 1G 	num_reg: 8  	lose cover RAM: 768G
[    0.017180]  gran_size: 8M 	chunk_size: 2G 	num_reg: 8  	lose cover RAM: 768G
[    0.017180]  gran_size: 16M 	chunk_size: 16M 	num_reg: 8  	lose cover RAM: 768G
[    0.017180]  gran_size: 16M 	chunk_size: 32M 	num_reg: 8  	lose cover RAM: 768G
[    0.017180]  gran_size: 16M 	chunk_size: 64M 	num_reg: 8  	lose cover RAM: 768G
[    0.017180]  gran_size: 16M 	chunk_size: 128M 	num_reg: 8  	lose cover RAM: 768G
[    0.017180]  gran_size: 16M 	chunk_size: 256M 	num_reg: 8  	lose cover RAM: 768G
[    0.017180]  gran_size: 16M 	chunk_size: 512M 	num_reg: 8  	lose cover RAM: 768G
[    0.017180]  gran_size: 16M 	chunk_size: 1G 	num_reg: 8  	lose cover RAM: 768G
[    0.017180]  gran_size: 16M 	chunk_size: 2G 	num_reg: 8  	lose cover RAM: 768G
[    0.017180]  gran_size: 32M 	chunk_size: 32M 	num_reg: 8  	lose cover RAM: 768G
[    0.017180]  gran_size: 32M 	chunk_size: 64M 	num_reg: 8  	lose cover RAM: 768G
[    0.017180]  gran_size: 32M 	chunk_size: 128M 	num_reg: 8  	lose cover RAM: 768G
[    0.017180]  gran_size: 32M 	chunk_size: 256M 	num_reg: 8  	lose cover RAM: 768G
[    0.017180]  gran_size: 32M 	chunk_size: 512M 	num_reg: 8  	lose cover RAM: 768G
[    0.017180]  gran_size: 32M 	chunk_size: 1G 	num_reg: 8  	lose cover RAM: 768G
[    0.017180]  gran_size: 32M 	chunk_size: 2G 	num_reg: 8  	lose cover RAM: 768G
[    0.017180]  gran_size: 64M 	chunk_size: 64M 	num_reg: 8  	lose cover RAM: 768G
[    0.017180]  gran_size: 64M 	chunk_size: 128M 	num_reg: 8  	lose cover RAM: 768G
[    0.017180]  gran_size: 64M 	chunk_size: 256M 	num_reg: 8  	lose cover RAM: 768G
[    0.017180]  gran_size: 64M 	chunk_size: 512M 	num_reg: 8  	lose cover RAM: 768G
[    0.017180]  gran_size: 64M 	chunk_size: 1G 	num_reg: 8  	lose cover RAM: 768G
[    0.017180]  gran_size: 64M 	chunk_size: 2G 	num_reg: 8  	lose cover RAM: 768G
[    0.017180]  gran_size: 128M 	chunk_size: 128M 	num_reg: 8  	lose cover RAM: 768G
[    0.017180]  gran_size: 128M 	chunk_size: 256M 	num_reg: 8  	lose cover RAM: 768G
[    0.017180]  gran_size: 128M 	chunk_size: 512M 	num_reg: 8  	lose cover RAM: 768G
[    0.017180]  gran_size: 128M 	chunk_size: 1G 	num_reg: 8  	lose cover RAM: 768G
[    0.017180]  gran_size: 128M 	chunk_size: 2G 	num_reg: 8  	lose cover RAM: 768G
[    0.017180]  gran_size: 256M 	chunk_size: 256M 	num_reg: 8  	lose cover RAM: 768G
[    0.017180]  gran_size: 256M 	chunk_size: 512M 	num_reg: 8  	lose cover RAM: 768G
[    0.017180]  gran_size: 256M 	chunk_size: 1G 	num_reg: 8  	lose cover RAM: 768G
[    0.017180]  gran_size: 256M 	chunk_size: 2G 	num_reg: 8  	lose cover RAM: 768G
[    0.017180]  gran_size: 512M 	chunk_size: 512M 	num_reg: 8  	lose cover RAM: 768G
[    0.017180]  gran_size: 512M 	chunk_size: 1G 	num_reg: 8  	lose cover RAM: 768G
[    0.017180]  gran_size: 512M 	chunk_size: 2G 	num_reg: 8  	lose cover RAM: 768G
[    0.017180]  gran_size: 1G 	chunk_size: 1G 	num_reg: 8  	lose cover RAM: 768G
[    0.017180]  gran_size: 1G 	chunk_size: 2G 	num_reg: 8  	lose cover RAM: 768G
[    0.017180]  gran_size: 2G 	chunk_size: 2G 	num_reg: 8  	lose cover RAM: 513G
[    0.017180] mtrr_cleanup: can not find optimal value
[    0.017180] please specify mtrr_gran_size/mtrr_chunk_size
[    0.017180] MTRR map: 8 entries (5 fixed + 3 variable; max 21), built from 8 variable MTRRs
[    0.017180] x86/PAT: Configuration [0-7]: WB  WC  UC- UC  WB  WP  UC- WT  
[    0.017180] e820: update [mem 0xc0000000-0xffffffff] usable ==> reserved
[    0.017180] last_pfn = 0xc0000 max_arch_pfn = 0x400000000
[    0.017180] found SMP MP-table at [mem 0x000f6a70-0x000f6a7f]
[    0.017180] Using GB pages for direct mapping
[    0.017180] RAMDISK: [mem 0x2d607000-0x32afafff]
[    0.017180] ACPI: Early table checksum verification disabled
[    0.017180] ACPI: RSDP 0x00000000000F6A00 000024 (v02 PTLTD )
[    0.017180] ACPI: XSDT 0x00000000BFEDB633 00005C (v01 INTEL  440BX    06040000 VMW  01324272)
[    0.017180] ACPI: FACP 0x00000000BFEFEE73 0000F4 (v04 INTEL  440BX    06040000 PTL  000F4240)
[    0.017180] ACPI: DSDT 0x00000000BFEDD001 021E72 (v01 PTLTD  Custom   06040000 MSFT 03000001)
[    0.017180] ACPI: FACS 0x00000000BFEFFFC0 000040
[    0.017180] ACPI: FACS 0x00000000BFEFFFC0 000040
[    0.017180] ACPI: BOOT 0x00000000BFEDCFB4 000028 (v01 PTLTD  $SBFTBL$ 06040000  LTP 00000001)
[    0.017180] ACPI: APIC 0x00000000BFEDC872 000742 (v01 PTLTD  ? APIC   06040000  LTP 00000000)
[    0.017180] ACPI: MCFG 0x00000000BFEDC836 00003C (v01 PTLTD  $PCITBL$ 06040000  LTP 00000001)
[    0.017180] ACPI: SRAT 0x00000000BFEDB72F 0008D0 (v02 VMWARE MEMPLUG  06040000 VMW  00000001)
[    0.017180] ACPI: HPET 0x00000000BFEDB6F7 000038 (v01 VMWARE VMW HPET 06040000 VMW  00000001)
[    0.017180] ACPI: WAET 0x00000000BFEDB6CF 000028 (v01 VMWARE VMW WAET 06040000 VMW  00000001)
[    0.017180] ACPI: Reserving FACP table memory at [mem 0xbfefee73-0xbfefef66]
[    0.017180] ACPI: Reserving DSDT table memory at [mem 0xbfedd001-0xbfefee72]
[    0.017180] ACPI: Reserving FACS table memory at [mem 0xbfefffc0-0xbfefffff]
[    0.017180] ACPI: Reserving FACS table memory at [mem 0xbfefffc0-0xbfefffff]
[    0.017180] ACPI: Reserving BOOT table memory at [mem 0xbfedcfb4-0xbfedcfdb]
[    0.017180] ACPI: Reserving APIC table memory at [mem 0xbfedc872-0xbfedcfb3]
[    0.017180] ACPI: Reserving MCFG table memory at [mem 0xbfedc836-0xbfedc871]
[    0.017180] ACPI: Reserving SRAT table memory at [mem 0xbfedb72f-0xbfedbffe]
[    0.017180] ACPI: Reserving HPET table memory at [mem 0xbfedb6f7-0xbfedb72e]
[    0.017180] ACPI: Reserving WAET table memory at [mem 0xbfedb6cf-0xbfedb6f6]
[    0.017180] ACPI: SRAT: Node 0 PXM 0 [mem 0x00000000-0x0009ffff]
[    0.017180] ACPI: SRAT: Node 0 PXM 0 [mem 0x00100000-0xbfffffff]
[    0.017180] ACPI: SRAT: Node 0 PXM 0 [mem 0x100000000-0x83fffffff]
[    0.017180] ACPI: SRAT: Node 0 PXM 0 [mem 0x840000000-0x803fffffff] hotplug
[    0.017180] NUMA: Node 0 [mem 0x00001000-0x0009ffff] + [mem 0x00100000-0xbfffffff] -> [mem 0x00001000-0xbfffffff]
[    0.017180] NUMA: Node 0 [mem 0x00001000-0xbfffffff] + [mem 0x100000000-0x83fffffff] -> [mem 0x00001000-0x83fffffff]
[    0.017180] NODE_DATA(0) allocated [mem 0x83ffd5540-0x83fffffff]
[    0.017180] Zone ranges:
[    0.017180]   DMA      [mem 0x0000000000001000-0x0000000000ffffff]
[    0.017180]   DMA32    [mem 0x0000000001000000-0x00000000ffffffff]
[    0.017180]   Normal   [mem 0x0000000100000000-0x000000083fffffff]
[    0.017180]   Device   empty
[    0.017180] Movable zone start for each node
[    0.017180] Early memory node ranges
[    0.017180]   node   0: [mem 0x0000000000001000-0x000000000009dfff]
[    0.017180]   node   0: [mem 0x0000000000100000-0x00000000bfecffff]
[    0.017180]   node   0: [mem 0x00000000bff00000-0x00000000bfffffff]
[    0.017180]   node   0: [mem 0x0000000100000000-0x000000083fffffff]
[    0.017180] Initmem setup node 0 [mem 0x0000000000001000-0x000000083fffffff]
[    0.017180] On node 0, zone DMA: 1 pages in unavailable ranges
[    0.017180] On node 0, zone DMA: 98 pages in unavailable ranges
[    0.019946] On node 0, zone DMA32: 48 pages in unavailable ranges
[    0.020450] ACPI: PM-Timer IO Port: 0x1008
[    0.020656] ACPI: LAPIC_NMI (acpi_id[0x00] high edge lint[0x1])
[    0.020836] ACPI: LAPIC_NMI (acpi_id[0x01] high edge lint[0x1])
[    0.020994] ACPI: LAPIC_NMI (acpi_id[0x02] high edge lint[0x1])
[    0.021131] ACPI: LAPIC_NMI (acpi_id[0x03] high edge lint[0x1])
[    0.021252] ACPI: LAPIC_NMI (acpi_id[0x04] high edge lint[0x1])
[    0.021358] ACPI: LAPIC_NMI (acpi_id[0x05] high edge lint[0x1])
[    0.021450] ACPI: LAPIC_NMI (acpi_id[0x06] high edge lint[0x1])
[    0.021531] ACPI: LAPIC_NMI (acpi_id[0x07] high edge lint[0x1])
[    0.021602] ACPI: LAPIC_NMI (acpi_id[0x08] high edge lint[0x1])
[    0.021664] ACPI: LAPIC_NMI (acpi_id[0x09] high edge lint[0x1])
[    0.021718] ACPI: LAPIC_NMI (acpi_id[0x0a] high edge lint[0x1])
[    0.021765] ACPI: LAPIC_NMI (acpi_id[0x0b] high edge lint[0x1])
[    0.021807] ACPI: LAPIC_NMI (acpi_id[0x0c] high edge lint[0x1])
[    0.021843] ACPI: LAPIC_NMI (acpi_id[0x0d] high edge lint[0x1])
[    0.021875] ACPI: LAPIC_NMI (acpi_id[0x0e] high edge lint[0x1])
[    0.021902] ACPI: LAPIC_NMI (acpi_id[0x0f] high edge lint[0x1])
[    0.021927] ACPI: LAPIC_NMI (acpi_id[0x10] high edge lint[0x1])
[    0.021948] ACPI: LAPIC_NMI (acpi_id[0x11] high edge lint[0x1])
[    0.021967] ACPI: LAPIC_NMI (acpi_id[0x12] high edge lint[0x1])
[    0.021983] ACPI: LAPIC_NMI (acpi_id[0x13] high edge lint[0x1])
[    0.021997] ACPI: LAPIC_NMI (acpi_id[0x14] high edge lint[0x1])
[    0.022010] ACPI: LAPIC_NMI (acpi_id[0x15] high edge lint[0x1])
[    0.022021] ACPI: LAPIC_NMI (acpi_id[0x16] high edge lint[0x1])
[    0.022030] ACPI: LAPIC_NMI (acpi_id[0x17] high edge lint[0x1])
[    0.022038] ACPI: LAPIC_NMI (acpi_id[0x18] high edge lint[0x1])
[    0.022046] ACPI: LAPIC_NMI (acpi_id[0x19] high edge lint[0x1])
[    0.022052] ACPI: LAPIC_NMI (acpi_id[0x1a] high edge lint[0x1])
[    0.022058] ACPI: LAPIC_NMI (acpi_id[0x1b] high edge lint[0x1])
[    0.022063] ACPI: LAPIC_NMI (acpi_id[0x1c] high edge lint[0x1])
[    0.022067] ACPI: LAPIC_NMI (acpi_id[0x1d] high edge lint[0x1])
[    0.022071] ACPI: LAPIC_NMI (acpi_id[0x1e] high edge lint[0x1])
[    0.022074] ACPI: LAPIC_NMI (acpi_id[0x1f] high edge lint[0x1])
[    0.022077] ACPI: LAPIC_NMI (acpi_id[0x20] high edge lint[0x1])
[    0.022079] ACPI: LAPIC_NMI (acpi_id[0x21] high edge lint[0x1])
[    0.022082] ACPI: LAPIC_NMI (acpi_id[0x22] high edge lint[0x1])
[    0.022083] ACPI: LAPIC_NMI (acpi_id[0x23] high edge lint[0x1])
[    0.022085] ACPI: LAPIC_NMI (acpi_id[0x24] high edge lint[0x1])
[    0.022087] ACPI: LAPIC_NMI (acpi_id[0x25] high edge lint[0x1])
[    0.022088] ACPI: LAPIC_NMI (acpi_id[0x26] high edge lint[0x1])
[    0.022089] ACPI: LAPIC_NMI (acpi_id[0x27] high edge lint[0x1])
[    0.022090] ACPI: LAPIC_NMI (acpi_id[0x28] high edge lint[0x1])
[    0.022091] ACPI: LAPIC_NMI (acpi_id[0x29] high edge lint[0x1])
[    0.022092] ACPI: LAPIC_NMI (acpi_id[0x2a] high edge lint[0x1])
[    0.022092] ACPI: LAPIC_NMI (acpi_id[0x2b] high edge lint[0x1])
[    0.022093] ACPI: LAPIC_NMI (acpi_id[0x2c] high edge lint[0x1])
[    0.022093] ACPI: LAPIC_NMI (acpi_id[0x2d] high edge lint[0x1])
[    0.022094] ACPI: LAPIC_NMI (acpi_id[0x2e] high edge lint[0x1])
[    0.022094] ACPI: LAPIC_NMI (acpi_id[0x2f] high edge lint[0x1])
[    0.022095] ACPI: LAPIC_NMI (acpi_id[0x30] high edge lint[0x1])
[    0.022095] ACPI: LAPIC_NMI (acpi_id[0x31] high edge lint[0x1])
[    0.022095] ACPI: LAPIC_NMI (acpi_id[0x32] high edge lint[0x1])
[    0.022095] ACPI: LAPIC_NMI (acpi_id[0x33] high edge lint[0x1])
[    0.022096] ACPI: LAPIC_NMI (acpi_id[0x34] high edge lint[0x1])
[    0.022096] ACPI: LAPIC_NMI (acpi_id[0x35] high edge lint[0x1])
[    0.022096] ACPI: LAPIC_NMI (acpi_id[0x36] high edge lint[0x1])
[    0.022096] ACPI: LAPIC_NMI (acpi_id[0x37] high edge lint[0x1])
[    0.022096] ACPI: LAPIC_NMI (acpi_id[0x38] high edge lint[0x1])
[    0.022096] ACPI: LAPIC_NMI (acpi_id[0x39] high edge lint[0x1])
[    0.022096] ACPI: LAPIC_NMI (acpi_id[0x3a] high edge lint[0x1])
[    0.022096] ACPI: LAPIC_NMI (acpi_id[0x3b] high edge lint[0x1])
[    0.022096] ACPI: LAPIC_NMI (acpi_id[0x3c] high edge lint[0x1])
[    0.022097] ACPI: LAPIC_NMI (acpi_id[0x3d] high edge lint[0x1])
[    0.022097] ACPI: LAPIC_NMI (acpi_id[0x3e] high edge lint[0x1])
[    0.022097] ACPI: LAPIC_NMI (acpi_id[0x3f] high edge lint[0x1])
[    0.022097] ACPI: LAPIC_NMI (acpi_id[0x40] high edge lint[0x1])
[    0.022097] ACPI: LAPIC_NMI (acpi_id[0x41] high edge lint[0x1])
[    0.022097] ACPI: LAPIC_NMI (acpi_id[0x42] high edge lint[0x1])
[    0.022097] ACPI: LAPIC_NMI (acpi_id[0x43] high edge lint[0x1])
[    0.022097] ACPI: LAPIC_NMI (acpi_id[0x44] high edge lint[0x1])
[    0.022097] ACPI: LAPIC_NMI (acpi_id[0x45] high edge lint[0x1])
[    0.022097] ACPI: LAPIC_NMI (acpi_id[0x46] high edge lint[0x1])
[    0.022097] ACPI: LAPIC_NMI (acpi_id[0x47] high edge lint[0x1])
[    0.022097] ACPI: LAPIC_NMI (acpi_id[0x48] high edge lint[0x1])
[    0.022097] ACPI: LAPIC_NMI (acpi_id[0x49] high edge lint[0x1])
[    0.022097] ACPI: LAPIC_NMI (acpi_id[0x4a] high edge lint[0x1])
[    0.022097] ACPI: LAPIC_NMI (acpi_id[0x4b] high edge lint[0x1])
[    0.022097] ACPI: LAPIC_NMI (acpi_id[0x4c] high edge lint[0x1])
[    0.022097] ACPI: LAPIC_NMI (acpi_id[0x4d] high edge lint[0x1])
[    0.022097] ACPI: LAPIC_NMI (acpi_id[0x4e] high edge lint[0x1])
[    0.022097] ACPI: LAPIC_NMI (acpi_id[0x4f] high edge lint[0x1])
[    0.022097] ACPI: LAPIC_NMI (acpi_id[0x50] high edge lint[0x1])
[    0.022097] ACPI: LAPIC_NMI (acpi_id[0x51] high edge lint[0x1])
[    0.022097] ACPI: LAPIC_NMI (acpi_id[0x52] high edge lint[0x1])
[    0.022097] ACPI: LAPIC_NMI (acpi_id[0x53] high edge lint[0x1])
[    0.022097] ACPI: LAPIC_NMI (acpi_id[0x54] high edge lint[0x1])
[    0.022097] ACPI: LAPIC_NMI (acpi_id[0x55] high edge lint[0x1])
[    0.022097] ACPI: LAPIC_NMI (acpi_id[0x56] high edge lint[0x1])
[    0.022097] ACPI: LAPIC_NMI (acpi_id[0x57] high edge lint[0x1])
[    0.022097] ACPI: LAPIC_NMI (acpi_id[0x58] high edge lint[0x1])
[    0.022097] ACPI: LAPIC_NMI (acpi_id[0x59] high edge lint[0x1])
[    0.022097] ACPI: LAPIC_NMI (acpi_id[0x5a] high edge lint[0x1])
[    0.022097] ACPI: LAPIC_NMI (acpi_id[0x5b] high edge lint[0x1])
[    0.022097] ACPI: LAPIC_NMI (acpi_id[0x5c] high edge lint[0x1])
[    0.022097] ACPI: LAPIC_NMI (acpi_id[0x5d] high edge lint[0x1])
[    0.022097] ACPI: LAPIC_NMI (acpi_id[0x5e] high edge lint[0x1])
[    0.022097] ACPI: LAPIC_NMI (acpi_id[0x5f] high edge lint[0x1])
[    0.022097] ACPI: LAPIC_NMI (acpi_id[0x60] high edge lint[0x1])
[    0.022097] ACPI: LAPIC_NMI (acpi_id[0x61] high edge lint[0x1])
[    0.022097] ACPI: LAPIC_NMI (acpi_id[0x62] high edge lint[0x1])
[    0.022097] ACPI: LAPIC_NMI (acpi_id[0x63] high edge lint[0x1])
[    0.022097] ACPI: LAPIC_NMI (acpi_id[0x64] high edge lint[0x1])
[    0.022097] ACPI: LAPIC_NMI (acpi_id[0x65] high edge lint[0x1])
[    0.022097] ACPI: LAPIC_NMI (acpi_id[0x66] high edge lint[0x1])
[    0.022097] ACPI: LAPIC_NMI (acpi_id[0x67] high edge lint[0x1])
[    0.022097] ACPI: LAPIC_NMI (acpi_id[0x68] high edge lint[0x1])
[    0.022097] ACPI: LAPIC_NMI (acpi_id[0x69] high edge lint[0x1])
[    0.022097] ACPI: LAPIC_NMI (acpi_id[0x6a] high edge lint[0x1])
[    0.022097] ACPI: LAPIC_NMI (acpi_id[0x6b] high edge lint[0x1])
[    0.022097] ACPI: LAPIC_NMI (acpi_id[0x6c] high edge lint[0x1])
[    0.022097] ACPI: LAPIC_NMI (acpi_id[0x6d] high edge lint[0x1])
[    0.022097] ACPI: LAPIC_NMI (acpi_id[0x6e] high edge lint[0x1])
[    0.022097] ACPI: LAPIC_NMI (acpi_id[0x6f] high edge lint[0x1])
[    0.022097] ACPI: LAPIC_NMI (acpi_id[0x70] high edge lint[0x1])
[    0.022097] ACPI: LAPIC_NMI (acpi_id[0x71] high edge lint[0x1])
[    0.022097] ACPI: LAPIC_NMI (acpi_id[0x72] high edge lint[0x1])
[    0.022097] ACPI: LAPIC_NMI (acpi_id[0x73] high edge lint[0x1])
[    0.022097] ACPI: LAPIC_NMI (acpi_id[0x74] high edge lint[0x1])
[    0.022097] ACPI: LAPIC_NMI (acpi_id[0x75] high edge lint[0x1])
[    0.022097] ACPI: LAPIC_NMI (acpi_id[0x76] high edge lint[0x1])
[    0.022097] ACPI: LAPIC_NMI (acpi_id[0x77] high edge lint[0x1])
[    0.022097] ACPI: LAPIC_NMI (acpi_id[0x78] high edge lint[0x1])
[    0.022097] ACPI: LAPIC_NMI (acpi_id[0x79] high edge lint[0x1])
[    0.022097] ACPI: LAPIC_NMI (acpi_id[0x7a] high edge lint[0x1])
[    0.022097] ACPI: LAPIC_NMI (acpi_id[0x7b] high edge lint[0x1])
[    0.022097] ACPI: LAPIC_NMI (acpi_id[0x7c] high edge lint[0x1])
[    0.022097] ACPI: LAPIC_NMI (acpi_id[0x7d] high edge lint[0x1])
[    0.022097] ACPI: LAPIC_NMI (acpi_id[0x7e] high edge lint[0x1])
[    0.022097] ACPI: LAPIC_NMI (acpi_id[0x7f] high edge lint[0x1])
[    0.022097] IOAPIC[0]: apic_id 128, version 32, address 0xfec00000, GSI 0-23
[    0.022097] ACPI: INT_SRC_OVR (bus 0 bus_irq 0 global_irq 2 high edge)
[    0.022097] ACPI: Using ACPI (MADT) for SMP configuration information
[    0.022097] ACPI: HPET id: 0x8086af01 base: 0xfed00000
[    0.022097] CPU topo: Max. logical packages:   8
[    0.022097] CPU topo: Max. logical dies:       8
[    0.022097] CPU topo: Max. dies per package:   1
[    0.022097] CPU topo: Max. threads per core:   1
[    0.022097] CPU topo: Num. cores per package:    16
[    0.022097] CPU topo: Num. threads per package:  16
[    0.022097] CPU topo: Allowing 16 present CPUs plus 112 hotplug CPUs
[    0.022097] PM: hibernation: Registered nosave memory: [mem 0x00000000-0x00000fff]
[    0.022097] PM: hibernation: Registered nosave memory: [mem 0x0009e000-0x000fffff]
[    0.022097] PM: hibernation: Registered nosave memory: [mem 0xbfed0000-0xbfefffff]
[    0.022097] PM: hibernation: Registered nosave memory: [mem 0xc0000000-0xffffffff]
[    0.022097] [mem 0xc0000000-0xefffffff] available for PCI devices
[    0.022097] Booting paravirtualized kernel on VMware hypervisor
[    0.022097] clocksource: refined-jiffies: mask: 0xffffffff max_cycles: 0xffffffff, max_idle_ns: 1910969940391419 ns
[    0.022097] setup_percpu: NR_CPUS:8192 nr_cpumask_bits:128 nr_cpu_ids:128 nr_node_ids:1
[    0.022097] percpu: Embedded 88 pages/cpu s237568 r8192 d114688 u524288
[    0.022097] pcpu-alloc: s237568 r8192 d114688 u524288 alloc=1*2097152
[    0.022097] pcpu-alloc: [0] 000 001 002 003 [0] 004 005 006 007 
[    0.022097] pcpu-alloc: [0] 008 009 010 011 [0] 012 013 014 015 
[    0.022097] pcpu-alloc: [0] 016 017 018 019 [0] 020 021 022 023 
[    0.022097] pcpu-alloc: [0] 024 025 026 027 [0] 028 029 030 031 
[    0.022097] pcpu-alloc: [0] 032 033 034 035 [0] 036 037 038 039 
[    0.022097] pcpu-alloc: [0] 040 041 042 043 [0] 044 045 046 047 
[    0.022097] pcpu-alloc: [0] 048 049 050 051 [0] 052 053 054 055 
[    0.022097] pcpu-alloc: [0] 056 057 058 059 [0] 060 061 062 063 
[    0.022097] pcpu-alloc: [0] 064 065 066 067 [0] 068 069 070 071 
[    0.022097] pcpu-alloc: [0] 072 073 074 075 [0] 076 077 078 079 
[    0.022097] pcpu-alloc: [0] 080 081 082 083 [0] 084 085 086 087 
[    0.022097] pcpu-alloc: [0] 088 089 090 091 [0] 092 093 094 095 
[    0.022097] pcpu-alloc: [0] 096 097 098 099 [0] 100 101 102 103 
[    0.022097] pcpu-alloc: [0] 104 105 106 107 [0] 108 109 110 111 
[    0.022097] pcpu-alloc: [0] 112 113 114 115 [0] 116 117 118 119 
[    0.022097] pcpu-alloc: [0] 120 121 122 123 [0] 124 125 126 127 
[    0.022097] Kernel command line: BOOT_IMAGE=/boot/vmlinuz-6.14.0-34-generic root=UUID=1cbb8294-d9e9-4b18-9fce-6fa89d7fe721 ro
[    0.022097] Unknown kernel command line parameters "BOOT_IMAGE=/boot/vmlinuz-6.14.0-34-generic", will be passed to user space.
[    0.022097] random: crng init done
[    0.022097] printk: log_buf_len individual max cpu contribution: 4096 bytes
[    0.022097] printk: log_buf_len total cpu_extra contributions: 520192 bytes
[    0.022097] printk: log_buf_len min size: 262144 bytes
[    0.022097] printk: log buffer data + meta data: 1048576 + 3670016 = 4718592 bytes
[    0.022097] printk: early log buf free: 234008(89%)
[    0.022097] Dentry cache hash table entries: 4194304 (order: 13, 33554432 bytes, linear)
[    0.022097] Inode-cache hash table entries: 2097152 (order: 12, 16777216 bytes, linear)
[    0.022097] Fallback order for Node 0: 0 
[    0.022097] Built 1 zonelists, mobility grouping on.  Total pages: 8388461
[    0.022097] Policy zone: Normal
[    0.022097] mem auto-init: stack:all(zero), heap alloc:on, heap free:off
[    0.022097] software IO TLB: area num 128.
[    0.022097] SLUB: HWalign=64, Order=0-3, MinObjects=0, CPUs=128, Nodes=1
[    0.022097] ftrace: allocating 60634 entries in 237 pages
[    0.022097] ftrace: allocated 237 pages with 6 groups
[    0.022097] Dynamic Preempt: voluntary
[    0.022097] rcu: Preemptible hierarchical RCU implementation.
[    0.022097] rcu: 	RCU restricting CPUs from NR_CPUS=8192 to nr_cpu_ids=128.
[    0.022097] 	Trampoline variant of Tasks RCU enabled.
[    0.022097] 	Rude variant of Tasks RCU enabled.
[    0.022097] 	Tracing variant of Tasks RCU enabled.
[    0.022097] rcu: RCU calculated value of scheduler-enlistment delay is 100 jiffies.
[    0.022097] rcu: Adjusting geometry for rcu_fanout_leaf=16, nr_cpu_ids=128
[    0.022097] RCU Tasks: Setting shift to 7 and lim to 1 rcu_task_cb_adjust=1 rcu_task_cpu_ids=128.
[    0.022097] RCU Tasks Rude: Setting shift to 7 and lim to 1 rcu_task_cb_adjust=1 rcu_task_cpu_ids=128.
[    0.022097] RCU Tasks Trace: Setting shift to 7 and lim to 1 rcu_task_cb_adjust=1 rcu_task_cpu_ids=128.
[    0.022097] NR_IRQS: 524544, nr_irqs: 1448, preallocated irqs: 16
[    0.049762] rcu: srcu_init: Setting srcu_struct sizes to big.
[    0.057702] Console: colour VGA+ 80x25
[    0.057708] printk: legacy console [tty0] enabled
[    0.064083] ACPI: Core revision 20240827
[    0.076816] clocksource: hpet: mask: 0xffffffff max_cycles: 0xffffffff, max_idle_ns: 133484882848 ns
[    0.600742] APIC: Switch to symmetric I/O mode setup
[    0.602346] x2apic enabled
[    0.602436] APIC: Switched APIC routing to: physical x2apic
[    0.605567] ..TIMER: vector=0x30 apic1=0 pin1=2 apic2=-1 pin2=-1
[    0.605573] clocksource: tsc-early: mask: 0xffffffffffffffff max_cycles: 0x3ddd4885acc, max_idle_ns: 440795304854 ns
[    0.606360] Calibrating delay loop (skipped) preset value.. 8583.68 BogoMIPS (lpj=4291842)
[    0.608454] x86/cpu: User Mode Instruction Prevention (UMIP) activated
[    0.609419] unchecked MSR access error: RDMSR from 0x852 at rIP: 0xffffffffb4bc2757 (native_read_msr+0x7/0x50)
[    0.610366] Call Trace:
[    0.610511]  <TASK>
[    0.610645]  native_apic_msr_read+0x1b/0x60
[    0.611366]  setup_APIC_eilvt+0x46/0x1a0
[    0.611567]  mce_amd_feature_init+0x2ea/0x370
[    0.611786]  __mcheck_cpu_init_vendor+0x4e/0xd0
[    0.612365]  mcheck_cpu_init+0x17e/0x290
[    0.612569]  identify_cpu+0x384/0x6a0
[    0.613366]  identify_boot_cpu+0x10/0xd0
[    0.613567]  arch_cpu_finalize_init+0x19/0xc0
[    0.614366]  start_kernel+0x40d/0x4a0
[    0.614557]  x86_64_start_reservations+0x24/0x30
[    0.614784]  x86_64_start_kernel+0xf2/0x100
[    0.615366]  common_startup_64+0x13e/0x141
[    0.615574]  </TASK>
[    0.615709] LVT offset 2 assigned for vector 0xf4
[    0.616366] [Firmware Bug]: cpu 0, try to use APIC520 (LVT offset 2) for vector 0xf4, but the register is already in use for vector 0x0 on this cpu
[    0.617373] Last level iTLB entries: 4KB 64, 2MB 64, 4MB 32
[    0.618365] Last level dTLB entries: 4KB 128, 2MB 128, 4MB 64, 1GB 0
[    0.618660] Spectre V1 : Mitigation: usercopy/swapgs barriers and __user pointer sanitization
[    0.619367] Spectre V2 : Mitigation: Retpolines
[    0.619591] Spectre V2 : Spectre v2 / SpectreRSB: Filling RSB on context switch and VMEXIT
[    0.620367] Spectre V2 : mitigation: Enabling conditional Indirect Branch Prediction Barrier
[    0.621366] Speculative Store Bypass: Vulnerable
[    0.621592] Speculative Return Stack Overflow: IBPB-extending microcode not applied!
[    0.622365] Speculative Return Stack Overflow: WARNING: See https://kernel.org/doc/html/latest/admin-guide/hw-vuln/srso.html for mitigation options.
[    0.622369] Speculative Return Stack Overflow: Vulnerable: Safe RET, no microcode
[    0.624415] x86/fpu: Supporting XSAVE feature 0x001: 'x87 floating point registers'
[    0.625365] x86/fpu: Supporting XSAVE feature 0x002: 'SSE registers'
[    0.625649] x86/fpu: Supporting XSAVE feature 0x004: 'AVX registers'
[    0.626366] x86/fpu: Supporting XSAVE feature 0x020: 'AVX-512 opmask'
[    0.626654] x86/fpu: Supporting XSAVE feature 0x040: 'AVX-512 Hi256'
[    0.627365] x86/fpu: Supporting XSAVE feature 0x080: 'AVX-512 ZMM_Hi256'
[    0.628365] x86/fpu: xstate_offset[2]:  576, xstate_sizes[2]:  256
[    0.628644] x86/fpu: xstate_offset[5]:  832, xstate_sizes[5]:   64
[    0.629365] x86/fpu: xstate_offset[6]:  896, xstate_sizes[6]:  512
[    0.629644] x86/fpu: xstate_offset[7]: 1408, xstate_sizes[7]: 1024
[    0.630365] x86/fpu: Enabled xstate features 0xe7, context size is 2432 bytes, using 'compacted' format.
[    0.676808] Freeing SMP alternatives memory: 48K
[    0.677368] pid_max: default: 131072 minimum: 1024
[    0.678408] LSM: initializing lsm=lockdown,capability,landlock,yama,apparmor,ima,evm
[    0.678809] landlock: Up and running.
[    0.679366] Yama: becoming mindful.
[    0.680383] AppArmor: AppArmor initialized
[    0.681856] Mount-cache hash table entries: 65536 (order: 7, 524288 bytes, linear)
[    0.683837] Mountpoint-cache hash table entries: 65536 (order: 7, 524288 bytes, linear)
[    0.688354] smpboot: CPU0: AMD Ryzen 9 9950X 16-Core Processor (family: 0x1a, model: 0x44, stepping: 0x0)
[    0.688964] Performance Events: AMD PMU driver.
[    0.689193] ... version:                0
[    0.689363] ... bit width:              48
[    0.689537] ... generic registers:      4
[    0.689707] ... value mask:             0000ffffffffffff
[    0.689925] ... max period:             00007fffffffffff
[    0.690148] ... fixed-purpose events:   0
[    0.690363] ... event mask:             000000000000000f
[    0.690800] signal: max sigframe size: 3376
[    0.691177] rcu: Hierarchical SRCU implementation.
[    0.691363] rcu: 	Max phase no-delay instances is 400.
[    0.691861] Timer migration: 3 hierarchy levels; 8 children per group; 3 crossnode level
[    0.695801] NMI watchdog: Enabled. Permanently consumes one hw-PMU counter.
[    0.703527] smp: Bringing up secondary CPUs ...
[    0.704499] smpboot: x86: Booting SMP configuration:
[    0.704708] .... node  #0, CPUs:          #1   #2   #3   #4   #5   #6   #7   #8   #9  #10  #11  #12  #13  #14  #15
[    0.553412] [Firmware Bug]: cpu 1, try to use APIC520 (LVT offset 2) for vector 0xf4, but the register is already in use for vector 0x0 on this cpu
[    0.553412] [Firmware Bug]: cpu 2, try to use APIC520 (LVT offset 2) for vector 0xf4, but the register is already in use for vector 0x0 on this cpu
[    0.553412] [Firmware Bug]: cpu 3, try to use APIC520 (LVT offset 2) for vector 0xf4, but the register is already in use for vector 0x0 on this cpu
[    0.553412] [Firmware Bug]: cpu 4, try to use APIC520 (LVT offset 2) for vector 0xf4, but the register is already in use for vector 0x0 on this cpu
[    0.553412] [Firmware Bug]: cpu 5, try to use APIC520 (LVT offset 2) for vector 0xf4, but the register is already in use for vector 0x0 on this cpu
[    0.553412] [Firmware Bug]: cpu 6, try to use APIC520 (LVT offset 2) for vector 0xf4, but the register is already in use for vector 0x0 on this cpu
[    0.553412] [Firmware Bug]: cpu 7, try to use APIC520 (LVT offset 2) for vector 0xf4, but the register is already in use for vector 0x0 on this cpu
[    0.553412] [Firmware Bug]: cpu 8, try to use APIC520 (LVT offset 2) for vector 0xf4, but the register is already in use for vector 0x0 on this cpu
[    0.553412] [Firmware Bug]: cpu 9, try to use APIC520 (LVT offset 2) for vector 0xf4, but the register is already in use for vector 0x0 on this cpu
[    0.553412] [Firmware Bug]: cpu 10, try to use APIC520 (LVT offset 2) for vector 0xf4, but the register is already in use for vector 0x0 on this cpu
[    0.553412] [Firmware Bug]: cpu 11, try to use APIC520 (LVT offset 2) for vector 0xf4, but the register is already in use for vector 0x0 on this cpu
[    0.553412] [Firmware Bug]: cpu 12, try to use APIC520 (LVT offset 2) for vector 0xf4, but the register is already in use for vector 0x0 on this cpu
[    0.553412] [Firmware Bug]: cpu 13, try to use APIC520 (LVT offset 2) for vector 0xf4, but the register is already in use for vector 0x0 on this cpu
[    0.553412] [Firmware Bug]: cpu 14, try to use APIC520 (LVT offset 2) for vector 0xf4, but the register is already in use for vector 0x0 on this cpu
[    0.553412] [Firmware Bug]: cpu 15, try to use APIC520 (LVT offset 2) for vector 0xf4, but the register is already in use for vector 0x0 on this cpu
[    0.738650] smp: Brought up 1 node, 16 CPUs
[    0.747062] smpboot: Total of 16 processors activated (137338.94 BogoMIPS)
[    0.749531] Memory: 32694400K/33553844K available (21792K kernel code, 4575K rwdata, 15828K rodata, 5016K init, 4552K bss, 831524K reserved, 0K cma-reserved)
[    0.750705] devtmpfs: initialized
[    0.751514] x86/mm: Memory block size: 128MB
[    0.757769] ACPI: PM: Registering ACPI NVS region [mem 0xbfeff000-0xbfefffff] (4096 bytes)
[    0.758646] clocksource: jiffies: mask: 0xffffffff max_cycles: 0xffffffff, max_idle_ns: 1911260446275000 ns
[    0.761741] futex hash table entries: 32768 (order: 9, 2097152 bytes, linear)
[    0.762453] pinctrl core: initialized pinctrl subsystem
[    0.762918] PM: RTC time: 10:18:48, date: 2025-10-27
[    0.767152] NET: Registered PF_NETLINK/PF_ROUTE protocol family
[    0.772831] DMA: preallocated 4096 KiB GFP_KERNEL pool for atomic allocations
[    0.773272] DMA: preallocated 4096 KiB GFP_KERNEL|GFP_DMA pool for atomic allocations
[    0.773522] DMA: preallocated 4096 KiB GFP_KERNEL|GFP_DMA32 pool for atomic allocations
[    0.774378] audit: initializing netlink subsys (disabled)
[    0.774667] audit: type=2000 audit(1761560327.172:1): state=initialized audit_enabled=0 res=1
[    0.775522] thermal_sys: Registered thermal governor 'fair_share'
[    0.775588] thermal_sys: Registered thermal governor 'bang_bang'
[    0.775846] thermal_sys: Registered thermal governor 'step_wise'
[    0.776093] thermal_sys: Registered thermal governor 'user_space'
[    0.776339] thermal_sys: Registered thermal governor 'power_allocator'
[    0.776406] cpuidle: using governor ladder
[    0.777388] cpuidle: using governor menu
[    0.779443] Simple Boot Flag at 0x36 set to 0x80
[    0.781171] acpiphp: ACPI Hot Plug PCI Controller Driver version: 0.5
[    0.781760] PCI: ECAM [mem 0xf0000000-0xf7ffffff] (base 0xf0000000) for domain 0000 [bus 00-7f]
[    0.782372] PCI: Using configuration type 1 for base access
[    0.784468] kprobes: kprobe jump-optimization is enabled. All kprobes are optimized if possible.
[    0.786942] HugeTLB: registered 1.00 GiB page size, pre-allocated 0 pages
[    0.787364] HugeTLB: 16380 KiB vmemmap can be freed for a 1.00 GiB page
[    0.787625] HugeTLB: registered 2.00 MiB page size, pre-allocated 0 pages
[    0.788354] HugeTLB: 28 KiB vmemmap can be freed for a 2.00 MiB page
[    0.791729] ACPI: Added _OSI(Module Device)
[    0.792366] ACPI: Added _OSI(Processor Device)
[    0.792570] ACPI: Added _OSI(Processor Aggregator Device)
[    0.832539] ACPI: 1 ACPI AML tables successfully acquired and loaded
[    0.836744] ACPI: [Firmware Bug]: BIOS _OSI(Linux) query ignored
[    0.867350] ACPI: Interpreter enabled
[    0.867377] ACPI: PM: (supports S0 S1 S4 S5)
[    0.867562] ACPI: Using IOAPIC for interrupt routing
[    0.871679] PCI: Using host bridge windows from ACPI; if necessary, use "pci=nocrs" and report a bug
[    0.872072] PCI: Using E820 reservations for host bridge windows
[    0.874887] ACPI: Enabled 4 GPEs in block 00 to 0F
[    1.155452] ACPI: PCI Root Bridge [PCI0] (domain 0000 [bus 00-7f])
[    1.155730] acpi PNP0A03:00: _OSC: OS supports [ExtendedConfig ASPM ClockPM Segments MSI EDR HPX-Type3]
[    1.156240] acpi PNP0A03:00: _OSC: platform does not support [AER LTR DPC]
[    1.156615] acpi PNP0A03:00: _OSC: OS now controls [PCIeHotplug SHPCHotplug PME PCIeCapability]
[    1.159995] PCI host bridge to bus 0000:00
[    1.160179] pci_bus 0000:00: root bus resource [mem 0x000a0000-0x000bffff window]
[    1.160452] pci_bus 0000:00: root bus resource [mem 0x000d0000-0x000dbfff window]
[    1.160762] pci_bus 0000:00: root bus resource [mem 0xc0000000-0xfebfffff window]
[    1.161073] pci_bus 0000:00: root bus resource [io  0x0000-0x0cf7 window]
[    1.161364] pci_bus 0000:00: root bus resource [io  0x0d00-0xfeff window]
[    1.161646] pci_bus 0000:00: root bus resource [bus 00-7f]
[    1.161947] pci 0000:00:00.0: [8086:7190] type 00 class 0x060000 conventional PCI endpoint
[    1.162840] pci 0000:00:01.0: [8086:7191] type 01 class 0x060400 conventional PCI bridge
[    1.163504] pci 0000:00:01.0: PCI bridge to [bus 01]
[    1.169077] pci 0000:00:07.0: [8086:7110] type 00 class 0x060100 conventional PCI endpoint
[    1.170050] pci 0000:00:07.1: [8086:7111] type 00 class 0x01018a conventional PCI endpoint
[    1.170900] pci 0000:00:07.1: BAR 4 [io  0x1060-0x106f]
[    1.171163] pci 0000:00:07.1: BAR 0 [io  0x01f0-0x01f7]: legacy IDE quirk
[    1.171364] pci 0000:00:07.1: BAR 1 [io  0x03f6]: legacy IDE quirk
[    1.171618] pci 0000:00:07.1: BAR 2 [io  0x0170-0x0177]: legacy IDE quirk
[    1.171897] pci 0000:00:07.1: BAR 3 [io  0x0376]: legacy IDE quirk
[    1.172311] pci 0000:00:07.3: [8086:7113] type 00 class 0x068000 conventional PCI endpoint
[    1.172957] pci 0000:00:07.3: quirk: [io  0x1000-0x103f] claimed by PIIX4 ACPI
[    1.173370] pci 0000:00:07.3: quirk: [io  0x1040-0x104f] claimed by PIIX4 SMB
[    1.173893] pci 0000:00:07.7: [15ad:0740] type 00 class 0x088000 conventional PCI endpoint
[    1.175691] pci 0000:00:07.7: BAR 0 [io  0x1080-0x10bf]
[    1.175925] pci 0000:00:07.7: BAR 1 [mem 0xfebc0000-0xfebfffff 64bit]
[    1.182520] pci 0000:00:0f.0: [15ad:0405] type 00 class 0x030000 conventional PCI endpoint
[    1.184082] pci 0000:00:0f.0: BAR 0 [io  0x1070-0x107f]
[    1.184372] pci 0000:00:0f.0: BAR 1 [mem 0xe8000000-0xefffffff pref]
[    1.184640] pci 0000:00:0f.0: BAR 2 [mem 0xfe000000-0xfe7fffff]
[    1.185390] pci 0000:00:0f.0: ROM [mem 0x00000000-0x00007fff pref]
[    1.185691] pci 0000:00:0f.0: Video device with shadowed ROM at [mem 0x000c0000-0x000dffff]
[    1.186302] pci 0000:00:10.0: [1000:0030] type 00 class 0x010000 conventional PCI endpoint
[    1.187372] pci 0000:00:10.0: BAR 0 [io  0x1400-0x14ff]
[    1.187613] pci 0000:00:10.0: BAR 1 [mem 0xfeb80000-0xfeb9ffff 64bit]
[    1.187890] pci 0000:00:10.0: BAR 3 [mem 0xfeba0000-0xfebbffff 64bit]
[    1.188382] pci 0000:00:10.0: ROM [mem 0x00000000-0x00003fff pref]
[    1.188947] pci 0000:00:11.0: [15ad:0790] type 01 class 0x060401 conventional PCI bridge
[    1.189438] pci 0000:00:11.0: PCI bridge to [bus 02] (subtractive decode)
[    1.189728] pci 0000:00:11.0:   bridge window [io  0x2000-0x3fff]
[    1.190001] pci 0000:00:11.0:   bridge window [mem 0xfd500000-0xfdffffff]
[    1.190329] pci 0000:00:11.0:   bridge window [mem 0xe7b00000-0xe7ffffff 64bit pref]
[    1.193900] pci 0000:00:15.0: [15ad:07a0] type 01 class 0x060400 PCIe Root Port
[    1.194338] pci 0000:00:15.0: PCI bridge to [bus 03]
[    1.194376] pci 0000:00:15.0:   bridge window [io  0x4000-0x4fff]
[    1.194637] pci 0000:00:15.0:   bridge window [mem 0xfd400000-0xfd4fffff]
[    1.194965] pci 0000:00:15.0:   bridge window [mem 0xe7a00000-0xe7afffff 64bit pref]
[    1.195660] pci 0000:00:15.0: PME# supported from D0 D3hot D3cold
[    1.196255] pci 0000:00:15.1: [15ad:07a0] type 01 class 0x060400 PCIe Root Port
[    1.196498] pci 0000:00:15.1: PCI bridge to [bus 04]
[    1.196720] pci 0000:00:15.1:   bridge window [io  0x8000-0x8fff]
[    1.196986] pci 0000:00:15.1:   bridge window [mem 0xfd000000-0xfd0fffff]
[    1.197415] pci 0000:00:15.1:   bridge window [mem 0xe7600000-0xe76fffff 64bit pref]
[    1.198040] pci 0000:00:15.1: PME# supported from D0 D3hot D3cold
[    1.198624] pci 0000:00:15.2: [15ad:07a0] type 01 class 0x060400 PCIe Root Port
[    1.199502] pci 0000:00:15.2: PCI bridge to [bus 05]
[    1.199722] pci 0000:00:15.2:   bridge window [io  0xc000-0xcfff]
[    1.200002] pci 0000:00:15.2:   bridge window [mem 0xfcc00000-0xfccfffff]
[    1.200330] pci 0000:00:15.2:   bridge window [mem 0xe7200000-0xe72fffff 64bit pref]
[    1.200675] pci 0000:00:15.2: PME# supported from D0 D3hot D3cold
[    1.201497] pci 0000:00:15.3: [15ad:07a0] type 01 class 0x060400 PCIe Root Port
[    1.201947] pci 0000:00:15.3: PCI bridge to [bus 06]
[    1.202194] pci 0000:00:15.3:   bridge window [mem 0xfc800000-0xfc8fffff]
[    1.202415] pci 0000:00:15.3:   bridge window [mem 0xe6e00000-0xe6efffff 64bit pref]
[    1.203583] pci 0000:00:15.3: PME# supported from D0 D3hot D3cold
[    1.204171] pci 0000:00:15.4: [15ad:07a0] type 01 class 0x060400 PCIe Root Port
[    1.204505] pci 0000:00:15.4: PCI bridge to [bus 07]
[    1.204737] pci 0000:00:15.4:   bridge window [mem 0xfc400000-0xfc4fffff]
[    1.205072] pci 0000:00:15.4:   bridge window [mem 0xe6a00000-0xe6afffff 64bit pref]
[    1.205646] pci 0000:00:15.4: PME# supported from D0 D3hot D3cold
[    1.206236] pci 0000:00:15.5: [15ad:07a0] type 01 class 0x060400 PCIe Root Port
[    1.206499] pci 0000:00:15.5: PCI bridge to [bus 08]
[    1.206738] pci 0000:00:15.5:   bridge window [mem 0xfc000000-0xfc0fffff]
[    1.207076] pci 0000:00:15.5:   bridge window [mem 0xe6600000-0xe66fffff 64bit pref]
[    1.207651] pci 0000:00:15.5: PME# supported from D0 D3hot D3cold
[    1.208233] pci 0000:00:15.6: [15ad:07a0] type 01 class 0x060400 PCIe Root Port
[    1.208498] pci 0000:00:15.6: PCI bridge to [bus 09]
[    1.208740] pci 0000:00:15.6:   bridge window [mem 0xfbc00000-0xfbcfffff]
[    1.209073] pci 0000:00:15.6:   bridge window [mem 0xe6200000-0xe62fffff 64bit pref]
[    1.210412] pci 0000:00:15.6: PME# supported from D0 D3hot D3cold
[    1.211046] pci 0000:00:15.7: [15ad:07a0] type 01 class 0x060400 PCIe Root Port
[    1.211461] pci 0000:00:15.7: PCI bridge to [bus 0a]
[    1.211694] pci 0000:00:15.7:   bridge window [mem 0xfb800000-0xfb8fffff]
[    1.212022] pci 0000:00:15.7:   bridge window [mem 0xe5e00000-0xe5efffff 64bit pref]
[    1.212605] pci 0000:00:15.7: PME# supported from D0 D3hot D3cold
[    1.213181] pci 0000:00:16.0: [15ad:07a0] type 01 class 0x060400 PCIe Root Port
[    1.213498] pci 0000:00:16.0: PCI bridge to [bus 0b]
[    1.213720] pci 0000:00:16.0:   bridge window [io  0x5000-0x5fff]
[    1.213991] pci 0000:00:16.0:   bridge window [mem 0xfd300000-0xfd3fffff]
[    1.214369] pci 0000:00:16.0:   bridge window [mem 0xe7900000-0xe79fffff 64bit pref]
[    1.214995] pci 0000:00:16.0: PME# supported from D0 D3hot D3cold
[    1.215560] pci 0000:00:16.1: [15ad:07a0] type 01 class 0x060400 PCIe Root Port
[    1.216481] pci 0000:00:16.1: PCI bridge to [bus 0c]
[    1.216702] pci 0000:00:16.1:   bridge window [io  0x9000-0x9fff]
[    1.216972] pci 0000:00:16.1:   bridge window [mem 0xfcf00000-0xfcffffff]
[    1.217300] pci 0000:00:16.1:   bridge window [mem 0xe7500000-0xe75fffff 64bit pref]
[    1.217659] pci 0000:00:16.1: PME# supported from D0 D3hot D3cold
[    1.218426] pci 0000:00:16.2: [15ad:07a0] type 01 class 0x060400 PCIe Root Port
[    1.218868] pci 0000:00:16.2: PCI bridge to [bus 0d]
[    1.219115] pci 0000:00:16.2:   bridge window [io  0xd000-0xdfff]
[    1.219354] pci 0000:00:16.2:   bridge window [mem 0xfcb00000-0xfcbfffff]
[    1.219416] pci 0000:00:16.2:   bridge window [mem 0xe7100000-0xe71fffff 64bit pref]
[    1.220667] pci 0000:00:16.2: PME# supported from D0 D3hot D3cold
[    1.221259] pci 0000:00:16.3: [15ad:07a0] type 01 class 0x060400 PCIe Root Port
[    1.221499] pci 0000:00:16.3: PCI bridge to [bus 0e]
[    1.221734] pci 0000:00:16.3:   bridge window [mem 0xfc700000-0xfc7fffff]
[    1.222064] pci 0000:00:16.3:   bridge window [mem 0xe6d00000-0xe6dfffff 64bit pref]
[    1.222651] pci 0000:00:16.3: PME# supported from D0 D3hot D3cold
[    1.223380] pci 0000:00:16.4: [15ad:07a0] type 01 class 0x060400 PCIe Root Port
[    1.223830] pci 0000:00:16.4: PCI bridge to [bus 0f]
[    1.224071] pci 0000:00:16.4:   bridge window [mem 0xfc300000-0xfc3fffff]
[    1.224354] pci 0000:00:16.4:   bridge window [mem 0xe6900000-0xe69fffff 64bit pref]
[    1.224661] pci 0000:00:16.4: PME# supported from D0 D3hot D3cold
[    1.225518] pci 0000:00:16.5: [15ad:07a0] type 01 class 0x060400 PCIe Root Port
[    1.225970] pci 0000:00:16.5: PCI bridge to [bus 10]
[    1.226203] pci 0000:00:16.5:   bridge window [mem 0xfbf00000-0xfbffffff]
[    1.226415] pci 0000:00:16.5:   bridge window [mem 0xe6500000-0xe65fffff 64bit pref]
[    1.227587] pci 0000:00:16.5: PME# supported from D0 D3hot D3cold
[    1.228167] pci 0000:00:16.6: [15ad:07a0] type 01 class 0x060400 PCIe Root Port
[    1.228500] pci 0000:00:16.6: PCI bridge to [bus 11]
[    1.228732] pci 0000:00:16.6:   bridge window [mem 0xfbb00000-0xfbbfffff]
[    1.229061] pci 0000:00:16.6:   bridge window [mem 0xe6100000-0xe61fffff 64bit pref]
[    1.229655] pci 0000:00:16.6: PME# supported from D0 D3hot D3cold
[    1.230285] pci 0000:00:16.7: [15ad:07a0] type 01 class 0x060400 PCIe Root Port
[    1.230498] pci 0000:00:16.7: PCI bridge to [bus 12]
[    1.230736] pci 0000:00:16.7:   bridge window [mem 0xfb700000-0xfb7fffff]
[    1.231065] pci 0000:00:16.7:   bridge window [mem 0xe5d00000-0xe5dfffff 64bit pref]
[    1.231657] pci 0000:00:16.7: PME# supported from D0 D3hot D3cold
[    1.232415] pci 0000:00:17.0: [15ad:07a0] type 01 class 0x060400 PCIe Root Port
[    1.232853] pci 0000:00:17.0: PCI bridge to [bus 13]
[    1.233376] pci 0000:00:17.0:   bridge window [io  0x6000-0x6fff]
[    1.233639] pci 0000:00:17.0:   bridge window [mem 0xfd200000-0xfd2fffff]
[    1.233973] pci 0000:00:17.0:   bridge window [mem 0xe7800000-0xe78fffff 64bit pref]
[    1.234651] pci 0000:00:17.0: PME# supported from D0 D3hot D3cold
[    1.235244] pci 0000:00:17.1: [15ad:07a0] type 01 class 0x060400 PCIe Root Port
[    1.235498] pci 0000:00:17.1: PCI bridge to [bus 14]
[    1.235727] pci 0000:00:17.1:   bridge window [io  0xa000-0xafff]
[    1.236034] pci 0000:00:17.1:   bridge window [mem 0xfce00000-0xfcefffff]
[    1.236416] pci 0000:00:17.1:   bridge window [mem 0xe7400000-0xe74fffff 64bit pref]
[    1.237561] pci 0000:00:17.1: PME# supported from D0 D3hot D3cold
[    1.238154] pci 0000:00:17.2: [15ad:07a0] type 01 class 0x060400 PCIe Root Port
[    1.238506] pci 0000:00:17.2: PCI bridge to [bus 15]
[    1.239267] pci 0000:00:17.2:   bridge window [io  0xe000-0xefff]
[    1.239375] pci 0000:00:17.2:   bridge window [mem 0xfca00000-0xfcafffff]
[    1.239710] pci 0000:00:17.2:   bridge window [mem 0xe7000000-0xe70fffff 64bit pref]
[    1.240460] pci 0000:00:17.2: PME# supported from D0 D3hot D3cold
[    1.241057] pci 0000:00:17.3: [15ad:07a0] type 01 class 0x060400 PCIe Root Port
[    1.241455] pci 0000:00:17.3: PCI bridge to [bus 16]
[    1.241688] pci 0000:00:17.3:   bridge window [mem 0xfc600000-0xfc6fffff]
[    1.242027] pci 0000:00:17.3:   bridge window [mem 0xe6c00000-0xe6cfffff 64bit pref]
[    1.242599] pci 0000:00:17.3: PME# supported from D0 D3hot D3cold
[    1.243197] pci 0000:00:17.4: [15ad:07a0] type 01 class 0x060400 PCIe Root Port
[    1.243498] pci 0000:00:17.4: PCI bridge to [bus 17]
[    1.243731] pci 0000:00:17.4:   bridge window [mem 0xfc200000-0xfc2fffff]
[    1.244421] pci 0000:00:17.4:   bridge window [mem 0xe6800000-0xe68fffff 64bit pref]
[    1.245033] pci 0000:00:17.4: PME# supported from D0 D3hot D3cold
[    1.245691] pci 0000:00:17.5: [15ad:07a0] type 01 class 0x060400 PCIe Root Port
[    1.246132] pci 0000:00:17.5: PCI bridge to [bus 18]
[    1.246389] pci 0000:00:17.5:   bridge window [mem 0xfbe00000-0xfbefffff]
[    1.246720] pci 0000:00:17.5:   bridge window [mem 0xe6400000-0xe64fffff 64bit pref]
[    1.247414] pci 0000:00:17.5: PME# supported from D0 D3hot D3cold
[    1.248039] pci 0000:00:17.6: [15ad:07a0] type 01 class 0x060400 PCIe Root Port
[    1.248438] pci 0000:00:17.6: PCI bridge to [bus 19]
[    1.248675] pci 0000:00:17.6:   bridge window [mem 0xfba00000-0xfbafffff]
[    1.249016] pci 0000:00:17.6:   bridge window [mem 0xe6000000-0xe60fffff 64bit pref]
[    1.249578] pci 0000:00:17.6: PME# supported from D0 D3hot D3cold
[    1.250695] pci 0000:00:17.7: [15ad:07a0] type 01 class 0x060400 PCIe Root Port
[    1.251145] pci 0000:00:17.7: PCI bridge to [bus 1a]
[    1.251354] pci 0000:00:17.7:   bridge window [mem 0xfb600000-0xfb6fffff]
[    1.251415] pci 0000:00:17.7:   bridge window [mem 0xe5c00000-0xe5cfffff 64bit pref]
[    1.252032] pci 0000:00:17.7: PME# supported from D0 D3hot D3cold
[    1.252698] pci 0000:00:18.0: [15ad:07a0] type 01 class 0x060400 PCIe Root Port
[    1.253155] pci 0000:00:18.0: PCI bridge to [bus 1b]
[    1.253376] pci 0000:00:18.0:   bridge window [io  0x7000-0x7fff]
[    1.253638] pci 0000:00:18.0:   bridge window [mem 0xfd100000-0xfd1fffff]
[    1.254420] pci 0000:00:18.0:   bridge window [mem 0xe7700000-0xe77fffff 64bit pref]
[    1.255032] pci 0000:00:18.0: PME# supported from D0 D3hot D3cold
[    1.255668] pci 0000:00:18.1: [15ad:07a0] type 01 class 0x060400 PCIe Root Port
[    1.256111] pci 0000:00:18.1: PCI bridge to [bus 1c]
[    1.256336] pci 0000:00:18.1:   bridge window [io  0xb000-0xbfff]
[    1.256375] pci 0000:00:18.1:   bridge window [mem 0xfcd00000-0xfcdfffff]
[    1.256706] pci 0000:00:18.1:   bridge window [mem 0xe7300000-0xe73fffff 64bit pref]
[    1.257468] pci 0000:00:18.1: PME# supported from D0 D3hot D3cold
[    1.258060] pci 0000:00:18.2: [15ad:07a0] type 01 class 0x060400 PCIe Root Port
[    1.258455] pci 0000:00:18.2: PCI bridge to [bus 1d]
[    1.258690] pci 0000:00:18.2:   bridge window [mem 0xfc900000-0xfc9fffff]
[    1.259027] pci 0000:00:18.2:   bridge window [mem 0xe6f00000-0xe6ffffff 64bit pref]
[    1.259607] pci 0000:00:18.2: PME# supported from D0 D3hot D3cold
[    1.260240] pci 0000:00:18.3: [15ad:07a0] type 01 class 0x060400 PCIe Root Port
[    1.260499] pci 0000:00:18.3: PCI bridge to [bus 1e]
[    1.261376] pci 0000:00:18.3:   bridge window [mem 0xfc500000-0xfc5fffff]
[    1.261712] pci 0000:00:18.3:   bridge window [mem 0xe6b00000-0xe6bfffff 64bit pref]
[    1.262326] pci 0000:00:18.3: PME# supported from D0 D3hot D3cold
[    1.262699] pci 0000:00:18.4: [15ad:07a0] type 01 class 0x060400 PCIe Root Port
[    1.263141] pci 0000:00:18.4: PCI bridge to [bus 1f]
[    1.263388] pci 0000:00:18.4:   bridge window [mem 0xfc100000-0xfc1fffff]
[    1.263717] pci 0000:00:18.4:   bridge window [mem 0xe6700000-0xe67fffff 64bit pref]
[    1.264445] pci 0000:00:18.4: PME# supported from D0 D3hot D3cold
[    1.265037] pci 0000:00:18.5: [15ad:07a0] type 01 class 0x060400 PCIe Root Port
[    1.265433] pci 0000:00:18.5: PCI bridge to [bus 20]
[    1.265665] pci 0000:00:18.5:   bridge window [mem 0xfbd00000-0xfbdfffff]
[    1.266001] pci 0000:00:18.5:   bridge window [mem 0xe6300000-0xe63fffff 64bit pref]
[    1.266570] pci 0000:00:18.5: PME# supported from D0 D3hot D3cold
[    1.267653] pci 0000:00:18.6: [15ad:07a0] type 01 class 0x060400 PCIe Root Port
[    1.268101] pci 0000:00:18.6: PCI bridge to [bus 21]
[    1.268335] pci 0000:00:18.6:   bridge window [mem 0xfb900000-0xfb9fffff]
[    1.268415] pci 0000:00:18.6:   bridge window [mem 0xe5f00000-0xe5ffffff 64bit pref]
[    1.269031] pci 0000:00:18.6: PME# supported from D0 D3hot D3cold
[    1.269733] pci 0000:00:18.7: [15ad:07a0] type 01 class 0x060400 PCIe Root Port
[    1.270227] pci 0000:00:18.7: PCI bridge to [bus 22]
[    1.270388] pci 0000:00:18.7:   bridge window [mem 0xfb500000-0xfb5fffff]
[    1.270717] pci 0000:00:18.7:   bridge window [mem 0xe5b00000-0xe5bfffff 64bit pref]
[    1.271661] pci 0000:00:18.7: PME# supported from D0 D3hot D3cold
[    1.278001] pci_bus 0000:01: extended config space not accessible
[    1.306630] pci 0000:00:01.0: PCI bridge to [bus 01]
[    1.306976] pci_bus 0000:02: extended config space not accessible
[    1.307525] acpiphp: Slot [32] registered
[    1.307719] acpiphp: Slot [33] registered
[    1.307912] acpiphp: Slot [34] registered
[    1.308099] acpiphp: Slot [35] registered
[    1.308286] acpiphp: Slot [36] registered
[    1.308380] acpiphp: Slot [37] registered
[    1.308571] acpiphp: Slot [38] registered
[    1.308767] acpiphp: Slot [39] registered
[    1.308964] acpiphp: Slot [40] registered
[    1.309151] acpiphp: Slot [41] registered
[    1.309364] acpiphp: Slot [42] registered
[    1.309560] acpiphp: Slot [43] registered
[    1.309745] acpiphp: Slot [44] registered
[    1.309935] acpiphp: Slot [45] registered
[    1.310127] acpiphp: Slot [46] registered
[    1.310321] acpiphp: Slot [47] registered
[    1.310378] acpiphp: Slot [48] registered
[    1.310564] acpiphp: Slot [49] registered
[    1.310749] acpiphp: Slot [50] registered
[    1.310951] acpiphp: Slot [51] registered
[    1.311137] acpiphp: Slot [52] registered
[    1.311323] acpiphp: Slot [53] registered
[    1.311388] acpiphp: Slot [54] registered
[    1.311575] acpiphp: Slot [55] registered
[    1.311762] acpiphp: Slot [56] registered
[    1.311959] acpiphp: Slot [57] registered
[    1.312146] acpiphp: Slot [58] registered
[    1.312378] acpiphp: Slot [59] registered
[    1.312565] acpiphp: Slot [60] registered
[    1.312751] acpiphp: Slot [61] registered
[    1.313388] acpiphp: Slot [62] registered
[    1.313575] acpiphp: Slot [63] registered
[    1.313795] pci 0000:02:00.0: [15ad:0774] type 00 class 0x0c0300 conventional PCI endpoint
[    1.314717] pci 0000:02:00.0: BAR 4 [io  0x2080-0x209f]
[    1.315741] pci 0000:02:01.0: [8086:100f] type 00 class 0x020000 conventional PCI endpoint
[    1.317354] pci 0000:02:01.0: BAR 0 [mem 0xfd5c0000-0xfd5dffff 64bit]
[    1.317354] pci 0000:02:01.0: BAR 2 [mem 0xfdff0000-0xfdffffff 64bit]
[    1.317371] pci 0000:02:01.0: BAR 4 [io  0x2000-0x203f]
[    1.317599] pci 0000:02:01.0: ROM [mem 0x00000000-0x0000ffff pref]
[    1.318531] pci 0000:02:01.0: PME# supported from D0 D3hot D3cold
[    1.319685] pci 0000:02:02.0: [1274:1371] type 00 class 0x040100 conventional PCI endpoint
[    1.320370] pci 0000:02:02.0: BAR 0 [io  0x2040-0x207f]
[    1.321540] pci 0000:02:03.0: [15ad:0770] type 00 class 0x0c0320 conventional PCI endpoint
[    1.322370] pci 0000:02:03.0: BAR 0 [mem 0xfd5ef000-0xfd5effff]
[    1.323411] pci 0000:02:04.0: [15ad:07e0] type 00 class 0x010601 conventional PCI endpoint
[    1.324404] pci 0000:02:04.0: BAR 5 [mem 0xfd5ee000-0xfd5eefff]
[    1.324662] pci 0000:02:04.0: ROM [mem 0x00000000-0x0000ffff pref]
[    1.325580] pci 0000:02:04.0: PME# supported from D3hot
[    1.349276] pci 0000:00:11.0: PCI bridge to [bus 02] (subtractive decode)
[    1.349407] pci 0000:00:11.0:   bridge window [mem 0x000a0000-0x000bffff window] (subtractive decode)
[    1.350365] pci 0000:00:11.0:   bridge window [mem 0x000d0000-0x000dbfff window] (subtractive decode)
[    1.350745] pci 0000:00:11.0:   bridge window [mem 0xc0000000-0xfebfffff window] (subtractive decode)
[    1.351354] pci 0000:00:11.0:   bridge window [io  0x0000-0x0cf7 window] (subtractive decode)
[    1.351364] pci 0000:00:11.0:   bridge window [io  0x0d00-0xfeff window] (subtractive decode)
[    1.352827] pci 0000:00:15.0: PCI bridge to [bus 03]
[    1.354514] pci 0000:00:15.1: PCI bridge to [bus 04]
[    1.355721] pci 0000:00:15.2: PCI bridge to [bus 05]
[    1.356934] pci 0000:00:15.3: PCI bridge to [bus 06]
[    1.358139] pci 0000:00:15.4: PCI bridge to [bus 07]
[    1.359354] pci 0000:00:15.5: PCI bridge to [bus 08]
[    1.360545] pci 0000:00:15.6: PCI bridge to [bus 09]
[    1.362299] pci 0000:00:15.7: PCI bridge to [bus 0a]
[    1.363513] pci 0000:00:16.0: PCI bridge to [bus 0b]
[    1.364709] pci 0000:00:16.1: PCI bridge to [bus 0c]
[    1.365913] pci 0000:00:16.2: PCI bridge to [bus 0d]
[    1.367133] pci 0000:00:16.3: PCI bridge to [bus 0e]
[    1.368840] pci 0000:00:16.4: PCI bridge to [bus 0f]
[    1.370036] pci 0000:00:16.5: PCI bridge to [bus 10]
[    1.371800] pci 0000:00:16.6: PCI bridge to [bus 11]
[    1.373514] pci 0000:00:16.7: PCI bridge to [bus 12]
[    1.374810] pci 0000:00:17.0: PCI bridge to [bus 13]
[    1.376030] pci 0000:00:17.1: PCI bridge to [bus 14]
[    1.377231] pci 0000:00:17.2: PCI bridge to [bus 15]
[    1.378922] pci 0000:00:17.3: PCI bridge to [bus 16]
[    1.380137] pci 0000:00:17.4: PCI bridge to [bus 17]
[    1.381350] pci 0000:00:17.5: PCI bridge to [bus 18]
[    1.382503] pci 0000:00:17.6: PCI bridge to [bus 19]
[    1.383699] pci 0000:00:17.7: PCI bridge to [bus 1a]
[    1.384889] pci 0000:00:18.0: PCI bridge to [bus 1b]
[    1.386596] pci 0000:00:18.1: PCI bridge to [bus 1c]
[    1.387786] pci 0000:00:18.2: PCI bridge to [bus 1d]
[    1.389496] pci 0000:00:18.3: PCI bridge to [bus 1e]
[    1.390711] pci 0000:00:18.4: PCI bridge to [bus 1f]
[    1.391918] pci 0000:00:18.5: PCI bridge to [bus 20]
[    1.393154] pci 0000:00:18.6: PCI bridge to [bus 21]
[    1.394340] pci 0000:00:18.7: PCI bridge to [bus 22]
[    1.395773] ACPI: PCI: Interrupt link LNKA configured for IRQ 9
[    1.396435] ACPI: PCI: Interrupt link LNKB configured for IRQ 11
[    1.396747] ACPI: PCI: Interrupt link LNKC configured for IRQ 10
[    1.397058] ACPI: PCI: Interrupt link LNKD configured for IRQ 7
[    1.445498] iommu: Default domain type: Translated
[    1.445632] iommu: DMA domain TLB invalidation policy: lazy mode
[    1.446576] SCSI subsystem initialized
[    1.446857] libata version 3.00 loaded.
[    1.446857] ACPI: bus type USB registered
[    1.447445] usbcore: registered new interface driver usbfs
[    1.447688] usbcore: registered new interface driver hub
[    1.448018] usbcore: registered new device driver usb
[    1.448300] pps_core: LinuxPPS API ver. 1 registered
[    1.448363] pps_core: Software ver. 5.3.6 - Copyright 2005-2007 Rodolfo Giometti <giometti@linux.it>
[    1.448736] PTP clock support registered
[    1.449654] EDAC MC: Ver: 3.0.0
[    1.453354] NetLabel: Initializing
[    1.453354] NetLabel:  domain hash size = 128
[    1.453550] NetLabel:  protocols = UNLABELED CIPSOv4 CALIPSO
[    1.453803] NetLabel:  unlabeled traffic allowed by default
[    1.454495] mctp: management component transport protocol core
[    1.454644] NET: Registered PF_MCTP protocol family
[    1.454882] PCI: Using ACPI for IRQ routing
[    1.580912] PCI: pci_cache_line_size set to 64 bytes
[    1.581449] e820: reserve RAM buffer [mem 0x0009e800-0x0009ffff]
[    1.581455] e820: reserve RAM buffer [mem 0xbfed0000-0xbfffffff]
[    1.581535] pci 0000:00:0f.0: vgaarb: setting as boot VGA device
[    1.581652] pci 0000:00:0f.0: vgaarb: bridge control possible
[    1.581896] pci 0000:00:0f.0: vgaarb: VGA device added: decodes=io+mem,owns=io+mem,locks=none
[    1.582374] vgaarb: loaded
[    1.583442] hpet0: at MMIO 0xfed00000, IRQs 2, 8, 0, 0, 0, 0, 0, 0, 0, 0, 0, 0, 0, 0, 0, 0
[    1.583860] hpet0: 16 comparators, 64-bit 14.318180 MHz counter
[    1.585705] clocksource: Switched to clocksource tsc-early
[    1.622296] VFS: Disk quotas dquot_6.6.0
[    1.622493] VFS: Dquot-cache hash table entries: 512 (order 0, 4096 bytes)
[    1.623512] AppArmor: AppArmor Filesystem Enabled
[    1.623754] pnp: PnP ACPI init
[    1.624172] system 00:00: [io  0x1000-0x103f] has been reserved
[    1.624420] system 00:00: [io  0x1040-0x104f] has been reserved
[    1.624666] system 00:00: [io  0x0cf0-0x0cf1] has been reserved
[    1.625242] system 00:04: [mem 0xfed00000-0xfed003ff] has been reserved
[    1.627380] pnp 00:05: [dma 2]
[    1.627662] system 00:06: [io  0xfce0-0xfcff] has been reserved
[    1.627965] system 00:06: [mem 0xf0000000-0xf7ffffff] has been reserved
[    1.628237] system 00:06: [mem 0xfe800000-0xfe9fffff] has been reserved
[    1.726573] pnp: PnP ACPI: found 7 devices
[    1.774667] clocksource: acpi_pm: mask: 0xffffff max_cycles: 0xffffff, max_idle_ns: 2085701024 ns
[    1.775187] NET: Registered PF_INET protocol family
[    1.778020] IP idents hash table entries: 262144 (order: 9, 2097152 bytes, linear)
[    1.831617] tcp_listen_portaddr_hash hash table entries: 16384 (order: 6, 262144 bytes, linear)
[    1.832006] Table-perturb hash table entries: 65536 (order: 6, 262144 bytes, linear)
[    1.832439] TCP established hash table entries: 262144 (order: 9, 2097152 bytes, linear)
[    1.835437] TCP bind hash table entries: 65536 (order: 9, 2097152 bytes, linear)
[    1.835822] TCP: Hash tables configured (established 262144 bind 65536)
[    1.871245] MPTCP token hash table entries: 32768 (order: 7, 786432 bytes, linear)
[    1.872921] UDP hash table entries: 16384 (order: 8, 1048576 bytes, linear)
[    1.874531] UDP-Lite hash table entries: 16384 (order: 8, 1048576 bytes, linear)
[    1.875254] NET: Registered PF_UNIX/PF_LOCAL protocol family
[    1.875505] NET: Registered PF_XDP protocol family
[    1.875762] pci 0000:00:15.3: bridge window [io  0x1000-0x0fff] to [bus 06] add_size 1000
[    1.876099] pci 0000:00:15.4: bridge window [io  0x1000-0x0fff] to [bus 07] add_size 1000
[    1.876434] pci 0000:00:15.5: bridge window [io  0x1000-0x0fff] to [bus 08] add_size 1000
[    1.876811] pci 0000:00:15.6: bridge window [io  0x1000-0x0fff] to [bus 09] add_size 1000
[    1.877145] pci 0000:00:15.7: bridge window [io  0x1000-0x0fff] to [bus 0a] add_size 1000
[    1.877481] pci 0000:00:16.3: bridge window [io  0x1000-0x0fff] to [bus 0e] add_size 1000
[    1.877860] pci 0000:00:16.4: bridge window [io  0x1000-0x0fff] to [bus 0f] add_size 1000
[    1.878195] pci 0000:00:16.5: bridge window [io  0x1000-0x0fff] to [bus 10] add_size 1000
[    1.878530] pci 0000:00:16.6: bridge window [io  0x1000-0x0fff] to [bus 11] add_size 1000
[    1.878909] pci 0000:00:16.7: bridge window [io  0x1000-0x0fff] to [bus 12] add_size 1000
[    1.879246] pci 0000:00:17.3: bridge window [io  0x1000-0x0fff] to [bus 16] add_size 1000
[    1.879578] pci 0000:00:17.4: bridge window [io  0x1000-0x0fff] to [bus 17] add_size 1000
[    1.879958] pci 0000:00:17.5: bridge window [io  0x1000-0x0fff] to [bus 18] add_size 1000
[    1.880290] pci 0000:00:17.6: bridge window [io  0x1000-0x0fff] to [bus 19] add_size 1000
[    1.880622] pci 0000:00:17.7: bridge window [io  0x1000-0x0fff] to [bus 1a] add_size 1000
[    1.880998] pci 0000:00:18.2: bridge window [io  0x1000-0x0fff] to [bus 1d] add_size 1000
[    1.881333] pci 0000:00:18.3: bridge window [io  0x1000-0x0fff] to [bus 1e] add_size 1000
[    1.881665] pci 0000:00:18.4: bridge window [io  0x1000-0x0fff] to [bus 1f] add_size 1000
[    1.882044] pci 0000:00:18.5: bridge window [io  0x1000-0x0fff] to [bus 20] add_size 1000
[    1.882377] pci 0000:00:18.6: bridge window [io  0x1000-0x0fff] to [bus 21] add_size 1000
[    1.882755] pci 0000:00:18.7: bridge window [io  0x1000-0x0fff] to [bus 22] add_size 1000
[    1.883113] pci 0000:00:10.0: ROM [mem 0xc0000000-0xc0003fff pref]: assigned
[    1.883404] pci 0000:00:15.3: bridge window [io  size 0x1000]: can't assign; no space
[    1.883766] pci 0000:00:15.3: bridge window [io  size 0x1000]: failed to assign
[    1.884069] pci 0000:00:15.4: bridge window [io  size 0x1000]: can't assign; no space
[    1.884390] pci 0000:00:15.4: bridge window [io  size 0x1000]: failed to assign
[    1.884736] pci 0000:00:15.5: bridge window [io  size 0x1000]: can't assign; no space
[    1.885058] pci 0000:00:15.5: bridge window [io  size 0x1000]: failed to assign
[    1.885358] pci 0000:00:15.6: bridge window [io  size 0x1000]: can't assign; no space
[    1.885720] pci 0000:00:15.6: bridge window [io  size 0x1000]: failed to assign
[    1.886021] pci 0000:00:15.7: bridge window [io  size 0x1000]: can't assign; no space
[    1.886339] pci 0000:00:15.7: bridge window [io  size 0x1000]: failed to assign
[    1.886683] pci 0000:00:16.3: bridge window [io  size 0x1000]: can't assign; no space
[    1.887006] pci 0000:00:16.3: bridge window [io  size 0x1000]: failed to assign
[    1.887307] pci 0000:00:16.4: bridge window [io  size 0x1000]: can't assign; no space
[    1.921011] pci 0000:00:16.4: bridge window [io  size 0x1000]: failed to assign
[    1.921315] pci 0000:00:16.5: bridge window [io  size 0x1000]: can't assign; no space
[    1.921634] pci 0000:00:16.5: bridge window [io  size 0x1000]: failed to assign
[    1.921982] pci 0000:00:16.6: bridge window [io  size 0x1000]: can't assign; no space
[    1.922304] pci 0000:00:16.6: bridge window [io  size 0x1000]: failed to assign
[    1.922605] pci 0000:00:16.7: bridge window [io  size 0x1000]: can't assign; no space
[    1.922970] pci 0000:00:16.7: bridge window [io  size 0x1000]: failed to assign
[    1.923271] pci 0000:00:17.3: bridge window [io  size 0x1000]: can't assign; no space
[    1.923591] pci 0000:00:17.3: bridge window [io  size 0x1000]: failed to assign
[    1.923893] pci 0000:00:17.4: bridge window [io  size 0x1000]: can't assign; no space
[    1.924252] pci 0000:00:17.4: bridge window [io  size 0x1000]: failed to assign
[    1.924553] pci 0000:00:17.5: bridge window [io  size 0x1000]: can't assign; no space
[    1.924918] pci 0000:00:17.5: bridge window [io  size 0x1000]: failed to assign
[    1.925219] pci 0000:00:17.6: bridge window [io  size 0x1000]: can't assign; no space
[    1.925538] pci 0000:00:17.6: bridge window [io  size 0x1000]: failed to assign
[    1.926416] pci 0000:00:17.7: bridge window [io  size 0x1000]: can't assign; no space
[    1.926778] pci 0000:00:17.7: bridge window [io  size 0x1000]: failed to assign
[    1.927078] pci 0000:00:18.2: bridge window [io  size 0x1000]: can't assign; no space
[    1.927400] pci 0000:00:18.2: bridge window [io  size 0x1000]: failed to assign
[    1.927446] pci 0000:00:18.3: bridge window [io  size 0x1000]: can't assign; no space
[    1.928064] pci 0000:00:18.3: bridge window [io  size 0x1000]: failed to assign
[    1.928365] pci 0000:00:18.4: bridge window [io  size 0x1000]: can't assign; no space
[    1.928725] pci 0000:00:18.4: bridge window [io  size 0x1000]: failed to assign
[    1.929027] pci 0000:00:18.5: bridge window [io  size 0x1000]: can't assign; no space
[    1.929355] pci 0000:00:18.5: bridge window [io  size 0x1000]: failed to assign
[    1.929700] pci 0000:00:18.6: bridge window [io  size 0x1000]: can't assign; no space
[    1.930019] pci 0000:00:18.6: bridge window [io  size 0x1000]: failed to assign
[    1.930320] pci 0000:00:18.7: bridge window [io  size 0x1000]: can't assign; no space
[    1.930682] pci 0000:00:18.7: bridge window [io  size 0x1000]: failed to assign
[    1.930989] pci 0000:00:18.7: bridge window [io  size 0x1000]: can't assign; no space
[    1.931308] pci 0000:00:18.7: bridge window [io  size 0x1000]: failed to assign
[    1.931609] pci 0000:00:18.6: bridge window [io  size 0x1000]: can't assign; no space
[    1.931974] pci 0000:00:18.6: bridge window [io  size 0x1000]: failed to assign
[    1.932275] pci 0000:00:18.5: bridge window [io  size 0x1000]: can't assign; no space
[    1.932641] pci 0000:00:18.5: bridge window [io  size 0x1000]: failed to assign
[    1.932942] pci 0000:00:18.4: bridge window [io  size 0x1000]: can't assign; no space
[    1.933260] pci 0000:00:18.4: bridge window [io  size 0x1000]: failed to assign
[    1.933605] pci 0000:00:18.3: bridge window [io  size 0x1000]: can't assign; no space
[    1.933923] pci 0000:00:18.3: bridge window [io  size 0x1000]: failed to assign
[    1.934223] pci 0000:00:18.2: bridge window [io  size 0x1000]: can't assign; no space
[    1.934585] pci 0000:00:18.2: bridge window [io  size 0x1000]: failed to assign
[    1.934887] pci 0000:00:17.7: bridge window [io  size 0x1000]: can't assign; no space
[    1.935206] pci 0000:00:17.7: bridge window [io  size 0x1000]: failed to assign
[    1.935554] pci 0000:00:17.6: bridge window [io  size 0x1000]: can't assign; no space
[    1.935873] pci 0000:00:17.6: bridge window [io  size 0x1000]: failed to assign
[    1.936174] pci 0000:00:17.5: bridge window [io  size 0x1000]: can't assign; no space
[    1.936495] pci 0000:00:17.5: bridge window [io  size 0x1000]: failed to assign
[    1.936841] pci 0000:00:17.4: bridge window [io  size 0x1000]: can't assign; no space
[    1.937159] pci 0000:00:17.4: bridge window [io  size 0x1000]: failed to assign
[    1.937460] pci 0000:00:17.3: bridge window [io  size 0x1000]: can't assign; no space
[    1.971166] pci 0000:00:17.3: bridge window [io  size 0x1000]: failed to assign
[    1.971469] pci 0000:00:16.7: bridge window [io  size 0x1000]: can't assign; no space
[    1.971789] pci 0000:00:16.7: bridge window [io  size 0x1000]: failed to assign
[    1.972134] pci 0000:00:16.6: bridge window [io  size 0x1000]: can't assign; no space
[    1.972453] pci 0000:00:16.6: bridge window [io  size 0x1000]: failed to assign
[    1.972753] pci 0000:00:16.5: bridge window [io  size 0x1000]: can't assign; no space
[    1.973117] pci 0000:00:16.5: bridge window [io  size 0x1000]: failed to assign
[    1.973420] pci 0000:00:16.4: bridge window [io  size 0x1000]: can't assign; no space
[    1.973739] pci 0000:00:16.4: bridge window [io  size 0x1000]: failed to assign
[    1.974082] pci 0000:00:16.3: bridge window [io  size 0x1000]: can't assign; no space
[    1.974402] pci 0000:00:16.3: bridge window [io  size 0x1000]: failed to assign
[    1.974703] pci 0000:00:15.7: bridge window [io  size 0x1000]: can't assign; no space
[    1.975063] pci 0000:00:15.7: bridge window [io  size 0x1000]: failed to assign
[    1.975367] pci 0000:00:15.6: bridge window [io  size 0x1000]: can't assign; no space
[    1.975686] pci 0000:00:15.6: bridge window [io  size 0x1000]: failed to assign
[    1.976025] pci 0000:00:15.5: bridge window [io  size 0x1000]: can't assign; no space
[    1.976344] pci 0000:00:15.5: bridge window [io  size 0x1000]: failed to assign
[    1.976644] pci 0000:00:15.4: bridge window [io  size 0x1000]: can't assign; no space
[    1.977011] pci 0000:00:15.4: bridge window [io  size 0x1000]: failed to assign
[    1.977313] pci 0000:00:15.3: bridge window [io  size 0x1000]: can't assign; no space
[    1.977632] pci 0000:00:15.3: bridge window [io  size 0x1000]: failed to assign
[    1.977977] pci 0000:00:01.0: PCI bridge to [bus 01]
[    1.978243] pci 0000:02:01.0: ROM [mem 0xfd500000-0xfd50ffff pref]: assigned
[    1.978526] pci 0000:02:04.0: ROM [mem 0xfd510000-0xfd51ffff pref]: assigned
[    1.978811] pci 0000:00:11.0: PCI bridge to [bus 02]
[    1.979069] pci 0000:00:11.0:   bridge window [io  0x2000-0x3fff]
[    1.979335] pci 0000:00:11.0:   bridge window [mem 0xfd500000-0xfdffffff]
[    1.979621] pci 0000:00:11.0:   bridge window [mem 0xe7b00000-0xe7ffffff 64bit pref]
[    1.980004] pci 0000:00:15.0: PCI bridge to [bus 03]
[    1.980218] pci 0000:00:15.0:   bridge window [io  0x4000-0x4fff]
[    1.980485] pci 0000:00:15.0:   bridge window [mem 0xfd400000-0xfd4fffff]
[    1.980771] pci 0000:00:15.0:   bridge window [mem 0xe7a00000-0xe7afffff 64bit pref]
[    1.981151] pci 0000:00:15.1: PCI bridge to [bus 04]
[    1.981364] pci 0000:00:15.1:   bridge window [io  0x8000-0x8fff]
[    1.981630] pci 0000:00:15.1:   bridge window [mem 0xfd000000-0xfd0fffff]
[    1.981962] pci 0000:00:15.1:   bridge window [mem 0xe7600000-0xe76fffff 64bit pref]
[    1.982302] pci 0000:00:15.2: PCI bridge to [bus 05]
[    1.982515] pci 0000:00:15.2:   bridge window [io  0xc000-0xcfff]
[    1.982781] pci 0000:00:15.2:   bridge window [mem 0xfcc00000-0xfccfffff]
[    1.983105] pci 0000:00:15.2:   bridge window [mem 0xe7200000-0xe72fffff 64bit pref]
[    1.983445] pci 0000:00:15.3: PCI bridge to [bus 06]
[    1.983670] pci 0000:00:15.3:   bridge window [mem 0xfc800000-0xfc8fffff]
[    1.984026] pci 0000:00:15.3:   bridge window [mem 0xe6e00000-0xe6efffff 64bit pref]
[    1.984367] pci 0000:00:15.4: PCI bridge to [bus 07]
[    1.984591] pci 0000:00:15.4:   bridge window [mem 0xfc400000-0xfc4fffff]
[    1.984877] pci 0000:00:15.4:   bridge window [mem 0xe6a00000-0xe6afffff 64bit pref]
[    1.985262] pci 0000:00:15.5: PCI bridge to [bus 08]
[    1.985487] pci 0000:00:15.5:   bridge window [mem 0xfc000000-0xfc0fffff]
[    1.985777] pci 0000:00:15.5:   bridge window [mem 0xe6600000-0xe66fffff 64bit pref]
[    1.986161] pci 0000:00:15.6: PCI bridge to [bus 09]
[    1.986387] pci 0000:00:15.6:   bridge window [mem 0xfbc00000-0xfbcfffff]
[    1.986673] pci 0000:00:15.6:   bridge window [mem 0xe6200000-0xe62fffff 64bit pref]
[    1.987012] pci 0000:00:15.7: PCI bridge to [bus 0a]
[    1.987279] pci 0000:00:15.7:   bridge window [mem 0xfb800000-0xfb8fffff]
[    1.987564] pci 0000:00:15.7:   bridge window [mem 0xe5e00000-0xe5efffff 64bit pref]
[    2.021291] pci 0000:00:16.0: PCI bridge to [bus 0b]
[    2.021506] pci 0000:00:16.0:   bridge window [io  0x5000-0x5fff]
[    2.021771] pci 0000:00:16.0:   bridge window [mem 0xfd300000-0xfd3fffff]
[    2.022101] pci 0000:00:16.0:   bridge window [mem 0xe7900000-0xe79fffff 64bit pref]
[    2.022441] pci 0000:00:16.1: PCI bridge to [bus 0c]
[    2.022694] pci 0000:00:16.1:   bridge window [io  0x9000-0x9fff]
[    2.022962] pci 0000:00:16.1:   bridge window [mem 0xfcf00000-0xfcffffff]
[    2.023248] pci 0000:00:16.1:   bridge window [mem 0xe7500000-0xe75fffff 64bit pref]
[    2.023587] pci 0000:00:16.2: PCI bridge to [bus 0d]
[    2.023838] pci 0000:00:16.2:   bridge window [io  0xd000-0xdfff]
[    2.024105] pci 0000:00:16.2:   bridge window [mem 0xfcb00000-0xfcbfffff]
[    2.024390] pci 0000:00:16.2:   bridge window [mem 0xe7100000-0xe71fffff 64bit pref]
[    2.024774] pci 0000:00:16.3: PCI bridge to [bus 0e]
[    2.025000] pci 0000:00:16.3:   bridge window [mem 0xfc700000-0xfc7fffff]
[    2.025285] pci 0000:00:16.3:   bridge window [mem 0xe6d00000-0xe6dfffff 64bit pref]
[    2.025667] pci 0000:00:16.4: PCI bridge to [bus 0f]
[    2.025892] pci 0000:00:16.4:   bridge window [mem 0xfc300000-0xfc3fffff]
[    2.026178] pci 0000:00:16.4:   bridge window [mem 0xe6900000-0xe69fffff 64bit pref]
[    2.026519] pci 0000:00:16.5: PCI bridge to [bus 10]
[    2.027318] pci 0000:00:16.5:   bridge window [mem 0xfbf00000-0xfbffffff]
[    2.027604] pci 0000:00:16.5:   bridge window [mem 0xe6500000-0xe65fffff 64bit pref]
[    2.027988] pci 0000:00:16.6: PCI bridge to [bus 11]
[    2.028215] pci 0000:00:16.6:   bridge window [mem 0xfbb00000-0xfbbfffff]
[    2.028501] pci 0000:00:16.6:   bridge window [mem 0xe6100000-0xe61fffff 64bit pref]
[    2.028886] pci 0000:00:16.7: PCI bridge to [bus 12]
[    2.029110] pci 0000:00:16.7:   bridge window [mem 0xfb700000-0xfb7fffff]
[    2.029396] pci 0000:00:16.7:   bridge window [mem 0xe5d00000-0xe5dfffff 64bit pref]
[    2.029736] pci 0000:00:17.0: PCI bridge to [bus 13]
[    2.029995] pci 0000:00:17.0:   bridge window [io  0x6000-0x6fff]
[    2.030261] pci 0000:00:17.0:   bridge window [mem 0xfd200000-0xfd2fffff]
[    2.030547] pci 0000:00:17.0:   bridge window [mem 0xe7800000-0xe78fffff 64bit pref]
[    2.030932] pci 0000:00:17.1: PCI bridge to [bus 14]
[    2.031145] pci 0000:00:17.1:   bridge window [io  0xa000-0xafff]
[    2.031411] pci 0000:00:17.1:   bridge window [mem 0xfce00000-0xfcefffff]
[    2.031698] pci 0000:00:17.1:   bridge window [mem 0xe7400000-0xe74fffff 64bit pref]
[    2.032082] pci 0000:00:17.2: PCI bridge to [bus 15]
[    2.032295] pci 0000:00:17.2:   bridge window [io  0xe000-0xefff]
[    2.032562] pci 0000:00:17.2:   bridge window [mem 0xfca00000-0xfcafffff]
[    2.032903] pci 0000:00:17.2:   bridge window [mem 0xe7000000-0xe70fffff 64bit pref]
[    2.033243] pci 0000:00:17.3: PCI bridge to [bus 16]
[    2.033471] pci 0000:00:17.3:   bridge window [mem 0xfc600000-0xfc6fffff]
[    2.033757] pci 0000:00:17.3:   bridge window [mem 0xe6c00000-0xe6cfffff 64bit pref]
[    2.034142] pci 0000:00:17.4: PCI bridge to [bus 17]
[    2.034367] pci 0000:00:17.4:   bridge window [mem 0xfc200000-0xfc2fffff]
[    2.034653] pci 0000:00:17.4:   bridge window [mem 0xe6800000-0xe68fffff 64bit pref]
[    2.035036] pci 0000:00:17.5: PCI bridge to [bus 18]
[    2.035261] pci 0000:00:17.5:   bridge window [mem 0xfbe00000-0xfbefffff]
[    2.035549] pci 0000:00:17.5:   bridge window [mem 0xe6400000-0xe64fffff 64bit pref]
[    2.035932] pci 0000:00:17.6: PCI bridge to [bus 19]
[    2.036157] pci 0000:00:17.6:   bridge window [mem 0xfba00000-0xfbafffff]
[    2.036443] pci 0000:00:17.6:   bridge window [mem 0xe6000000-0xe60fffff 64bit pref]
[    2.036783] pci 0000:00:17.7: PCI bridge to [bus 1a]
[    2.037051] pci 0000:00:17.7:   bridge window [mem 0xfb600000-0xfb6fffff]
[    2.037339] pci 0000:00:17.7:   bridge window [mem 0xe5c00000-0xe5cfffff 64bit pref]
[    2.071058] pci 0000:00:18.0: PCI bridge to [bus 1b]
[    2.071271] pci 0000:00:18.0:   bridge window [io  0x7000-0x7fff]
[    2.071537] pci 0000:00:18.0:   bridge window [mem 0xfd100000-0xfd1fffff]
[    2.071822] pci 0000:00:18.0:   bridge window [mem 0xe7700000-0xe77fffff 64bit pref]
[    2.072199] pci 0000:00:18.1: PCI bridge to [bus 1c]
[    2.072412] pci 0000:00:18.1:   bridge window [io  0xb000-0xbfff]
[    2.072770] pci 0000:00:18.1:   bridge window [mem 0xfcd00000-0xfcdfffff]
[    2.073058] pci 0000:00:18.1:   bridge window [mem 0xe7300000-0xe73fffff 64bit pref]
[    2.073398] pci 0000:00:18.2: PCI bridge to [bus 1d]
[    2.073668] pci 0000:00:18.2:   bridge window [mem 0xfc900000-0xfc9fffff]
[    2.073952] pci 0000:00:18.2:   bridge window [mem 0xe6f00000-0xe6ffffff 64bit pref]
[    2.074295] pci 0000:00:18.3: PCI bridge to [bus 1e]
[    2.074518] pci 0000:00:18.3:   bridge window [mem 0xfc500000-0xfc5fffff]
[    2.074847] pci 0000:00:18.3:   bridge window [mem 0xe6b00000-0xe6bfffff 64bit pref]
[    2.075185] pci 0000:00:18.4: PCI bridge to [bus 1f]
[    2.075408] pci 0000:00:18.4:   bridge window [mem 0xfc100000-0xfc1fffff]
[    2.075740] pci 0000:00:18.4:   bridge window [mem 0xe6700000-0xe67fffff 64bit pref]
[    2.076082] pci 0000:00:18.5: PCI bridge to [bus 20]
[    2.076305] pci 0000:00:18.5:   bridge window [mem 0xfbd00000-0xfbdfffff]
[    2.076590] pci 0000:00:18.5:   bridge window [mem 0xe6300000-0xe63fffff 64bit pref]
[    2.076974] pci 0000:00:18.6: PCI bridge to [bus 21]
[    2.077198] pci 0000:00:18.6:   bridge window [mem 0xfb900000-0xfb9fffff]
[    2.077530] pci 0000:00:18.6:   bridge window [mem 0xe5f00000-0xe5ffffff 64bit pref]
[    2.077872] pci 0000:00:18.7: PCI bridge to [bus 22]
[    2.078096] pci 0000:00:18.7:   bridge window [mem 0xfb500000-0xfb5fffff]
[    2.078382] pci 0000:00:18.7:   bridge window [mem 0xe5b00000-0xe5bfffff 64bit pref]
[    2.078766] pci_bus 0000:00: resource 4 [mem 0x000a0000-0x000bffff window]
[    2.079044] pci_bus 0000:00: resource 5 [mem 0x000d0000-0x000dbfff window]
[    2.079321] pci_bus 0000:00: resource 6 [mem 0xc0000000-0xfebfffff window]
[    2.079645] pci_bus 0000:00: resource 7 [io  0x0000-0x0cf7 window]
[    2.079898] pci_bus 0000:00: resource 8 [io  0x0d00-0xfeff window]
[    2.080150] pci_bus 0000:02: resource 0 [io  0x2000-0x3fff]
[    2.080378] pci_bus 0000:02: resource 1 [mem 0xfd500000-0xfdffffff]
[    2.080693] pci_bus 0000:02: resource 2 [mem 0xe7b00000-0xe7ffffff 64bit pref]
[    2.080989] pci_bus 0000:02: resource 4 [mem 0x000a0000-0x000bffff window]
[    2.081265] pci_bus 0000:02: resource 5 [mem 0x000d0000-0x000dbfff window]
[    2.081586] pci_bus 0000:02: resource 6 [mem 0xc0000000-0xfebfffff window]
[    2.081863] pci_bus 0000:02: resource 7 [io  0x0000-0x0cf7 window]
[    2.082113] pci_bus 0000:02: resource 8 [io  0x0d00-0xfeff window]
[    2.082364] pci_bus 0000:03: resource 0 [io  0x4000-0x4fff]
[    2.082636] pci_bus 0000:03: resource 1 [mem 0xfd400000-0xfd4fffff]
[    2.082890] pci_bus 0000:03: resource 2 [mem 0xe7a00000-0xe7afffff 64bit pref]
[    2.083186] pci_bus 0000:04: resource 0 [io  0x8000-0x8fff]
[    2.083418] pci_bus 0000:04: resource 1 [mem 0xfd000000-0xfd0fffff]
[    2.083715] pci_bus 0000:04: resource 2 [mem 0xe7600000-0xe76fffff 64bit pref]
[    2.084010] pci_bus 0000:05: resource 0 [io  0xc000-0xcfff]
[    2.084238] pci_bus 0000:05: resource 1 [mem 0xfcc00000-0xfccfffff]
[    2.084536] pci_bus 0000:05: resource 2 [mem 0xe7200000-0xe72fffff 64bit pref]
[    2.084831] pci_bus 0000:06: resource 1 [mem 0xfc800000-0xfc8fffff]
[    2.085084] pci_bus 0000:06: resource 2 [mem 0xe6e00000-0xe6efffff 64bit pref]
[    2.085381] pci_bus 0000:07: resource 1 [mem 0xfc400000-0xfc4fffff]
[    2.085679] pci_bus 0000:07: resource 2 [mem 0xe6a00000-0xe6afffff 64bit pref]
[    2.085974] pci_bus 0000:08: resource 1 [mem 0xfc000000-0xfc0fffff]
[    2.086227] pci_bus 0000:08: resource 2 [mem 0xe6600000-0xe66fffff 64bit pref]
[    2.086522] pci_bus 0000:09: resource 1 [mem 0xfbc00000-0xfbcfffff]
[    2.086662] pci_bus 0000:09: resource 2 [mem 0xe6200000-0xe62fffff 64bit pref]
[    2.087114] pci_bus 0000:0a: resource 1 [mem 0xfb800000-0xfb8fffff]
[    2.087370] pci_bus 0000:0a: resource 2 [mem 0xe5e00000-0xe5efffff 64bit pref]
[    2.121039] pci_bus 0000:0b: resource 0 [io  0x5000-0x5fff]
[    2.121267] pci_bus 0000:0b: resource 1 [mem 0xfd300000-0xfd3fffff]
[    2.121520] pci_bus 0000:0b: resource 2 [mem 0xe7900000-0xe79fffff 64bit pref]
[    2.121815] pci_bus 0000:0c: resource 0 [io  0x9000-0x9fff]
[    2.122082] pci_bus 0000:0c: resource 1 [mem 0xfcf00000-0xfcffffff]
[    2.122337] pci_bus 0000:0c: resource 2 [mem 0xe7500000-0xe75fffff 64bit pref]
[    2.122633] pci_bus 0000:0d: resource 0 [io  0xd000-0xdfff]
[    2.122861] pci_bus 0000:0d: resource 1 [mem 0xfcb00000-0xfcbfffff]
[    2.123159] pci_bus 0000:0d: resource 2 [mem 0xe7100000-0xe71fffff 64bit pref]
[    2.123455] pci_bus 0000:0e: resource 1 [mem 0xfc700000-0xfc7fffff]
[    2.123708] pci_bus 0000:0e: resource 2 [mem 0xe6d00000-0xe6dfffff 64bit pref]
[    2.124047] pci_bus 0000:0f: resource 1 [mem 0xfc300000-0xfc3fffff]
[    2.124303] pci_bus 0000:0f: resource 2 [mem 0xe6900000-0xe69fffff 64bit pref]
[    2.124599] pci_bus 0000:10: resource 1 [mem 0xfbf00000-0xfbffffff]
[    2.124852] pci_bus 0000:10: resource 2 [mem 0xe6500000-0xe65fffff 64bit pref]
[    2.125188] pci_bus 0000:11: resource 1 [mem 0xfbb00000-0xfbbfffff]
[    2.125442] pci_bus 0000:11: resource 2 [mem 0xe6100000-0xe61fffff 64bit pref]
[    2.125785] pci_bus 0000:12: resource 1 [mem 0xfb700000-0xfb7fffff]
[    2.126041] pci_bus 0000:12: resource 2 [mem 0xe5d00000-0xe5dfffff 64bit pref]
[    2.126337] pci_bus 0000:13: resource 0 [io  0x6000-0x6fff]
[    2.126565] pci_bus 0000:13: resource 1 [mem 0xfd200000-0xfd2fffff]
[    2.126862] pci_bus 0000:13: resource 2 [mem 0xe7800000-0xe78fffff 64bit pref]
[    2.127158] pci_bus 0000:14: resource 0 [io  0xa000-0xafff]
[    2.127385] pci_bus 0000:14: resource 1 [mem 0xfce00000-0xfcefffff]
[    2.127638] pci_bus 0000:14: resource 2 [mem 0xe7400000-0xe74fffff 64bit pref]
[    2.127979] pci_bus 0000:15: resource 0 [io  0xe000-0xefff]
[    2.128207] pci_bus 0000:15: resource 1 [mem 0xfca00000-0xfcafffff]
[    2.128460] pci_bus 0000:15: resource 2 [mem 0xe7000000-0xe70fffff 64bit pref]
[    2.128801] pci_bus 0000:16: resource 1 [mem 0xfc600000-0xfc6fffff]
[    2.129056] pci_bus 0000:16: resource 2 [mem 0xe6c00000-0xe6cfffff 64bit pref]
[    2.129352] pci_bus 0000:17: resource 1 [mem 0xfc200000-0xfc2fffff]
[    2.129605] pci_bus 0000:17: resource 2 [mem 0xe6800000-0xe68fffff 64bit pref]
[    2.129949] pci_bus 0000:18: resource 1 [mem 0xfbe00000-0xfbefffff]
[    2.130202] pci_bus 0000:18: resource 2 [mem 0xe6400000-0xe64fffff 64bit pref]
[    2.130498] pci_bus 0000:19: resource 1 [mem 0xfba00000-0xfbafffff]
[    2.130791] pci_bus 0000:19: resource 2 [mem 0xe6000000-0xe60fffff 64bit pref]
[    2.131087] pci_bus 0000:1a: resource 1 [mem 0xfb600000-0xfb6fffff]
[    2.131340] pci_bus 0000:1a: resource 2 [mem 0xe5c00000-0xe5cfffff 64bit pref]
[    2.131640] pci_bus 0000:1b: resource 0 [io  0x7000-0x7fff]
[    2.131911] pci_bus 0000:1b: resource 1 [mem 0xfd100000-0xfd1fffff]
[    2.132165] pci_bus 0000:1b: resource 2 [mem 0xe7700000-0xe77fffff 64bit pref]
[    2.132460] pci_bus 0000:1c: resource 0 [io  0xb000-0xbfff]
[    2.133262] pci_bus 0000:1c: resource 1 [mem 0xfcd00000-0xfcdfffff]
[    2.133518] pci_bus 0000:1c: resource 2 [mem 0xe7300000-0xe73fffff 64bit pref]
[    2.133859] pci_bus 0000:1d: resource 1 [mem 0xfc900000-0xfc9fffff]
[    2.134114] pci_bus 0000:1d: resource 2 [mem 0xe6f00000-0xe6ffffff 64bit pref]
[    2.134411] pci_bus 0000:1e: resource 1 [mem 0xfc500000-0xfc5fffff]
[    2.134666] pci_bus 0000:1e: resource 2 [mem 0xe6b00000-0xe6bfffff 64bit pref]
[    2.135011] pci_bus 0000:1f: resource 1 [mem 0xfc100000-0xfc1fffff]
[    2.135271] pci_bus 0000:1f: resource 2 [mem 0xe6700000-0xe67fffff 64bit pref]
[    2.135568] pci_bus 0000:20: resource 1 [mem 0xfbd00000-0xfbdfffff]
[    2.135867] pci_bus 0000:20: resource 2 [mem 0xe6300000-0xe63fffff 64bit pref]
[    2.136164] pci_bus 0000:21: resource 1 [mem 0xfb900000-0xfb9fffff]
[    2.136419] pci_bus 0000:21: resource 2 [mem 0xe5f00000-0xe5ffffff 64bit pref]
[    2.136717] pci_bus 0000:22: resource 1 [mem 0xfb500000-0xfb5fffff]
[    2.137022] pci_bus 0000:22: resource 2 [mem 0xe5b00000-0xe5bfffff 64bit pref]
[    2.137622] pci 0000:00:00.0: Limiting direct PCI/PCI transfers
[    2.171241] pci 0000:00:00.0: quirk_natoma+0x0/0x20 took 32831 usecs
[    2.172919] pci 0000:02:01.0: CLS mismatch (32 != 64), using 64 bytes
[    2.174253] PCI-DMA: Using software bounce buffering for IO (SWIOTLB)
[    2.174520] software IO TLB: mapped [mem 0x00000000bbed0000-0x00000000bfed0000] (64MB)
[    2.174540] Trying to unpack rootfs image as initramfs...
[    2.174956] clocksource: tsc: mask: 0xffffffffffffffff max_cycles: 0x3ddd4885acc, max_idle_ns: 440795304854 ns
[    2.175946] clocksource: Switched to clocksource tsc
[    2.230416] Initialise system trusted keyrings
[    2.230630] Key type blacklist registered
[    2.231352] workingset: timestamp_bits=36 max_order=23 bucket_order=0
[    2.231956] zbud: loaded
[    2.232641] squashfs: version 4.0 (2009/01/31) Phillip Lougher
[    2.233602] fuse: init (API version 7.42)
[    2.235514] integrity: Platform Keyring initialized
[    2.235733] integrity: Machine keyring initialized
[    2.283939] Key type asymmetric registered
[    2.284121] Asymmetric key parser 'x509' registered
[    2.284418] Block layer SCSI generic (bsg) driver version 0.4 loaded (major 243)
[    2.285416] io scheduler mq-deadline registered
[    2.324368] ledtrig-cpu: registered to indicate activity on CPUs
[    2.325063] pcieport 0000:00:15.0: PME: Signaling with IRQ 24
[    2.325367] pcieport 0000:00:15.0: pciehp: Slot #160 AttnBtn+ PwrCtrl+ MRL- AttnInd- PwrInd- HotPlug+ Surprise- Interlock- NoCompl+ IbPresDis- LLActRep+
[    2.327169] pcieport 0000:00:15.1: PME: Signaling with IRQ 25
[    2.327465] pcieport 0000:00:15.1: pciehp: Slot #161 AttnBtn+ PwrCtrl+ MRL- AttnInd- PwrInd- HotPlug+ Surprise- Interlock- NoCompl+ IbPresDis- LLActRep+
[    2.329051] pcieport 0000:00:15.2: PME: Signaling with IRQ 26
[    2.329359] pcieport 0000:00:15.2: pciehp: Slot #162 AttnBtn+ PwrCtrl+ MRL- AttnInd- PwrInd- HotPlug+ Surprise- Interlock- NoCompl+ IbPresDis- LLActRep+
[    2.331006] pcieport 0000:00:15.3: PME: Signaling with IRQ 27
[    2.331311] pcieport 0000:00:15.3: pciehp: Slot #163 AttnBtn+ PwrCtrl+ MRL- AttnInd- PwrInd- HotPlug+ Surprise- Interlock- NoCompl+ IbPresDis- LLActRep+
[    2.332913] pcieport 0000:00:15.4: PME: Signaling with IRQ 28
[    2.333209] pcieport 0000:00:15.4: pciehp: Slot #164 AttnBtn+ PwrCtrl+ MRL- AttnInd- PwrInd- HotPlug+ Surprise- Interlock- NoCompl+ IbPresDis- LLActRep+
[    2.335001] pcieport 0000:00:15.5: PME: Signaling with IRQ 29
[    2.335306] pcieport 0000:00:15.5: pciehp: Slot #165 AttnBtn+ PwrCtrl+ MRL- AttnInd- PwrInd- HotPlug+ Surprise- Interlock- NoCompl+ IbPresDis- LLActRep+
[    2.336988] pcieport 0000:00:15.6: PME: Signaling with IRQ 30
[    2.337283] pcieport 0000:00:15.6: pciehp: Slot #166 AttnBtn+ PwrCtrl+ MRL- AttnInd- PwrInd- HotPlug+ Surprise- Interlock- NoCompl+ IbPresDis- LLActRep+
[    2.372957] pcieport 0000:00:15.7: PME: Signaling with IRQ 31
[    2.373246] pcieport 0000:00:15.7: pciehp: Slot #167 AttnBtn+ PwrCtrl+ MRL- AttnInd- PwrInd- HotPlug+ Surprise- Interlock- NoCompl+ IbPresDis- LLActRep+
[    2.374822] pcieport 0000:00:16.0: PME: Signaling with IRQ 32
[    2.375186] pcieport 0000:00:16.0: pciehp: Slot #192 AttnBtn+ PwrCtrl+ MRL- AttnInd- PwrInd- HotPlug+ Surprise- Interlock- NoCompl+ IbPresDis- LLActRep+
[    2.376945] pcieport 0000:00:16.1: PME: Signaling with IRQ 33
[    2.377249] pcieport 0000:00:16.1: pciehp: Slot #193 AttnBtn+ PwrCtrl+ MRL- AttnInd- PwrInd- HotPlug+ Surprise- Interlock- NoCompl+ IbPresDis- LLActRep+
[    2.378862] pcieport 0000:00:16.2: PME: Signaling with IRQ 34
[    2.379158] pcieport 0000:00:16.2: pciehp: Slot #194 AttnBtn+ PwrCtrl+ MRL- AttnInd- PwrInd- HotPlug+ Surprise- Interlock- NoCompl+ IbPresDis- LLActRep+
[    2.380844] pcieport 0000:00:16.3: PME: Signaling with IRQ 35
[    2.381142] pcieport 0000:00:16.3: pciehp: Slot #195 AttnBtn+ PwrCtrl+ MRL- AttnInd- PwrInd- HotPlug+ Surprise- Interlock- NoCompl+ IbPresDis- LLActRep+
[    2.382771] pcieport 0000:00:16.4: PME: Signaling with IRQ 36
[    2.383114] pcieport 0000:00:16.4: pciehp: Slot #196 AttnBtn+ PwrCtrl+ MRL- AttnInd- PwrInd- HotPlug+ Surprise- Interlock- NoCompl+ IbPresDis- LLActRep+
[    2.384866] pcieport 0000:00:16.5: PME: Signaling with IRQ 37
[    2.385175] pcieport 0000:00:16.5: pciehp: Slot #197 AttnBtn+ PwrCtrl+ MRL- AttnInd- PwrInd- HotPlug+ Surprise- Interlock- NoCompl+ IbPresDis- LLActRep+
[    2.386803] pcieport 0000:00:16.6: PME: Signaling with IRQ 38
[    2.387100] pcieport 0000:00:16.6: pciehp: Slot #198 AttnBtn+ PwrCtrl+ MRL- AttnInd- PwrInd- HotPlug+ Surprise- Interlock- NoCompl+ IbPresDis- LLActRep+
[    2.422087] pcieport 0000:00:16.7: PME: Signaling with IRQ 39
[    2.422393] pcieport 0000:00:16.7: pciehp: Slot #199 AttnBtn+ PwrCtrl+ MRL- AttnInd- PwrInd- HotPlug+ Surprise- Interlock- NoCompl+ IbPresDis- LLActRep+
[    2.424044] pcieport 0000:00:17.0: PME: Signaling with IRQ 40
[    2.424341] pcieport 0000:00:17.0: pciehp: Slot #224 AttnBtn+ PwrCtrl+ MRL- AttnInd- PwrInd- HotPlug+ Surprise- Interlock- NoCompl+ IbPresDis- LLActRep+
[    2.426038] pcieport 0000:00:17.1: PME: Signaling with IRQ 41
[    2.426337] pcieport 0000:00:17.1: pciehp: Slot #225 AttnBtn+ PwrCtrl+ MRL- AttnInd- PwrInd- HotPlug+ Surprise- Interlock- NoCompl+ IbPresDis- LLActRep+
[    2.428048] pcieport 0000:00:17.2: PME: Signaling with IRQ 42
[    2.428425] pcieport 0000:00:17.2: pciehp: Slot #226 AttnBtn+ PwrCtrl+ MRL- AttnInd- PwrInd- HotPlug+ Surprise- Interlock- NoCompl+ IbPresDis- LLActRep+
[    2.430085] pcieport 0000:00:17.3: PME: Signaling with IRQ 43
[    2.430383] pcieport 0000:00:17.3: pciehp: Slot #227 AttnBtn+ PwrCtrl+ MRL- AttnInd- PwrInd- HotPlug+ Surprise- Interlock- NoCompl+ IbPresDis- LLActRep+
[    2.432490] pcieport 0000:00:17.4: PME: Signaling with IRQ 44
[    2.432865] pcieport 0000:00:17.4: pciehp: Slot #228 AttnBtn+ PwrCtrl+ MRL- AttnInd- PwrInd- HotPlug+ Surprise- Interlock- NoCompl+ IbPresDis- LLActRep+
[    2.434445] pcieport 0000:00:17.5: PME: Signaling with IRQ 45
[    2.434806] pcieport 0000:00:17.5: pciehp: Slot #229 AttnBtn+ PwrCtrl+ MRL- AttnInd- PwrInd- HotPlug+ Surprise- Interlock- NoCompl+ IbPresDis- LLActRep+
[    2.436441] pcieport 0000:00:17.6: PME: Signaling with IRQ 46
[    2.436736] pcieport 0000:00:17.6: pciehp: Slot #230 AttnBtn+ PwrCtrl+ MRL- AttnInd- PwrInd- HotPlug+ Surprise- Interlock- NoCompl+ IbPresDis- LLActRep+
[    2.471710] pcieport 0000:00:17.7: PME: Signaling with IRQ 47
[    2.472066] pcieport 0000:00:17.7: pciehp: Slot #231 AttnBtn+ PwrCtrl+ MRL- AttnInd- PwrInd- HotPlug+ Surprise- Interlock- NoCompl+ IbPresDis- LLActRep+
[    2.473532] pcieport 0000:00:18.0: PME: Signaling with IRQ 48
[    2.473890] pcieport 0000:00:18.0: pciehp: Slot #256 AttnBtn+ PwrCtrl+ MRL- AttnInd- PwrInd- HotPlug+ Surprise- Interlock- NoCompl+ IbPresDis- LLActRep+
[    2.475526] pcieport 0000:00:18.1: PME: Signaling with IRQ 49
[    2.475820] pcieport 0000:00:18.1: pciehp: Slot #257 AttnBtn+ PwrCtrl+ MRL- AttnInd- PwrInd- HotPlug+ Surprise- Interlock- NoCompl+ IbPresDis- LLActRep+
[    2.477408] pcieport 0000:00:18.2: PME: Signaling with IRQ 50
[    2.477714] pcieport 0000:00:18.2: pciehp: Slot #258 AttnBtn+ PwrCtrl+ MRL- AttnInd- PwrInd- HotPlug+ Surprise- Interlock- NoCompl+ IbPresDis- LLActRep+
[    2.479361] pcieport 0000:00:18.3: PME: Signaling with IRQ 51
[    2.479656] pcieport 0000:00:18.3: pciehp: Slot #259 AttnBtn+ PwrCtrl+ MRL- AttnInd- PwrInd- HotPlug+ Surprise- Interlock- NoCompl+ IbPresDis- LLActRep+
[    2.481219] pcieport 0000:00:18.4: PME: Signaling with IRQ 52
[    2.481571] pcieport 0000:00:18.4: pciehp: Slot #260 AttnBtn+ PwrCtrl+ MRL- AttnInd- PwrInd- HotPlug+ Surprise- Interlock- NoCompl+ IbPresDis- LLActRep+
[    2.483339] pcieport 0000:00:18.5: PME: Signaling with IRQ 53
[    2.483645] pcieport 0000:00:18.5: pciehp: Slot #261 AttnBtn+ PwrCtrl+ MRL- AttnInd- PwrInd- HotPlug+ Surprise- Interlock- NoCompl+ IbPresDis- LLActRep+
[    2.485216] pcieport 0000:00:18.6: PME: Signaling with IRQ 54
[    2.485537] pcieport 0000:00:18.6: pciehp: Slot #262 AttnBtn+ PwrCtrl+ MRL- AttnInd- PwrInd- HotPlug+ Surprise- Interlock- NoCompl+ IbPresDis- LLActRep+
[    2.487256] pcieport 0000:00:18.7: PME: Signaling with IRQ 55
[    2.520963] pcieport 0000:00:18.7: pciehp: Slot #263 AttnBtn+ PwrCtrl+ MRL- AttnInd- PwrInd- HotPlug+ Surprise- Interlock- NoCompl+ IbPresDis- LLActRep+
[    2.522281] shpchp: Standard Hot Plug PCI Controller Driver version: 0.4
[    2.523161] ACPI: AC: AC Adapter [ACAD] (on-line)
[    2.523493] input: Power Button as /devices/LNXSYSTM:00/LNXPWRBN:00/input/input0
[    2.523933] ACPI: button: Power Button [PWRF]
[    2.531859] Serial: 8250/16550 driver, 32 ports, IRQ sharing enabled
[    2.572798] Linux agpgart interface v0.103
[    2.573096] agpgart-intel 0000:00:00.0: Intel 440BX Chipset
[    2.621579] agpgart-intel 0000:00:00.0: AGP aperture is 256M @ 0x0
[    2.677315] loop: module loaded
[    2.678313] ata_piix 0000:00:07.1: version 2.13
[    2.679937] scsi host0: ata_piix
[    2.681069] scsi host1: ata_piix
