[    0.000000] Linux version 6.14.0-34-generic (buildd@lcy02-amd64-017) (x86_64-linux-gnu-gcc-14 (Ubuntu 14.2.0-19ubuntu2) 14.2.0, GNU ld (GNU Binutils for Ubuntu) 2.44) #34-Ubuntu SMP PREEMPT_DYNAMIC Wed Sep 17 09:21:29 UTC 2025 (Ubuntu 6.14.0-34.34-generic 6.14.11)
[    0.000000] Command line: BOOT_IMAGE=/boot/vmlinuz-6.14.0-34-generic root=UUID=1cbb8294-d9e9-4b18-9fce-6fa89d7fe721 ro
[    0.000000] KERNEL supported cpus:
[    0.000000]   Intel GenuineIntel
[    0.000000]   AMD AuthenticAMD
[    0.000000]   Hygon HygonGenuine
[    0.000000]   Centaur CentaurHauls
[    0.000000]   zhaoxin   Shanghai  
[    0.000000] [Firmware Bug]: TSC doesn't count with P0 frequency!
[    0.000000] BIOS-provided physical RAM map:
[    0.000000] BIOS-e820: [mem 0x0000000000000000-0x000000000009e7ff] usable
[    0.000000] BIOS-e820: [mem 0x000000000009e800-0x000000000009ffff] reserved
[    0.000000] BIOS-e820: [mem 0x00000000000dc000-0x00000000000fffff] reserved
[    0.000000] BIOS-e820: [mem 0x0000000000100000-0x00000000bfecffff] usable
[    0.000000] BIOS-e820: [mem 0x00000000bfed0000-0x00000000bfefefff] ACPI data
[    0.000000] BIOS-e820: [mem 0x00000000bfeff000-0x00000000bfefffff] ACPI NVS
[    0.000000] BIOS-e820: [mem 0x00000000bff00000-0x00000000bfffffff] usable
[    0.000000] BIOS-e820: [mem 0x00000000f0000000-0x00000000f7ffffff] reserved
[    0.000000] BIOS-e820: [mem 0x00000000fec00000-0x00000000fec0ffff] reserved
[    0.000000] BIOS-e820: [mem 0x00000000fee00000-0x00000000fee00fff] reserved
[    0.000000] BIOS-e820: [mem 0x00000000fffe0000-0x00000000ffffffff] reserved
[    0.000000] BIOS-e820: [mem 0x0000000100000000-0x000000083fffffff] usable
[    0.000000] NX (Execute Disable) protection: active
[    0.000000] APIC: Static calls initialized
[    0.000000] SMBIOS 2.7 present.
[    0.000000] DMI: VMware, Inc. VMware Virtual Platform/440BX Desktop Reference Platform, BIOS 6.00 11/12/2020
[    0.000000] DMI: Memory slots populated: 2/128
[    0.000000] vmware: hypercall mode: 0x01
[    0.000000] Hypervisor detected: VMware
[    0.000000] vmware: TSC freq read from hypervisor : 4291.842 MHz
[    0.000000] vmware: Host bus clock speed read from hypervisor : 66000000 Hz
[    0.000000] vmware: using clock offset of 4874794160 ns
[    0.002147] tsc: Detected 4291.842 MHz processor
[    0.005670] e820: update [mem 0x00000000-0x00000fff] usable ==> reserved
[    0.011277] e820: remove [mem 0x000a0000-0x000fffff] usable
[    0.013225] last_pfn = 0x840000 max_arch_pfn = 0x400000000
[    0.013720] total RAM covered: 1047552M
[    0.014152]  gran_size: 64K 	chunk_size: 64K 	num_reg: 8  	lose cover RAM: 768G
[    0.014862]  gran_size: 64K 	chunk_size: 128K 	num_reg: 8  	lose cover RAM: 768G
[    0.015405]  gran_size: 64K 	chunk_size: 256K 	num_reg: 8  	lose cover RAM: 768G
[    0.015821]  gran_size: 64K 	chunk_size: 512K 	num_reg: 8  	lose cover RAM: 768G
[    0.016140]  gran_size: 64K 	chunk_size: 1M 	num_reg: 8  	lose cover RAM: 768G
[    0.016383]  gran_size: 64K 	chunk_size: 2M 	num_reg: 8  	lose cover RAM: 768G
[    0.016570]  gran_size: 64K 	chunk_size: 4M 	num_reg: 8  	lose cover RAM: 768G
[    0.016713]  gran_size: 64K 	chunk_size: 8M 	num_reg: 8  	lose cover RAM: 768G
[    0.016822]  gran_size: 64K 	chunk_size: 16M 	num_reg: 8  	lose cover RAM: 768G
[    0.016906]  gran_size: 64K 	chunk_size: 32M 	num_reg: 8  	lose cover RAM: 768G
[    0.016970]  gran_size: 64K 	chunk_size: 64M 	num_reg: 8  	lose cover RAM: 768G
[    0.017020]  gran_size: 64K 	chunk_size: 128M 	num_reg: 8  	lose cover RAM: 768G
[    0.017057]  gran_size: 64K 	chunk_size: 256M 	num_reg: 8  	lose cover RAM: 768G
[    0.017086]  gran_size: 64K 	chunk_size: 512M 	num_reg: 8  	lose cover RAM: 768G
[    0.017108]  gran_size: 64K 	chunk_size: 1G 	num_reg: 8  	lose cover RAM: 768G
[    0.017125]  gran_size: 64K 	chunk_size: 2G 	num_reg: 8  	lose cover RAM: 768G
[    0.017138]  gran_size: 128K 	chunk_size: 128K 	num_reg: 8  	lose cover RAM: 768G
[    0.017148]  gran_size: 128K 	chunk_size: 256K 	num_reg: 8  	lose cover RAM: 768G
[    0.017155]  gran_size: 128K 	chunk_size: 512K 	num_reg: 8  	lose cover RAM: 768G
[    0.017161]  gran_size: 128K 	chunk_size: 1M 	num_reg: 8  	lose cover RAM: 768G
[    0.017165]  gran_size: 128K 	chunk_size: 2M 	num_reg: 8  	lose cover RAM: 768G
[    0.017169]  gran_size: 128K 	chunk_size: 4M 	num_reg: 8  	lose cover RAM: 768G
[    0.017171]  gran_size: 128K 	chunk_size: 8M 	num_reg: 8  	lose cover RAM: 768G
[    0.017173]  gran_size: 128K 	chunk_size: 16M 	num_reg: 8  	lose cover RAM: 768G
[    0.017175]  gran_size: 128K 	chunk_size: 32M 	num_reg: 8  	lose cover RAM: 768G
[    0.017176]  gran_size: 128K 	chunk_size: 64M 	num_reg: 8  	lose cover RAM: 768G
[    0.017177]  gran_size: 128K 	chunk_size: 128M 	num_reg: 8  	lose cover RAM: 768G
[    0.017178]  gran_size: 128K 	chunk_size: 256M 	num_reg: 8  	lose cover RAM: 768G
[    0.017178]  gran_size: 128K 	chunk_size: 512M 	num_reg: 8  	lose cover RAM: 768G
[    0.017179]  gran_size: 128K 	chunk_size: 1G 	num_reg: 8  	lose cover RAM: 768G
[    0.017179]  gran_size: 128K 	chunk_size: 2G 	num_reg: 8  	lose cover RAM: 768G
[    0.017179]  gran_size: 256K 	chunk_size: 256K 	num_reg: 8  	lose cover RAM: 768G
[    0.017179]  gran_size: 256K 	chunk_size: 512K 	num_reg: 8  	lose cover RAM: 768G
[    0.017179]  gran_size: 256K 	chunk_size: 1M 	num_reg: 8  	lose cover RAM: 768G
[    0.017180]  gran_size: 256K 	chunk_size: 2M 	num_reg: 8  	lose cover RAM: 768G
[    0.017180]  gran_size: 256K 	chunk_size: 4M 	num_reg: 8  	lose cover RAM: 768G
[    0.017180]  gran_size: 256K 	chunk_size: 8M 	num_reg: 8  	lose cover RAM: 768G
[    0.017180]  gran_size: 256K 	chunk_size: 16M 	num_reg: 8  	lose cover RAM: 768G
[    0.017180]  gran_size: 256K 	chunk_size: 32M 	num_reg: 8  	lose cover RAM: 768G
[    0.017180]  gran_size: 256K 	chunk_size: 64M 	num_reg: 8  	lose cover RAM: 768G
[    0.017180]  gran_size: 256K 	chunk_size: 128M 	num_reg: 8  	lose cover RAM: 768G
[    0.017180]  gran_size: 256K 	chunk_size: 256M 	num_reg: 8  	lose cover RAM: 768G
[    0.017180]  gran_size: 256K 	chunk_size: 512M 	num_reg: 8  	lose cover RAM: 768G
[    0.017180]  gran_size: 256K 	chunk_size: 1G 	num_reg: 8  	lose cover RAM: 768G
[    0.017180]  gran_size: 256K 	chunk_size: 2G 	num_reg: 8  	lose cover RAM: 768G
[    0.017180]  gran_size: 512K 	chunk_size: 512K 	num_reg: 8  	lose cover RAM: 768G
[    0.017180]  gran_size: 512K 	chunk_size: 1M 	num_reg: 8  	lose cover RAM: 768G
[    0.017180]  gran_size: 512K 	chunk_size: 2M 	num_reg: 8  	lose cover RAM: 768G
[    0.017180]  gran_size: 512K 	chunk_size: 4M 	num_reg: 8  	lose cover RAM: 768G
[    0.017180]  gran_size: 512K 	chunk_size: 8M 	num_reg: 8  	lose cover RAM: 768G
[    0.017180]  gran_size: 512K 	chunk_size: 16M 	num_reg: 8  	lose cover RAM: 768G
[    0.017180]  gran_size: 512K 	chunk_size: 32M 	num_reg: 8  	lose cover RAM: 768G
[    0.017180]  gran_size: 512K 	chunk_size: 64M 	num_reg: 8  	lose cover RAM: 768G
[    0.017180]  gran_size: 512K 	chunk_size: 128M 	num_reg: 8  	lose cover RAM: 768G
[    0.017180]  gran_size: 512K 	chunk_size: 256M 	num_reg: 8  	lose cover RAM: 768G
[    0.017180]  gran_size: 512K 	chunk_size: 512M 	num_reg: 8  	lose cover RAM: 768G
[    0.017180]  gran_size: 512K 	chunk_size: 1G 	num_reg: 8  	lose cover RAM: 768G
[    0.017180]  gran_size: 512K 	chunk_size: 2G 	num_reg: 8  	lose cover RAM: 768G
[    0.017180]  gran_size: 1M 	chunk_size: 1M 	num_reg: 8  	lose cover RAM: 768G
[    0.017180]  gran_size: 1M 	chunk_size: 2M 	num_reg: 8  	lose cover RAM: 768G
[    0.017180]  gran_size: 1M 	chunk_size: 4M 	num_reg: 8  	lose cover RAM: 768G
[    0.017180]  gran_size: 1M 	chunk_size: 8M 	num_reg: 8  	lose cover RAM: 768G
[    0.017180]  gran_size: 1M 	chunk_size: 16M 	num_reg: 8  	lose cover RAM: 768G
[    0.017180]  gran_size: 1M 	chunk_size: 32M 	num_reg: 8  	lose cover RAM: 768G
[    0.017180]  gran_size: 1M 	chunk_size: 64M 	num_reg: 8  	lose cover RAM: 768G
[    0.017180]  gran_size: 1M 	chunk_size: 128M 	num_reg: 8  	lose cover RAM: 768G
[    0.017180]  gran_size: 1M 	chunk_size: 256M 	num_reg: 8  	lose cover RAM: 768G
[    0.017180]  gran_size: 1M 	chunk_size: 512M 	num_reg: 8  	lose cover RAM: 768G
[    0.017180]  gran_size: 1M 	chunk_size: 1G 	num_reg: 8  	lose cover RAM: 768G
[    0.017180]  gran_size: 1M 	chunk_size: 2G 	num_reg: 8  	lose cover RAM: 768G
[    0.017180]  gran_size: 2M 	chunk_size: 2M 	num_reg: 8  	lose cover RAM: 768G
[    0.017180]  gran_size: 2M 	chunk_size: 4M 	num_reg: 8  	lose cover RAM: 768G
[    0.017180]  gran_size: 2M 	chunk_size: 8M 	num_reg: 8  	lose cover RAM: 768G
[    0.017180]  gran_size: 2M 	chunk_size: 16M 	num_reg: 8  	lose cover RAM: 768G
[    0.017180]  gran_size: 2M 	chunk_size: 32M 	num_reg: 8  	lose cover RAM: 768G
[    0.017180]  gran_size: 2M 	chunk_size: 64M 	num_reg: 8  	lose cover RAM: 768G
[    0.017180]  gran_size: 2M 	chunk_size: 128M 	num_reg: 8  	lose cover RAM: 768G
[    0.017180]  gran_size: 2M 	chunk_size: 256M 	num_reg: 8  	lose cover RAM: 768G
[    0.017180]  gran_size: 2M 	chunk_size: 512M 	num_reg: 8  	lose cover RAM: 768G
[    0.017180]  gran_size: 2M 	chunk_size: 1G 	num_reg: 8  	lose cover RAM: 768G
[    0.017180]  gran_size: 2M 	chunk_size: 2G 	num_reg: 8  	lose cover RAM: 768G
[    0.017180]  gran_size: 4M 	chunk_size: 4M 	num_reg: 8  	lose cover RAM: 768G
[    0.017180]  gran_size: 4M 	chunk_size: 8M 	num_reg: 8  	lose cover RAM: 768G
[    0.017180]  gran_size: 4M 	chunk_size: 16M 	num_reg: 8  	lose cover RAM: 768G
[    0.017180]  gran_size: 4M 	chunk_size: 32M 	num_reg: 8  	lose cover RAM: 768G
[    0.017180]  gran_size: 4M 	chunk_size: 64M 	num_reg: 8  	lose cover RAM: 768G
[    0.017180]  gran_size: 4M 	chunk_size: 128M 	num_reg: 8  	lose cover RAM: 768G
[    0.017180]  gran_size: 4M 	chunk_size: 256M 	num_reg: 8  	lose cover RAM: 768G
[    0.017180]  gran_size: 4M 	chunk_size: 512M 	num_reg: 8  	lose cover RAM: 768G
[    0.017180]  gran_size: 4M 	chunk_size: 1G 	num_reg: 8  	lose cover RAM: 768G
[    0.017180]  gran_size: 4M 	chunk_size: 2G 	num_reg: 8  	lose cover RAM: 768G
[    0.017180]  gran_size: 8M 	chunk_size: 8M 	num_reg: 8  	lose cover RAM: 768G
[    0.017180]  gran_size: 8M 	chunk_size: 16M 	num_reg: 8  	lose cover RAM: 768G
[    0.017180]  gran_size: 8M 	chunk_size: 32M 	num_reg: 8  	lose cover RAM: 768G
[    0.017180]  gran_size: 8M 	chunk_size: 64M 	num_reg: 8  	lose cover RAM: 768G
[    0.017180]  gran_size: 8M 	chunk_size: 128M 	num_reg: 8  	lose cover RAM: 768G
[    0.017180]  gran_size: 8M 	chunk_size: 256M 	num_reg: 8  	lose cover RAM: 768G
[    0.017180]  gran_size: 8M 	chunk_size: 512M 	num_reg: 8  	lose cover RAM: 768G
[    0.017180]  gran_size: 8M 	chunk_size: 1G 	num_reg: 8  	lose cover RAM: 768G
[    0.017180]  gran_size: 8M 	chunk_size: 2G 	num_reg: 8  	lose cover RAM: 768G
[    0.017180]  gran_size: 16M 	chunk_size: 16M 	num_reg: 8  	lose cover RAM: 768G
[    0.017180]  gran_size: 16M 	chunk_size: 32M 	num_reg: 8  	lose cover RAM: 768G
[    0.017180]  gran_size: 16M 	chunk_size: 64M 	num_reg: 8  	lose cover RAM: 768G
[    0.017180]  gran_size: 16M 	chunk_size: 128M 	num_reg: 8  	lose cover RAM: 768G
[    0.017180]  gran_size: 16M 	chunk_size: 256M 	num_reg: 8  	lose cover RAM: 768G
[    0.017180]  gran_size: 16M 	chunk_size: 512M 	num_reg: 8  	lose cover RAM: 768G
[    0.017180]  gran_size: 16M 	chunk_size: 1G 	num_reg: 8  	lose cover RAM: 768G
[    0.017180]  gran_size: 16M 	chunk_size: 2G 	num_reg: 8  	lose cover RAM: 768G
[    0.017180]  gran_size: 32M 	chunk_size: 32M 	num_reg: 8  	lose cover RAM: 768G
[    0.017180]  gran_size: 32M 	chunk_size: 64M 	num_reg: 8  	lose cover RAM: 768G
[    0.017180]  gran_size: 32M 	chunk_size: 128M 	num_reg: 8  	lose cover RAM: 768G
[    0.017180]  gran_size: 32M 	chunk_size: 256M 	num_reg: 8  	lose cover RAM: 768G
[    0.017180]  gran_size: 32M 	chunk_size: 512M 	num_reg: 8  	lose cover RAM: 768G
[    0.017180]  gran_size: 32M 	chunk_size: 1G 	num_reg: 8  	lose cover RAM: 768G
[    0.017180]  gran_size: 32M 	chunk_size: 2G 	num_reg: 8  	lose cover RAM: 768G
[    0.017180]  gran_size: 64M 	chunk_size: 64M 	num_reg: 8  	lose cover RAM: 768G
[    0.017180]  gran_size: 64M 	chunk_size: 128M 	num_reg: 8  	lose cover RAM: 768G
[    0.017180]  gran_size: 64M 	chunk_size: 256M 	num_reg: 8  	lose cover RAM: 768G
[    0.017180]  gran_size: 64M 	chunk_size: 512M 	num_reg: 8  	lose cover RAM: 768G
[    0.017180]  gran_size: 64M 	chunk_size: 1G 	num_reg: 8  	lose cover RAM: 768G
[    0.017180]  gran_size: 64M 	chunk_size: 2G 	num_reg: 8  	lose cover RAM: 768G
[    0.017180]  gran_size: 128M 	chunk_size: 128M 	num_reg: 8  	lose cover RAM: 768G
[    0.017180]  gran_size: 128M 	chunk_size: 256M 	num_reg: 8  	lose cover RAM: 768G
[    0.017180]  gran_size: 128M 	chunk_size: 512M 	num_reg: 8  	lose cover RAM: 768G
[    0.017180]  gran_size: 128M 	chunk_size: 1G 	num_reg: 8  	lose cover RAM: 768G
[    0.017180]  gran_size: 128M 	chunk_size: 2G 	num_reg: 8  	lose cover RAM: 768G
[    0.017180]  gran_size: 256M 	chunk_size: 256M 	num_reg: 8  	lose cover RAM: 768G
[    0.017180]  gran_size: 256M 	chunk_size: 512M 	num_reg: 8  	lose cover RAM: 768G
[    0.017180]  gran_size: 256M 	chunk_size: 1G 	num_reg: 8  	lose cover RAM: 768G
[    0.017180]  gran_size: 256M 	chunk_size: 2G 	num_reg: 8  	lose cover RAM: 768G
[    0.017180]  gran_size: 512M 	chunk_size: 512M 	num_reg: 8  	lose cover RAM: 768G
[    0.017180]  gran_size: 512M 	chunk_size: 1G 	num_reg: 8  	lose cover RAM: 768G
[    0.017180]  gran_size: 512M 	chunk_size: 2G 	num_reg: 8  	lose cover RAM: 768G
[    0.017180]  gran_size: 1G 	chunk_size: 1G 	num_reg: 8  	lose cover RAM: 768G
[    0.017180]  gran_size: 1G 	chunk_size: 2G 	num_reg: 8  	lose cover RAM: 768G
[    0.017180]  gran_size: 2G 	chunk_size: 2G 	num_reg: 8  	lose cover RAM: 513G
[    0.017180] mtrr_cleanup: can not find optimal value
[    0.017180] please specify mtrr_gran_size/mtrr_chunk_size
[    0.017180] MTRR map: 8 entries (5 fixed + 3 variable; max 21), built from 8 variable MTRRs
[    0.017180] x86/PAT: Configuration [0-7]: WB  WC  UC- UC  WB  WP  UC- WT  
[    0.017180] e820: update [mem 0xc0000000-0xffffffff] usable ==> reserved
[    0.017180] last_pfn = 0xc0000 max_arch_pfn = 0x400000000
[    0.017180] found SMP MP-table at [mem 0x000f6a70-0x000f6a7f]
[    0.017180] Using GB pages for direct mapping
[    0.017180] RAMDISK: [mem 0x2d607000-0x32afafff]
[    0.017180] ACPI: Early table checksum verification disabled
[    0.017180] ACPI: RSDP 0x00000000000F6A00 000024 (v02 PTLTD )
[    0.017180] ACPI: XSDT 0x00000000BFEDB633 00005C (v01 INTEL  440BX    06040000 VMW  01324272)
[    0.017180] ACPI: FACP 0x00000000BFEFEE73 0000F4 (v04 INTEL  440BX    06040000 PTL  000F4240)
[    0.017180] ACPI: DSDT 0x00000000BFEDD001 021E72 (v01 PTLTD  Custom   06040000 MSFT 03000001)
[    0.017180] ACPI: FACS 0x00000000BFEFFFC0 000040
[    0.017180] ACPI: FACS 0x00000000BFEFFFC0 000040
[    0.017180] ACPI: BOOT 0x00000000BFEDCFB4 000028 (v01 PTLTD  $SBFTBL$ 06040000  LTP 00000001)
[    0.017180] ACPI: APIC 0x00000000BFEDC872 000742 (v01 PTLTD  ? APIC   06040000  LTP 00000000)
[    0.017180] ACPI: MCFG 0x00000000BFEDC836 00003C (v01 PTLTD  $PCITBL$ 06040000  LTP 00000001)
[    0.017180] ACPI: SRAT 0x00000000BFEDB72F 0008D0 (v02 VMWARE MEMPLUG  06040000 VMW  00000001)
[    0.017180] ACPI: HPET 0x00000000BFEDB6F7 000038 (v01 VMWARE VMW HPET 06040000 VMW  00000001)
[    0.017180] ACPI: WAET 0x00000000BFEDB6CF 000028 (v01 VMWARE VMW WAET 06040000 VMW  00000001)
[    0.017180] ACPI: Reserving FACP table memory at [mem 0xbfefee73-0xbfefef66]
[    0.017180] ACPI: Reserving DSDT table memory at [mem 0xbfedd001-0xbfefee72]
[    0.017180] ACPI: Reserving FACS table memory at [mem 0xbfefffc0-0xbfefffff]
[    0.017180] ACPI: Reserving FACS table memory at [mem 0xbfefffc0-0xbfefffff]
[    0.017180] ACPI: Reserving BOOT table memory at [mem 0xbfedcfb4-0xbfedcfdb]
[    0.017180] ACPI: Reserving APIC table memory at [mem 0xbfedc872-0xbfedcfb3]
[    0.017180] ACPI: Reserving MCFG table memory at [mem 0xbfedc836-0xbfedc871]
[    0.017180] ACPI: Reserving SRAT table memory at [mem 0xbfedb72f-0xbfedbffe]
[    0.017180] ACPI: Reserving HPET table memory at [mem 0xbfedb6f7-0xbfedb72e]
[    0.017180] ACPI: Reserving WAET table memory at [mem 0xbfedb6cf-0xbfedb6f6]
[    0.017180] ACPI: SRAT: Node 0 PXM 0 [mem 0x00000000-0x0009ffff]
[    0.017180] ACPI: SRAT: Node 0 PXM 0 [mem 0x00100000-0xbfffffff]
[    0.017180] ACPI: SRAT: Node 0 PXM 0 [mem 0x100000000-0x83fffffff]
[    0.017180] ACPI: SRAT: Node 0 PXM 0 [mem 0x840000000-0x803fffffff] hotplug
[    0.017180] NUMA: Node 0 [mem 0x00001000-0x0009ffff] + [mem 0x00100000-0xbfffffff] -> [mem 0x00001000-0xbfffffff]
[    0.017180] NUMA: Node 0 [mem 0x00001000-0xbfffffff] + [mem 0x100000000-0x83fffffff] -> [mem 0x00001000-0x83fffffff]
[    0.017180] NODE_DATA(0) allocated [mem 0x83ffd5540-0x83fffffff]
[    0.017180] Zone ranges:
[    0.017180]   DMA      [mem 0x0000000000001000-0x0000000000ffffff]
[    0.017180]   DMA32    [mem 0x0000000001000000-0x00000000ffffffff]
[    0.017180]   Normal   [mem 0x0000000100000000-0x000000083fffffff]
[    0.017180]   Device   empty
[    0.017180] Movable zone start for each node
[    0.017180] Early memory node ranges
[    0.017180]   node   0: [mem 0x0000000000001000-0x000000000009dfff]
[    0.017180]   node   0: [mem 0x0000000000100000-0x00000000bfecffff]
[    0.017180]   node   0: [mem 0x00000000bff00000-0x00000000bfffffff]
[    0.017180]   node   0: [mem 0x0000000100000000-0x000000083fffffff]
[    0.017180] Initmem setup node 0 [mem 0x0000000000001000-0x000000083fffffff]
[    0.017180] On node 0, zone DMA: 1 pages in unavailable ranges
[    0.017180] On node 0, zone DMA: 98 pages in unavailable ranges
[    0.019899] On node 0, zone DMA32: 48 pages in unavailable ranges
[    0.020163] ACPI: PM-Timer IO Port: 0x1008
[    0.020394] ACPI: LAPIC_NMI (acpi_id[0x00] high edge lint[0x1])
[    0.020597] ACPI: LAPIC_NMI (acpi_id[0x01] high edge lint[0x1])
[    0.020774] ACPI: LAPIC_NMI (acpi_id[0x02] high edge lint[0x1])
[    0.020929] ACPI: LAPIC_NMI (acpi_id[0x03] high edge lint[0x1])
[    0.021064] ACPI: LAPIC_NMI (acpi_id[0x04] high edge lint[0x1])
[    0.021183] ACPI: LAPIC_NMI (acpi_id[0x05] high edge lint[0x1])
[    0.021287] ACPI: LAPIC_NMI (acpi_id[0x06] high edge lint[0x1])
[    0.021378] ACPI: LAPIC_NMI (acpi_id[0x07] high edge lint[0x1])
[    0.021457] ACPI: LAPIC_NMI (acpi_id[0x08] high edge lint[0x1])
[    0.021527] ACPI: LAPIC_NMI (acpi_id[0x09] high edge lint[0x1])
[    0.021587] ACPI: LAPIC_NMI (acpi_id[0x0a] high edge lint[0x1])
[    0.021641] ACPI: LAPIC_NMI (acpi_id[0x0b] high edge lint[0x1])
[    0.021687] ACPI: LAPIC_NMI (acpi_id[0x0c] high edge lint[0x1])
[    0.021728] ACPI: LAPIC_NMI (acpi_id[0x0d] high edge lint[0x1])
[    0.021764] ACPI: LAPIC_NMI (acpi_id[0x0e] high edge lint[0x1])
[    0.021795] ACPI: LAPIC_NMI (acpi_id[0x0f] high edge lint[0x1])
[    0.021822] ACPI: LAPIC_NMI (acpi_id[0x10] high edge lint[0x1])
[    0.021846] ACPI: LAPIC_NMI (acpi_id[0x11] high edge lint[0x1])
[    0.021867] ACPI: LAPIC_NMI (acpi_id[0x12] high edge lint[0x1])
[    0.021885] ACPI: LAPIC_NMI (acpi_id[0x13] high edge lint[0x1])
[    0.021901] ACPI: LAPIC_NMI (acpi_id[0x14] high edge lint[0x1])
[    0.021915] ACPI: LAPIC_NMI (acpi_id[0x15] high edge lint[0x1])
[    0.021927] ACPI: LAPIC_NMI (acpi_id[0x16] high edge lint[0x1])
[    0.021938] ACPI: LAPIC_NMI (acpi_id[0x17] high edge lint[0x1])
[    0.021948] ACPI: LAPIC_NMI (acpi_id[0x18] high edge lint[0x1])
[    0.021956] ACPI: LAPIC_NMI (acpi_id[0x19] high edge lint[0x1])
[    0.021963] ACPI: LAPIC_NMI (acpi_id[0x1a] high edge lint[0x1])
[    0.021969] ACPI: LAPIC_NMI (acpi_id[0x1b] high edge lint[0x1])
[    0.021975] ACPI: LAPIC_NMI (acpi_id[0x1c] high edge lint[0x1])
[    0.021980] ACPI: LAPIC_NMI (acpi_id[0x1d] high edge lint[0x1])
[    0.021984] ACPI: LAPIC_NMI (acpi_id[0x1e] high edge lint[0x1])
[    0.021987] ACPI: LAPIC_NMI (acpi_id[0x1f] high edge lint[0x1])
[    0.021991] ACPI: LAPIC_NMI (acpi_id[0x20] high edge lint[0x1])
[    0.021994] ACPI: LAPIC_NMI (acpi_id[0x21] high edge lint[0x1])
[    0.021996] ACPI: LAPIC_NMI (acpi_id[0x22] high edge lint[0x1])
[    0.021998] ACPI: LAPIC_NMI (acpi_id[0x23] high edge lint[0x1])
[    0.022000] ACPI: LAPIC_NMI (acpi_id[0x24] high edge lint[0x1])
[    0.022002] ACPI: LAPIC_NMI (acpi_id[0x25] high edge lint[0x1])
[    0.022003] ACPI: LAPIC_NMI (acpi_id[0x26] high edge lint[0x1])
[    0.022004] ACPI: LAPIC_NMI (acpi_id[0x27] high edge lint[0x1])
[    0.022006] ACPI: LAPIC_NMI (acpi_id[0x28] high edge lint[0x1])
[    0.022006] ACPI: LAPIC_NMI (acpi_id[0x29] high edge lint[0x1])
[    0.022007] ACPI: LAPIC_NMI (acpi_id[0x2a] high edge lint[0x1])
[    0.022008] ACPI: LAPIC_NMI (acpi_id[0x2b] high edge lint[0x1])
[    0.022009] ACPI: LAPIC_NMI (acpi_id[0x2c] high edge lint[0x1])
[    0.022009] ACPI: LAPIC_NMI (acpi_id[0x2d] high edge lint[0x1])
[    0.022010] ACPI: LAPIC_NMI (acpi_id[0x2e] high edge lint[0x1])
[    0.022010] ACPI: LAPIC_NMI (acpi_id[0x2f] high edge lint[0x1])
[    0.022011] ACPI: LAPIC_NMI (acpi_id[0x30] high edge lint[0x1])
[    0.022011] ACPI: LAPIC_NMI (acpi_id[0x31] high edge lint[0x1])
[    0.022011] ACPI: LAPIC_NMI (acpi_id[0x32] high edge lint[0x1])
[    0.022011] ACPI: LAPIC_NMI (acpi_id[0x33] high edge lint[0x1])
[    0.022012] ACPI: LAPIC_NMI (acpi_id[0x34] high edge lint[0x1])
[    0.022012] ACPI: LAPIC_NMI (acpi_id[0x35] high edge lint[0x1])
[    0.022012] ACPI: LAPIC_NMI (acpi_id[0x36] high edge lint[0x1])
[    0.022012] ACPI: LAPIC_NMI (acpi_id[0x37] high edge lint[0x1])
[    0.022012] ACPI: LAPIC_NMI (acpi_id[0x38] high edge lint[0x1])
[    0.022012] ACPI: LAPIC_NMI (acpi_id[0x39] high edge lint[0x1])
[    0.022013] ACPI: LAPIC_NMI (acpi_id[0x3a] high edge lint[0x1])
[    0.022013] ACPI: LAPIC_NMI (acpi_id[0x3b] high edge lint[0x1])
[    0.022013] ACPI: LAPIC_NMI (acpi_id[0x3c] high edge lint[0x1])
[    0.022013] ACPI: LAPIC_NMI (acpi_id[0x3d] high edge lint[0x1])
[    0.022013] ACPI: LAPIC_NMI (acpi_id[0x3e] high edge lint[0x1])
[    0.022013] ACPI: LAPIC_NMI (acpi_id[0x3f] high edge lint[0x1])
[    0.022013] ACPI: LAPIC_NMI (acpi_id[0x40] high edge lint[0x1])
[    0.022013] ACPI: LAPIC_NMI (acpi_id[0x41] high edge lint[0x1])
[    0.022013] ACPI: LAPIC_NMI (acpi_id[0x42] high edge lint[0x1])
[    0.022013] ACPI: LAPIC_NMI (acpi_id[0x43] high edge lint[0x1])
[    0.022013] ACPI: LAPIC_NMI (acpi_id[0x44] high edge lint[0x1])
[    0.022013] ACPI: LAPIC_NMI (acpi_id[0x45] high edge lint[0x1])
[    0.022013] ACPI: LAPIC_NMI (acpi_id[0x46] high edge lint[0x1])
[    0.022013] ACPI: LAPIC_NMI (acpi_id[0x47] high edge lint[0x1])
[    0.022013] ACPI: LAPIC_NMI (acpi_id[0x48] high edge lint[0x1])
[    0.022013] ACPI: LAPIC_NMI (acpi_id[0x49] high edge lint[0x1])
[    0.022013] ACPI: LAPIC_NMI (acpi_id[0x4a] high edge lint[0x1])
[    0.022013] ACPI: LAPIC_NMI (acpi_id[0x4b] high edge lint[0x1])
[    0.022013] ACPI: LAPIC_NMI (acpi_id[0x4c] high edge lint[0x1])
[    0.022013] ACPI: LAPIC_NMI (acpi_id[0x4d] high edge lint[0x1])
[    0.022013] ACPI: LAPIC_NMI (acpi_id[0x4e] high edge lint[0x1])
[    0.022013] ACPI: LAPIC_NMI (acpi_id[0x4f] high edge lint[0x1])
[    0.022013] ACPI: LAPIC_NMI (acpi_id[0x50] high edge lint[0x1])
[    0.022013] ACPI: LAPIC_NMI (acpi_id[0x51] high edge lint[0x1])
[    0.022013] ACPI: LAPIC_NMI (acpi_id[0x52] high edge lint[0x1])
[    0.022013] ACPI: LAPIC_NMI (acpi_id[0x53] high edge lint[0x1])
[    0.022013] ACPI: LAPIC_NMI (acpi_id[0x54] high edge lint[0x1])
[    0.022013] ACPI: LAPIC_NMI (acpi_id[0x55] high edge lint[0x1])
[    0.022013] ACPI: LAPIC_NMI (acpi_id[0x56] high edge lint[0x1])
[    0.022013] ACPI: LAPIC_NMI (acpi_id[0x57] high edge lint[0x1])
[    0.022013] ACPI: LAPIC_NMI (acpi_id[0x58] high edge lint[0x1])
[    0.022013] ACPI: LAPIC_NMI (acpi_id[0x59] high edge lint[0x1])
[    0.022013] ACPI: LAPIC_NMI (acpi_id[0x5a] high edge lint[0x1])
[    0.022013] ACPI: LAPIC_NMI (acpi_id[0x5b] high edge lint[0x1])
[    0.022013] ACPI: LAPIC_NMI (acpi_id[0x5c] high edge lint[0x1])
[    0.022013] ACPI: LAPIC_NMI (acpi_id[0x5d] high edge lint[0x1])
[    0.022013] ACPI: LAPIC_NMI (acpi_id[0x5e] high edge lint[0x1])
[    0.022013] ACPI: LAPIC_NMI (acpi_id[0x5f] high edge lint[0x1])
[    0.022013] ACPI: LAPIC_NMI (acpi_id[0x60] high edge lint[0x1])
[    0.022013] ACPI: LAPIC_NMI (acpi_id[0x61] high edge lint[0x1])
[    0.022013] ACPI: LAPIC_NMI (acpi_id[0x62] high edge lint[0x1])
[    0.022013] ACPI: LAPIC_NMI (acpi_id[0x63] high edge lint[0x1])
[    0.022013] ACPI: LAPIC_NMI (acpi_id[0x64] high edge lint[0x1])
[    0.022013] ACPI: LAPIC_NMI (acpi_id[0x65] high edge lint[0x1])
[    0.022013] ACPI: LAPIC_NMI (acpi_id[0x66] high edge lint[0x1])
[    0.022013] ACPI: LAPIC_NMI (acpi_id[0x67] high edge lint[0x1])
[    0.022013] ACPI: LAPIC_NMI (acpi_id[0x68] high edge lint[0x1])
[    0.022013] ACPI: LAPIC_NMI (acpi_id[0x69] high edge lint[0x1])
[    0.022013] ACPI: LAPIC_NMI (acpi_id[0x6a] high edge lint[0x1])
[    0.022013] ACPI: LAPIC_NMI (acpi_id[0x6b] high edge lint[0x1])
[    0.022013] ACPI: LAPIC_NMI (acpi_id[0x6c] high edge lint[0x1])
[    0.022013] ACPI: LAPIC_NMI (acpi_id[0x6d] high edge lint[0x1])
[    0.022013] ACPI: LAPIC_NMI (acpi_id[0x6e] high edge lint[0x1])
[    0.022013] ACPI: LAPIC_NMI (acpi_id[0x6f] high edge lint[0x1])
[    0.022013] ACPI: LAPIC_NMI (acpi_id[0x70] high edge lint[0x1])
[    0.022013] ACPI: LAPIC_NMI (acpi_id[0x71] high edge lint[0x1])
[    0.022013] ACPI: LAPIC_NMI (acpi_id[0x72] high edge lint[0x1])
[    0.022013] ACPI: LAPIC_NMI (acpi_id[0x73] high edge lint[0x1])
[    0.022013] ACPI: LAPIC_NMI (acpi_id[0x74] high edge lint[0x1])
[    0.022013] ACPI: LAPIC_NMI (acpi_id[0x75] high edge lint[0x1])
[    0.022013] ACPI: LAPIC_NMI (acpi_id[0x76] high edge lint[0x1])
[    0.022013] ACPI: LAPIC_NMI (acpi_id[0x77] high edge lint[0x1])
[    0.022013] ACPI: LAPIC_NMI (acpi_id[0x78] high edge lint[0x1])
[    0.022013] ACPI: LAPIC_NMI (acpi_id[0x79] high edge lint[0x1])
[    0.022013] ACPI: LAPIC_NMI (acpi_id[0x7a] high edge lint[0x1])
[    0.022013] ACPI: LAPIC_NMI (acpi_id[0x7b] high edge lint[0x1])
[    0.022013] ACPI: LAPIC_NMI (acpi_id[0x7c] high edge lint[0x1])
[    0.022013] ACPI: LAPIC_NMI (acpi_id[0x7d] high edge lint[0x1])
[    0.022013] ACPI: LAPIC_NMI (acpi_id[0x7e] high edge lint[0x1])
[    0.022013] ACPI: LAPIC_NMI (acpi_id[0x7f] high edge lint[0x1])
[    0.022013] IOAPIC[0]: apic_id 128, version 32, address 0xfec00000, GSI 0-23
[    0.022013] ACPI: INT_SRC_OVR (bus 0 bus_irq 0 global_irq 2 high edge)
[    0.022013] ACPI: Using ACPI (MADT) for SMP configuration information
[    0.022013] ACPI: HPET id: 0x8086af01 base: 0xfed00000
[    0.022013] CPU topo: Max. logical packages:   8
[    0.022013] CPU topo: Max. logical dies:       8
[    0.022013] CPU topo: Max. dies per package:   1
[    0.022013] CPU topo: Max. threads per core:   1
[    0.022013] CPU topo: Num. cores per package:    16
[    0.022013] CPU topo: Num. threads per package:  16
[    0.022013] CPU topo: Allowing 16 present CPUs plus 112 hotplug CPUs
[    0.022013] PM: hibernation: Registered nosave memory: [mem 0x00000000-0x00000fff]
[    0.022013] PM: hibernation: Registered nosave memory: [mem 0x0009e000-0x000fffff]
[    0.022013] PM: hibernation: Registered nosave memory: [mem 0xbfed0000-0xbfefffff]
[    0.022013] PM: hibernation: Registered nosave memory: [mem 0xc0000000-0xffffffff]
[    0.022013] [mem 0xc0000000-0xefffffff] available for PCI devices
[    0.022013] Booting paravirtualized kernel on VMware hypervisor
[    0.022013] clocksource: refined-jiffies: mask: 0xffffffff max_cycles: 0xffffffff, max_idle_ns: 1910969940391419 ns
[    0.022013] setup_percpu: NR_CPUS:8192 nr_cpumask_bits:128 nr_cpu_ids:128 nr_node_ids:1
[    0.022013] percpu: Embedded 88 pages/cpu s237568 r8192 d114688 u524288
[    0.022013] pcpu-alloc: s237568 r8192 d114688 u524288 alloc=1*2097152
[    0.022013] pcpu-alloc: [0] 000 001 002 003 [0] 004 005 006 007 
[    0.022013] pcpu-alloc: [0] 008 009 010 011 [0] 012 013 014 015 
[    0.022013] pcpu-alloc: [0] 016 017 018 019 [0] 020 021 022 023 
[    0.022013] pcpu-alloc: [0] 024 025 026 027 [0] 028 029 030 031 
[    0.022013] pcpu-alloc: [0] 032 033 034 035 [0] 036 037 038 039 
[    0.022013] pcpu-alloc: [0] 040 041 042 043 [0] 044 045 046 047 
[    0.022013] pcpu-alloc: [0] 048 049 050 051 [0] 052 053 054 055 
[    0.022013] pcpu-alloc: [0] 056 057 058 059 [0] 060 061 062 063 
[    0.022013] pcpu-alloc: [0] 064 065 066 067 [0] 068 069 070 071 
[    0.022013] pcpu-alloc: [0] 072 073 074 075 [0] 076 077 078 079 
[    0.022013] pcpu-alloc: [0] 080 081 082 083 [0] 084 085 086 087 
[    0.022013] pcpu-alloc: [0] 088 089 090 091 [0] 092 093 094 095 
[    0.022013] pcpu-alloc: [0] 096 097 098 099 [0] 100 101 102 103 
[    0.022013] pcpu-alloc: [0] 104 105 106 107 [0] 108 109 110 111 
[    0.022013] pcpu-alloc: [0] 112 113 114 115 [0] 116 117 118 119 
[    0.022013] pcpu-alloc: [0] 120 121 122 123 [0] 124 125 126 127 
[    0.022013] Kernel command line: BOOT_IMAGE=/boot/vmlinuz-6.14.0-34-generic root=UUID=1cbb8294-d9e9-4b18-9fce-6fa89d7fe721 ro
[    0.022013] Unknown kernel command line parameters "BOOT_IMAGE=/boot/vmlinuz-6.14.0-34-generic", will be passed to user space.
[    0.022013] random: crng init done
[    0.022013] printk: log_buf_len individual max cpu contribution: 4096 bytes
[    0.022013] printk: log_buf_len total cpu_extra contributions: 520192 bytes
[    0.022013] printk: log_buf_len min size: 262144 bytes
[    0.022013] printk: log buffer data + meta data: 1048576 + 3670016 = 4718592 bytes
[    0.022013] printk: early log buf free: 234008(89%)
[    0.022013] Dentry cache hash table entries: 4194304 (order: 13, 33554432 bytes, linear)
[    0.022013] Inode-cache hash table entries: 2097152 (order: 12, 16777216 bytes, linear)
[    0.022013] Fallback order for Node 0: 0 
[    0.022013] Built 1 zonelists, mobility grouping on.  Total pages: 8388461
[    0.022013] Policy zone: Normal
[    0.022013] mem auto-init: stack:all(zero), heap alloc:on, heap free:off
[    0.022013] software IO TLB: area num 128.
[    0.022013] SLUB: HWalign=64, Order=0-3, MinObjects=0, CPUs=128, Nodes=1
[    0.022013] ftrace: allocating 60634 entries in 237 pages
[    0.022013] ftrace: allocated 237 pages with 6 groups
[    0.022013] Dynamic Preempt: voluntary
[    0.022013] rcu: Preemptible hierarchical RCU implementation.
[    0.022013] rcu: 	RCU restricting CPUs from NR_CPUS=8192 to nr_cpu_ids=128.
[    0.022013] 	Trampoline variant of Tasks RCU enabled.
[    0.022013] 	Rude variant of Tasks RCU enabled.
[    0.022013] 	Tracing variant of Tasks RCU enabled.
[    0.022013] rcu: RCU calculated value of scheduler-enlistment delay is 100 jiffies.
[    0.022013] rcu: Adjusting geometry for rcu_fanout_leaf=16, nr_cpu_ids=128
[    0.022013] RCU Tasks: Setting shift to 7 and lim to 1 rcu_task_cb_adjust=1 rcu_task_cpu_ids=128.
[    0.022013] RCU Tasks Rude: Setting shift to 7 and lim to 1 rcu_task_cb_adjust=1 rcu_task_cpu_ids=128.
[    0.022013] RCU Tasks Trace: Setting shift to 7 and lim to 1 rcu_task_cb_adjust=1 rcu_task_cpu_ids=128.
[    0.022013] NR_IRQS: 524544, nr_irqs: 1448, preallocated irqs: 16
[    0.049689] rcu: srcu_init: Setting srcu_struct sizes to big.
[    0.057781] Console: colour VGA+ 80x25
[    0.057788] printk: legacy console [tty0] enabled
[    0.065713] ACPI: Core revision 20240827
[    0.076782] clocksource: hpet: mask: 0xffffffff max_cycles: 0xffffffff, max_idle_ns: 133484882848 ns
[    0.600658] APIC: Switch to symmetric I/O mode setup
[    0.601652] x2apic enabled
[    0.602011] APIC: Switched APIC routing to: physical x2apic
[    0.604188] ..TIMER: vector=0x30 apic1=0 pin1=2 apic2=-1 pin2=-1
[    0.604494] clocksource: tsc-early: mask: 0xffffffffffffffff max_cycles: 0x3ddd4885acc, max_idle_ns: 440795304854 ns
[    0.604503] Calibrating delay loop (skipped) preset value.. 8583.68 BogoMIPS (lpj=4291842)
[    0.606745] x86/cpu: User Mode Instruction Prevention (UMIP) activated
[    0.607182] unchecked MSR access error: RDMSR from 0x852 at rIP: 0xffffffff87bc2757 (native_read_msr+0x7/0x50)
[    0.607511] Call Trace:
[    0.607657]  <TASK>
[    0.607797]  native_apic_msr_read+0x1b/0x60
[    0.607798]  setup_APIC_eilvt+0x46/0x1a0
[    0.607799]  mce_amd_feature_init+0x2ea/0x370
[    0.607800]  __mcheck_cpu_init_vendor+0x4e/0xd0
[    0.607800]  mcheck_cpu_init+0x17e/0x290
[    0.608528]  identify_cpu+0x384/0x6a0
[    0.608533]  identify_boot_cpu+0x10/0xd0
[    0.608538]  arch_cpu_finalize_init+0x19/0xc0
[    0.608542]  start_kernel+0x40d/0x4a0
[    0.608545]  x86_64_start_reservations+0x24/0x30
[    0.609510]  x86_64_start_kernel+0xf2/0x100
[    0.609722]  common_startup_64+0x13e/0x141
[    0.609735]  </TASK>
[    0.609747] LVT offset 2 assigned for vector 0xf4
[    0.609757] [Firmware Bug]: cpu 0, try to use APIC520 (LVT offset 2) for vector 0xf4, but the register is already in use for vector 0x0 on this cpu
[    0.610680] Last level iTLB entries: 4KB 64, 2MB 64, 4MB 32
[    0.610711] Last level dTLB entries: 4KB 128, 2MB 128, 4MB 64, 1GB 0
[    0.610739] Spectre V1 : Mitigation: usercopy/swapgs barriers and __user pointer sanitization
[    0.610764] Spectre V2 : Mitigation: Retpolines
[    0.611731] Spectre V2 : Spectre v2 / SpectreRSB: Filling RSB on context switch and VMEXIT
[    0.612511] Spectre V2 : mitigation: Enabling conditional Indirect Branch Prediction Barrier
[    0.613510] Speculative Store Bypass: Vulnerable
[    0.613737] Speculative Return Stack Overflow: IBPB-extending microcode not applied!
[    0.614510] Speculative Return Stack Overflow: WARNING: See https://kernel.org/doc/html/latest/admin-guide/hw-vuln/srso.html for mitigation options.
[    0.614514] Speculative Return Stack Overflow: Vulnerable: Safe RET, no microcode
[    0.616562] x86/fpu: Supporting XSAVE feature 0x001: 'x87 floating point registers'
[    0.616901] x86/fpu: Supporting XSAVE feature 0x002: 'SSE registers'
[    0.617510] x86/fpu: Supporting XSAVE feature 0x004: 'AVX registers'
[    0.618510] x86/fpu: Supporting XSAVE feature 0x020: 'AVX-512 opmask'
[    0.618799] x86/fpu: Supporting XSAVE feature 0x040: 'AVX-512 Hi256'
[    0.619510] x86/fpu: Supporting XSAVE feature 0x080: 'AVX-512 ZMM_Hi256'
[    0.619808] x86/fpu: xstate_offset[2]:  576, xstate_sizes[2]:  256
[    0.620510] x86/fpu: xstate_offset[5]:  832, xstate_sizes[5]:   64
[    0.620789] x86/fpu: xstate_offset[6]:  896, xstate_sizes[6]:  512
[    0.621510] x86/fpu: xstate_offset[7]: 1408, xstate_sizes[7]: 1024
[    0.622510] x86/fpu: Enabled xstate features 0xe7, context size is 2432 bytes, using 'compacted' format.
[    0.668593] Freeing SMP alternatives memory: 48K
[    0.668826] pid_max: default: 131072 minimum: 1024
[    0.669646] LSM: initializing lsm=lockdown,capability,landlock,yama,apparmor,ima,evm
[    0.670532] landlock: Up and running.
[    0.670721] Yama: becoming mindful.
[    0.671711] AppArmor: AppArmor initialized
[    0.673696] Mount-cache hash table entries: 65536 (order: 7, 524288 bytes, linear)
[    0.675684] Mountpoint-cache hash table entries: 65536 (order: 7, 524288 bytes, linear)
[    0.681499] smpboot: CPU0: AMD Ryzen 9 9950X 16-Core Processor (family: 0x1a, model: 0x44, stepping: 0x0)
[    0.682499] Performance Events: AMD PMU driver.
[    0.682710] ... version:                0
[    0.682882] ... bit width:              48
[    0.683057] ... generic registers:      4
[    0.683228] ... value mask:             0000ffffffffffff
[    0.683448] ... max period:             00007fffffffffff
[    0.683508] ... fixed-purpose events:   0
[    0.683680] ... event mask:             000000000000000f
[    0.684117] signal: max sigframe size: 3376
[    0.684708] rcu: Hierarchical SRCU implementation.
[    0.684909] rcu: 	Max phase no-delay instances is 400.
[    0.685395] Timer migration: 3 hierarchy levels; 8 children per group; 3 crossnode level
[    0.688780] NMI watchdog: Enabled. Permanently consumes one hw-PMU counter.
[    0.697532] smp: Bringing up secondary CPUs ...
[    0.698457] smpboot: x86: Booting SMP configuration:
[    0.698515] .... node  #0, CPUs:          #1   #2   #3   #4   #5   #6   #7   #8   #9  #10  #11  #12  #13  #14  #15
[    0.553629] [Firmware Bug]: cpu 1, try to use APIC520 (LVT offset 2) for vector 0xf4, but the register is already in use for vector 0x0 on this cpu
[    0.553629] [Firmware Bug]: cpu 2, try to use APIC520 (LVT offset 2) for vector 0xf4, but the register is already in use for vector 0x0 on this cpu
[    0.553629] [Firmware Bug]: cpu 3, try to use APIC520 (LVT offset 2) for vector 0xf4, but the register is already in use for vector 0x0 on this cpu
[    0.553629] [Firmware Bug]: cpu 4, try to use APIC520 (LVT offset 2) for vector 0xf4, but the register is already in use for vector 0x0 on this cpu
[    0.553629] [Firmware Bug]: cpu 5, try to use APIC520 (LVT offset 2) for vector 0xf4, but the register is already in use for vector 0x0 on this cpu
[    0.553629] [Firmware Bug]: cpu 6, try to use APIC520 (LVT offset 2) for vector 0xf4, but the register is already in use for vector 0x0 on this cpu
[    0.553629] [Firmware Bug]: cpu 7, try to use APIC520 (LVT offset 2) for vector 0xf4, but the register is already in use for vector 0x0 on this cpu
[    0.553629] [Firmware Bug]: cpu 8, try to use APIC520 (LVT offset 2) for vector 0xf4, but the register is already in use for vector 0x0 on this cpu
[    0.553629] [Firmware Bug]: cpu 9, try to use APIC520 (LVT offset 2) for vector 0xf4, but the register is already in use for vector 0x0 on this cpu
[    0.553629] [Firmware Bug]: cpu 10, try to use APIC520 (LVT offset 2) for vector 0xf4, but the register is already in use for vector 0x0 on this cpu
[    0.553629] [Firmware Bug]: cpu 11, try to use APIC520 (LVT offset 2) for vector 0xf4, but the register is already in use for vector 0x0 on this cpu
[    0.553629] [Firmware Bug]: cpu 12, try to use APIC520 (LVT offset 2) for vector 0xf4, but the register is already in use for vector 0x0 on this cpu
[    0.553629] [Firmware Bug]: cpu 13, try to use APIC520 (LVT offset 2) for vector 0xf4, but the register is already in use for vector 0x0 on this cpu
[    0.553629] [Firmware Bug]: cpu 14, try to use APIC520 (LVT offset 2) for vector 0xf4, but the register is already in use for vector 0x0 on this cpu
[    0.553629] [Firmware Bug]: cpu 15, try to use APIC520 (LVT offset 2) for vector 0xf4, but the register is already in use for vector 0x0 on this cpu
[    0.731624] smp: Brought up 1 node, 16 CPUs
[    0.740215] smpboot: Total of 16 processors activated (137338.94 BogoMIPS)
[    0.742188] Memory: 32693928K/33553844K available (21792K kernel code, 4575K rwdata, 15828K rodata, 5016K init, 4552K bss, 831516K reserved, 0K cma-reserved)
[    0.743768] devtmpfs: initialized
[    0.743936] x86/mm: Memory block size: 128MB
[    0.750763] ACPI: PM: Registering ACPI NVS region [mem 0xbfeff000-0xbfefffff] (4096 bytes)
[    0.751157] clocksource: jiffies: mask: 0xffffffff max_cycles: 0xffffffff, max_idle_ns: 1911260446275000 ns
[    0.754420] futex hash table entries: 32768 (order: 9, 2097152 bytes, linear)
[    0.754987] pinctrl core: initialized pinctrl subsystem
[    0.755613] PM: RTC time: 14:18:37, date: 2025-10-24
[    0.760034] NET: Registered PF_NETLINK/PF_ROUTE protocol family
[    0.765928] DMA: preallocated 4096 KiB GFP_KERNEL pool for atomic allocations
[    0.766376] DMA: preallocated 4096 KiB GFP_KERNEL|GFP_DMA pool for atomic allocations
[    0.766670] DMA: preallocated 4096 KiB GFP_KERNEL|GFP_DMA32 pool for atomic allocations
[    0.767017] audit: initializing netlink subsys (disabled)
[    0.767807] audit: type=2000 audit(1761315517.165:1): state=initialized audit_enabled=0 res=1
[    0.768035] thermal_sys: Registered thermal governor 'fair_share'
[    0.768056] thermal_sys: Registered thermal governor 'bang_bang'
[    0.768509] thermal_sys: Registered thermal governor 'step_wise'
[    0.768754] thermal_sys: Registered thermal governor 'user_space'
[    0.769004] thermal_sys: Registered thermal governor 'power_allocator'
[    0.769550] cpuidle: using governor ladder
[    0.770549] cpuidle: using governor menu
[    0.772587] Simple Boot Flag at 0x36 set to 0x80
[    0.774499] acpiphp: ACPI Hot Plug PCI Controller Driver version: 0.5
[    0.774855] PCI: ECAM [mem 0xf0000000-0xf7ffffff] (base 0xf0000000) for domain 0000 [bus 00-7f]
[    0.775226] PCI: Using configuration type 1 for base access
[    0.777077] kprobes: kprobe jump-optimization is enabled. All kprobes are optimized if possible.
[    0.779944] HugeTLB: registered 1.00 GiB page size, pre-allocated 0 pages
[    0.780509] HugeTLB: 16380 KiB vmemmap can be freed for a 1.00 GiB page
[    0.780779] HugeTLB: registered 2.00 MiB page size, pre-allocated 0 pages
[    0.781057] HugeTLB: 28 KiB vmemmap can be freed for a 2.00 MiB page
[    0.784792] ACPI: Added _OSI(Module Device)
[    0.784981] ACPI: Added _OSI(Processor Device)
[    0.785170] ACPI: Added _OSI(Processor Aggregator Device)
[    0.825023] ACPI: 1 ACPI AML tables successfully acquired and loaded
[    0.828779] ACPI: [Firmware Bug]: BIOS _OSI(Linux) query ignored
[    0.860671] ACPI: Interpreter enabled
[    0.860856] ACPI: PM: (supports S0 S1 S4 S5)
[    0.861038] ACPI: Using IOAPIC for interrupt routing
[    0.864978] PCI: Using host bridge windows from ACPI; if necessary, use "pci=nocrs" and report a bug
[    0.865499] PCI: Using E820 reservations for host bridge windows
[    0.868146] ACPI: Enabled 4 GPEs in block 00 to 0F
[    1.151974] ACPI: PCI Root Bridge [PCI0] (domain 0000 [bus 00-7f])
[    1.152260] acpi PNP0A03:00: _OSC: OS supports [ExtendedConfig ASPM ClockPM Segments MSI EDR HPX-Type3]
[    1.152631] acpi PNP0A03:00: _OSC: platform does not support [AER LTR DPC]
[    1.153740] acpi PNP0A03:00: _OSC: OS now controls [PCIeHotplug SHPCHotplug PME PCIeCapability]
[    1.156626] PCI host bridge to bus 0000:00
[    1.156811] pci_bus 0000:00: root bus resource [mem 0x000a0000-0x000bffff window]
[    1.157119] pci_bus 0000:00: root bus resource [mem 0x000d0000-0x000dbfff window]
[    1.157431] pci_bus 0000:00: root bus resource [mem 0xc0000000-0xfebfffff window]
[    1.157508] pci_bus 0000:00: root bus resource [io  0x0000-0x0cf7 window]
[    1.157785] pci_bus 0000:00: root bus resource [io  0x0d00-0xfeff window]
[    1.158062] pci_bus 0000:00: root bus resource [bus 00-7f]
[    1.158581] pci 0000:00:00.0: [8086:7190] type 00 class 0x060000 conventional PCI endpoint
[    1.159931] pci 0000:00:01.0: [8086:7191] type 01 class 0x060400 conventional PCI bridge
[    1.160649] pci 0000:00:01.0: PCI bridge to [bus 01]
[    1.165759] pci 0000:00:07.0: [8086:7110] type 00 class 0x060100 conventional PCI endpoint
[    1.166643] pci 0000:00:07.1: [8086:7111] type 00 class 0x01018a conventional PCI endpoint
[    1.167553] pci 0000:00:07.1: BAR 4 [io  0x1060-0x106f]
[    1.167801] pci 0000:00:07.1: BAR 0 [io  0x01f0-0x01f7]: legacy IDE quirk
[    1.168079] pci 0000:00:07.1: BAR 1 [io  0x03f6]: legacy IDE quirk
[    1.168333] pci 0000:00:07.1: BAR 2 [io  0x0170-0x0177]: legacy IDE quirk
[    1.168510] pci 0000:00:07.1: BAR 3 [io  0x0376]: legacy IDE quirk
[    1.168969] pci 0000:00:07.3: [8086:7113] type 00 class 0x068000 conventional PCI endpoint
[    1.169894] pci 0000:00:07.3: quirk: [io  0x1000-0x103f] claimed by PIIX4 ACPI
[    1.170211] pci 0000:00:07.3: quirk: [io  0x1040-0x104f] claimed by PIIX4 SMB
[    1.170733] pci 0000:00:07.7: [15ad:0740] type 00 class 0x088000 conventional PCI endpoint
[    1.171957] pci 0000:00:07.7: BAR 0 [io  0x1080-0x10bf]
[    1.172202] pci 0000:00:07.7: BAR 1 [mem 0xfebc0000-0xfebfffff 64bit]
[    1.179241] pci 0000:00:0f.0: [15ad:0405] type 00 class 0x030000 conventional PCI endpoint
[    1.180516] pci 0000:00:0f.0: BAR 0 [io  0x1070-0x107f]
[    1.180743] pci 0000:00:0f.0: BAR 1 [mem 0xe8000000-0xefffffff pref]
[    1.181007] pci 0000:00:0f.0: BAR 2 [mem 0xfe000000-0xfe7fffff]
[    1.181537] pci 0000:00:0f.0: ROM [mem 0x00000000-0x00007fff pref]
[    1.181859] pci 0000:00:0f.0: Video device with shadowed ROM at [mem 0x000c0000-0x000dffff]
[    1.182612] pci 0000:00:10.0: [1000:0030] type 00 class 0x010000 conventional PCI endpoint
[    1.183993] pci 0000:00:10.0: BAR 0 [io  0x1400-0x14ff]
[    1.184249] pci 0000:00:10.0: BAR 1 [mem 0xfeb80000-0xfeb9ffff 64bit]
[    1.184499] pci 0000:00:10.0: BAR 3 [mem 0xfeba0000-0xfebbffff 64bit]
[    1.184521] pci 0000:00:10.0: ROM [mem 0x00000000-0x00003fff pref]
[    1.185740] pci 0000:00:11.0: [15ad:0790] type 01 class 0x060401 conventional PCI bridge
[    1.186213] pci 0000:00:11.0: PCI bridge to [bus 02] (subtractive decode)
[    1.186499] pci 0000:00:11.0:   bridge window [io  0x2000-0x3fff]
[    1.186522] pci 0000:00:11.0:   bridge window [mem 0xfd500000-0xfdffffff]
[    1.186854] pci 0000:00:11.0:   bridge window [mem 0xe7b00000-0xe7ffffff 64bit pref]
[    1.190271] pci 0000:00:15.0: [15ad:07a0] type 01 class 0x060400 PCIe Root Port
[    1.190499] pci 0000:00:15.0: PCI bridge to [bus 03]
[    1.190522] pci 0000:00:15.0:   bridge window [io  0x4000-0x4fff]
[    1.190789] pci 0000:00:15.0:   bridge window [mem 0xfd400000-0xfd4fffff]
[    1.191569] pci 0000:00:15.0:   bridge window [mem 0xe7a00000-0xe7afffff 64bit pref]
[    1.192185] pci 0000:00:15.0: PME# supported from D0 D3hot D3cold
[    1.192879] pci 0000:00:15.1: [15ad:07a0] type 01 class 0x060400 PCIe Root Port
[    1.193339] pci 0000:00:15.1: PCI bridge to [bus 04]
[    1.193499] pci 0000:00:15.1:   bridge window [io  0x8000-0x8fff]
[    1.193521] pci 0000:00:15.1:   bridge window [mem 0xfd000000-0xfd0fffff]
[    1.194567] pci 0000:00:15.1:   bridge window [mem 0xe7600000-0xe76fffff 64bit pref]
[    1.195182] pci 0000:00:15.1: PME# supported from D0 D3hot D3cold
[    1.195828] pci 0000:00:15.2: [15ad:07a0] type 01 class 0x060400 PCIe Root Port
[    1.196266] pci 0000:00:15.2: PCI bridge to [bus 05]
[    1.196489] pci 0000:00:15.2:   bridge window [io  0xc000-0xcfff]
[    1.196520] pci 0000:00:15.2:   bridge window [mem 0xfcc00000-0xfccfffff]
[    1.196848] pci 0000:00:15.2:   bridge window [mem 0xe7200000-0xe72fffff 64bit pref]
[    1.197716] pci 0000:00:15.2: PME# supported from D0 D3hot D3cold
[    1.198296] pci 0000:00:15.3: [15ad:07a0] type 01 class 0x060400 PCIe Root Port
[    1.198649] pci 0000:00:15.3: PCI bridge to [bus 06]
[    1.198881] pci 0000:00:15.3:   bridge window [mem 0xfc800000-0xfc8fffff]
[    1.199218] pci 0000:00:15.3:   bridge window [mem 0xe6e00000-0xe6efffff 64bit pref]
[    1.199798] pci 0000:00:15.3: PME# supported from D0 D3hot D3cold
[    1.200421] pci 0000:00:15.4: [15ad:07a0] type 01 class 0x060400 PCIe Root Port
[    1.200644] pci 0000:00:15.4: PCI bridge to [bus 07]
[    1.201533] pci 0000:00:15.4:   bridge window [mem 0xfc400000-0xfc4fffff]
[    1.201867] pci 0000:00:15.4:   bridge window [mem 0xe6a00000-0xe6afffff 64bit pref]
[    1.202476] pci 0000:00:15.4: PME# supported from D0 D3hot D3cold
[    1.202843] pci 0000:00:15.5: [15ad:07a0] type 01 class 0x060400 PCIe Root Port
[    1.203280] pci 0000:00:15.5: PCI bridge to [bus 08]
[    1.203532] pci 0000:00:15.5:   bridge window [mem 0xfc000000-0xfc0fffff]
[    1.203862] pci 0000:00:15.5:   bridge window [mem 0xe6600000-0xe66fffff 64bit pref]
[    1.204643] pci 0000:00:15.5: PME# supported from D0 D3hot D3cold
[    1.205216] pci 0000:00:15.6: [15ad:07a0] type 01 class 0x060400 PCIe Root Port
[    1.205650] pci 0000:00:15.6: PCI bridge to [bus 09]
[    1.205885] pci 0000:00:15.6:   bridge window [mem 0xfbc00000-0xfbcfffff]
[    1.206210] pci 0000:00:15.6:   bridge window [mem 0xe6200000-0xe62fffff 64bit pref]
[    1.206802] pci 0000:00:15.6: PME# supported from D0 D3hot D3cold
[    1.207437] pci 0000:00:15.7: [15ad:07a0] type 01 class 0x060400 PCIe Root Port
[    1.207643] pci 0000:00:15.7: PCI bridge to [bus 0a]
[    1.207874] pci 0000:00:15.7:   bridge window [mem 0xfb800000-0xfb8fffff]
[    1.208207] pci 0000:00:15.7:   bridge window [mem 0xe5e00000-0xe5efffff 64bit pref]
[    1.209115] pci 0000:00:15.7: PME# supported from D0 D3hot D3cold
[    1.209685] pci 0000:00:16.0: [15ad:07a0] type 01 class 0x060400 PCIe Root Port
[    1.210134] pci 0000:00:16.0: PCI bridge to [bus 0b]
[    1.210355] pci 0000:00:16.0:   bridge window [io  0x5000-0x5fff]
[    1.210520] pci 0000:00:16.0:   bridge window [mem 0xfd300000-0xfd3fffff]
[    1.210846] pci 0000:00:16.0:   bridge window [mem 0xe7900000-0xe79fffff 64bit pref]
[    1.211458] pci 0000:00:16.0: PME# supported from D0 D3hot D3cold
[    1.212600] pci 0000:00:16.1: [15ad:07a0] type 01 class 0x060400 PCIe Root Port
[    1.213037] pci 0000:00:16.1: PCI bridge to [bus 0c]
[    1.213257] pci 0000:00:16.1:   bridge window [io  0x9000-0x9fff]
[    1.213521] pci 0000:00:16.1:   bridge window [mem 0xfcf00000-0xfcffffff]
[    1.213851] pci 0000:00:16.1:   bridge window [mem 0xe7500000-0xe75fffff 64bit pref]
[    1.214515] pci 0000:00:16.1: PME# supported from D0 D3hot D3cold
[    1.215099] pci 0000:00:16.2: [15ad:07a0] type 01 class 0x060400 PCIe Root Port
[    1.215551] pci 0000:00:16.2: PCI bridge to [bus 0d]
[    1.215777] pci 0000:00:16.2:   bridge window [io  0xd000-0xdfff]
[    1.216039] pci 0000:00:16.2:   bridge window [mem 0xfcb00000-0xfcbfffff]
[    1.216365] pci 0000:00:16.2:   bridge window [mem 0xe7100000-0xe71fffff 64bit pref]
[    1.216798] pci 0000:00:16.2: PME# supported from D0 D3hot D3cold
[    1.217580] pci 0000:00:16.3: [15ad:07a0] type 01 class 0x060400 PCIe Root Port
[    1.218029] pci 0000:00:16.3: PCI bridge to [bus 0e]
[    1.218742] pci 0000:00:16.3:   bridge window [mem 0xfc700000-0xfc7fffff]
[    1.219069] pci 0000:00:16.3:   bridge window [mem 0xe6d00000-0xe6dfffff 64bit pref]
[    1.219668] pci 0000:00:16.3: PME# supported from D0 D3hot D3cold
[    1.220243] pci 0000:00:16.4: [15ad:07a0] type 01 class 0x060400 PCIe Root Port
[    1.220650] pci 0000:00:16.4: PCI bridge to [bus 0f]
[    1.220881] pci 0000:00:16.4:   bridge window [mem 0xfc300000-0xfc3fffff]
[    1.221207] pci 0000:00:16.4:   bridge window [mem 0xe6900000-0xe69fffff 64bit pref]
[    1.221787] pci 0000:00:16.4: PME# supported from D0 D3hot D3cold
[    1.222371] pci 0000:00:16.5: [15ad:07a0] type 01 class 0x060400 PCIe Root Port
[    1.222644] pci 0000:00:16.5: PCI bridge to [bus 10]
[    1.222875] pci 0000:00:16.5:   bridge window [mem 0xfbf00000-0xfbffffff]
[    1.223203] pci 0000:00:16.5:   bridge window [mem 0xe6500000-0xe65fffff 64bit pref]
[    1.223796] pci 0000:00:16.5: PME# supported from D0 D3hot D3cold
[    1.224572] pci 0000:00:16.6: [15ad:07a0] type 01 class 0x060400 PCIe Root Port
[    1.225010] pci 0000:00:16.6: PCI bridge to [bus 11]
[    1.225244] pci 0000:00:16.6:   bridge window [mem 0xfbb00000-0xfbbfffff]
[    1.225564] pci 0000:00:16.6:   bridge window [mem 0xe6100000-0xe61fffff 64bit pref]
[    1.226181] pci 0000:00:16.6: PME# supported from D0 D3hot D3cold
[    1.226793] pci 0000:00:16.7: [15ad:07a0] type 01 class 0x060400 PCIe Root Port
[    1.227239] pci 0000:00:16.7: PCI bridge to [bus 12]
[    1.227470] pci 0000:00:16.7:   bridge window [mem 0xfb700000-0xfb7fffff]
[    1.227560] pci 0000:00:16.7:   bridge window [mem 0xe5d00000-0xe5dfffff 64bit pref]
[    1.228803] pci 0000:00:16.7: PME# supported from D0 D3hot D3cold
[    1.229379] pci 0000:00:17.0: [15ad:07a0] type 01 class 0x060400 PCIe Root Port
[    1.229643] pci 0000:00:17.0: PCI bridge to [bus 13]
[    1.229864] pci 0000:00:17.0:   bridge window [io  0x6000-0x6fff]
[    1.230132] pci 0000:00:17.0:   bridge window [mem 0xfd200000-0xfd2fffff]
[    1.230560] pci 0000:00:17.0:   bridge window [mem 0xe7800000-0xe78fffff 64bit pref]
[    1.231675] pci 0000:00:17.0: PME# supported from D0 D3hot D3cold
[    1.232262] pci 0000:00:17.1: [15ad:07a0] type 01 class 0x060400 PCIe Root Port
[    1.232650] pci 0000:00:17.1: PCI bridge to [bus 14]
[    1.232869] pci 0000:00:17.1:   bridge window [io  0xa000-0xafff]
[    1.233130] pci 0000:00:17.1:   bridge window [mem 0xfce00000-0xfcefffff]
[    1.233456] pci 0000:00:17.1:   bridge window [mem 0xe7400000-0xe74fffff 64bit pref]
[    1.233802] pci 0000:00:17.1: PME# supported from D0 D3hot D3cold
[    1.234600] pci 0000:00:17.2: [15ad:07a0] type 01 class 0x060400 PCIe Root Port
[    1.235049] pci 0000:00:17.2: PCI bridge to [bus 15]
[    1.235521] pci 0000:00:17.2:   bridge window [io  0xe000-0xefff]
[    1.235781] pci 0000:00:17.2:   bridge window [mem 0xfca00000-0xfcafffff]
[    1.236107] pci 0000:00:17.2:   bridge window [mem 0xe7000000-0xe70fffff 64bit pref]
[    1.236797] pci 0000:00:17.2: PME# supported from D0 D3hot D3cold
[    1.237615] pci 0000:00:17.3: [15ad:07a0] type 01 class 0x060400 PCIe Root Port
[    1.238054] pci 0000:00:17.3: PCI bridge to [bus 16]
[    1.238286] pci 0000:00:17.3:   bridge window [mem 0xfc600000-0xfc6fffff]
[    1.238565] pci 0000:00:17.3:   bridge window [mem 0xe6c00000-0xe6cfffff 64bit pref]
[    1.239200] pci 0000:00:17.3: PME# supported from D0 D3hot D3cold
[    1.239785] pci 0000:00:17.4: [15ad:07a0] type 01 class 0x060400 PCIe Root Port
[    1.240229] pci 0000:00:17.4: PCI bridge to [bus 17]
[    1.240459] pci 0000:00:17.4:   bridge window [mem 0xfc200000-0xfc2fffff]
[    1.240560] pci 0000:00:17.4:   bridge window [mem 0xe6800000-0xe68fffff 64bit pref]
[    1.241806] pci 0000:00:17.4: PME# supported from D0 D3hot D3cold
[    1.242382] pci 0000:00:17.5: [15ad:07a0] type 01 class 0x060400 PCIe Root Port
[    1.242643] pci 0000:00:17.5: PCI bridge to [bus 18]
[    1.242874] pci 0000:00:17.5:   bridge window [mem 0xfbe00000-0xfbefffff]
[    1.243200] pci 0000:00:17.5:   bridge window [mem 0xe6400000-0xe64fffff 64bit pref]
[    1.243796] pci 0000:00:17.5: PME# supported from D0 D3hot D3cold
[    1.244533] pci 0000:00:17.6: [15ad:07a0] type 01 class 0x060400 PCIe Root Port
[    1.244969] pci 0000:00:17.6: PCI bridge to [bus 19]
[    1.245532] pci 0000:00:17.6:   bridge window [mem 0xfba00000-0xfbafffff]
[    1.245861] pci 0000:00:17.6:   bridge window [mem 0xe6000000-0xe60fffff 64bit pref]
[    1.246600] pci 0000:00:17.6: PME# supported from D0 D3hot D3cold
[    1.247220] pci 0000:00:17.7: [15ad:07a0] type 01 class 0x060400 PCIe Root Port
[    1.247652] pci 0000:00:17.7: PCI bridge to [bus 1a]
[    1.247884] pci 0000:00:17.7:   bridge window [mem 0xfb600000-0xfb6fffff]
[    1.248209] pci 0000:00:17.7:   bridge window [mem 0xe5c00000-0xe5cfffff 64bit pref]
[    1.248797] pci 0000:00:17.7: PME# supported from D0 D3hot D3cold
[    1.249380] pci 0000:00:18.0: [15ad:07a0] type 01 class 0x060400 PCIe Root Port
[    1.249643] pci 0000:00:18.0: PCI bridge to [bus 1b]
[    1.249862] pci 0000:00:18.0:   bridge window [io  0x7000-0x7fff]
[    1.250121] pci 0000:00:18.0:   bridge window [mem 0xfd100000-0xfd1fffff]
[    1.250562] pci 0000:00:18.0:   bridge window [mem 0xe7700000-0xe77fffff 64bit pref]
[    1.251167] pci 0000:00:18.0: PME# supported from D0 D3hot D3cold
[    1.251499] pci 0000:00:18.1: [15ad:07a0] type 01 class 0x060400 PCIe Root Port
[    1.251643] pci 0000:00:18.1: PCI bridge to [bus 1c]
[    1.252522] pci 0000:00:18.1:   bridge window [io  0xb000-0xbfff]
[    1.252783] pci 0000:00:18.1:   bridge window [mem 0xfcd00000-0xfcdfffff]
[    1.253109] pci 0000:00:18.1:   bridge window [mem 0xe7300000-0xe73fffff 64bit pref]
[    1.253802] pci 0000:00:18.1: PME# supported from D0 D3hot D3cold
[    1.254428] pci 0000:00:18.2: [15ad:07a0] type 01 class 0x060400 PCIe Root Port
[    1.254648] pci 0000:00:18.2: PCI bridge to [bus 1d]
[    1.254884] pci 0000:00:18.2:   bridge window [mem 0xfc900000-0xfc9fffff]
[    1.255543] pci 0000:00:18.2:   bridge window [mem 0xe6f00000-0xe6ffffff 64bit pref]
[    1.256172] pci 0000:00:18.2: PME# supported from D0 D3hot D3cold
[    1.256770] pci 0000:00:18.3: [15ad:07a0] type 01 class 0x060400 PCIe Root Port
[    1.257214] pci 0000:00:18.3: PCI bridge to [bus 1e]
[    1.257445] pci 0000:00:18.3:   bridge window [mem 0xfc500000-0xfc5fffff]
[    1.257560] pci 0000:00:18.3:   bridge window [mem 0xe6b00000-0xe6bfffff 64bit pref]
[    1.258173] pci 0000:00:18.3: PME# supported from D0 D3hot D3cold
[    1.258849] pci 0000:00:18.4: [15ad:07a0] type 01 class 0x060400 PCIe Root Port
[    1.259643] pci 0000:00:18.4: PCI bridge to [bus 1f]
[    1.259875] pci 0000:00:18.4:   bridge window [mem 0xfc100000-0xfc1fffff]
[    1.260200] pci 0000:00:18.4:   bridge window [mem 0xe6700000-0xe67fffff 64bit pref]
[    1.260795] pci 0000:00:18.4: PME# supported from D0 D3hot D3cold
[    1.261499] pci 0000:00:18.5: [15ad:07a0] type 01 class 0x060400 PCIe Root Port
[    1.261643] pci 0000:00:18.5: PCI bridge to [bus 20]
[    1.262532] pci 0000:00:18.5:   bridge window [mem 0xfbd00000-0xfbdfffff]
[    1.262857] pci 0000:00:18.5:   bridge window [mem 0xe6300000-0xe63fffff 64bit pref]
[    1.263529] pci 0000:00:18.5: PME# supported from D0 D3hot D3cold
[    1.264116] pci 0000:00:18.6: [15ad:07a0] type 01 class 0x060400 PCIe Root Port
[    1.264509] pci 0000:00:18.6: PCI bridge to [bus 21]
[    1.264745] pci 0000:00:18.6:   bridge window [mem 0xfb900000-0xfb9fffff]
[    1.265072] pci 0000:00:18.6:   bridge window [mem 0xe5f00000-0xe5ffffff 64bit pref]
[    1.265724] pci 0000:00:18.6: PME# supported from D0 D3hot D3cold
[    1.266341] pci 0000:00:18.7: [15ad:07a0] type 01 class 0x060400 PCIe Root Port
[    1.266645] pci 0000:00:18.7: PCI bridge to [bus 22]
[    1.266877] pci 0000:00:18.7:   bridge window [mem 0xfb500000-0xfb5fffff]
[    1.267202] pci 0000:00:18.7:   bridge window [mem 0xe5b00000-0xe5bfffff 64bit pref]
[    1.267796] pci 0000:00:18.7: PME# supported from D0 D3hot D3cold
[    1.274431] pci_bus 0000:01: extended config space not accessible
[    1.301877] pci 0000:00:01.0: PCI bridge to [bus 01]
[    1.302647] pci_bus 0000:02: extended config space not accessible
[    1.303216] acpiphp: Slot [32] registered
[    1.303405] acpiphp: Slot [33] registered
[    1.303535] acpiphp: Slot [34] registered
[    1.303727] acpiphp: Slot [35] registered
[    1.303914] acpiphp: Slot [36] registered
[    1.304102] acpiphp: Slot [37] registered
[    1.304289] acpiphp: Slot [38] registered
[    1.304532] acpiphp: Slot [39] registered
[    1.304722] acpiphp: Slot [40] registered
[    1.304909] acpiphp: Slot [41] registered
[    1.305100] acpiphp: Slot [42] registered
[    1.305287] acpiphp: Slot [43] registered
[    1.305474] acpiphp: Slot [44] registered
[    1.305523] acpiphp: Slot [45] registered
[    1.305710] acpiphp: Slot [46] registered
[    1.305905] acpiphp: Slot [47] registered
[    1.306092] acpiphp: Slot [48] registered
[    1.306279] acpiphp: Slot [49] registered
[    1.306523] acpiphp: Slot [50] registered
[    1.306713] acpiphp: Slot [51] registered
[    1.306899] acpiphp: Slot [52] registered
[    1.307085] acpiphp: Slot [53] registered
[    1.307281] acpiphp: Slot [54] registered
[    1.307467] acpiphp: Slot [55] registered
[    1.307523] acpiphp: Slot [56] registered
[    1.307714] acpiphp: Slot [57] registered
[    1.307901] acpiphp: Slot [58] registered
[    1.308097] acpiphp: Slot [59] registered
[    1.308285] acpiphp: Slot [60] registered
[    1.308472] acpiphp: Slot [61] registered
[    1.308540] acpiphp: Slot [62] registered
[    1.308727] acpiphp: Slot [63] registered
[    1.309562] pci 0000:02:00.0: [15ad:0774] type 00 class 0x0c0300 conventional PCI endpoint
[    1.310372] pci 0000:02:00.0: BAR 4 [io  0x2080-0x209f]
[    1.311357] pci 0000:02:01.0: [8086:100f] type 00 class 0x020000 conventional PCI endpoint
[    1.312526] pci 0000:02:01.0: BAR 0 [mem 0xfd5c0000-0xfd5dffff 64bit]
[    1.313521] pci 0000:02:01.0: BAR 2 [mem 0xfdff0000-0xfdffffff 64bit]
[    1.313799] pci 0000:02:01.0: BAR 4 [io  0x2000-0x203f]
[    1.314029] pci 0000:02:01.0: ROM [mem 0x00000000-0x0000ffff pref]
[    1.314449] pci 0000:02:01.0: PME# supported from D0 D3hot D3cold
[    1.315250] pci 0000:02:02.0: [1274:1371] type 00 class 0x040100 conventional PCI endpoint
[    1.315982] pci 0000:02:02.0: BAR 0 [io  0x2040-0x207f]
[    1.317257] pci 0000:02:03.0: [15ad:0770] type 00 class 0x0c0320 conventional PCI endpoint
[    1.318158] pci 0000:02:03.0: BAR 0 [mem 0xfd5ef000-0xfd5effff]
[    1.319406] pci 0000:02:04.0: [15ad:07e0] type 00 class 0x010601 conventional PCI endpoint
[    1.320850] pci 0000:02:04.0: BAR 5 [mem 0xfd5ee000-0xfd5eefff]
[    1.321102] pci 0000:02:04.0: ROM [mem 0x00000000-0x0000ffff pref]
[    1.321597] pci 0000:02:04.0: PME# supported from D3hot
[    1.345499] pci 0000:00:11.0: PCI bridge to [bus 02] (subtractive decode)
[    1.345552] pci 0000:00:11.0:   bridge window [mem 0x000a0000-0x000bffff window] (subtractive decode)
[    1.345934] pci 0000:00:11.0:   bridge window [mem 0x000d0000-0x000dbfff window] (subtractive decode)
[    1.346308] pci 0000:00:11.0:   bridge window [mem 0xc0000000-0xfebfffff window] (subtractive decode)
[    1.346512] pci 0000:00:11.0:   bridge window [io  0x0000-0x0cf7 window] (subtractive decode)
[    1.347509] pci 0000:00:11.0:   bridge window [io  0x0d00-0xfeff window] (subtractive decode)
[    1.349044] pci 0000:00:15.0: PCI bridge to [bus 03]
[    1.350329] pci 0000:00:15.1: PCI bridge to [bus 04]
[    1.352038] pci 0000:00:15.2: PCI bridge to [bus 05]
[    1.353259] pci 0000:00:15.3: PCI bridge to [bus 06]
[    1.354522] pci 0000:00:15.4: PCI bridge to [bus 07]
[    1.355698] pci 0000:00:15.5: PCI bridge to [bus 08]
[    1.356968] pci 0000:00:15.6: PCI bridge to [bus 09]
[    1.358222] pci 0000:00:15.7: PCI bridge to [bus 0a]
[    1.359433] pci 0000:00:16.0: PCI bridge to [bus 0b]
[    1.361106] pci 0000:00:16.1: PCI bridge to [bus 0c]
[    1.362319] pci 0000:00:16.2: PCI bridge to [bus 0d]
[    1.363499] pci 0000:00:16.3: PCI bridge to [bus 0e]
[    1.365277] pci 0000:00:16.4: PCI bridge to [bus 0f]
[    1.366499] pci 0000:00:16.5: PCI bridge to [bus 10]
[    1.367774] pci 0000:00:16.6: PCI bridge to [bus 11]
[    1.369563] pci 0000:00:16.7: PCI bridge to [bus 12]
[    1.370840] pci 0000:00:17.0: PCI bridge to [bus 13]
[    1.372034] pci 0000:00:17.1: PCI bridge to [bus 14]
[    1.373753] pci 0000:00:17.2: PCI bridge to [bus 15]
[    1.375004] pci 0000:00:17.3: PCI bridge to [bus 16]
[    1.376228] pci 0000:00:17.4: PCI bridge to [bus 17]
[    1.377499] pci 0000:00:17.5: PCI bridge to [bus 18]
[    1.378931] pci 0000:00:17.6: PCI bridge to [bus 19]
[    1.380146] pci 0000:00:17.7: PCI bridge to [bus 1a]
[    1.381789] pci 0000:00:18.0: PCI bridge to [bus 1b]
[    1.383048] pci 0000:00:18.1: PCI bridge to [bus 1c]
[    1.384248] pci 0000:00:18.2: PCI bridge to [bus 1d]
[    1.385499] pci 0000:00:18.3: PCI bridge to [bus 1e]
[    1.387122] pci 0000:00:18.4: PCI bridge to [bus 1f]
[    1.388333] pci 0000:00:18.5: PCI bridge to [bus 20]
[    1.389620] pci 0000:00:18.6: PCI bridge to [bus 21]
[    1.390885] pci 0000:00:18.7: PCI bridge to [bus 22]
[    1.392480] ACPI: PCI: Interrupt link LNKA configured for IRQ 9
[    1.392579] ACPI: PCI: Interrupt link LNKB configured for IRQ 11
[    1.392897] ACPI: PCI: Interrupt link LNKC configured for IRQ 10
[    1.393209] ACPI: PCI: Interrupt link LNKD configured for IRQ 7
[    1.442546] iommu: Default domain type: Translated
[    1.442769] iommu: DMA domain TLB invalidation policy: lazy mode
[    1.443424] SCSI subsystem initialized
[    1.443625] libata version 3.00 loaded.
[    1.443625] ACPI: bus type USB registered
[    1.443822] usbcore: registered new interface driver usbfs
[    1.444054] usbcore: registered new interface driver hub
[    1.444608] usbcore: registered new device driver usb
[    1.445518] pps_core: LinuxPPS API ver. 1 registered
[    1.445732] pps_core: Software ver. 5.3.6 - Copyright 2005-2007 Rodolfo Giometti <giometti@linux.it>
[    1.446113] PTP clock support registered
[    1.446849] EDAC MC: Ver: 3.0.0
[    1.450619] NetLabel: Initializing
[    1.450779] NetLabel:  domain hash size = 128
[    1.450969] NetLabel:  protocols = UNLABELED CIPSOv4 CALIPSO
[    1.451218] NetLabel:  unlabeled traffic allowed by default
[    1.451563] mctp: management component transport protocol core
[    1.451810] NET: Registered PF_MCTP protocol family
[    1.452039] PCI: Using ACPI for IRQ routing
[    1.578600] PCI: pci_cache_line_size set to 64 bytes
[    1.579183] e820: reserve RAM buffer [mem 0x0009e800-0x0009ffff]
[    1.579189] e820: reserve RAM buffer [mem 0xbfed0000-0xbfffffff]
[    1.579287] pci 0000:00:0f.0: vgaarb: setting as boot VGA device
[    1.579287] pci 0000:00:0f.0: vgaarb: bridge control possible
[    1.579287] pci 0000:00:0f.0: vgaarb: VGA device added: decodes=io+mem,owns=io+mem,locks=none
[    1.579520] vgaarb: loaded
[    1.580590] hpet0: at MMIO 0xfed00000, IRQs 2, 8, 0, 0, 0, 0, 0, 0, 0, 0, 0, 0, 0, 0, 0, 0
[    1.580996] hpet0: 16 comparators, 64-bit 14.318180 MHz counter
[    1.583980] clocksource: Switched to clocksource tsc-early
[    1.585817] VFS: Disk quotas dquot_6.6.0
[    1.586009] VFS: Dquot-cache hash table entries: 512 (order 0, 4096 bytes)
[    1.586975] AppArmor: AppArmor Filesystem Enabled
[    1.587217] pnp: PnP ACPI init
[    1.587574] system 00:00: [io  0x1000-0x103f] has been reserved
[    1.587870] system 00:00: [io  0x1040-0x104f] has been reserved
[    1.588115] system 00:00: [io  0x0cf0-0x0cf1] has been reserved
[    1.588636] system 00:04: [mem 0xfed00000-0xfed003ff] has been reserved
[    1.590762] pnp 00:05: [dma 2]
[    1.591107] system 00:06: [io  0xfce0-0xfcff] has been reserved
[    1.591356] system 00:06: [mem 0xf0000000-0xf7ffffff] has been reserved
[    1.591627] system 00:06: [mem 0xfe800000-0xfe9fffff] has been reserved
[    1.690464] pnp: PnP ACPI: found 7 devices
[    1.739527] clocksource: acpi_pm: mask: 0xffffff max_cycles: 0xffffff, max_idle_ns: 2085701024 ns
[    1.740139] NET: Registered PF_INET protocol family
[    1.743078] IP idents hash table entries: 262144 (order: 9, 2097152 bytes, linear)
[    1.797639] tcp_listen_portaddr_hash hash table entries: 16384 (order: 6, 262144 bytes, linear)
[    1.798068] Table-perturb hash table entries: 65536 (order: 6, 262144 bytes, linear)
[    1.798438] TCP established hash table entries: 262144 (order: 9, 2097152 bytes, linear)
[    1.833574] TCP bind hash table entries: 65536 (order: 9, 2097152 bytes, linear)
[    1.833918] TCP: Hash tables configured (established 262144 bind 65536)
[    1.835863] MPTCP token hash table entries: 32768 (order: 7, 786432 bytes, linear)
[    1.837520] UDP hash table entries: 16384 (order: 8, 1048576 bytes, linear)
[    1.839169] UDP-Lite hash table entries: 16384 (order: 8, 1048576 bytes, linear)
[    1.839847] NET: Registered PF_UNIX/PF_LOCAL protocol family
[    1.840094] NET: Registered PF_XDP protocol family
[    1.840360] pci 0000:00:15.3: bridge window [io  0x1000-0x0fff] to [bus 06] add_size 1000
[    1.840696] pci 0000:00:15.4: bridge window [io  0x1000-0x0fff] to [bus 07] add_size 1000
[    1.841033] pci 0000:00:15.5: bridge window [io  0x1000-0x0fff] to [bus 08] add_size 1000
[    1.841410] pci 0000:00:15.6: bridge window [io  0x1000-0x0fff] to [bus 09] add_size 1000
[    1.841743] pci 0000:00:15.7: bridge window [io  0x1000-0x0fff] to [bus 0a] add_size 1000
[    1.842076] pci 0000:00:16.3: bridge window [io  0x1000-0x0fff] to [bus 0e] add_size 1000
[    1.842460] pci 0000:00:16.4: bridge window [io  0x1000-0x0fff] to [bus 0f] add_size 1000
[    1.842793] pci 0000:00:16.5: bridge window [io  0x1000-0x0fff] to [bus 10] add_size 1000
[    1.843171] pci 0000:00:16.6: bridge window [io  0x1000-0x0fff] to [bus 11] add_size 1000
[    1.843504] pci 0000:00:16.7: bridge window [io  0x1000-0x0fff] to [bus 12] add_size 1000
[    1.843837] pci 0000:00:17.3: bridge window [io  0x1000-0x0fff] to [bus 16] add_size 1000
[    1.844217] pci 0000:00:17.4: bridge window [io  0x1000-0x0fff] to [bus 17] add_size 1000
[    1.844550] pci 0000:00:17.5: bridge window [io  0x1000-0x0fff] to [bus 18] add_size 1000
[    1.844882] pci 0000:00:17.6: bridge window [io  0x1000-0x0fff] to [bus 19] add_size 1000
[    1.845200] pci 0000:00:17.7: bridge window [io  0x1000-0x0fff] to [bus 1a] add_size 1000
[    1.845590] pci 0000:00:18.2: bridge window [io  0x1000-0x0fff] to [bus 1d] add_size 1000
[    1.845925] pci 0000:00:18.3: bridge window [io  0x1000-0x0fff] to [bus 1e] add_size 1000
[    1.846302] pci 0000:00:18.4: bridge window [io  0x1000-0x0fff] to [bus 1f] add_size 1000
[    1.846634] pci 0000:00:18.5: bridge window [io  0x1000-0x0fff] to [bus 20] add_size 1000
[    1.846967] pci 0000:00:18.6: bridge window [io  0x1000-0x0fff] to [bus 21] add_size 1000
[    1.847344] pci 0000:00:18.7: bridge window [io  0x1000-0x0fff] to [bus 22] add_size 1000
[    1.847692] pci 0000:00:10.0: ROM [mem 0xc0000000-0xc0003fff pref]: assigned
[    1.847980] pci 0000:00:15.3: bridge window [io  size 0x1000]: can't assign; no space
[    1.848300] pci 0000:00:15.3: bridge window [io  size 0x1000]: failed to assign
[    1.848668] pci 0000:00:15.4: bridge window [io  size 0x1000]: can't assign; no space
[    1.848987] pci 0000:00:15.4: bridge window [io  size 0x1000]: failed to assign
[    1.849287] pci 0000:00:15.5: bridge window [io  size 0x1000]: can't assign; no space
[    1.849606] pci 0000:00:15.5: bridge window [io  size 0x1000]: failed to assign
[    1.883296] pci 0000:00:15.6: bridge window [io  size 0x1000]: can't assign; no space
[    1.883617] pci 0000:00:15.6: bridge window [io  size 0x1000]: failed to assign
[    1.883961] pci 0000:00:15.7: bridge window [io  size 0x1000]: can't assign; no space
[    1.884280] pci 0000:00:15.7: bridge window [io  size 0x1000]: failed to assign
[    1.884581] pci 0000:00:16.3: bridge window [io  size 0x1000]: can't assign; no space
[    1.884944] pci 0000:00:16.3: bridge window [io  size 0x1000]: failed to assign
[    1.885246] pci 0000:00:16.4: bridge window [io  size 0x1000]: can't assign; no space
[    1.885570] pci 0000:00:16.4: bridge window [io  size 0x1000]: failed to assign
[    1.885871] pci 0000:00:16.5: bridge window [io  size 0x1000]: can't assign; no space
[    1.886236] pci 0000:00:16.5: bridge window [io  size 0x1000]: failed to assign
[    1.886538] pci 0000:00:16.6: bridge window [io  size 0x1000]: can't assign; no space
[    1.886857] pci 0000:00:16.6: bridge window [io  size 0x1000]: failed to assign
[    1.887206] pci 0000:00:16.7: bridge window [io  size 0x1000]: can't assign; no space
[    1.887526] pci 0000:00:16.7: bridge window [io  size 0x1000]: failed to assign
[    1.887827] pci 0000:00:17.3: bridge window [io  size 0x1000]: can't assign; no space
[    1.888190] pci 0000:00:17.3: bridge window [io  size 0x1000]: failed to assign
[    1.888492] pci 0000:00:17.4: bridge window [io  size 0x1000]: can't assign; no space
[    1.888813] pci 0000:00:17.4: bridge window [io  size 0x1000]: failed to assign
[    1.889179] pci 0000:00:17.5: bridge window [io  size 0x1000]: can't assign; no space
[    1.889499] pci 0000:00:17.5: bridge window [io  size 0x1000]: failed to assign
[    1.889800] pci 0000:00:17.6: bridge window [io  size 0x1000]: can't assign; no space
[    1.890164] pci 0000:00:17.6: bridge window [io  size 0x1000]: failed to assign
[    1.890987] pci 0000:00:17.7: bridge window [io  size 0x1000]: can't assign; no space
[    1.891352] pci 0000:00:17.7: bridge window [io  size 0x1000]: failed to assign
[    1.891653] pci 0000:00:18.2: bridge window [io  size 0x1000]: can't assign; no space
[    1.891973] pci 0000:00:18.2: bridge window [io  size 0x1000]: failed to assign
[    1.892318] pci 0000:00:18.3: bridge window [io  size 0x1000]: can't assign; no space
[    1.892637] pci 0000:00:18.3: bridge window [io  size 0x1000]: failed to assign
[    1.892943] pci 0000:00:18.4: bridge window [io  size 0x1000]: can't assign; no space
[    1.893313] pci 0000:00:18.4: bridge window [io  size 0x1000]: failed to assign
[    1.893614] pci 0000:00:18.5: bridge window [io  size 0x1000]: can't assign; no space
[    1.893934] pci 0000:00:18.5: bridge window [io  size 0x1000]: failed to assign
[    1.894273] pci 0000:00:18.6: bridge window [io  size 0x1000]: can't assign; no space
[    1.894593] pci 0000:00:18.6: bridge window [io  size 0x1000]: failed to assign
[    1.894894] pci 0000:00:18.7: bridge window [io  size 0x1000]: can't assign; no space
[    1.895259] pci 0000:00:18.7: bridge window [io  size 0x1000]: failed to assign
[    1.895562] pci 0000:00:18.7: bridge window [io  size 0x1000]: can't assign; no space
[    1.895881] pci 0000:00:18.7: bridge window [io  size 0x1000]: failed to assign
[    1.896182] pci 0000:00:18.6: bridge window [io  size 0x1000]: can't assign; no space
[    1.896550] pci 0000:00:18.6: bridge window [io  size 0x1000]: failed to assign
[    1.896851] pci 0000:00:18.5: bridge window [io  size 0x1000]: can't assign; no space
[    1.897215] pci 0000:00:18.5: bridge window [io  size 0x1000]: failed to assign
[    1.897516] pci 0000:00:18.4: bridge window [io  size 0x1000]: can't assign; no space
[    1.897835] pci 0000:00:18.4: bridge window [io  size 0x1000]: failed to assign
[    1.898187] pci 0000:00:18.3: bridge window [io  size 0x1000]: can't assign; no space
[    1.898507] pci 0000:00:18.3: bridge window [io  size 0x1000]: failed to assign
[    1.898807] pci 0000:00:18.2: bridge window [io  size 0x1000]: can't assign; no space
[    1.899170] pci 0000:00:18.2: bridge window [io  size 0x1000]: failed to assign
[    1.899471] pci 0000:00:17.7: bridge window [io  size 0x1000]: can't assign; no space
[    1.900154] pci 0000:00:17.7: bridge window [io  size 0x1000]: failed to assign
[    1.900154] pci 0000:00:17.6: bridge window [io  size 0x1000]: can't assign; no space
[    1.933805] pci 0000:00:17.6: bridge window [io  size 0x1000]: failed to assign
[    1.934107] pci 0000:00:17.5: bridge window [io  size 0x1000]: can't assign; no space
[    1.934427] pci 0000:00:17.5: bridge window [io  size 0x1000]: failed to assign
[    1.934727] pci 0000:00:17.4: bridge window [io  size 0x1000]: can't assign; no space
[    1.935094] pci 0000:00:17.4: bridge window [io  size 0x1000]: failed to assign
[    1.935395] pci 0000:00:17.3: bridge window [io  size 0x1000]: can't assign; no space
[    1.935714] pci 0000:00:17.3: bridge window [io  size 0x1000]: failed to assign
[    1.936075] pci 0000:00:16.7: bridge window [io  size 0x1000]: can't assign; no space
[    1.936395] pci 0000:00:16.7: bridge window [io  size 0x1000]: failed to assign
[    1.936696] pci 0000:00:16.6: bridge window [io  size 0x1000]: can't assign; no space
[    1.937063] pci 0000:00:16.6: bridge window [io  size 0x1000]: failed to assign
[    1.937364] pci 0000:00:16.5: bridge window [io  size 0x1000]: can't assign; no space
[    1.937683] pci 0000:00:16.5: bridge window [io  size 0x1000]: failed to assign
[    1.938047] pci 0000:00:16.4: bridge window [io  size 0x1000]: can't assign; no space
[    1.938367] pci 0000:00:16.4: bridge window [io  size 0x1000]: failed to assign
[    1.938667] pci 0000:00:16.3: bridge window [io  size 0x1000]: can't assign; no space
[    1.939030] pci 0000:00:16.3: bridge window [io  size 0x1000]: failed to assign
[    1.939330] pci 0000:00:15.7: bridge window [io  size 0x1000]: can't assign; no space
[    1.939651] pci 0000:00:15.7: bridge window [io  size 0x1000]: failed to assign
[    1.939990] pci 0000:00:15.6: bridge window [io  size 0x1000]: can't assign; no space
[    1.940309] pci 0000:00:15.6: bridge window [io  size 0x1000]: failed to assign
[    1.940610] pci 0000:00:15.5: bridge window [io  size 0x1000]: can't assign; no space
[    1.940930] pci 0000:00:15.5: bridge window [io  size 0x1000]: failed to assign
[    1.941277] pci 0000:00:15.4: bridge window [io  size 0x1000]: can't assign; no space
[    1.941598] pci 0000:00:15.4: bridge window [io  size 0x1000]: failed to assign
[    1.941898] pci 0000:00:15.3: bridge window [io  size 0x1000]: can't assign; no space
[    1.942263] pci 0000:00:15.3: bridge window [io  size 0x1000]: failed to assign
[    1.942565] pci 0000:00:01.0: PCI bridge to [bus 01]
[    1.942873] pci 0000:02:01.0: ROM [mem 0xfd500000-0xfd50ffff pref]: assigned
[    1.943158] pci 0000:02:04.0: ROM [mem 0xfd510000-0xfd51ffff pref]: assigned
[    1.943442] pci 0000:00:11.0: PCI bridge to [bus 02]
[    1.943655] pci 0000:00:11.0:   bridge window [io  0x2000-0x3fff]
[    1.943970] pci 0000:00:11.0:   bridge window [mem 0xfd500000-0xfdffffff]
[    1.944257] pci 0000:00:11.0:   bridge window [mem 0xe7b00000-0xe7ffffff 64bit pref]
[    1.944597] pci 0000:00:15.0: PCI bridge to [bus 03]
[    1.944810] pci 0000:00:15.0:   bridge window [io  0x4000-0x4fff]
[    1.944932] pci 0000:00:15.0:   bridge window [mem 0xfd400000-0xfd4fffff]
[    1.945403] pci 0000:00:15.0:   bridge window [mem 0xe7a00000-0xe7afffff 64bit pref]
[    1.945745] pci 0000:00:15.1: PCI bridge to [bus 04]
[    1.946002] pci 0000:00:15.1:   bridge window [io  0x8000-0x8fff]
[    1.946269] pci 0000:00:15.1:   bridge window [mem 0xfd000000-0xfd0fffff]
[    1.946556] pci 0000:00:15.1:   bridge window [mem 0xe7600000-0xe76fffff 64bit pref]
[    1.946900] pci 0000:00:15.2: PCI bridge to [bus 05]
[    1.947158] pci 0000:00:15.2:   bridge window [io  0xc000-0xcfff]
[    1.947425] pci 0000:00:15.2:   bridge window [mem 0xfcc00000-0xfccfffff]
[    1.947712] pci 0000:00:15.2:   bridge window [mem 0xe7200000-0xe72fffff 64bit pref]
[    1.948096] pci 0000:00:15.3: PCI bridge to [bus 06]
[    1.948321] pci 0000:00:15.3:   bridge window [mem 0xfc800000-0xfc8fffff]
[    1.948612] pci 0000:00:15.3:   bridge window [mem 0xe6e00000-0xe6efffff 64bit pref]
[    1.948995] pci 0000:00:15.4: PCI bridge to [bus 07]
[    1.949220] pci 0000:00:15.4:   bridge window [mem 0xfc400000-0xfc4fffff]
[    1.949507] pci 0000:00:15.4:   bridge window [mem 0xe6a00000-0xe6afffff 64bit pref]
[    1.949847] pci 0000:00:15.5: PCI bridge to [bus 08]
[    1.983458] pci 0000:00:15.5:   bridge window [mem 0xfc000000-0xfc0fffff]
[    1.983746] pci 0000:00:15.5:   bridge window [mem 0xe6600000-0xe66fffff 64bit pref]
[    1.984132] pci 0000:00:15.6: PCI bridge to [bus 09]
[    1.984358] pci 0000:00:15.6:   bridge window [mem 0xfbc00000-0xfbcfffff]
[    1.984645] pci 0000:00:15.6:   bridge window [mem 0xe6200000-0xe62fffff 64bit pref]
[    1.985034] pci 0000:00:15.7: PCI bridge to [bus 0a]
[    1.985260] pci 0000:00:15.7:   bridge window [mem 0xfb800000-0xfb8fffff]
[    1.985547] pci 0000:00:15.7:   bridge window [mem 0xe5e00000-0xe5efffff 64bit pref]
[    1.985889] pci 0000:00:16.0: PCI bridge to [bus 0b]
[    1.986144] pci 0000:00:16.0:   bridge window [io  0x5000-0x5fff]
[    1.986411] pci 0000:00:16.0:   bridge window [mem 0xfd300000-0xfd3fffff]
[    1.986698] pci 0000:00:16.0:   bridge window [mem 0xe7900000-0xe79fffff 64bit pref]
[    1.987095] pci 0000:00:16.1: PCI bridge to [bus 0c]
[    1.987309] pci 0000:00:16.1:   bridge window [io  0x9000-0x9fff]
[    1.987575] pci 0000:00:16.1:   bridge window [mem 0xfcf00000-0xfcffffff]
[    1.987878] pci 0000:00:16.1:   bridge window [mem 0xe7500000-0xe75fffff 64bit pref]
[    1.988261] pci 0000:00:16.2: PCI bridge to [bus 0d]
[    1.988475] pci 0000:00:16.2:   bridge window [io  0xd000-0xdfff]
[    1.988751] pci 0000:00:16.2:   bridge window [mem 0xfcb00000-0xfcbfffff]
[    1.989038] pci 0000:00:16.2:   bridge window [mem 0xe7100000-0xe71fffff 64bit pref]
[    1.989427] pci 0000:00:16.3: PCI bridge to [bus 0e]
[    1.989653] pci 0000:00:16.3:   bridge window [mem 0xfc700000-0xfc7fffff]
[    1.989940] pci 0000:00:16.3:   bridge window [mem 0xe6d00000-0xe6dfffff 64bit pref]
[    1.990326] pci 0000:00:16.4: PCI bridge to [bus 0f]
[    1.990552] pci 0000:00:16.4:   bridge window [mem 0xfc300000-0xfc3fffff]
[    1.990846] pci 0000:00:16.4:   bridge window [mem 0xe6900000-0xe69fffff 64bit pref]
[    1.991188] pci 0000:00:16.5: PCI bridge to [bus 10]
[    1.991974] pci 0000:00:16.5:   bridge window [mem 0xfbf00000-0xfbffffff]
[    1.992261] pci 0000:00:16.5:   bridge window [mem 0xe6500000-0xe65fffff 64bit pref]
[    1.992602] pci 0000:00:16.6: PCI bridge to [bus 11]
[    1.992827] pci 0000:00:16.6:   bridge window [mem 0xfbb00000-0xfbbfffff]
[    1.993161] pci 0000:00:16.6:   bridge window [mem 0xe6100000-0xe61fffff 64bit pref]
[    1.993502] pci 0000:00:16.7: PCI bridge to [bus 12]
[    1.993728] pci 0000:00:16.7:   bridge window [mem 0xfb700000-0xfb7fffff]
[    1.994061] pci 0000:00:16.7:   bridge window [mem 0xe5d00000-0xe5dfffff 64bit pref]
[    1.994403] pci 0000:00:17.0: PCI bridge to [bus 13]
[    1.994617] pci 0000:00:17.0:   bridge window [io  0x6000-0x6fff]
[    1.994883] pci 0000:00:17.0:   bridge window [mem 0xfd200000-0xfd2fffff]
[    1.995029] pci 0000:00:17.0:   bridge window [mem 0xe7800000-0xe78fffff 64bit pref]
[    1.995557] pci 0000:00:17.1: PCI bridge to [bus 14]
[    1.995772] pci 0000:00:17.1:   bridge window [io  0xa000-0xafff]
[    1.996038] pci 0000:00:17.1:   bridge window [mem 0xfce00000-0xfcefffff]
[    1.996370] pci 0000:00:17.1:   bridge window [mem 0xe7400000-0xe74fffff 64bit pref]
[    1.996715] pci 0000:00:17.2: PCI bridge to [bus 15]
[    1.996972] pci 0000:00:17.2:   bridge window [io  0xe000-0xefff]
[    1.997239] pci 0000:00:17.2:   bridge window [mem 0xfca00000-0xfcafffff]
[    1.997526] pci 0000:00:17.2:   bridge window [mem 0xe7000000-0xe70fffff 64bit pref]
[    1.997867] pci 0000:00:17.3: PCI bridge to [bus 16]
[    1.998139] pci 0000:00:17.3:   bridge window [mem 0xfc600000-0xfc6fffff]
[    1.998438] pci 0000:00:17.3:   bridge window [mem 0xe6c00000-0xe6cfffff 64bit pref]
[    1.998782] pci 0000:00:17.4: PCI bridge to [bus 17]
[    1.999048] pci 0000:00:17.4:   bridge window [mem 0xfc200000-0xfc2fffff]
[    1.999335] pci 0000:00:17.4:   bridge window [mem 0xe6800000-0xe68fffff 64bit pref]
[    1.999676] pci 0000:00:17.5: PCI bridge to [bus 18]
[    2.033292] pci 0000:00:17.5:   bridge window [mem 0xfbe00000-0xfbefffff]
[    2.033582] pci 0000:00:17.5:   bridge window [mem 0xe6400000-0xe64fffff 64bit pref]
[    2.033970] pci 0000:00:17.6: PCI bridge to [bus 19]
[    2.034196] pci 0000:00:17.6:   bridge window [mem 0xfba00000-0xfbafffff]
[    2.034483] pci 0000:00:17.6:   bridge window [mem 0xe6000000-0xe60fffff 64bit pref]
[    2.034869] pci 0000:00:17.7: PCI bridge to [bus 1a]
[    2.035094] pci 0000:00:17.7:   bridge window [mem 0xfb600000-0xfb6fffff]
[    2.035381] pci 0000:00:17.7:   bridge window [mem 0xe5c00000-0xe5cfffff 64bit pref]
[    2.035724] pci 0000:00:18.0: PCI bridge to [bus 1b]
[    2.036140] pci 0000:00:18.0:   bridge window [io  0x7000-0x7fff]
[    2.036427] pci 0000:00:18.0:   bridge window [mem 0xfd100000-0xfd1fffff]
[    2.036713] pci 0000:00:18.0:   bridge window [mem 0xe7700000-0xe77fffff 64bit pref]
[    2.037101] pci 0000:00:18.1: PCI bridge to [bus 1c]
[    2.037315] pci 0000:00:18.1:   bridge window [io  0xb000-0xbfff]
[    2.037581] pci 0000:00:18.1:   bridge window [mem 0xfcd00000-0xfcdfffff]
[    2.037873] pci 0000:00:18.1:   bridge window [mem 0xe7300000-0xe73fffff 64bit pref]
[    2.038253] pci 0000:00:18.2: PCI bridge to [bus 1d]
[    2.038478] pci 0000:00:18.2:   bridge window [mem 0xfc900000-0xfc9fffff]
[    2.038763] pci 0000:00:18.2:   bridge window [mem 0xe6f00000-0xe6ffffff 64bit pref]
[    2.039148] pci 0000:00:18.3: PCI bridge to [bus 1e]
[    2.039373] pci 0000:00:18.3:   bridge window [mem 0xfc500000-0xfc5fffff]
[    2.039693] pci 0000:00:18.3:   bridge window [mem 0xe6b00000-0xe6bfffff 64bit pref]
[    2.040097] pci 0000:00:18.4: PCI bridge to [bus 1f]
[    2.040322] pci 0000:00:18.4:   bridge window [mem 0xfc100000-0xfc1fffff]
[    2.040607] pci 0000:00:18.4:   bridge window [mem 0xe6700000-0xe67fffff 64bit pref]
[    2.040945] pci 0000:00:18.5: PCI bridge to [bus 20]
[    2.041209] pci 0000:00:18.5:   bridge window [mem 0xfbd00000-0xfbdfffff]
[    2.041498] pci 0000:00:18.5:   bridge window [mem 0xe6300000-0xe63fffff 64bit pref]
[    2.041836] pci 0000:00:18.6: PCI bridge to [bus 21]
[    2.042058] pci 0000:00:18.6:   bridge window [mem 0xfb900000-0xfb9fffff]
[    2.042387] pci 0000:00:18.6:   bridge window [mem 0xe5f00000-0xe5ffffff 64bit pref]
[    2.042724] pci 0000:00:18.7: PCI bridge to [bus 22]
[    2.042947] pci 0000:00:18.7:   bridge window [mem 0xfb500000-0xfb5fffff]
[    2.043271] pci 0000:00:18.7:   bridge window [mem 0xe5b00000-0xe5bfffff 64bit pref]
[    2.043613] pci_bus 0000:00: resource 4 [mem 0x000a0000-0x000bffff window]
[    2.043891] pci_bus 0000:00: resource 5 [mem 0x000d0000-0x000dbfff window]
[    2.044216] pci_bus 0000:00: resource 6 [mem 0xc0000000-0xfebfffff window]
[    2.044493] pci_bus 0000:00: resource 7 [io  0x0000-0x0cf7 window]
[    2.044744] pci_bus 0000:00: resource 8 [io  0x0d00-0xfeff window]
[    2.044995] pci_bus 0000:02: resource 0 [io  0x2000-0x3fff]
[    2.045268] pci_bus 0000:02: resource 1 [mem 0xfd500000-0xfdffffff]
[    2.045522] pci_bus 0000:02: resource 2 [mem 0xe7b00000-0xe7ffffff 64bit pref]
[    2.045819] pci_bus 0000:02: resource 4 [mem 0x000a0000-0x000bffff window]
[    2.046095] pci_bus 0000:02: resource 5 [mem 0x000d0000-0x000dbfff window]
[    2.046412] pci_bus 0000:02: resource 6 [mem 0xc0000000-0xfebfffff window]
[    2.046689] pci_bus 0000:02: resource 7 [io  0x0000-0x0cf7 window]
[    2.046998] pci_bus 0000:02: resource 8 [io  0x0d00-0xfeff window]
[    2.047253] pci_bus 0000:03: resource 0 [io  0x4000-0x4fff]
[    2.047482] pci_bus 0000:03: resource 1 [mem 0xfd400000-0xfd4fffff]
[    2.047736] pci_bus 0000:03: resource 2 [mem 0xe7a00000-0xe7afffff 64bit pref]
[    2.048071] pci_bus 0000:04: resource 0 [io  0x8000-0x8fff]
[    2.048300] pci_bus 0000:04: resource 1 [mem 0xfd000000-0xfd0fffff]
[    2.048554] pci_bus 0000:04: resource 2 [mem 0xe7600000-0xe76fffff 64bit pref]
[    2.048852] pci_bus 0000:05: resource 0 [io  0xc000-0xcfff]
[    2.049122] pci_bus 0000:05: resource 1 [mem 0xfcc00000-0xfccfffff]
[    2.049377] pci_bus 0000:05: resource 2 [mem 0xe7200000-0xe72fffff 64bit pref]
[    2.049673] pci_bus 0000:06: resource 1 [mem 0xfc800000-0xfc8fffff]
[    2.049927] pci_bus 0000:06: resource 2 [mem 0xe6e00000-0xe6efffff 64bit pref]
[    2.083603] pci_bus 0000:07: resource 1 [mem 0xfc400000-0xfc4fffff]
[    2.083905] pci_bus 0000:07: resource 2 [mem 0xe6a00000-0xe6afffff 64bit pref]
[    2.084206] pci_bus 0000:08: resource 1 [mem 0xfc000000-0xfc0fffff]
[    2.084460] pci_bus 0000:08: resource 2 [mem 0xe6600000-0xe66fffff 64bit pref]
[    2.084756] pci_bus 0000:09: resource 1 [mem 0xfbc00000-0xfbcfffff]
[    2.085057] pci_bus 0000:09: resource 2 [mem 0xe6200000-0xe62fffff 64bit pref]
[    2.085354] pci_bus 0000:0a: resource 1 [mem 0xfb800000-0xfb8fffff]
[    2.085607] pci_bus 0000:0a: resource 2 [mem 0xe5e00000-0xe5efffff 64bit pref]
[    2.085904] pci_bus 0000:0b: resource 0 [io  0x5000-0x5fff]
[    2.086176] pci_bus 0000:0b: resource 1 [mem 0xfd300000-0xfd3fffff]
[    2.086430] pci_bus 0000:0b: resource 2 [mem 0xe7900000-0xe79fffff 64bit pref]
[    2.086726] pci_bus 0000:0c: resource 0 [io  0x9000-0x9fff]
[    2.086955] pci_bus 0000:0c: resource 1 [mem 0xfcf00000-0xfcffffff]
[    2.087254] pci_bus 0000:0c: resource 2 [mem 0xe7500000-0xe75fffff 64bit pref]
[    2.087551] pci_bus 0000:0d: resource 0 [io  0xd000-0xdfff]
[    2.087820] pci_bus 0000:0d: resource 1 [mem 0xfcb00000-0xfcbfffff]
[    2.088074] pci_bus 0000:0d: resource 2 [mem 0xe7100000-0xe71fffff 64bit pref]
[    2.088370] pci_bus 0000:0e: resource 1 [mem 0xfc700000-0xfc7fffff]
[    2.088624] pci_bus 0000:0e: resource 2 [mem 0xe6d00000-0xe6dfffff 64bit pref]
[    2.088965] pci_bus 0000:0f: resource 1 [mem 0xfc300000-0xfc3fffff]
[    2.089219] pci_bus 0000:0f: resource 2 [mem 0xe6900000-0xe69fffff 64bit pref]
[    2.089517] pci_bus 0000:10: resource 1 [mem 0xfbf00000-0xfbffffff]
[    2.089814] pci_bus 0000:10: resource 2 [mem 0xe6500000-0xe65fffff 64bit pref]
[    2.090111] pci_bus 0000:11: resource 1 [mem 0xfbb00000-0xfbbfffff]
[    2.090366] pci_bus 0000:11: resource 2 [mem 0xe6100000-0xe61fffff 64bit pref]
[    2.090663] pci_bus 0000:12: resource 1 [mem 0xfb700000-0xfb7fffff]
[    2.090964] pci_bus 0000:12: resource 2 [mem 0xe5d00000-0xe5dfffff 64bit pref]
[    2.091261] pci_bus 0000:13: resource 0 [io  0x6000-0x6fff]
[    2.091489] pci_bus 0000:13: resource 1 [mem 0xfd200000-0xfd2fffff]
[    2.091743] pci_bus 0000:13: resource 2 [mem 0xe7800000-0xe78fffff 64bit pref]
[    2.092081] pci_bus 0000:14: resource 0 [io  0xa000-0xafff]
[    2.092309] pci_bus 0000:14: resource 1 [mem 0xfce00000-0xfcefffff]
[    2.092563] pci_bus 0000:14: resource 2 [mem 0xe7400000-0xe74fffff 64bit pref]
[    2.092921] pci_bus 0000:15: resource 0 [io  0xe000-0xefff]
[    2.093151] pci_bus 0000:15: resource 1 [mem 0xfca00000-0xfcafffff]
[    2.093405] pci_bus 0000:15: resource 2 [mem 0xe7000000-0xe70fffff 64bit pref]
[    2.093701] pci_bus 0000:16: resource 1 [mem 0xfc600000-0xfc6fffff]
[    2.094000] pci_bus 0000:16: resource 2 [mem 0xe6c00000-0xe6cfffff 64bit pref]
[    2.094297] pci_bus 0000:17: resource 1 [mem 0xfc200000-0xfc2fffff]
[    2.094551] pci_bus 0000:17: resource 2 [mem 0xe6800000-0xe68fffff 64bit pref]
[    2.094852] pci_bus 0000:18: resource 1 [mem 0xfbe00000-0xfbefffff]
[    2.094983] pci_bus 0000:18: resource 2 [mem 0xe6400000-0xe64fffff 64bit pref]
[    2.095454] pci_bus 0000:19: resource 1 [mem 0xfba00000-0xfbafffff]
[    2.095708] pci_bus 0000:19: resource 2 [mem 0xe6000000-0xe60fffff 64bit pref]
[    2.096049] pci_bus 0000:1a: resource 1 [mem 0xfb600000-0xfb6fffff]
[    2.096303] pci_bus 0000:1a: resource 2 [mem 0xe5c00000-0xe5cfffff 64bit pref]
[    2.096601] pci_bus 0000:1b: resource 0 [io  0x7000-0x7fff]
[    2.096830] pci_bus 0000:1b: resource 1 [mem 0xfd100000-0xfd1fffff]
[    2.097124] pci_bus 0000:1b: resource 2 [mem 0xe7700000-0xe77fffff 64bit pref]
[    2.097420] pci_bus 0000:1c: resource 0 [io  0xb000-0xbfff]
[    2.098213] pci_bus 0000:1c: resource 1 [mem 0xfcd00000-0xfcdfffff]
[    2.098471] pci_bus 0000:1c: resource 2 [mem 0xe7300000-0xe73fffff 64bit pref]
[    2.098772] pci_bus 0000:1d: resource 1 [mem 0xfc900000-0xfc9fffff]
[    2.099027] pci_bus 0000:1d: resource 2 [mem 0xe6f00000-0xe6ffffff 64bit pref]
[    2.099361] pci_bus 0000:1e: resource 1 [mem 0xfc500000-0xfc5fffff]
[    2.099614] pci_bus 0000:1e: resource 2 [mem 0xe6b00000-0xe6bfffff 64bit pref]
[    2.099911] pci_bus 0000:1f: resource 1 [mem 0xfc100000-0xfc1fffff]
[    2.133544] pci_bus 0000:1f: resource 2 [mem 0xe6700000-0xe67fffff 64bit pref]
[    2.133841] pci_bus 0000:20: resource 1 [mem 0xfbd00000-0xfbdfffff]
[    2.134133] pci_bus 0000:20: resource 2 [mem 0xe6300000-0xe63fffff 64bit pref]
[    2.134430] pci_bus 0000:21: resource 1 [mem 0xfb900000-0xfb9fffff]
[    2.134684] pci_bus 0000:21: resource 2 [mem 0xe5f00000-0xe5ffffff 64bit pref]
[    2.134980] pci_bus 0000:22: resource 1 [mem 0xfb500000-0xfb5fffff]
[    2.135274] pci_bus 0000:22: resource 2 [mem 0xe5b00000-0xe5bfffff 64bit pref]
[    2.135880] pci 0000:00:00.0: Limiting direct PCI/PCI transfers
[    2.137574] pci 0000:02:01.0: CLS mismatch (32 != 64), using 64 bytes
[    2.138891] PCI-DMA: Using software bounce buffering for IO (SWIOTLB)
[    2.139168] Trying to unpack rootfs image as initramfs...
[    2.139425] software IO TLB: mapped [mem 0x00000000bbed0000-0x00000000bfed0000] (64MB)
[    2.139821] clocksource: tsc: mask: 0xffffffffffffffff max_cycles: 0x3ddd4885acc, max_idle_ns: 440795304854 ns
[    2.140594] clocksource: Switched to clocksource tsc
[    2.193596] Initialise system trusted keyrings
[    2.193809] Key type blacklist registered
[    2.194378] workingset: timestamp_bits=36 max_order=23 bucket_order=0
[    2.194674] zbud: loaded
[    2.195302] squashfs: version 4.0 (2009/01/31) Phillip Lougher
[    2.196158] fuse: init (API version 7.42)
[    2.198359] integrity: Platform Keyring initialized
[    2.198573] integrity: Machine keyring initialized
[    2.246969] Key type asymmetric registered
[    2.247199] Asymmetric key parser 'x509' registered
[    2.247502] Block layer SCSI generic (bsg) driver version 0.4 loaded (major 243)
[    2.248276] io scheduler mq-deadline registered
[    2.287768] ledtrig-cpu: registered to indicate activity on CPUs
[    2.288389] pcieport 0000:00:15.0: PME: Signaling with IRQ 24
[    2.288770] pcieport 0000:00:15.0: pciehp: Slot #160 AttnBtn+ PwrCtrl+ MRL- AttnInd- PwrInd- HotPlug+ Surprise- Interlock- NoCompl+ IbPresDis- LLActRep+
[    2.290380] pcieport 0000:00:15.1: PME: Signaling with IRQ 25
[    2.290676] pcieport 0000:00:15.1: pciehp: Slot #161 AttnBtn+ PwrCtrl+ MRL- AttnInd- PwrInd- HotPlug+ Surprise- Interlock- NoCompl+ IbPresDis- LLActRep+
[    2.292322] pcieport 0000:00:15.2: PME: Signaling with IRQ 26
[    2.292676] pcieport 0000:00:15.2: pciehp: Slot #162 AttnBtn+ PwrCtrl+ MRL- AttnInd- PwrInd- HotPlug+ Surprise- Interlock- NoCompl+ IbPresDis- LLActRep+
[    2.294309] pcieport 0000:00:15.3: PME: Signaling with IRQ 27
[    2.294615] pcieport 0000:00:15.3: pciehp: Slot #163 AttnBtn+ PwrCtrl+ MRL- AttnInd- PwrInd- HotPlug+ Surprise- Interlock- NoCompl+ IbPresDis- LLActRep+
[    2.296241] pcieport 0000:00:15.4: PME: Signaling with IRQ 28
[    2.296537] pcieport 0000:00:15.4: pciehp: Slot #164 AttnBtn+ PwrCtrl+ MRL- AttnInd- PwrInd- HotPlug+ Surprise- Interlock- NoCompl+ IbPresDis- LLActRep+
[    2.298207] pcieport 0000:00:15.5: PME: Signaling with IRQ 29
[    2.298506] pcieport 0000:00:15.5: pciehp: Slot #165 AttnBtn+ PwrCtrl+ MRL- AttnInd- PwrInd- HotPlug+ Surprise- Interlock- NoCompl+ IbPresDis- LLActRep+
[    2.333494] pcieport 0000:00:15.6: PME: Signaling with IRQ 30
[    2.333797] pcieport 0000:00:15.6: pciehp: Slot #166 AttnBtn+ PwrCtrl+ MRL- AttnInd- PwrInd- HotPlug+ Surprise- Interlock- NoCompl+ IbPresDis- LLActRep+
[    2.335359] pcieport 0000:00:15.7: PME: Signaling with IRQ 31
[    2.335655] pcieport 0000:00:15.7: pciehp: Slot #167 AttnBtn+ PwrCtrl+ MRL- AttnInd- PwrInd- HotPlug+ Surprise- Interlock- NoCompl+ IbPresDis- LLActRep+
[    2.337312] pcieport 0000:00:16.0: PME: Signaling with IRQ 32
[    2.337618] pcieport 0000:00:16.0: pciehp: Slot #192 AttnBtn+ PwrCtrl+ MRL- AttnInd- PwrInd- HotPlug+ Surprise- Interlock- NoCompl+ IbPresDis- LLActRep+
[    2.339237] pcieport 0000:00:16.1: PME: Signaling with IRQ 33
[    2.339534] pcieport 0000:00:16.1: pciehp: Slot #193 AttnBtn+ PwrCtrl+ MRL- AttnInd- PwrInd- HotPlug+ Surprise- Interlock- NoCompl+ IbPresDis- LLActRep+
[    2.341128] pcieport 0000:00:16.2: PME: Signaling with IRQ 34
[    2.341435] pcieport 0000:00:16.2: pciehp: Slot #194 AttnBtn+ PwrCtrl+ MRL- AttnInd- PwrInd- HotPlug+ Surprise- Interlock- NoCompl+ IbPresDis- LLActRep+
[    2.343103] pcieport 0000:00:16.3: PME: Signaling with IRQ 35
[    2.343410] pcieport 0000:00:16.3: pciehp: Slot #195 AttnBtn+ PwrCtrl+ MRL- AttnInd- PwrInd- HotPlug+ Surprise- Interlock- NoCompl+ IbPresDis- LLActRep+
[    2.344936] pcieport 0000:00:16.4: PME: Signaling with IRQ 36
[    2.345231] pcieport 0000:00:16.4: pciehp: Slot #196 AttnBtn+ PwrCtrl+ MRL- AttnInd- PwrInd- HotPlug+ Surprise- Interlock- NoCompl+ IbPresDis- LLActRep+
[    2.346853] pcieport 0000:00:16.5: PME: Signaling with IRQ 37
[    2.347217] pcieport 0000:00:16.5: pciehp: Slot #197 AttnBtn+ PwrCtrl+ MRL- AttnInd- PwrInd- HotPlug+ Surprise- Interlock- NoCompl+ IbPresDis- LLActRep+
[    2.348706] pcieport 0000:00:16.6: PME: Signaling with IRQ 38
[    2.349063] pcieport 0000:00:16.6: pciehp: Slot #198 AttnBtn+ PwrCtrl+ MRL- AttnInd- PwrInd- HotPlug+ Surprise- Interlock- NoCompl+ IbPresDis- LLActRep+
[    2.384137] pcieport 0000:00:16.7: PME: Signaling with IRQ 39
[    2.384438] pcieport 0000:00:16.7: pciehp: Slot #199 AttnBtn+ PwrCtrl+ MRL- AttnInd- PwrInd- HotPlug+ Surprise- Interlock- NoCompl+ IbPresDis- LLActRep+
[    2.386139] pcieport 0000:00:17.0: PME: Signaling with IRQ 40
[    2.386436] pcieport 0000:00:17.0: pciehp: Slot #224 AttnBtn+ PwrCtrl+ MRL- AttnInd- PwrInd- HotPlug+ Surprise- Interlock- NoCompl+ IbPresDis- LLActRep+
[    2.388116] pcieport 0000:00:17.1: PME: Signaling with IRQ 41
[    2.388421] pcieport 0000:00:17.1: pciehp: Slot #225 AttnBtn+ PwrCtrl+ MRL- AttnInd- PwrInd- HotPlug+ Surprise- Interlock- NoCompl+ IbPresDis- LLActRep+
[    2.390062] pcieport 0000:00:17.2: PME: Signaling with IRQ 42
[    2.390405] pcieport 0000:00:17.2: pciehp: Slot #226 AttnBtn+ PwrCtrl+ MRL- AttnInd- PwrInd- HotPlug+ Surprise- Interlock- NoCompl+ IbPresDis- LLActRep+
[    2.392019] pcieport 0000:00:17.3: PME: Signaling with IRQ 43
[    2.392316] pcieport 0000:00:17.3: pciehp: Slot #227 AttnBtn+ PwrCtrl+ MRL- AttnInd- PwrInd- HotPlug+ Surprise- Interlock- NoCompl+ IbPresDis- LLActRep+
[    2.393942] pcieport 0000:00:17.4: PME: Signaling with IRQ 44
[    2.394263] pcieport 0000:00:17.4: pciehp: Slot #228 AttnBtn+ PwrCtrl+ MRL- AttnInd- PwrInd- HotPlug+ Surprise- Interlock- NoCompl+ IbPresDis- LLActRep+
[    2.395800] pcieport 0000:00:17.5: PME: Signaling with IRQ 45
[    2.396151] pcieport 0000:00:17.5: pciehp: Slot #229 AttnBtn+ PwrCtrl+ MRL- AttnInd- PwrInd- HotPlug+ Surprise- Interlock- NoCompl+ IbPresDis- LLActRep+
[    2.397718] pcieport 0000:00:17.6: PME: Signaling with IRQ 46
[    2.398026] pcieport 0000:00:17.6: pciehp: Slot #230 AttnBtn+ PwrCtrl+ MRL- AttnInd- PwrInd- HotPlug+ Surprise- Interlock- NoCompl+ IbPresDis- LLActRep+
[    2.400037] pcieport 0000:00:17.7: PME: Signaling with IRQ 47
[    2.400037] pcieport 0000:00:17.7: pciehp: Slot #231 AttnBtn+ PwrCtrl+ MRL- AttnInd- PwrInd- HotPlug+ Surprise- Interlock- NoCompl+ IbPresDis- LLActRep+
[    2.434974] pcieport 0000:00:18.0: PME: Signaling with IRQ 48
[    2.435321] pcieport 0000:00:18.0: pciehp: Slot #256 AttnBtn+ PwrCtrl+ MRL- AttnInd- PwrInd- HotPlug+ Surprise- Interlock- NoCompl+ IbPresDis- LLActRep+
[    2.436911] pcieport 0000:00:18.1: PME: Signaling with IRQ 49
[    2.437265] pcieport 0000:00:18.1: pciehp: Slot #257 AttnBtn+ PwrCtrl+ MRL- AttnInd- PwrInd- HotPlug+ Surprise- Interlock- NoCompl+ IbPresDis- LLActRep+
[    2.438871] pcieport 0000:00:18.2: PME: Signaling with IRQ 50
[    2.439218] pcieport 0000:00:18.2: pciehp: Slot #258 AttnBtn+ PwrCtrl+ MRL- AttnInd- PwrInd- HotPlug+ Surprise- Interlock- NoCompl+ IbPresDis- LLActRep+
[    2.440891] pcieport 0000:00:18.3: PME: Signaling with IRQ 51
[    2.441237] pcieport 0000:00:18.3: pciehp: Slot #259 AttnBtn+ PwrCtrl+ MRL- AttnInd- PwrInd- HotPlug+ Surprise- Interlock- NoCompl+ IbPresDis- LLActRep+
[    2.442908] pcieport 0000:00:18.4: PME: Signaling with IRQ 52
[    2.443203] pcieport 0000:00:18.4: pciehp: Slot #260 AttnBtn+ PwrCtrl+ MRL- AttnInd- PwrInd- HotPlug+ Surprise- Interlock- NoCompl+ IbPresDis- LLActRep+
[    2.444952] pcieport 0000:00:18.5: PME: Signaling with IRQ 53
[    2.445259] pcieport 0000:00:18.5: pciehp: Slot #261 AttnBtn+ PwrCtrl+ MRL- AttnInd- PwrInd- HotPlug+ Surprise- Interlock- NoCompl+ IbPresDis- LLActRep+
[    2.446925] pcieport 0000:00:18.6: PME: Signaling with IRQ 54
[    2.447222] pcieport 0000:00:18.6: pciehp: Slot #262 AttnBtn+ PwrCtrl+ MRL- AttnInd- PwrInd- HotPlug+ Surprise- Interlock- NoCompl+ IbPresDis- LLActRep+
[    2.448809] pcieport 0000:00:18.7: PME: Signaling with IRQ 55
[    2.449170] pcieport 0000:00:18.7: pciehp: Slot #263 AttnBtn+ PwrCtrl+ MRL- AttnInd- PwrInd- HotPlug+ Surprise- Interlock- NoCompl+ IbPresDis- LLActRep+
[    2.483864] shpchp: Standard Hot Plug PCI Controller Driver version: 0.4
[    2.484727] ACPI: AC: AC Adapter [ACAD] (on-line)
[    2.485099] input: Power Button as /devices/LNXSYSTM:00/LNXPWRBN:00/input/input0
[    2.485507] ACPI: button: Power Button [PWRF]
[    2.493165] Serial: 8250/16550 driver, 32 ports, IRQ sharing enabled
[    2.534530] Linux agpgart interface v0.103
[    2.534895] agpgart-intel 0000:00:00.0: Intel 440BX Chipset
[    2.549617] agpgart-intel 0000:00:00.0: AGP aperture is 256M @ 0x0
[    2.638887] loop: module loaded
[    2.639737] ata_piix 0000:00:07.1: version 2.13
[    2.641233] scsi host0: ata_piix
[    2.642493] scsi host1: ata_piix
[    2.642769] ata1: PATA max UDMA/33 cmd 0x1f0 ctl 0x3f6 bmdma 0x1060 irq 14 lpm-pol 0
